[39m[scheduling-1][0;39m [2026-09-03  15-14-37-72] TRACE org.hibernate.orm.query.sqm.ast  SqmStatement Tree:
    -> [select]
      -> [query-spec]
        -> [select]
          -> [selection]
            -> [root] - 'com.aman.acceptance.loyalty.model.RuleVersion(r)'
            <- [root] - 'com.aman.acceptance.loyalty.model.RuleVersion(r)'
          <- [selection]
        <- [select]
        -> [from]
          -> [root] - 'com.aman.acceptance.loyalty.model.RuleVersion(r)'
          <- [root] - 'com.aman.acceptance.loyalty.model.RuleVersion(r)'
        <- [from]
        -> [where]
          -> [and]
            -> [EQUAL]
                -> [basic-path] - 'com.aman.acceptance.loyalty.model.RuleVersion(r).status'
                :status
            <- [EQUAL]
            -> [LESS_THAN_OR_EQUAL]
                -> [basic-path] - 'com.aman.acceptance.loyalty.model.RuleVersion(r).effectiveTo'
                :time
            <- [LESS_THAN_OR_EQUAL]
          <- [and]
        <- [where]
      <- [query-spec]
    <- [select]

[39m[scheduling-1][0;39m [2026-09-03  15-14-37-72] TRACE org.hibernate.orm.query.plan.cache  Resolving cached query plan for [SELECT r FROM RuleVersion r WHERE r.status = :status AND r.effectiveTo <= :time]
[39m[scheduling-1][0;39m [2026-09-03  15-14-37-72] TRACE org.hibernate.orm.results.graph.AST  DomainResult graph:
 \-EntityResultImpl [com.aman.acceptance.loyalty.model.RuleVersion(r)]
 |  +-BasicFetch [com.aman.acceptance.loyalty.model.RuleVersion(r).createdAt]
 |  +-BasicFetch [com.aman.acceptance.loyalty.model.RuleVersion(r).earningRate]
 |  +-BasicFetch [com.aman.acceptance.loyalty.model.RuleVersion(r).effectiveFrom]
 |  +-BasicFetch [com.aman.acceptance.loyalty.model.RuleVersion(r).effectiveTo]
 |  +-BasicFetch [com.aman.acceptance.loyalty.model.RuleVersion(r).expiryDays]
 |  +-BasicFetch [com.aman.acceptance.loyalty.model.RuleVersion(r).lockDays]
 |  +-BasicFetch [com.aman.acceptance.loyalty.model.RuleVersion(r).minimumRedemptionPoints]
 |  +-EntityDelayedFetchImpl [com.aman.acceptance.loyalty.model.RuleVersion(r).program]
 |  +-BasicFetch [com.aman.acceptance.loyalty.model.RuleVersion(r).redemptionRate]
 |  +-BasicFetch [com.aman.acceptance.loyalty.model.RuleVersion(r).roundingMode]
 |  +-BasicFetch [com.aman.acceptance.loyalty.model.RuleVersion(r).status]
 |  \-BasicFetch [com.aman.acceptance.loyalty.model.RuleVersion(r).version]

[39m[scheduling-1][0;39m [2026-09-03  15-14-37-72] TRACE org.hibernate.orm.sql.ast.tree  SQL AST Tree:
    SelectStatement {
      FromClause {
        StandardTableGroup (rv1: com.aman.acceptance.loyalty.model.RuleVersion(r)) {
          primaryTableReference: rule_versions as rv1_0
          TableGroupJoins {
            left join LazyTableGroup (p1: com.aman.acceptance.loyalty.model.RuleVersion(r).program) {
            }
          }
        }
      }
    }

[39m[scheduling-1][0;39m [2026-09-03  15-14-37-72] TRACE org.hibernate.orm.sql.exec  HHH90004016: Skipping reading query result cache data (query cache disabled, cache mode NORMAL)
[39m[scheduling-1][0;39m [2026-09-03  15-14-37-72] TRACE org.hibernate.orm.core  Executing query to retrieve ResultSet: select rv1_0.id,rv1_0.created_at,rv1_0.earning_rate,rv1_0.effective_from,rv1_0.effective_to,rv1_0.expiry_days,rv1_0.lock_days,rv1_0.minimum_redemption_points,rv1_0.program_id,rv1_0.redemption_rate,rv1_0.rounding_mode,rv1_0.status,rv1_0.version from rule_versions rv1_0 where rv1_0.status=? and rv1_0.effective_to<=?
[39m[scheduling-1][0;39m [2026-09-03  15-14-37-72] DEBUG org.hibernate.SQL  
    select
        rv1_0.id,
        rv1_0.created_at,
        rv1_0.earning_rate,
        rv1_0.effective_from,
        rv1_0.effective_to,
        rv1_0.expiry_days,
        rv1_0.lock_days,
        rv1_0.minimum_redemption_points,
        rv1_0.program_id,
        rv1_0.redemption_rate,
        rv1_0.rounding_mode,
        rv1_0.status,
        rv1_0.version 
    from
        rule_versions rv1_0 
    where
        rv1_0.status=? 
        and rv1_0.effective_to<=?
[39m[scheduling-1][0;39m [2026-09-03  15-14-37-72] TRACE org.hibernate.orm.resource.registry  HHH10002502: Registering statement [HikariProxyPreparedStatement@720852719 wrapping select rv1_0.id,rv1_0.created_at,rv1_0.earning_rate,rv1_0.effective_from,rv1_0.effective_to,rv1_0.expiry_days,rv1_0.lock_days,rv1_0.minimum_redemption_points,rv1_0.program_id,rv1_0.redemption_rate,rv1_0.rounding_mode,rv1_0.status,rv1_0.version from rule_versions rv1_0 where rv1_0.status=? and rv1_0.effective_to<=?]
[39m[scheduling-1][0;39m [2026-09-03  15-14-37-72] TRACE org.hibernate.orm.jdbc.bind  binding parameter (1:VARCHAR) <- [ACTIVE]
[39m[scheduling-1][0;39m [2026-09-03  15-14-37-72] TRACE org.hibernate.orm.jdbc.bind  binding parameter (2:TIMESTAMP) <- [2026-09-03T15:14:37.581414900]
[39m[scheduling-1][0;39m [2026-09-03  15-14-37-72] TRACE o.p.core.v3.QueryExecutorImpl    simple execute, handler=org.postgresql.jdbc.PgStatement$StatementResultHandler@218fc4a1, maxRows=0, fetchSize=0, flags=1
[39m[scheduling-1][0;39m [2026-09-03  15-14-37-72] TRACE o.p.core.v3.QueryExecutorImpl   FE=> Parse(stmt=null,query="select rv1_0.id,rv1_0.created_at,rv1_0.earning_rate,rv1_0.effective_from,rv1_0.effective_to,rv1_0.expiry_days,rv1_0.lock_days,rv1_0.minimum_redemption_points,rv1_0.program_id,rv1_0.redemption_rate,rv1_0.rounding_mode,rv1_0.status,rv1_0.version from rule_versions rv1_0 where rv1_0.status=$1 and rv1_0.effective_to<=$2",oids={1043,0})
