[39m[scheduling-1][0;39m [2026-09-03  15-02-22-10] TRACE org.hibernate.orm.session  After transaction completion processing (successful=true, delayed=false)
[39m[scheduling-1][0;39m [2026-09-03  15-02-22-10] TRACE org.hibernate.orm.session  After transaction completion processing (successful=true, delayed=false)
[39m[scheduling-1][0;39m [2026-09-03  15-02-22-10] TRACE org.hibernate.orm.session  Closing session [ec8a46bf-1a6a-402b-93f2-fc07b30c77f8]
[39m[scheduling-1][0;39m [2026-09-03  15-02-22-10] DEBUG org.hibernate.session.metrics  HHH000401: Logging session metrics:
	1781600 ns acquiring 1 JDBC connections
	0 ns releasing 0 JDBC connections
	86500 ns preparing 2 JDBC statements
	4606800 ns executing 2 JDBC statements
	0 ns executing 0 JDBC batches
	0 ns performing 0 second-level cache puts
	0 ns performing 0 second-level cache hits
	0 ns performing 0 second-level cache misses
	5100 ns executing 1 flushes (flushing a total of 0 entities and 0 collections)
	16800 ns executing 2 pre-partial-flushes
	12900 ns executing 2 partial-flushes (flushing a total of 0 entities and 0 collections)

[39m[scheduling-1][0;39m [2026-09-03  15-02-22-10] TRACE org.hibernate.orm.jdbc  HHH100003: Closing JdbcCoordinator @1698975944
[39m[scheduling-1][0;39m [2026-09-03  15-02-22-10] TRACE org.hibernate.orm.resource.registry  HHH10002501: Releasing registered JDBC resources
[39m[scheduling-1][0;39m [2026-09-03  15-02-22-10] TRACE org.hibernate.orm.resource.jdbc  HHH10003017: Closing logical connection @778504091
[39m[scheduling-1][0;39m [2026-09-03  15-02-22-10] TRACE org.hibernate.orm.resource.registry  HHH10002501: Releasing registered JDBC resources
[39m[scheduling-1][0;39m [2026-09-03  15-02-22-10] TRACE org.hibernate.orm.resource.jdbc  HHH10003018: Closed logical connection @778504091
[39m[scheduling-1][0;39m [2026-09-03  15-02-22-10] TRACE i.m.o.SimpleObservation$SimpleScope  NoOp observation used with SimpleScope
[39m[scheduling-1][0;39m [2026-09-03  15-02-22-61] DEBUG org.hibernate.orm.core  HHH006588: Opening session [tenant=null]
[39m[scheduling-1][0;39m [2026-09-03  15-02-22-61] TRACE org.hibernate.orm.jdbc  HHH100002: Created JdbcCoordinator @1244941860
[39m[scheduling-1][0;39m [2026-09-03  15-02-22-61] TRACE org.hibernate.orm.session  Opened Session [8e756506-7ff2-4ba2-bd2f-964f937d1594] at timestamp: 1788436942611
[39m[scheduling-1][0;39m [2026-09-03  15-02-22-61] TRACE org.hibernate.orm.query.plan.cache  Resolving HQL interpretation for [SELECT r FROM Redemption r WHERE r.status = :status AND r.otpExpiresAt < :time]
[39m[scheduling-1][0;39m [2026-09-03  15-02-22-61] TRACE org.hibernate.orm.query.plan.cache  Resolving cached query plan for [SELECT r FROM Redemption r WHERE r.status = :status AND r.otpExpiresAt < :time]
[39m[scheduling-1][0;39m [2026-09-03  15-02-22-61] TRACE o.p.core.v3.QueryExecutorImpl    simple execute, handler=org.postgresql.jdbc.PgStatement$StatementResultHandler@e8dd276, maxRows=0, fetchSize=0, flags=1,041
[39m[scheduling-1][0;39m [2026-09-03  15-02-22-61] TRACE o.p.core.v3.QueryExecutorImpl   FE=> SimpleQuery(query="")
[39m[scheduling-1][0;39m [2026-09-03  15-02-22-61] TRACE o.p.core.v3.QueryExecutorImpl   <=BE EmptyQuery
[39m[scheduling-1][0;39m [2026-09-03  15-02-22-61] TRACE o.p.core.v3.QueryExecutorImpl   <=BE ReadyForQuery(I)
[39m[scheduling-1][0;39m [2026-09-03  15-02-22-61] TRACE o.p.core.v3.QueryExecutorImpl   FE marking setPortalDescribed(false) for query 
[39m[scheduling-1][0;39m [2026-09-03  15-02-22-61] TRACE org.hibernate.orm.sql.exec  HHH90004016: Skipping reading query result cache data (query cache disabled, cache mode NORMAL)
[39m[scheduling-1][0;39m [2026-09-03  15-02-22-61] TRACE org.hibernate.orm.core  Executing query to retrieve ResultSet: select r1_0.id,r1_0.account_id,r1_0.authorization_code,r1_0.cancel_reason,r1_0.cancelled_at,r1_0.created_at,r1_0.discount_amount,r1_0.otp_attempts_remaining,r1_0.otp_expires_at,r1_0.otp_hash,r1_0.purchase_transaction_id,r1_0.requested_points,r1_0.reservation_expires_at,r1_0.status from redemptions r1_0 where r1_0.status=? and r1_0.otp_expires_at<?
[39m[scheduling-1][0;39m [2026-09-03  15-02-22-61] DEBUG org.hibernate.SQL  
    select
        r1_0.id,
        r1_0.account_id,
        r1_0.authorization_code,
        r1_0.cancel_reason,
        r1_0.cancelled_at,
        r1_0.created_at,
        r1_0.discount_amount,
        r1_0.otp_attempts_remaining,
        r1_0.otp_expires_at,
        r1_0.otp_hash,
        r1_0.purchase_transaction_id,
        r1_0.requested_points,
        r1_0.reservation_expires_at,
        r1_0.status 
    from
        redemptions r1_0 
    where
        r1_0.status=? 
        and r1_0.otp_expires_at<?
[39m[scheduling-1][0;39m [2026-09-03  15-02-22-61] TRACE org.hibernate.orm.resource.registry  HHH10002502: Registering statement [HikariProxyPreparedStatement@738536239 wrapping select r1_0.id,r1_0.account_id,r1_0.authorization_code,r1_0.cancel_reason,r1_0.cancelled_at,r1_0.created_at,r1_0.discount_amount,r1_0.otp_attempts_remaining,r1_0.otp_expires_at,r1_0.otp_hash,r1_0.purchase_transaction_id,r1_0.requested_points,r1_0.reservation_expires_at,r1_0.status from redemptions r1_0 where r1_0.status=? and r1_0.otp_expires_at<?]
