[39m[scheduling-1][0;39m [2026-09-03  14-43-14-10] TRACE org.hibernate.orm.session  Closing session [260ded31-cb51-4776-a1d2-45dddd7790e4]
[39m[scheduling-1][0;39m [2026-09-03  14-43-14-10] DEBUG org.hibernate.session.metrics  HHH000401: Logging session metrics:
	14900 ns acquiring 1 JDBC connections
	0 ns releasing 0 JDBC connections
	32300 ns preparing 1 JDBC statements
	8931800 ns executing 1 JDBC statements
	0 ns executing 0 JDBC batches
	0 ns performing 0 second-level cache puts
	0 ns performing 0 second-level cache hits
	0 ns performing 0 second-level cache misses
	0 ns executing 0 flushes (flushing a total of 0 entities and 0 collections)
	0 ns executing 0 pre-partial-flushes
	0 ns executing 0 partial-flushes (flushing a total of 0 entities and 0 collections)

[39m[scheduling-1][0;39m [2026-09-03  14-43-14-11] TRACE org.hibernate.orm.jdbc  HHH100003: Closing JdbcCoordinator @813345419
[39m[scheduling-1][0;39m [2026-09-03  14-43-14-11] TRACE org.hibernate.orm.resource.registry  HHH10002501: Releasing registered JDBC resources
[39m[scheduling-1][0;39m [2026-09-03  14-43-14-11] TRACE org.hibernate.orm.resource.jdbc  HHH10003017: Closing logical connection @332646260
[39m[scheduling-1][0;39m [2026-09-03  14-43-14-11] TRACE org.hibernate.orm.resource.registry  HHH10002501: Releasing registered JDBC resources
[39m[scheduling-1][0;39m [2026-09-03  14-43-14-11] TRACE org.hibernate.orm.resource.jdbc  HHH10003018: Closed logical connection @332646260
[39m[scheduling-1][0;39m [2026-09-03  14-43-14-11] DEBUG org.hibernate.orm.core  HHH006588: Opening session [tenant=null]
[39m[scheduling-1][0;39m [2026-09-03  14-43-14-11] TRACE org.hibernate.orm.jdbc  HHH100002: Created JdbcCoordinator @10041450
[39m[scheduling-1][0;39m [2026-09-03  14-43-14-11] TRACE org.hibernate.orm.session  Opened Session [5d610fb7-1840-4afa-a3eb-ece619e32c95] at timestamp: 1788435794110
[39m[scheduling-1][0;39m [2026-09-03  14-43-14-11] TRACE org.hibernate.orm.query.plan.cache  Resolving HQL interpretation for [SELECT r FROM Redemption r WHERE r.status = :status AND r.reservationExpiresAt < :time]
[39m[scheduling-1][0;39m [2026-09-03  14-43-14-11] TRACE org.hibernate.orm.query.plan.cache  Resolving cached query plan for [SELECT r FROM Redemption r WHERE r.status = :status AND r.reservationExpiresAt < :time]
[39m[scheduling-1][0;39m [2026-09-03  14-43-14-11] TRACE org.hibernate.orm.sql.exec  HHH90004016: Skipping reading query result cache data (query cache disabled, cache mode NORMAL)
[39m[scheduling-1][0;39m [2026-09-03  14-43-14-11] TRACE org.hibernate.orm.core  Executing query to retrieve ResultSet: select r1_0.id,r1_0.account_id,r1_0.authorization_code,r1_0.cancel_reason,r1_0.cancelled_at,r1_0.created_at,r1_0.discount_amount,r1_0.otp_attempts_remaining,r1_0.otp_expires_at,r1_0.otp_hash,r1_0.purchase_transaction_id,r1_0.requested_points,r1_0.reservation_expires_at,r1_0.status from redemptions r1_0 where r1_0.status=? and r1_0.reservation_expires_at<?
[39m[scheduling-1][0;39m [2026-09-03  14-43-14-11] DEBUG org.hibernate.SQL  
    select
        r1_0.id,
        r1_0.account_id,
        r1_0.authorization_code,
        r1_0.cancel_reason,
        r1_0.cancelled_at,
        r1_0.created_at,
        r1_0.discount_amount,
        r1_0.otp_attempts_remaining,
        r1_0.otp_expires_at,
        r1_0.otp_hash,
        r1_0.purchase_transaction_id,
        r1_0.requested_points,
        r1_0.reservation_expires_at,
        r1_0.status 
    from
        redemptions r1_0 
    where
        r1_0.status=? 
        and r1_0.reservation_expires_at<?
[39m[scheduling-1][0;39m [2026-09-03  14-43-14-11] TRACE org.hibernate.orm.resource.registry  HHH10002502: Registering statement [HikariProxyPreparedStatement@622416091 wrapping select r1_0.id,r1_0.account_id,r1_0.authorization_code,r1_0.cancel_reason,r1_0.cancelled_at,r1_0.created_at,r1_0.discount_amount,r1_0.otp_attempts_remaining,r1_0.otp_expires_at,r1_0.otp_hash,r1_0.purchase_transaction_id,r1_0.requested_points,r1_0.reservation_expires_at,r1_0.status from redemptions r1_0 where r1_0.status=? and r1_0.reservation_expires_at<?]
[39m[scheduling-1][0;39m [2026-09-03  14-43-14-11] TRACE org.hibernate.orm.jdbc.bind  binding parameter (1:VARCHAR) <- [AUTHORIZED]
[39m[scheduling-1][0;39m [2026-09-03  14-43-14-11] TRACE org.hibernate.orm.jdbc.bind  binding parameter (2:TIMESTAMP) <- [2026-09-03T14:43:14.096074400]
[39m[scheduling-1][0;39m [2026-09-03  14-43-14-11] TRACE o.p.core.v3.QueryExecutorImpl    simple execute, handler=org.postgresql.jdbc.PgStatement$StatementResultHandler@377050cd, maxRows=0, fetchSize=0, flags=17
[39m[scheduling-1][0;39m [2026-09-03  14-43-14-11] TRACE o.p.core.v3.QueryExecutorImpl   FE=> Parse(stmt=null,query="select r1_0.id,r1_0.account_id,r1_0.authorization_code,r1_0.cancel_reason,r1_0.cancelled_at,r1_0.created_at,r1_0.discount_amount,r1_0.otp_attempts_remaining,r1_0.otp_expires_at,r1_0.otp_hash,r1_0.purchase_transaction_id,r1_0.requested_points,r1_0.reservation_expires_at,r1_0.status from redemptions r1_0 where r1_0.status=$1 and r1_0.reservation_expires_at<$2",oids={1043,0})
