[39m[restartedMain][0;39m [2026-09-03  14-42-06-68] TRACE org.hibernate.models.annotations  Registering AnnotationDescriptor - AnnotationDescriptor(org.hibernate.annotations.SQLInserts)
[39m[restartedMain][0;39m [2026-09-03  14-42-06-68] TRACE org.hibernate.models.annotations  Registering AnnotationDescriptor - AnnotationDescriptor(org.hibernate.annotations.SQLInsert)
[39m[restartedMain][0;39m [2026-09-03  14-42-06-68] TRACE org.hibernate.models.annotations  Registering repeatable AnnotationDescriptor - AnnotationDescriptor(org.hibernate.annotations.SQLInserts)
[39m[restartedMain][0;39m [2026-09-03  14-42-06-68] TRACE org.hibernate.models.annotations  Registering AnnotationDescriptor - AnnotationDescriptor(org.hibernate.annotations.SQLOrder)
[39m[restartedMain][0;39m [2026-09-03  14-42-06-68] TRACE org.hibernate.models.annotations  Registering AnnotationDescriptor - AnnotationDescriptor(org.hibernate.annotations.SQLRestriction)
[39m[restartedMain][0;39m [2026-09-03  14-42-06-68] TRACE org.hibernate.models.annotations  Registering AnnotationDescriptor - AnnotationDescriptor(org.hibernate.annotations.SQLSelect)
[39m[restartedMain][0;39m [2026-09-03  14-42-06-68] TRACE org.hibernate.models.annotations  Registering AnnotationDescriptor - AnnotationDescriptor(org.hibernate.annotations.SQLJoinTableRestriction)
[39m[restartedMain][0;39m [2026-09-03  14-42-06-68] TRACE org.hibernate.models.annotations  Registering AnnotationDescriptor - AnnotationDescriptor(org.hibernate.annotations.SQLUpdates)
[39m[restartedMain][0;39m [2026-09-03  14-42-06-68] TRACE org.hibernate.models.annotations  Registering AnnotationDescriptor - AnnotationDescriptor(org.hibernate.annotations.SQLUpdate)
[39m[restartedMain][0;39m [2026-09-03  14-42-06-68] TRACE org.hibernate.models.annotations  Registering repeatable AnnotationDescriptor - AnnotationDescriptor(org.hibernate.annotations.SQLUpdates)
[39m[restartedMain][0;39m [2026-09-03  14-42-06-68] TRACE org.hibernate.models.annotations  Registering AnnotationDescriptor - AnnotationDescriptor(org.hibernate.annotations.Struct)
[39m[restartedMain][0;39m [2026-09-03  14-42-06-68] TRACE org.hibernate.models.annotations  Registering AnnotationDescriptor - AnnotationDescriptor(org.hibernate.annotations.Subselect)
[39m[restartedMain][0;39m [2026-09-03  14-42-06-68] TRACE org.hibernate.models.annotations  Registering AnnotationDescriptor - AnnotationDescriptor(org.hibernate.annotations.Synchronize)
[39m[restartedMain][0;39m [2026-09-03  14-42-06-69] TRACE org.hibernate.models.annotations  Registering AnnotationDescriptor - AnnotationDescriptor(org.hibernate.annotations.TargetEmbeddable)
[39m[restartedMain][0;39m [2026-09-03  14-42-06-69] TRACE org.hibernate.models.annotations  Registering AnnotationDescriptor - AnnotationDescriptor(org.hibernate.annotations.TenantId)
[39m[restartedMain][0;39m [2026-09-03  14-42-06-69] TRACE org.hibernate.models.annotations  Registering AnnotationDescriptor - AnnotationDescriptor(org.hibernate.annotations.TimeZoneColumn)
[39m[restartedMain][0;39m [2026-09-03  14-42-06-69] TRACE org.hibernate.models.annotations  Registering AnnotationDescriptor - AnnotationDescriptor(org.hibernate.annotations.TimeZoneStorage)
[39m[restartedMain][0;39m [2026-09-03  14-42-06-69] TRACE org.hibernate.models.annotations  Registering AnnotationDescriptor - AnnotationDescriptor(org.hibernate.annotations.Type)
[39m[restartedMain][0;39m [2026-09-03  14-42-06-69] TRACE org.hibernate.models.annotations  Registering AnnotationDescriptor - AnnotationDescriptor(org.hibernate.annotations.TypeBinderType)
[39m[restartedMain][0;39m [2026-09-03  14-42-06-69] TRACE org.hibernate.models.annotations  Registering AnnotationDescriptor - AnnotationDescriptor(org.hibernate.annotations.TypeRegistrations)
[39m[restartedMain][0;39m [2026-09-03  14-42-06-69] TRACE org.hibernate.models.annotations  Registering AnnotationDescriptor - AnnotationDescriptor(org.hibernate.annotations.TypeRegistration)
[39m[restartedMain][0;39m [2026-09-03  14-42-06-69] TRACE org.hibernate.models.annotations  Registering repeatable AnnotationDescriptor - AnnotationDescriptor(org.hibernate.annotations.TypeRegistrations)
[39m[restartedMain][0;39m [2026-09-03  14-42-06-69] TRACE org.hibernate.models.annotations  Registering AnnotationDescriptor - AnnotationDescriptor(org.hibernate.annotations.UpdateTimestamp)
[39m[restartedMain][0;39m [2026-09-03  14-42-06-69] TRACE org.hibernate.models.annotations  Registering AnnotationDescriptor - AnnotationDescriptor(org.hibernate.annotations.UuidGenerator)
[39m[restartedMain][0;39m [2026-09-03  14-42-06-69] TRACE org.hibernate.models.annotations  Registering AnnotationDescriptor - AnnotationDescriptor(org.hibernate.annotations.ValueGenerationType)
[39m[restartedMain][0;39m [2026-09-03  14-42-06-69] TRACE org.hibernate.models.annotations  Registering AnnotationDescriptor - AnnotationDescriptor(org.hibernate.annotations.View)
[39m[HikariPool-1:connection-adder][0;39m [2026-09-03  14-42-06-69] TRACE o.p.core.v3.ConnectionFactoryImpl   <=BE SSLRefused
