[39m[restartedMain][0;39m [2026-09-03  14-49-15-14] TRACE org.hibernate.models.annotations  Registering AnnotationDescriptor - AnnotationDescriptor(org.hibernate.annotations.CompositeType)
[39m[restartedMain][0;39m [2026-09-03  14-49-15-15] TRACE org.hibernate.models.annotations  Registering AnnotationDescriptor - AnnotationDescriptor(org.hibernate.annotations.CompositeTypeRegistrations)
[39m[restartedMain][0;39m [2026-09-03  14-49-15-15] TRACE org.hibernate.models.annotations  Registering AnnotationDescriptor - AnnotationDescriptor(org.hibernate.annotations.CompositeTypeRegistration)
[39m[restartedMain][0;39m [2026-09-03  14-49-15-15] TRACE org.hibernate.models.annotations  Registering repeatable AnnotationDescriptor - AnnotationDescriptor(org.hibernate.annotations.CompositeTypeRegistrations)
[39m[restartedMain][0;39m [2026-09-03  14-49-15-15] TRACE org.hibernate.models.annotations  Registering AnnotationDescriptor - AnnotationDescriptor(org.hibernate.annotations.ConcreteProxy)
[39m[restartedMain][0;39m [2026-09-03  14-49-15-15] TRACE org.hibernate.models.annotations  Registering AnnotationDescriptor - AnnotationDescriptor(org.hibernate.annotations.ConverterRegistrations)
[39m[restartedMain][0;39m [2026-09-03  14-49-15-16] TRACE org.hibernate.models.annotations  Registering AnnotationDescriptor - AnnotationDescriptor(org.hibernate.annotations.ConverterRegistration)
[39m[restartedMain][0;39m [2026-09-03  14-49-15-16] TRACE org.hibernate.models.annotations  Registering repeatable AnnotationDescriptor - AnnotationDescriptor(org.hibernate.annotations.ConverterRegistrations)
[39m[restartedMain][0;39m [2026-09-03  14-49-15-16] TRACE org.hibernate.models.annotations  Registering AnnotationDescriptor - AnnotationDescriptor(org.hibernate.annotations.CreationTimestamp)
[39m[restartedMain][0;39m [2026-09-03  14-49-15-16] TRACE org.hibernate.models.annotations  Registering AnnotationDescriptor - AnnotationDescriptor(org.hibernate.annotations.CurrentTimestamp)
[39m[restartedMain][0;39m [2026-09-03  14-49-15-16] TRACE org.hibernate.models.annotations  Registering AnnotationDescriptor - AnnotationDescriptor(org.hibernate.annotations.DiscriminatorFormula)
[39m[restartedMain][0;39m [2026-09-03  14-49-15-16] TRACE org.hibernate.models.annotations  Registering AnnotationDescriptor - AnnotationDescriptor(org.hibernate.annotations.DiscriminatorOptions)
[39m[restartedMain][0;39m [2026-09-03  14-49-15-16] TRACE org.hibernate.models.annotations  Registering AnnotationDescriptor - AnnotationDescriptor(org.hibernate.annotations.DynamicInsert)
[39m[restartedMain][0;39m [2026-09-03  14-49-15-16] TRACE org.hibernate.models.annotations  Registering AnnotationDescriptor - AnnotationDescriptor(org.hibernate.annotations.DynamicUpdate)
[39m[restartedMain][0;39m [2026-09-03  14-49-15-16] TRACE org.hibernate.models.annotations  Registering AnnotationDescriptor - AnnotationDescriptor(org.hibernate.annotations.EmbeddableInstantiator)
[39m[restartedMain][0;39m [2026-09-03  14-49-15-16] TRACE org.hibernate.models.annotations  Registering AnnotationDescriptor - AnnotationDescriptor(org.hibernate.annotations.EmbeddableInstantiatorRegistrations)
[39m[restartedMain][0;39m [2026-09-03  14-49-15-16] TRACE org.hibernate.models.annotations  Registering AnnotationDescriptor - AnnotationDescriptor(org.hibernate.annotations.EmbeddableInstantiatorRegistration)
[39m[restartedMain][0;39m [2026-09-03  14-49-15-16] TRACE org.hibernate.models.annotations  Registering repeatable AnnotationDescriptor - AnnotationDescriptor(org.hibernate.annotations.EmbeddableInstantiatorRegistrations)
[39m[restartedMain][0;39m [2026-09-03  14-49-15-16] TRACE org.hibernate.models.annotations  Registering AnnotationDescriptor - AnnotationDescriptor(org.hibernate.annotations.EmbeddedColumnNaming)
[39m[restartedMain][0;39m [2026-09-03  14-49-15-16] TRACE org.hibernate.models.annotations  Registering AnnotationDescriptor - AnnotationDescriptor(org.hibernate.annotations.EmbeddedTable)
[39m[restartedMain][0;39m [2026-09-03  14-49-15-16] TRACE org.hibernate.models.annotations  Registering AnnotationDescriptor - AnnotationDescriptor(org.hibernate.annotations.Fetch)
[39m[restartedMain][0;39m [2026-09-03  14-49-15-16] TRACE org.hibernate.models.annotations  Registering AnnotationDescriptor - AnnotationDescriptor(org.hibernate.annotations.FetchProfiles)
[39m[restartedMain][0;39m [2026-09-03  14-49-15-16] TRACE org.hibernate.models.annotations  Registering AnnotationDescriptor - AnnotationDescriptor(org.hibernate.annotations.FetchProfile)
[39m[restartedMain][0;39m [2026-09-03  14-49-15-16] TRACE org.hibernate.models.annotations  Registering repeatable AnnotationDescriptor - AnnotationDescriptor(org.hibernate.annotations.FetchProfiles)
[39m[restartedMain][0;39m [2026-09-03  14-49-15-16] TRACE org.hibernate.models.annotations  Registering AnnotationDescriptor - AnnotationDescriptor(org.hibernate.annotations.Filters)
[39m[restartedMain][0;39m [2026-09-03  14-49-15-16] TRACE org.hibernate.models.annotations  Registering AnnotationDescriptor - AnnotationDescriptor(org.hibernate.annotations.Filter)
