[39m[scheduling-1][0;39m [2026-09-03  15-07-22-75] TRACE o.p.core.v3.QueryExecutorImpl   FE=> Execute(portal=null,limit=0)
[39m[scheduling-1][0;39m [2026-09-03  15-07-22-75] TRACE o.p.core.v3.QueryExecutorImpl   FE=> Sync
[39m[scheduling-1][0;39m [2026-09-03  15-07-22-75] TRACE o.p.core.v3.QueryExecutorImpl   <=BE BindComplete [unnamed]
[39m[scheduling-1][0;39m [2026-09-03  15-07-22-75] TRACE o.p.core.v3.QueryExecutorImpl   <=BE CommandStatus(SELECT 0)
[39m[scheduling-1][0;39m [2026-09-03  15-07-22-75] TRACE o.p.core.v3.QueryExecutorImpl   <=BE ReadyForQuery(I)
[39m[scheduling-1][0;39m [2026-09-03  15-07-22-75] TRACE org.hibernate.orm.resource.registry  HHH10002507: Registering result set [HikariProxyResultSet@999779340 wrapping org.postgresql.jdbc.PgResultSet@53090d69]
[39m[scheduling-1][0;39m [2026-09-03  15-07-22-75] TRACE org.hibernate.orm.resource.registry  HHH10002504: Releasing result set [HikariProxyResultSet@999779340 wrapping org.postgresql.jdbc.PgResultSet@53090d69]
[39m[scheduling-1][0;39m [2026-09-03  15-07-22-75] TRACE org.hibernate.orm.resource.registry  HHH10002505: Closing result set [HikariProxyResultSet@999779340 wrapping org.postgresql.jdbc.PgResultSet@53090d69]
[39m[scheduling-1][0;39m [2026-09-03  15-07-22-75] TRACE org.hibernate.orm.resource.registry  HHH10002503: Releasing statement [HikariProxyPreparedStatement@2108860551 wrapping select r1_0.id,r1_0.account_id,r1_0.authorization_code,r1_0.cancel_reason,r1_0.cancelled_at,r1_0.created_at,r1_0.discount_amount,r1_0.otp_attempts_remaining,r1_0.otp_expires_at,r1_0.otp_hash,r1_0.purchase_transaction_id,r1_0.requested_points,r1_0.reservation_expires_at,r1_0.status from redemptions r1_0 where r1_0.status=('OTP_PENDING') and r1_0.otp_expires_at<('2026-09-03 15:07:22.752339+03')]
[39m[scheduling-1][0;39m [2026-09-03  15-07-22-75] TRACE org.hibernate.orm.resource.registry  HHH10002506: Closing prepared statement [HikariProxyPreparedStatement@2108860551 wrapping select r1_0.id,r1_0.account_id,r1_0.authorization_code,r1_0.cancel_reason,r1_0.cancelled_at,r1_0.created_at,r1_0.discount_amount,r1_0.otp_attempts_remaining,r1_0.otp_expires_at,r1_0.otp_hash,r1_0.purchase_transaction_id,r1_0.requested_points,r1_0.reservation_expires_at,r1_0.status from redemptions r1_0 where r1_0.status=('OTP_PENDING') and r1_0.otp_expires_at<('2026-09-03 15:07:22.752339+03')]
[39m[scheduling-1][0;39m [2026-09-03  15-07-22-75] TRACE org.hibernate.orm.jdbc  HHH100004: Statement execution complete (connection release mode ON_CLOSE) in JdbcCoordinator @1431144908
[39m[scheduling-1][0;39m [2026-09-03  15-07-22-75] TRACE org.hibernate.orm.resource.registry  HHH10002501: Releasing registered JDBC resources
[39m[scheduling-1][0;39m [2026-09-03  15-07-22-75] TRACE org.hibernate.orm.session  Closing session [12de14dd-b87d-4b53-a900-ef851e14110f]
[39m[scheduling-1][0;39m [2026-09-03  15-07-22-75] DEBUG org.hibernate.session.metrics  HHH000401: Logging session metrics:
	839200 ns acquiring 1 JDBC connections
	0 ns releasing 0 JDBC connections
	35900 ns preparing 1 JDBC statements
	2679300 ns executing 1 JDBC statements
	0 ns executing 0 JDBC batches
	0 ns performing 0 second-level cache puts
	0 ns performing 0 second-level cache hits
	0 ns performing 0 second-level cache misses
	0 ns executing 0 flushes (flushing a total of 0 entities and 0 collections)
	0 ns executing 0 pre-partial-flushes
	0 ns executing 0 partial-flushes (flushing a total of 0 entities and 0 collections)

[39m[scheduling-1][0;39m [2026-09-03  15-07-22-75] TRACE org.hibernate.orm.jdbc  HHH100003: Closing JdbcCoordinator @1431144908
[39m[scheduling-1][0;39m [2026-09-03  15-07-22-75] TRACE org.hibernate.orm.resource.registry  HHH10002501: Releasing registered JDBC resources
[39m[scheduling-1][0;39m [2026-09-03  15-07-22-75] TRACE org.hibernate.orm.resource.jdbc  HHH10003017: Closing logical connection @1945405860
[39m[scheduling-1][0;39m [2026-09-03  15-07-22-75] TRACE org.hibernate.orm.resource.registry  HHH10002501: Releasing registered JDBC resources
[39m[scheduling-1][0;39m [2026-09-03  15-07-22-75] TRACE org.hibernate.orm.resource.jdbc  HHH10003018: Closed logical connection @1945405860
[39m[scheduling-1][0;39m [2026-09-03  15-07-22-75] DEBUG org.hibernate.orm.core  HHH006588: Opening session [tenant=null]
[39m[scheduling-1][0;39m [2026-09-03  15-07-22-75] TRACE org.hibernate.orm.jdbc  HHH100002: Created JdbcCoordinator @1025356707
[39m[scheduling-1][0;39m [2026-09-03  15-07-22-75] TRACE org.hibernate.orm.session  Opened Session [7bbfb6cd-af14-4596-98e1-1120409b20d2] at timestamp: 1788437242759
[39m[scheduling-1][0;39m [2026-09-03  15-07-22-75] TRACE org.hibernate.orm.query.plan.cache  Resolving HQL interpretation for [SELECT r FROM Redemption r WHERE r.status = :status AND r.reservationExpiresAt < :time]
[39m[scheduling-1][0;39m [2026-09-03  15-07-22-75] TRACE org.hibernate.orm.query.plan.cache  Resolving cached query plan for [SELECT r FROM Redemption r WHERE r.status = :status AND r.reservationExpiresAt < :time]
[39m[scheduling-1][0;39m [2026-09-03  15-07-22-76] TRACE org.hibernate.orm.sql.exec  HHH90004016: Skipping reading query result cache data (query cache disabled, cache mode NORMAL)
