[39m[restartedMain][0;39m [2026-09-03  15-14-30-55] TRACE org.hibernate.models.annotations  Registering AnnotationDescriptor - AnnotationDescriptor(org.hibernate.annotations.Synchronize)
[39m[restartedMain][0;39m [2026-09-03  15-14-30-55] TRACE org.hibernate.models.annotations  Registering AnnotationDescriptor - AnnotationDescriptor(org.hibernate.annotations.TargetEmbeddable)
[39m[restartedMain][0;39m [2026-09-03  15-14-30-55] TRACE org.hibernate.models.annotations  Registering AnnotationDescriptor - AnnotationDescriptor(org.hibernate.annotations.TenantId)
[39m[restartedMain][0;39m [2026-09-03  15-14-30-55] TRACE org.hibernate.models.annotations  Registering AnnotationDescriptor - AnnotationDescriptor(org.hibernate.annotations.TimeZoneColumn)
[39m[restartedMain][0;39m [2026-09-03  15-14-30-56] TRACE org.hibernate.models.annotations  Registering AnnotationDescriptor - AnnotationDescriptor(org.hibernate.annotations.TimeZoneStorage)
[39m[restartedMain][0;39m [2026-09-03  15-14-30-56] TRACE org.hibernate.models.annotations  Registering AnnotationDescriptor - AnnotationDescriptor(org.hibernate.annotations.Type)
[39m[restartedMain][0;39m [2026-09-03  15-14-30-56] TRACE org.hibernate.models.annotations  Registering AnnotationDescriptor - AnnotationDescriptor(org.hibernate.annotations.TypeBinderType)
[39m[restartedMain][0;39m [2026-09-03  15-14-30-56] TRACE org.hibernate.models.annotations  Registering AnnotationDescriptor - AnnotationDescriptor(org.hibernate.annotations.TypeRegistrations)
[39m[restartedMain][0;39m [2026-09-03  15-14-30-56] TRACE org.hibernate.models.annotations  Registering AnnotationDescriptor - AnnotationDescriptor(org.hibernate.annotations.TypeRegistration)
[39m[restartedMain][0;39m [2026-09-03  15-14-30-56] TRACE org.hibernate.models.annotations  Registering repeatable AnnotationDescriptor - AnnotationDescriptor(org.hibernate.annotations.TypeRegistrations)
[39m[restartedMain][0;39m [2026-09-03  15-14-30-56] TRACE org.hibernate.models.annotations  Registering AnnotationDescriptor - AnnotationDescriptor(org.hibernate.annotations.UpdateTimestamp)
[39m[restartedMain][0;39m [2026-09-03  15-14-30-56] TRACE org.hibernate.models.annotations  Registering AnnotationDescriptor - AnnotationDescriptor(org.hibernate.annotations.UuidGenerator)
[39m[restartedMain][0;39m [2026-09-03  15-14-30-56] TRACE org.hibernate.models.annotations  Registering AnnotationDescriptor - AnnotationDescriptor(org.hibernate.annotations.ValueGenerationType)
[39m[restartedMain][0;39m [2026-09-03  15-14-30-56] TRACE org.hibernate.models.annotations  Registering AnnotationDescriptor - AnnotationDescriptor(org.hibernate.annotations.View)
[39m[HikariPool-1:connection-adder][0;39m [2026-09-03  15-14-30-58] TRACE o.p.core.v3.ConnectionFactoryImpl   <=BE SSLRefused
[39m[HikariPool-1:connection-adder][0;39m [2026-09-03  15-14-30-58] TRACE o.p.core.v3.ConnectionFactoryImpl   FE=> StartupPacket(user=postgres, database=loyalty_db, client_encoding=UTF8, DateStyle=ISO, TimeZone=Africa/Cairo)
[39m[HikariPool-1:connection-adder][0;39m [2026-09-03  15-14-30-59] TRACE o.p.core.v3.ScramAuthenticator  channelBinding( PREFER )
[39m[HikariPool-1:connection-adder][0;39m [2026-09-03  15-14-30-59] TRACE o.p.core.v3.ScramAuthenticator   <=BE AuthenticationSASL( [SCRAM-SHA-256] )
[39m[HikariPool-1:connection-adder][0;39m [2026-09-03  15-14-30-59] TRACE o.p.core.v3.ScramAuthenticator   Using SCRAM mechanism: SCRAM-SHA-256
[39m[HikariPool-1:connection-adder][0;39m [2026-09-03  15-14-30-59] TRACE o.p.core.v3.ScramAuthenticator   FE=> SASLInitialResponse( n,,n=*,r=#b-K>z\b?yEP@AG\rNp7%:CJ )
[39m[HikariPool-1:connection-adder][0;39m [2026-09-03  15-14-30-59] TRACE o.p.core.v3.ScramAuthenticator   <=BE AuthenticationSASLContinue( r=#b-K>z\b?yEP@AG\rNp7%:CJdzfr26wci4Pkj2i437YoEF7d,s=CztWnO8HyLgidstIEtJvXw==,i=4096 )
[39m[HikariPool-1:connection-adder][0;39m [2026-09-03  15-14-30-60] TRACE o.p.core.v3.ScramAuthenticator   FE=> SASLResponse( c=biws,r=#b-K>z\b?yEP@AG\rNp7%:CJdzfr26wci4Pkj2i437YoEF7d,p=bdZoIv5PX7HrjYcRHvlDr+YKB+1iL7CrP3NihmFBIuk= )
[39m[HikariPool-1:connection-adder][0;39m [2026-09-03  15-14-30-61] TRACE o.p.core.v3.ScramAuthenticator   <=BE AuthenticationSASLFinal( v=ns33M0Css+2Yv1YvgEJ7K82LgMQkzO7BqHSIDUjtPNU= )
[39m[HikariPool-1:connection-adder][0;39m [2026-09-03  15-14-30-61] TRACE o.p.core.v3.ConnectionFactoryImpl   <=BE AuthenticationOk
[39m[HikariPool-1:connection-adder][0;39m [2026-09-03  15-14-30-61] TRACE o.p.core.v3.QueryExecutorImpl   <=BE ParameterStatus(in_hot_standby = off)
[39m[HikariPool-1:connection-adder][0;39m [2026-09-03  15-14-30-61] TRACE o.p.core.v3.QueryExecutorImpl   <=BE ParameterStatus(integer_datetimes = on)
[39m[HikariPool-1:connection-adder][0;39m [2026-09-03  15-14-30-61] TRACE o.p.core.v3.QueryExecutorImpl   <=BE ParameterStatus(TimeZone = Africa/Cairo)
[39m[HikariPool-1:connection-adder][0;39m [2026-09-03  15-14-30-61] TRACE o.p.core.v3.QueryExecutorImpl   <=BE ParameterStatus(IntervalStyle = postgres)
[39m[HikariPool-1:connection-adder][0;39m [2026-09-03  15-14-30-61] TRACE o.p.core.v3.QueryExecutorImpl   <=BE ParameterStatus(search_path = "$user", public)
