[39m[http-nio-8088-Poller][0;39m [2026-09-03  14-51-02-05] DEBUG o.apache.tomcat.util.net.NioEndpoint  timeout completed: keys processed=0; now=1788436262059; nextExpiration=1788436262056; keyCount=0; hasEvents=false; eval=false
[39m[http-nio-8088-Poller][0;39m [2026-09-03  14-51-03-07] DEBUG o.apache.tomcat.util.net.NioEndpoint  timeout completed: keys processed=0; now=1788436263076; nextExpiration=1788436263059; keyCount=0; hasEvents=false; eval=false
[39m[http-nio-8088-Poller][0;39m [2026-09-03  14-51-04-09] DEBUG o.apache.tomcat.util.net.NioEndpoint  timeout completed: keys processed=0; now=1788436264091; nextExpiration=1788436264076; keyCount=0; hasEvents=false; eval=false
[39m[HikariPool-1:housekeeper][0;39m [2026-09-03  14-51-04-92] TRACE o.p.core.v3.QueryExecutorImpl    simple execute, handler=org.postgresql.jdbc.PgStatement$StatementResultHandler@34579a58, maxRows=0, fetchSize=0, flags=1,041
[39m[HikariPool-1:housekeeper][0;39m [2026-09-03  14-51-04-92] TRACE o.p.core.v3.QueryExecutorImpl   FE=> SimpleQuery(query="")
[39m[HikariPool-1:housekeeper][0;39m [2026-09-03  14-51-04-92] TRACE o.p.core.v3.QueryExecutorImpl   <=BE EmptyQuery
[39m[HikariPool-1:housekeeper][0;39m [2026-09-03  14-51-04-92] TRACE o.p.core.v3.QueryExecutorImpl   <=BE ReadyForQuery(I)
[39m[HikariPool-1:housekeeper][0;39m [2026-09-03  14-51-04-92] TRACE o.p.core.v3.QueryExecutorImpl   FE marking setPortalDescribed(false) for query 
[39m[HikariPool-1:housekeeper][0;39m [2026-09-03  14-51-04-92] DEBUG com.zaxxer.hikari.pool.HikariPool  HikariPool-1 - keepalive: connection org.postgresql.jdbc.PgConnection@3b12bd6f is alive
[39m[http-nio-8088-Poller][0;39m [2026-09-03  14-51-05-10] DEBUG o.apache.tomcat.util.net.NioEndpoint  timeout completed: keys processed=0; now=1788436265104; nextExpiration=1788436265091; keyCount=0; hasEvents=false; eval=false
[39m[HikariPool-1:housekeeper][0;39m [2026-09-03  14-51-05-54] TRACE o.p.core.v3.QueryExecutorImpl    simple execute, handler=org.postgresql.jdbc.PgStatement$StatementResultHandler@4f3ab42a, maxRows=0, fetchSize=0, flags=1,041
[39m[HikariPool-1:housekeeper][0;39m [2026-09-03  14-51-05-54] TRACE o.p.core.v3.QueryExecutorImpl   FE=> SimpleQuery(query="")
[39m[HikariPool-1:housekeeper][0;39m [2026-09-03  14-51-05-54] TRACE o.p.core.v3.QueryExecutorImpl   <=BE EmptyQuery
[39m[HikariPool-1:housekeeper][0;39m [2026-09-03  14-51-05-54] TRACE o.p.core.v3.QueryExecutorImpl   <=BE ReadyForQuery(I)
[39m[HikariPool-1:housekeeper][0;39m [2026-09-03  14-51-05-54] TRACE o.p.core.v3.QueryExecutorImpl   FE marking setPortalDescribed(false) for query 
[39m[HikariPool-1:housekeeper][0;39m [2026-09-03  14-51-05-54] DEBUG com.zaxxer.hikari.pool.HikariPool  HikariPool-1 - keepalive: connection org.postgresql.jdbc.PgConnection@7bf1b9da is alive
[39m[http-nio-8088-Poller][0;39m [2026-09-03  14-51-06-11] DEBUG o.apache.tomcat.util.net.NioEndpoint  timeout completed: keys processed=0; now=1788436266116; nextExpiration=1788436266104; keyCount=0; hasEvents=false; eval=false
[39m[HikariPool-1:housekeeper][0;39m [2026-09-03  14-51-06-22] TRACE o.p.core.v3.QueryExecutorImpl    simple execute, handler=org.postgresql.jdbc.PgStatement$StatementResultHandler@1b38952a, maxRows=0, fetchSize=0, flags=1,041
[39m[HikariPool-1:housekeeper][0;39m [2026-09-03  14-51-06-22] TRACE o.p.core.v3.QueryExecutorImpl   FE=> SimpleQuery(query="")
[39m[HikariPool-1:housekeeper][0;39m [2026-09-03  14-51-06-22] TRACE o.p.core.v3.QueryExecutorImpl   <=BE EmptyQuery
[39m[HikariPool-1:housekeeper][0;39m [2026-09-03  14-51-06-22] TRACE o.p.core.v3.QueryExecutorImpl   <=BE ReadyForQuery(I)
[39m[HikariPool-1:housekeeper][0;39m [2026-09-03  14-51-06-22] TRACE o.p.core.v3.QueryExecutorImpl   FE marking setPortalDescribed(false) for query 
[39m[HikariPool-1:housekeeper][0;39m [2026-09-03  14-51-06-22] DEBUG com.zaxxer.hikari.pool.HikariPool  HikariPool-1 - keepalive: connection org.postgresql.jdbc.PgConnection@58696bf5 is alive
[39m[HikariPool-1:housekeeper][0;39m [2026-09-03  14-51-06-82] TRACE o.p.core.v3.QueryExecutorImpl    simple execute, handler=org.postgresql.jdbc.PgStatement$StatementResultHandler@38949abe, maxRows=0, fetchSize=0, flags=1,041
[39m[HikariPool-1:housekeeper][0;39m [2026-09-03  14-51-06-82] TRACE o.p.core.v3.QueryExecutorImpl   FE=> SimpleQuery(query="")
[39m[HikariPool-1:housekeeper][0;39m [2026-09-03  14-51-06-82] TRACE o.p.core.v3.QueryExecutorImpl   <=BE EmptyQuery
[39m[HikariPool-1:housekeeper][0;39m [2026-09-03  14-51-06-82] TRACE o.p.core.v3.QueryExecutorImpl   <=BE ReadyForQuery(I)
[39m[HikariPool-1:housekeeper][0;39m [2026-09-03  14-51-06-82] TRACE o.p.core.v3.QueryExecutorImpl   FE marking setPortalDescribed(false) for query 
[39m[HikariPool-1:housekeeper][0;39m [2026-09-03  14-51-06-82] DEBUG com.zaxxer.hikari.pool.HikariPool  HikariPool-1 - keepalive: connection org.postgresql.jdbc.PgConnection@5ec46e8c is alive
[39m[http-nio-8088-Poller][0;39m [2026-09-03  14-51-07-12] DEBUG o.apache.tomcat.util.net.NioEndpoint  timeout completed: keys processed=0; now=1788436267120; nextExpiration=1788436267116; keyCount=0; hasEvents=false; eval=false
