[39m[scheduling-1][0;39m [2026-09-03  15-00-22-09] TRACE org.hibernate.orm.resource.jdbc  HHH10003003: Preparing to commit transaction via JDBC Connection.commit()
[39m[scheduling-1][0;39m [2026-09-03  15-00-22-10] TRACE o.p.core.v3.QueryExecutorImpl    simple execute, handler=org.postgresql.jdbc.PgConnection$TransactionCommandHandler@2d2fb497, maxRows=0, fetchSize=0, flags=22
[39m[scheduling-1][0;39m [2026-09-03  15-00-22-10] TRACE o.p.core.v3.QueryExecutorImpl   FE=> Bind(stmt=S_1,portal=null)
[39m[scheduling-1][0;39m [2026-09-03  15-00-22-10] TRACE o.p.core.v3.QueryExecutorImpl   FE=> Execute(portal=null,limit=1)
[39m[scheduling-1][0;39m [2026-09-03  15-00-22-10] TRACE o.p.core.v3.QueryExecutorImpl   FE=> Sync
[39m[scheduling-1][0;39m [2026-09-03  15-00-22-10] TRACE o.p.core.v3.QueryExecutorImpl   <=BE BindComplete [unnamed]
[39m[scheduling-1][0;39m [2026-09-03  15-00-22-10] TRACE o.p.core.v3.QueryExecutorImpl   <=BE CommandStatus(COMMIT)
[39m[scheduling-1][0;39m [2026-09-03  15-00-22-10] TRACE o.p.core.v3.QueryExecutorImpl   <=BE ReadyForQuery(I)
[39m[scheduling-1][0;39m [2026-09-03  15-00-22-10] TRACE org.hibernate.orm.resource.jdbc  HHH10003004: Transaction committed via JDBC Connection.commit()
[39m[scheduling-1][0;39m [2026-09-03  15-00-22-10] TRACE org.hibernate.orm.resource.jdbc  HHH10003007: Re-enabling auto-commit on JDBC Connection after completion of JDBC-based transaction
[39m[scheduling-1][0;39m [2026-09-03  15-00-22-10] DEBUG org.postgresql.jdbc.PgConnection    setAutoCommit = true
[39m[scheduling-1][0;39m [2026-09-03  15-00-22-10] TRACE org.hibernate.orm.resource.registry  HHH10002501: Releasing registered JDBC resources
[39m[scheduling-1][0;39m [2026-09-03  15-00-22-10] TRACE org.hibernate.orm.jdbc  HHH100035: Notifying resource-local transaction observers after completion
[39m[scheduling-1][0;39m [2026-09-03  15-00-22-10] TRACE org.hibernate.orm.synchronization  HHH90008002: Notifying Synchronizations (after completion with status 3)
[39m[scheduling-1][0;39m [2026-09-03  15-00-22-10] TRACE org.hibernate.orm.jdbc  HHH100007: Transaction after successful completion in JdbcCoordinator @939685327
[39m[scheduling-1][0;39m [2026-09-03  15-00-22-10] TRACE org.hibernate.orm.session  After transaction completion processing (successful=true, delayed=false)
[39m[scheduling-1][0;39m [2026-09-03  15-00-22-10] TRACE org.hibernate.orm.session  After transaction completion processing (successful=true, delayed=false)
[39m[scheduling-1][0;39m [2026-09-03  15-00-22-10] TRACE org.hibernate.orm.session  Closing session [398b3f3a-33ba-47d6-bfb7-7d7364885fa8]
[39m[scheduling-1][0;39m [2026-09-03  15-00-22-10] DEBUG org.hibernate.session.metrics  HHH000401: Logging session metrics:
	1196900 ns acquiring 1 JDBC connections
	0 ns releasing 0 JDBC connections
	76800 ns preparing 2 JDBC statements
	3279500 ns executing 2 JDBC statements
	0 ns executing 0 JDBC batches
	0 ns performing 0 second-level cache puts
	0 ns performing 0 second-level cache hits
	0 ns performing 0 second-level cache misses
	4300 ns executing 1 flushes (flushing a total of 0 entities and 0 collections)
	15100 ns executing 2 pre-partial-flushes
	10700 ns executing 2 partial-flushes (flushing a total of 0 entities and 0 collections)

[39m[scheduling-1][0;39m [2026-09-03  15-00-22-10] TRACE org.hibernate.orm.jdbc  HHH100003: Closing JdbcCoordinator @939685327
[39m[scheduling-1][0;39m [2026-09-03  15-00-22-10] TRACE org.hibernate.orm.resource.registry  HHH10002501: Releasing registered JDBC resources
[39m[scheduling-1][0;39m [2026-09-03  15-00-22-10] TRACE org.hibernate.orm.resource.jdbc  HHH10003017: Closing logical connection @1164803146
[39m[scheduling-1][0;39m [2026-09-03  15-00-22-10] TRACE org.hibernate.orm.resource.registry  HHH10002501: Releasing registered JDBC resources
[39m[scheduling-1][0;39m [2026-09-03  15-00-22-10] TRACE org.hibernate.orm.resource.jdbc  HHH10003018: Closed logical connection @1164803146
[39m[scheduling-1][0;39m [2026-09-03  15-00-22-10] TRACE i.m.o.SimpleObservation$SimpleScope  NoOp observation used with SimpleScope
[39m[scheduling-1][0;39m [2026-09-03  15-00-22-55] DEBUG org.hibernate.orm.core  HHH006588: Opening session [tenant=null]
[39m[scheduling-1][0;39m [2026-09-03  15-00-22-55] TRACE org.hibernate.orm.jdbc  HHH100002: Created JdbcCoordinator @557228236
[39m[scheduling-1][0;39m [2026-09-03  15-00-22-55] TRACE org.hibernate.orm.session  Opened Session [640b44ee-f874-4241-8ff0-377981d3d7ce] at timestamp: 1788436822551
[39m[scheduling-1][0;39m [2026-09-03  15-00-22-55] TRACE org.hibernate.orm.query.plan.cache  Resolving HQL interpretation for [SELECT r FROM Redemption r WHERE r.status = :status AND r.otpExpiresAt < :time]
[39m[scheduling-1][0;39m [2026-09-03  15-00-22-55] TRACE org.hibernate.orm.query.plan.cache  Resolving cached query plan for [SELECT r FROM Redemption r WHERE r.status = :status AND r.otpExpiresAt < :time]
[39m[scheduling-1][0;39m [2026-09-03  15-00-22-55] TRACE org.hibernate.orm.sql.exec  HHH90004016: Skipping reading query result cache data (query cache disabled, cache mode NORMAL)
