[39m[HikariPool-1:connection-adder][0;39m [2026-09-03  14-42-06-80] TRACE o.p.core.v3.ScramAuthenticator   FE=> SASLInitialResponse( n,,n=*,r=_0stz>;Xb4/lRV+Jo*=;j7Me )
[39m[HikariPool-1:connection-adder][0;39m [2026-09-03  14-42-06-80] TRACE o.p.core.v3.ScramAuthenticator   <=BE AuthenticationSASLContinue( r=_0stz>;Xb4/lRV+Jo*=;j7Mev62AEIjYBXr7fag4fSeCwJKe,s=CztWnO8HyLgidstIEtJvXw==,i=4096 )
[39m[HikariPool-1:connection-adder][0;39m [2026-09-03  14-42-06-81] TRACE o.p.core.v3.ScramAuthenticator   FE=> SASLResponse( c=biws,r=_0stz>;Xb4/lRV+Jo*=;j7Mev62AEIjYBXr7fag4fSeCwJKe,p=9upAh2o8sspYhr3ZTD5lDwSHLst9wpJmQCFrnqpPDMk= )
[39m[HikariPool-1:connection-adder][0;39m [2026-09-03  14-42-06-81] TRACE o.p.core.v3.ScramAuthenticator   <=BE AuthenticationSASLFinal( v=n/zztWmzTXarFPQjZQDFqQpreVsJIUDy7efSG8nkg1U= )
[39m[HikariPool-1:connection-adder][0;39m [2026-09-03  14-42-06-81] TRACE o.p.core.v3.ConnectionFactoryImpl   <=BE AuthenticationOk
[39m[HikariPool-1:connection-adder][0;39m [2026-09-03  14-42-06-81] TRACE o.p.core.v3.QueryExecutorImpl   <=BE ParameterStatus(in_hot_standby = off)
[39m[HikariPool-1:connection-adder][0;39m [2026-09-03  14-42-06-81] TRACE o.p.core.v3.QueryExecutorImpl   <=BE ParameterStatus(integer_datetimes = on)
[39m[HikariPool-1:connection-adder][0;39m [2026-09-03  14-42-06-81] TRACE o.p.core.v3.QueryExecutorImpl   <=BE ParameterStatus(TimeZone = Africa/Cairo)
[39m[HikariPool-1:connection-adder][0;39m [2026-09-03  14-42-06-81] TRACE o.p.core.v3.QueryExecutorImpl   <=BE ParameterStatus(IntervalStyle = postgres)
[39m[HikariPool-1:connection-adder][0;39m [2026-09-03  14-42-06-81] TRACE o.p.core.v3.QueryExecutorImpl   <=BE ParameterStatus(search_path = "$user", public)
[39m[HikariPool-1:connection-adder][0;39m [2026-09-03  14-42-06-81] TRACE o.p.core.v3.QueryExecutorImpl   <=BE ParameterStatus(is_superuser = on)
[39m[HikariPool-1:connection-adder][0;39m [2026-09-03  14-42-06-81] TRACE o.p.core.v3.QueryExecutorImpl   <=BE ParameterStatus(application_name = )
[39m[HikariPool-1:connection-adder][0;39m [2026-09-03  14-42-06-81] TRACE o.p.core.v3.QueryExecutorImpl   <=BE ParameterStatus(default_transaction_read_only = off)
[39m[HikariPool-1:connection-adder][0;39m [2026-09-03  14-42-06-81] TRACE o.p.core.v3.QueryExecutorImpl   <=BE ParameterStatus(scram_iterations = 4096)
[39m[HikariPool-1:connection-adder][0;39m [2026-09-03  14-42-06-81] TRACE o.p.core.v3.QueryExecutorImpl   <=BE ParameterStatus(DateStyle = ISO, MDY)
[39m[HikariPool-1:connection-adder][0;39m [2026-09-03  14-42-06-81] TRACE o.p.core.v3.QueryExecutorImpl   <=BE ParameterStatus(standard_conforming_strings = on)
[39m[HikariPool-1:connection-adder][0;39m [2026-09-03  14-42-06-81] TRACE o.p.core.v3.QueryExecutorImpl   <=BE ParameterStatus(session_authorization = postgres)
[39m[HikariPool-1:connection-adder][0;39m [2026-09-03  14-42-06-81] TRACE o.p.core.v3.QueryExecutorImpl   <=BE ParameterStatus(client_encoding = UTF8)
[39m[HikariPool-1:connection-adder][0;39m [2026-09-03  14-42-06-81] TRACE o.p.core.v3.QueryExecutorImpl   <=BE ParameterStatus(server_version = 18.6)
[39m[HikariPool-1:connection-adder][0;39m [2026-09-03  14-42-06-81] TRACE o.p.core.v3.QueryExecutorImpl   <=BE ParameterStatus(server_encoding = UTF8)
[39m[HikariPool-1:connection-adder][0;39m [2026-09-03  14-42-06-81] TRACE o.p.core.v3.QueryExecutorImpl   <=BE BackendKeyData(pid=36,092,ckey=[B@4371fc0f)
[39m[HikariPool-1:connection-adder][0;39m [2026-09-03  14-42-06-81] TRACE o.p.core.v3.QueryExecutorImpl   <=BE ReadyForQuery(I)
[39m[HikariPool-1:connection-adder][0;39m [2026-09-03  14-42-06-81] TRACE o.p.core.v3.QueryExecutorImpl    simple execute, handler=org.postgresql.core.SetupQueryRunner$SimpleResultHandler@5214083a, maxRows=0, fetchSize=0, flags=1,047
[39m[HikariPool-1:connection-adder][0;39m [2026-09-03  14-42-06-82] TRACE o.p.core.v3.QueryExecutorImpl   FE=> SimpleQuery(query="SET application_name = 'PostgreSQL JDBC Driver'")
[39m[HikariPool-1:connection-adder][0;39m [2026-09-03  14-42-06-82] TRACE o.p.core.v3.QueryExecutorImpl   <=BE CommandStatus(SET)
[39m[HikariPool-1:connection-adder][0;39m [2026-09-03  14-42-06-82] TRACE o.p.core.v3.QueryExecutorImpl   <=BE ParameterStatus(application_name = PostgreSQL JDBC Driver)
[39m[HikariPool-1:connection-adder][0;39m [2026-09-03  14-42-06-82] TRACE o.p.core.v3.QueryExecutorImpl   <=BE ReadyForQuery(I)
[39m[HikariPool-1:connection-adder][0;39m [2026-09-03  14-42-06-82] TRACE org.postgresql.jdbc.PgConnection      types using binary send = TIMESTAMPTZ,NUMERIC,OID_ARRAY,UUID,BYTEA_ARRAY,INT2_ARRAY,INT4_ARRAY,BYTEA,TEXT_ARRAY,TIMETZ,INT8,INT2,INT4,VARCHAR_ARRAY,INT8_ARRAY,POINT,TIMESTAMP,TIME,BOX,FLOAT4,FLOAT8,FLOAT4_ARRAY,FLOAT8_ARRAY
[39m[HikariPool-1:connection-adder][0;39m [2026-09-03  14-42-06-82] TRACE org.postgresql.jdbc.PgConnection      types using binary receive = TIMESTAMPTZ,NUMERIC,OID_ARRAY,UUID,BYTEA_ARRAY,INT2_ARRAY,INT4_ARRAY,BYTEA,TEXT_ARRAY,TIMETZ,INT8,INT2,INT4,VARCHAR_ARRAY,INT8_ARRAY,POINT,DATE,TIMESTAMP,TIME,BOX,FLOAT4,FLOAT8,FLOAT4_ARRAY,FLOAT8_ARRAY
