[39m[scheduling-1][0;39m [2026-09-03  14-57-22-47] TRACE o.p.core.v3.QueryExecutorImpl  Forcing Sync, receive buffer full or batching disallowed
[39m[scheduling-1][0;39m [2026-09-03  14-57-22-47] TRACE o.p.core.v3.QueryExecutorImpl   FE=> Sync
[39m[scheduling-1][0;39m [2026-09-03  14-57-22-47] TRACE o.p.core.v3.QueryExecutorImpl   <=BE ReadyForQuery(I)
[39m[scheduling-1][0;39m [2026-09-03  14-57-22-47] TRACE o.p.core.v3.QueryExecutorImpl   FE=> Bind(stmt=S_5,portal=null,$1=<('AUTHORIZED')>,type=VARCHAR,$2=<('2026-09-03 14:57:22.467397+03')>,type=UNSPECIFIED)
[39m[scheduling-1][0;39m [2026-09-03  14-57-22-47] TRACE o.p.core.v3.QueryExecutorImpl   FE=> Execute(portal=null,limit=0)
[39m[scheduling-1][0;39m [2026-09-03  14-57-22-47] TRACE o.p.core.v3.QueryExecutorImpl   FE=> Sync
[39m[scheduling-1][0;39m [2026-09-03  14-57-22-47] TRACE o.p.core.v3.QueryExecutorImpl   <=BE BindComplete [unnamed]
[39m[scheduling-1][0;39m [2026-09-03  14-57-22-47] TRACE o.p.core.v3.QueryExecutorImpl   <=BE CommandStatus(SELECT 0)
[39m[scheduling-1][0;39m [2026-09-03  14-57-22-47] TRACE o.p.core.v3.QueryExecutorImpl   <=BE ReadyForQuery(I)
[39m[scheduling-1][0;39m [2026-09-03  14-57-22-47] TRACE org.hibernate.orm.resource.registry  HHH10002507: Registering result set [HikariProxyResultSet@1413919410 wrapping org.postgresql.jdbc.PgResultSet@458e1b03]
[39m[scheduling-1][0;39m [2026-09-03  14-57-22-47] TRACE org.hibernate.orm.resource.registry  HHH10002504: Releasing result set [HikariProxyResultSet@1413919410 wrapping org.postgresql.jdbc.PgResultSet@458e1b03]
[39m[scheduling-1][0;39m [2026-09-03  14-57-22-47] TRACE org.hibernate.orm.resource.registry  HHH10002505: Closing result set [HikariProxyResultSet@1413919410 wrapping org.postgresql.jdbc.PgResultSet@458e1b03]
[39m[scheduling-1][0;39m [2026-09-03  14-57-22-47] TRACE org.hibernate.orm.resource.registry  HHH10002503: Releasing statement [HikariProxyPreparedStatement@1791980243 wrapping select r1_0.id,r1_0.account_id,r1_0.authorization_code,r1_0.cancel_reason,r1_0.cancelled_at,r1_0.created_at,r1_0.discount_amount,r1_0.otp_attempts_remaining,r1_0.otp_expires_at,r1_0.otp_hash,r1_0.purchase_transaction_id,r1_0.requested_points,r1_0.reservation_expires_at,r1_0.status from redemptions r1_0 where r1_0.status=('AUTHORIZED') and r1_0.reservation_expires_at<('2026-09-03 14:57:22.467397+03')]
[39m[scheduling-1][0;39m [2026-09-03  14-57-22-47] TRACE org.hibernate.orm.resource.registry  HHH10002506: Closing prepared statement [HikariProxyPreparedStatement@1791980243 wrapping select r1_0.id,r1_0.account_id,r1_0.authorization_code,r1_0.cancel_reason,r1_0.cancelled_at,r1_0.created_at,r1_0.discount_amount,r1_0.otp_attempts_remaining,r1_0.otp_expires_at,r1_0.otp_hash,r1_0.purchase_transaction_id,r1_0.requested_points,r1_0.reservation_expires_at,r1_0.status from redemptions r1_0 where r1_0.status=('AUTHORIZED') and r1_0.reservation_expires_at<('2026-09-03 14:57:22.467397+03')]
[39m[scheduling-1][0;39m [2026-09-03  14-57-22-47] TRACE org.hibernate.orm.jdbc  HHH100004: Statement execution complete (connection release mode ON_CLOSE) in JdbcCoordinator @975028199
[39m[scheduling-1][0;39m [2026-09-03  14-57-22-47] TRACE org.hibernate.orm.resource.registry  HHH10002501: Releasing registered JDBC resources
[39m[scheduling-1][0;39m [2026-09-03  14-57-22-47] TRACE org.hibernate.orm.session  Closing session [ba2fbfc2-57da-4646-a3e2-a2591e7837bf]
[39m[scheduling-1][0;39m [2026-09-03  14-57-22-47] DEBUG org.hibernate.session.metrics  HHH000401: Logging session metrics:
	11700 ns acquiring 1 JDBC connections
	0 ns releasing 0 JDBC connections
	18400 ns preparing 1 JDBC statements
	1910200 ns executing 1 JDBC statements
	0 ns executing 0 JDBC batches
	0 ns performing 0 second-level cache puts
	0 ns performing 0 second-level cache hits
	0 ns performing 0 second-level cache misses
	0 ns executing 0 flushes (flushing a total of 0 entities and 0 collections)
	0 ns executing 0 pre-partial-flushes
	0 ns executing 0 partial-flushes (flushing a total of 0 entities and 0 collections)

[39m[scheduling-1][0;39m [2026-09-03  14-57-22-47] TRACE org.hibernate.orm.jdbc  HHH100003: Closing JdbcCoordinator @975028199
[39m[scheduling-1][0;39m [2026-09-03  14-57-22-47] TRACE org.hibernate.orm.resource.registry  HHH10002501: Releasing registered JDBC resources
[39m[scheduling-1][0;39m [2026-09-03  14-57-22-47] TRACE org.hibernate.orm.resource.jdbc  HHH10003017: Closing logical connection @1478170317
[39m[scheduling-1][0;39m [2026-09-03  14-57-22-47] TRACE org.hibernate.orm.resource.registry  HHH10002501: Releasing registered JDBC resources
[39m[scheduling-1][0;39m [2026-09-03  14-57-22-47] TRACE org.hibernate.orm.resource.jdbc  HHH10003018: Closed logical connection @1478170317
[39m[scheduling-1][0;39m [2026-09-03  14-57-22-47] TRACE i.m.o.SimpleObservation$SimpleScope  NoOp observation used with SimpleScope
[39m[http-nio-8088-Poller][0;39m [2026-09-03  14-57-22-89] DEBUG o.apache.tomcat.util.net.NioEndpoint  timeout completed: keys processed=0; now=1788436642890; nextExpiration=1788436642877; keyCount=0; hasEvents=false; eval=false
