[39m[restartedMain][0;39m [2026-09-03  15-14-30-63] TRACE org.hibernate.models.annotations  Registering AnnotationDescriptor - AnnotationDescriptor(org.hibernate.annotations.DialectOverride$SQLUpdate)
[39m[restartedMain][0;39m [2026-09-03  15-14-30-63] TRACE org.hibernate.models.annotations  Registering repeatable AnnotationDescriptor - AnnotationDescriptor(org.hibernate.annotations.DialectOverride$SQLUpdates)
[39m[restartedMain][0;39m [2026-09-03  15-14-30-63] TRACE org.hibernate.models.annotations  Registering AnnotationDescriptor - AnnotationDescriptor(org.hibernate.annotations.DialectOverride$SQLDeletes)
[39m[restartedMain][0;39m [2026-09-03  15-14-30-63] TRACE org.hibernate.models.annotations  Registering AnnotationDescriptor - AnnotationDescriptor(org.hibernate.annotations.DialectOverride$SQLDelete)
[39m[restartedMain][0;39m [2026-09-03  15-14-30-63] TRACE org.hibernate.models.annotations  Registering repeatable AnnotationDescriptor - AnnotationDescriptor(org.hibernate.annotations.DialectOverride$SQLDeletes)
[39m[restartedMain][0;39m [2026-09-03  15-14-30-63] TRACE org.hibernate.models.annotations  Registering AnnotationDescriptor - AnnotationDescriptor(org.hibernate.annotations.DialectOverride$SQLDeleteAlls)
[39m[restartedMain][0;39m [2026-09-03  15-14-30-63] TRACE org.hibernate.models.annotations  Registering AnnotationDescriptor - AnnotationDescriptor(org.hibernate.annotations.DialectOverride$SQLDeleteAll)
[39m[restartedMain][0;39m [2026-09-03  15-14-30-63] TRACE org.hibernate.models.annotations  Registering repeatable AnnotationDescriptor - AnnotationDescriptor(org.hibernate.annotations.DialectOverride$SQLDeleteAlls)
[39m[restartedMain][0;39m [2026-09-03  15-14-30-63] TRACE org.hibernate.models.annotations  Registering AnnotationDescriptor - AnnotationDescriptor(org.hibernate.annotations.DialectOverride$SQLOrders)
[39m[restartedMain][0;39m [2026-09-03  15-14-30-63] TRACE org.hibernate.models.annotations  Registering AnnotationDescriptor - AnnotationDescriptor(org.hibernate.annotations.DialectOverride$SQLOrder)
[39m[restartedMain][0;39m [2026-09-03  15-14-30-63] TRACE org.hibernate.models.annotations  Registering repeatable AnnotationDescriptor - AnnotationDescriptor(org.hibernate.annotations.DialectOverride$SQLOrders)
[39m[restartedMain][0;39m [2026-09-03  15-14-30-63] TRACE org.hibernate.models.annotations  Registering AnnotationDescriptor - AnnotationDescriptor(org.hibernate.annotations.DialectOverride$SQLRestrictions)
[39m[restartedMain][0;39m [2026-09-03  15-14-30-63] TRACE org.hibernate.models.annotations  Registering AnnotationDescriptor - AnnotationDescriptor(org.hibernate.annotations.DialectOverride$SQLRestriction)
[39m[restartedMain][0;39m [2026-09-03  15-14-30-63] TRACE org.hibernate.models.annotations  Registering repeatable AnnotationDescriptor - AnnotationDescriptor(org.hibernate.annotations.DialectOverride$SQLRestrictions)
[39m[restartedMain][0;39m [2026-09-03  15-14-30-63] TRACE org.hibernate.models.annotations  Registering AnnotationDescriptor - AnnotationDescriptor(org.hibernate.annotations.DialectOverride$SQLSelects)
[39m[restartedMain][0;39m [2026-09-03  15-14-30-63] TRACE org.hibernate.models.annotations  Registering AnnotationDescriptor - AnnotationDescriptor(org.hibernate.annotations.DialectOverride$SQLSelect)
[39m[restartedMain][0;39m [2026-09-03  15-14-30-63] TRACE org.hibernate.models.annotations  Registering repeatable AnnotationDescriptor - AnnotationDescriptor(org.hibernate.annotations.DialectOverride$SQLSelects)
[39m[restartedMain][0;39m [2026-09-03  15-14-30-63] TRACE org.hibernate.models.annotations  Registering AnnotationDescriptor - AnnotationDescriptor(org.hibernate.annotations.DialectOverride$Version)
[39m[restartedMain][0;39m [2026-09-03  15-14-30-63] TRACE org.hibernate.models.annotations  Registering AnnotationDescriptor - AnnotationDescriptor(org.hibernate.boot.internal.Abstract)
[39m[restartedMain][0;39m [2026-09-03  15-14-30-63] TRACE org.hibernate.models.annotations  Registering AnnotationDescriptor - AnnotationDescriptor(org.hibernate.boot.internal.AnyKeyType)
[39m[restartedMain][0;39m [2026-09-03  15-14-30-64] TRACE org.hibernate.models.annotations  Registering AnnotationDescriptor - AnnotationDescriptor(org.hibernate.boot.internal.CollectionClassification)
[39m[restartedMain][0;39m [2026-09-03  15-14-30-64] TRACE org.hibernate.models.annotations  Registering AnnotationDescriptor - AnnotationDescriptor(org.hibernate.boot.internal.Extends)
[39m[restartedMain][0;39m [2026-09-03  15-14-30-64] TRACE org.hibernate.models.annotations  Registering AnnotationDescriptor - AnnotationDescriptor(org.hibernate.boot.internal.Target)
[39m[restartedMain][0;39m [2026-09-03  15-14-30-64] TRACE org.hibernate.orm.service  HHH010500: Initializing service: org.hibernate.boot.cfgxml.spi.CfgXmlAccessService
[39m[restartedMain][0;39m [2026-09-03  15-14-30-64] TRACE org.hibernate.orm.boot  HHH160222: Injecting JPA temp ClassLoader [org.springframework.instrument.classloading.SimpleThrowawayClassLoader@3ee8e30] into BootstrapContext; was [null]
