[39m[restartedMain][0;39m [2026-09-03  14-49-20-23] TRACE org.hibernate.orm.session  Closing session [a6b5087a-d79d-4b49-82e5-fc4f18cda453]
[39m[restartedMain][0;39m [2026-09-03  14-49-20-23] DEBUG org.hibernate.session.metrics  HHH000401: Logging session metrics:
	0 ns acquiring 0 JDBC connections
	0 ns releasing 0 JDBC connections
	0 ns preparing 0 JDBC statements
	0 ns executing 0 JDBC statements
	0 ns executing 0 JDBC batches
	0 ns performing 0 second-level cache puts
	0 ns performing 0 second-level cache hits
	0 ns performing 0 second-level cache misses
	0 ns executing 0 flushes (flushing a total of 0 entities and 0 collections)
	0 ns executing 0 pre-partial-flushes
	0 ns executing 0 partial-flushes (flushing a total of 0 entities and 0 collections)

[39m[restartedMain][0;39m [2026-09-03  14-49-20-23] TRACE org.hibernate.orm.jdbc  HHH100003: Closing JdbcCoordinator @1808793589
[39m[restartedMain][0;39m [2026-09-03  14-49-20-23] TRACE org.hibernate.orm.resource.registry  HHH10002501: Releasing registered JDBC resources
[39m[restartedMain][0;39m [2026-09-03  14-49-20-23] TRACE org.hibernate.orm.resource.jdbc  HHH10003017: Closing logical connection @2049062385
[39m[restartedMain][0;39m [2026-09-03  14-49-20-23] TRACE org.hibernate.orm.resource.jdbc  HHH10003018: Closed logical connection @2049062385
[39m[restartedMain][0;39m [2026-09-03  14-49-20-23] DEBUG org.hibernate.orm.core  HHH006588: Opening session [tenant=null]
[39m[restartedMain][0;39m [2026-09-03  14-49-20-23] TRACE org.hibernate.orm.jdbc  HHH100002: Created JdbcCoordinator @75288501
[39m[restartedMain][0;39m [2026-09-03  14-49-20-23] TRACE org.hibernate.orm.session  Opened Session [f9f04a90-b5f6-40a0-8f82-d116397f5abc] at timestamp: 1788436160238
[39m[restartedMain][0;39m [2026-09-03  14-49-20-23] TRACE org.hibernate.orm.query.plan.cache  Resolving HQL interpretation for [SELECT r FROM RuleVersion r WHERE r.program.id = :programId AND r.status = :status AND r.effectiveFrom <= :transactionTime AND (r.effectiveTo IS NULL OR r.effectiveTo > :transactionTime)]
[39m[restartedMain][0;39m [2026-09-03  14-49-20-23] TRACE org.hibernate.orm.query.hql  HQL: SELECT r FROM RuleVersion r WHERE r.program.id = :programId AND r.status = :status AND r.effectiveFrom <= :transactionTime AND (r.effectiveTo IS NULL OR r.effectiveTo > :transactionTime)
[39m[restartedMain][0;39m [2026-09-03  14-49-20-24] TRACE org.hibernate.orm.query.sqm.ast  SqmStatement Tree:
    -> [select]
      -> [query-spec]
        -> [select]
          -> [selection]
            -> [root] - 'com.aman.acceptance.loyalty.model.RuleVersion(r)'
            <- [root] - 'com.aman.acceptance.loyalty.model.RuleVersion(r)'
          <- [selection]
        <- [select]
        -> [from]
          -> [root] - 'com.aman.acceptance.loyalty.model.RuleVersion(r)'
          <- [root] - 'com.aman.acceptance.loyalty.model.RuleVersion(r)'
        <- [from]
        -> [where]
          -> [and]
            -> [EQUAL]
                -> [basic-path] - 'com.aman.acceptance.loyalty.model.RuleVersion(r).program.id'
                :programId
            <- [EQUAL]
            -> [EQUAL]
                -> [basic-path] - 'com.aman.acceptance.loyalty.model.RuleVersion(r).status'
                :status
            <- [EQUAL]
            -> [LESS_THAN_OR_EQUAL]
                -> [basic-path] - 'com.aman.acceptance.loyalty.model.RuleVersion(r).effectiveFrom'
                :transactionTime
            <- [LESS_THAN_OR_EQUAL]
            -> [grouped]
                -> [or]
                  -> [is-null]
                      -> [basic-path] - 'com.aman.acceptance.loyalty.model.RuleVersion(r).effectiveTo'
                  <- [is-null]
                  -> [GREATER_THAN]
                      -> [basic-path] - 'com.aman.acceptance.loyalty.model.RuleVersion(r).effectiveTo'
                      :transactionTime
                  <- [GREATER_THAN]
                <- [or]
            <- [grouped]
          <- [and]
        <- [where]
      <- [query-spec]
    <- [select]

[39m[restartedMain][0;39m [2026-09-03  14-49-20-24] TRACE org.hibernate.orm.session  Closing session [f9f04a90-b5f6-40a0-8f82-d116397f5abc]
[39m[restartedMain][0;39m [2026-09-03  14-49-20-24] DEBUG org.hibernate.session.metrics  HHH000401: Logging session metrics:
	0 ns acquiring 0 JDBC connections
	0 ns releasing 0 JDBC connections
	0 ns preparing 0 JDBC statements
	0 ns executing 0 JDBC statements
	0 ns executing 0 JDBC batches
	0 ns performing 0 second-level cache puts
	0 ns performing 0 second-level cache hits
	0 ns performing 0 second-level cache misses
	0 ns executing 0 flushes (flushing a total of 0 entities and 0 collections)
	0 ns executing 0 pre-partial-flushes
	0 ns executing 0 partial-flushes (flushing a total of 0 entities and 0 collections)

[39m[restartedMain][0;39m [2026-09-03  14-49-20-24] TRACE org.hibernate.orm.jdbc  HHH100003: Closing JdbcCoordinator @75288501
[39m[restartedMain][0;39m [2026-09-03  14-49-20-24] TRACE org.hibernate.orm.resource.registry  HHH10002501: Releasing registered JDBC resources
