[39m[restartedMain][0;39m [2026-09-03  14-42-08-92] TRACE o.p.core.v3.QueryExecutorImpl   <=BE DataRow(len=53)
[39m[restartedMain][0;39m [2026-09-03  14-42-08-92] TRACE o.p.core.v3.QueryExecutorImpl   <=BE DataRow(len=65)
[39m[restartedMain][0;39m [2026-09-03  14-42-08-92] TRACE o.p.core.v3.QueryExecutorImpl   <=BE DataRow(len=54)
[39m[restartedMain][0;39m [2026-09-03  14-42-08-92] TRACE o.p.core.v3.QueryExecutorImpl   <=BE DataRow(len=62)
[39m[restartedMain][0;39m [2026-09-03  14-42-08-92] TRACE o.p.core.v3.QueryExecutorImpl   <=BE DataRow(len=49)
[39m[restartedMain][0;39m [2026-09-03  14-42-08-92] TRACE o.p.core.v3.QueryExecutorImpl   <=BE DataRow(len=49)
[39m[restartedMain][0;39m [2026-09-03  14-42-08-92] TRACE o.p.core.v3.QueryExecutorImpl   <=BE DataRow(len=56)
[39m[restartedMain][0;39m [2026-09-03  14-42-08-92] TRACE o.p.core.v3.QueryExecutorImpl   <=BE DataRow(len=52)
[39m[restartedMain][0;39m [2026-09-03  14-42-08-92] TRACE o.p.core.v3.QueryExecutorImpl   <=BE DataRow(len=51)
[39m[restartedMain][0;39m [2026-09-03  14-42-08-92] TRACE o.p.core.v3.QueryExecutorImpl   <=BE DataRow(len=43)
[39m[restartedMain][0;39m [2026-09-03  14-42-08-92] TRACE o.p.core.v3.QueryExecutorImpl   <=BE DataRow(len=51)
[39m[restartedMain][0;39m [2026-09-03  14-42-08-92] TRACE o.p.core.v3.QueryExecutorImpl   <=BE DataRow(len=59)
[39m[restartedMain][0;39m [2026-09-03  14-42-08-92] TRACE o.p.core.v3.QueryExecutorImpl   <=BE DataRow(len=55)
[39m[restartedMain][0;39m [2026-09-03  14-42-08-92] TRACE o.p.core.v3.QueryExecutorImpl   <=BE DataRow(len=53)
[39m[restartedMain][0;39m [2026-09-03  14-42-08-92] TRACE o.p.core.v3.QueryExecutorImpl   <=BE DataRow(len=62)
[39m[restartedMain][0;39m [2026-09-03  14-42-08-92] TRACE o.p.core.v3.QueryExecutorImpl   <=BE DataRow(len=57)
[39m[restartedMain][0;39m [2026-09-03  14-42-08-92] TRACE o.p.core.v3.QueryExecutorImpl   <=BE DataRow(len=50)
[39m[restartedMain][0;39m [2026-09-03  14-42-08-92] TRACE o.p.core.v3.QueryExecutorImpl   <=BE DataRow(len=50)
[39m[restartedMain][0;39m [2026-09-03  14-42-08-92] TRACE o.p.core.v3.QueryExecutorImpl   <=BE DataRow(len=52)
[39m[restartedMain][0;39m [2026-09-03  14-42-08-92] TRACE o.p.core.v3.QueryExecutorImpl   <=BE DataRow(len=50)
[39m[restartedMain][0;39m [2026-09-03  14-42-08-92] TRACE o.p.core.v3.QueryExecutorImpl   <=BE DataRow(len=66)
[39m[restartedMain][0;39m [2026-09-03  14-42-08-92] TRACE o.p.core.v3.QueryExecutorImpl   <=BE DataRow(len=48)
[39m[restartedMain][0;39m [2026-09-03  14-42-08-92] TRACE o.p.core.v3.QueryExecutorImpl   <=BE CommandStatus(SELECT 96)
[39m[restartedMain][0;39m [2026-09-03  14-42-08-92] TRACE o.p.core.v3.QueryExecutorImpl   <=BE ReadyForQuery(I)
[39m[restartedMain][0;39m [2026-09-03  14-42-08-92] TRACE org.postgresql.jdbc.PgConnection    getLong columnIndex: 5
[39m[restartedMain][0;39m [2026-09-03  14-42-08-92] TRACE org.postgresql.jdbc.PgConnection    getInt columnIndex: 7
[39m[restartedMain][0;39m [2026-09-03  14-42-08-92] TRACE org.postgresql.jdbc.PgConnection    getBytes columnIndex: 2
[39m[restartedMain][0;39m [2026-09-03  14-42-08-92] TRACE org.postgresql.jdbc.PgConnection    getBytes columnIndex: 3
[39m[restartedMain][0;39m [2026-09-03  14-42-08-92] TRACE org.postgresql.jdbc.PgConnection    getBytes columnIndex: 4
[39m[restartedMain][0;39m [2026-09-03  14-42-08-92] TRACE org.postgresql.jdbc.PgConnection    getString columnIndex: 16
[39m[restartedMain][0;39m [2026-09-03  14-42-08-92] TRACE org.postgresql.jdbc.PgConnection    getString columnIndex: 13
[39m[restartedMain][0;39m [2026-09-03  14-42-08-92] TRACE org.postgresql.jdbc.PgConnection    getString columnIndex: 11
[39m[restartedMain][0;39m [2026-09-03  14-42-08-92] TRACE org.postgresql.jdbc.PgConnection    getString columnIndex: 12
[39m[restartedMain][0;39m [2026-09-03  14-42-08-92] TRACE org.postgresql.jdbc.PgConnection    getLong columnIndex: 15
[39m[restartedMain][0;39m [2026-09-03  14-42-08-92] TRACE org.postgresql.jdbc.PgConnection    getBoolean columnIndex: 6
[39m[restartedMain][0;39m [2026-09-03  14-42-08-92] TRACE org.postgresql.jdbc.PgConnection    getBytes columnIndex: 14
[39m[restartedMain][0;39m [2026-09-03  14-42-08-92] TRACE org.postgresql.jdbc.PgConnection    getBytes columnIndex: 13
[39m[restartedMain][0;39m [2026-09-03  14-42-08-92] TRACE org.postgresql.jdbc.PgConnection    getInt columnIndex: 10
[39m[restartedMain][0;39m [2026-09-03  14-42-08-92] TRACE org.postgresql.jdbc.PgConnection    getBoolean columnIndex: 6
[39m[restartedMain][0;39m [2026-09-03  14-42-08-92] TRACE org.postgresql.jdbc.PgConnection    getLong columnIndex: 5
[39m[restartedMain][0;39m [2026-09-03  14-42-08-92] TRACE org.postgresql.jdbc.PgConnection    getInt columnIndex: 7
[39m[restartedMain][0;39m [2026-09-03  14-42-08-92] TRACE org.postgresql.jdbc.PgConnection    getBytes columnIndex: 2
[39m[restartedMain][0;39m [2026-09-03  14-42-08-92] TRACE org.postgresql.jdbc.PgConnection    getBytes columnIndex: 3
[39m[restartedMain][0;39m [2026-09-03  14-42-08-92] TRACE org.postgresql.jdbc.PgConnection    getBytes columnIndex: 4
