[39m[restartedMain][0;39m [2026-09-03  14-49-17-91] TRACE org.postgresql.jdbc.PgConnection    getString columnIndex: 8
[39m[restartedMain][0;39m [2026-09-03  14-49-17-91] TRACE org.postgresql.jdbc.PgConnection    getString columnIndex: 4
[39m[restartedMain][0;39m [2026-09-03  14-49-17-91] TRACE org.postgresql.jdbc.PgConnection    getString columnIndex: 5
[39m[restartedMain][0;39m [2026-09-03  14-49-17-91] TRACE org.postgresql.jdbc.PgConnection    getString columnIndex: 6
[39m[restartedMain][0;39m [2026-09-03  14-49-17-91] TRACE org.postgresql.jdbc.PgConnection    getString columnIndex: 7
[39m[restartedMain][0;39m [2026-09-03  14-49-17-91] TRACE org.postgresql.jdbc.PgConnection    getString columnIndex: 12
[39m[restartedMain][0;39m [2026-09-03  14-49-17-91] TRACE org.postgresql.jdbc.PgConnection    getString columnIndex: 1
[39m[restartedMain][0;39m [2026-09-03  14-49-17-91] TRACE org.postgresql.jdbc.PgConnection    getString columnIndex: 2
[39m[restartedMain][0;39m [2026-09-03  14-49-17-91] TRACE org.postgresql.jdbc.PgConnection    getString columnIndex: 3
[39m[restartedMain][0;39m [2026-09-03  14-49-17-92] TRACE org.postgresql.jdbc.PgConnection    getString columnIndex: 8
[39m[restartedMain][0;39m [2026-09-03  14-49-17-92] TRACE org.postgresql.jdbc.PgConnection    getString columnIndex: 4
[39m[restartedMain][0;39m [2026-09-03  14-49-17-92] TRACE org.postgresql.jdbc.PgConnection    getString columnIndex: 5
[39m[restartedMain][0;39m [2026-09-03  14-49-17-92] TRACE org.postgresql.jdbc.PgConnection    getString columnIndex: 6
[39m[restartedMain][0;39m [2026-09-03  14-49-17-92] TRACE org.postgresql.jdbc.PgConnection    getString columnIndex: 7
[39m[restartedMain][0;39m [2026-09-03  14-49-17-92] TRACE org.postgresql.jdbc.PgConnection    getString columnIndex: 12
[39m[restartedMain][0;39m [2026-09-03  14-49-17-92] TRACE org.postgresql.jdbc.PgConnection    getString columnIndex: 1
[39m[restartedMain][0;39m [2026-09-03  14-49-17-92] TRACE org.postgresql.jdbc.PgConnection    getString columnIndex: 2
[39m[restartedMain][0;39m [2026-09-03  14-49-17-92] TRACE org.postgresql.jdbc.PgConnection    getString columnIndex: 3
[39m[restartedMain][0;39m [2026-09-03  14-49-17-92] TRACE org.postgresql.jdbc.PgConnection    getString columnIndex: 8
[39m[restartedMain][0;39m [2026-09-03  14-49-17-92] TRACE org.postgresql.jdbc.PgConnection    getString columnIndex: 4
[39m[restartedMain][0;39m [2026-09-03  14-49-17-92] TRACE org.postgresql.jdbc.PgConnection    getString columnIndex: 5
[39m[restartedMain][0;39m [2026-09-03  14-49-17-92] TRACE org.postgresql.jdbc.PgConnection    getString columnIndex: 6
[39m[restartedMain][0;39m [2026-09-03  14-49-17-92] TRACE org.postgresql.jdbc.PgConnection    getString columnIndex: 7
[39m[restartedMain][0;39m [2026-09-03  14-49-17-92] TRACE org.postgresql.jdbc.PgConnection    getString columnIndex: 12
[39m[restartedMain][0;39m [2026-09-03  14-49-17-92] TRACE org.postgresql.jdbc.PgConnection    getString columnIndex: 1
[39m[restartedMain][0;39m [2026-09-03  14-49-17-92] TRACE org.postgresql.jdbc.PgConnection    getString columnIndex: 2
[39m[restartedMain][0;39m [2026-09-03  14-49-17-92] TRACE org.postgresql.jdbc.PgConnection    getString columnIndex: 3
[39m[restartedMain][0;39m [2026-09-03  14-49-17-92] TRACE org.postgresql.jdbc.PgConnection    getString columnIndex: 8
[39m[restartedMain][0;39m [2026-09-03  14-49-17-92] TRACE org.postgresql.jdbc.PgConnection    getString columnIndex: 4
[39m[restartedMain][0;39m [2026-09-03  14-49-17-92] DEBUG org.hibernate.orm.factoryRegistry  HHH020384: Registering SessionFactory [076b2cb1-cc35-4227-8776-8c2c78c453ef] (default)
[39m[restartedMain][0;39m [2026-09-03  14-49-17-92] TRACE org.hibernate.orm.factoryRegistry  HHH020385: Not binding SessionFactory to JNDI, no JNDI name configured
[39m[restartedMain][0;39m [2026-09-03  14-49-17-92] TRACE org.hibernate.orm.factory  Instantiated factory: 076b2cb1-cc35-4227-8776-8c2c78c453ef
[34m[restartedMain][0;39m [2026-09-03  14-49-17-92] INFO  o.s.o.j.LocalContainerEntityManagerFactoryBean  Initialized JPA EntityManagerFactory for persistence unit 'default'
[34m[restartedMain][0;39m [2026-09-03  14-49-18-19] INFO  o.s.d.j.r.q.QueryEnhancerFactories  Hibernate is in classpath; If applicable, HQL parser will be used.
[39m[restartedMain][0;39m [2026-09-03  14-49-18-40] DEBUG org.hibernate.orm.core  HHH006588: Opening session [tenant=null]
[39m[restartedMain][0;39m [2026-09-03  14-49-18-42] TRACE org.hibernate.orm.service  HHH010500: Initializing service: org.hibernate.stat.spi.StatisticsImplementor
[39m[restartedMain][0;39m [2026-09-03  14-49-18-43] TRACE org.hibernate.statistics  HHH000460: Statistics initialized
[39m[restartedMain][0;39m [2026-09-03  14-49-18-43] TRACE org.hibernate.statistics  HHH000462: Statistics collection disabled
[39m[restartedMain][0;39m [2026-09-03  14-49-18-44] TRACE org.hibernate.orm.jdbc  HHH100002: Created JdbcCoordinator @1356364000
[39m[restartedMain][0;39m [2026-09-03  14-49-18-45] TRACE org.hibernate.orm.session  Opened Session [0d7b20f8-f07f-4cea-968e-86366385adb0] at timestamp: 1788436158457
