[39m[scheduling-1][0;39m [2026-09-03  14-58-22-11] TRACE org.hibernate.orm.resource.registry  HHH10002501: Releasing registered JDBC resources
[39m[scheduling-1][0;39m [2026-09-03  14-58-22-11] TRACE org.hibernate.orm.resource.jdbc  HHH10003017: Closing logical connection @1043115952
[39m[scheduling-1][0;39m [2026-09-03  14-58-22-11] TRACE org.hibernate.orm.resource.registry  HHH10002501: Releasing registered JDBC resources
[39m[scheduling-1][0;39m [2026-09-03  14-58-22-11] TRACE org.hibernate.orm.resource.jdbc  HHH10003018: Closed logical connection @1043115952
[39m[scheduling-1][0;39m [2026-09-03  14-58-22-11] TRACE i.m.o.SimpleObservation$SimpleScope  NoOp observation used with SimpleScope
[39m[HikariPool-1:housekeeper][0;39m [2026-09-03  14-58-22-38] TRACE o.p.core.v3.QueryExecutorImpl    simple execute, handler=org.postgresql.jdbc.PgStatement$StatementResultHandler@2dc4164e, maxRows=0, fetchSize=0, flags=1,041
[39m[HikariPool-1:housekeeper][0;39m [2026-09-03  14-58-22-38] TRACE o.p.core.v3.QueryExecutorImpl   FE=> SimpleQuery(query="")
[39m[HikariPool-1:housekeeper][0;39m [2026-09-03  14-58-22-38] TRACE o.p.core.v3.QueryExecutorImpl   <=BE EmptyQuery
[39m[HikariPool-1:housekeeper][0;39m [2026-09-03  14-58-22-38] TRACE o.p.core.v3.QueryExecutorImpl   <=BE ReadyForQuery(I)
[39m[HikariPool-1:housekeeper][0;39m [2026-09-03  14-58-22-38] TRACE o.p.core.v3.QueryExecutorImpl   FE marking setPortalDescribed(false) for query 
[39m[HikariPool-1:housekeeper][0;39m [2026-09-03  14-58-22-38] DEBUG com.zaxxer.hikari.pool.HikariPool  HikariPool-1 - keepalive: connection org.postgresql.jdbc.PgConnection@3b12bd6f is alive
[39m[scheduling-1][0;39m [2026-09-03  14-58-22-49] DEBUG org.hibernate.orm.core  HHH006588: Opening session [tenant=null]
[39m[scheduling-1][0;39m [2026-09-03  14-58-22-49] TRACE org.hibernate.orm.jdbc  HHH100002: Created JdbcCoordinator @1481335804
[39m[scheduling-1][0;39m [2026-09-03  14-58-22-49] TRACE org.hibernate.orm.session  Opened Session [51251529-d07e-45c8-9e44-3f2356e9b13f] at timestamp: 1788436702493
[39m[scheduling-1][0;39m [2026-09-03  14-58-22-49] TRACE org.hibernate.orm.query.plan.cache  Resolving HQL interpretation for [SELECT r FROM Redemption r WHERE r.status = :status AND r.otpExpiresAt < :time]
[39m[scheduling-1][0;39m [2026-09-03  14-58-22-49] TRACE org.hibernate.orm.query.plan.cache  Resolving cached query plan for [SELECT r FROM Redemption r WHERE r.status = :status AND r.otpExpiresAt < :time]
[39m[scheduling-1][0;39m [2026-09-03  14-58-22-49] TRACE org.hibernate.orm.sql.exec  HHH90004016: Skipping reading query result cache data (query cache disabled, cache mode NORMAL)
[39m[scheduling-1][0;39m [2026-09-03  14-58-22-49] TRACE org.hibernate.orm.core  Executing query to retrieve ResultSet: select r1_0.id,r1_0.account_id,r1_0.authorization_code,r1_0.cancel_reason,r1_0.cancelled_at,r1_0.created_at,r1_0.discount_amount,r1_0.otp_attempts_remaining,r1_0.otp_expires_at,r1_0.otp_hash,r1_0.purchase_transaction_id,r1_0.requested_points,r1_0.reservation_expires_at,r1_0.status from redemptions r1_0 where r1_0.status=? and r1_0.otp_expires_at<?
[39m[scheduling-1][0;39m [2026-09-03  14-58-22-49] DEBUG org.hibernate.SQL  
    select
        r1_0.id,
        r1_0.account_id,
        r1_0.authorization_code,
        r1_0.cancel_reason,
        r1_0.cancelled_at,
        r1_0.created_at,
        r1_0.discount_amount,
        r1_0.otp_attempts_remaining,
        r1_0.otp_expires_at,
        r1_0.otp_hash,
        r1_0.purchase_transaction_id,
        r1_0.requested_points,
        r1_0.reservation_expires_at,
        r1_0.status 
    from
        redemptions r1_0 
    where
        r1_0.status=? 
        and r1_0.otp_expires_at<?
[39m[scheduling-1][0;39m [2026-09-03  14-58-22-49] TRACE org.hibernate.orm.resource.registry  HHH10002502: Registering statement [HikariProxyPreparedStatement@349244137 wrapping select r1_0.id,r1_0.account_id,r1_0.authorization_code,r1_0.cancel_reason,r1_0.cancelled_at,r1_0.created_at,r1_0.discount_amount,r1_0.otp_attempts_remaining,r1_0.otp_expires_at,r1_0.otp_hash,r1_0.purchase_transaction_id,r1_0.requested_points,r1_0.reservation_expires_at,r1_0.status from redemptions r1_0 where r1_0.status=? and r1_0.otp_expires_at<?]
[39m[scheduling-1][0;39m [2026-09-03  14-58-22-49] TRACE org.hibernate.orm.jdbc.bind  binding parameter (1:VARCHAR) <- [OTP_PENDING]
[39m[scheduling-1][0;39m [2026-09-03  14-58-22-49] TRACE org.hibernate.orm.jdbc.bind  binding parameter (2:TIMESTAMP) <- [2026-09-03T14:58:22.492182700]
[39m[scheduling-1][0;39m [2026-09-03  14-58-22-49] TRACE o.p.core.v3.QueryExecutorImpl    simple execute, handler=org.postgresql.jdbc.PgStatement$StatementResultHandler@701095ec, maxRows=0, fetchSize=0, flags=16
[39m[scheduling-1][0;39m [2026-09-03  14-58-22-49] TRACE o.p.core.v3.QueryExecutorImpl  Couldn''t estimate result size or result size unbounded, disabling batching for this query.
[39m[scheduling-1][0;39m [2026-09-03  14-58-22-49] TRACE o.p.core.v3.QueryExecutorImpl  Forcing Sync, receive buffer full or batching disallowed
