[39m[scheduling-1][0;39m [2026-09-03  15-14-37-73] DEBUG org.hibernate.orm.core  HHH006584: Committing transaction
[39m[scheduling-1][0;39m [2026-09-03  15-14-37-73] TRACE org.hibernate.orm.jdbc  HHH100034: Notifying resource-local transaction observers before completion
[39m[scheduling-1][0;39m [2026-09-03  15-14-37-73] TRACE org.hibernate.orm.jdbc  HHH100006: Transaction before completion in JdbcCoordinator @1869456999
[39m[scheduling-1][0;39m [2026-09-03  15-14-37-73] TRACE org.hibernate.orm.session  Before transaction completion processing
[39m[scheduling-1][0;39m [2026-09-03  15-14-37-73] TRACE org.hibernate.orm.session  Automatically flushing session
[39m[scheduling-1][0;39m [2026-09-03  15-14-37-73] TRACE org.hibernate.orm.session  Before transaction completion processing
[39m[scheduling-1][0;39m [2026-09-03  15-14-37-73] TRACE org.hibernate.orm.synchronization  HHH90008001: Notifying Synchronizations (before completion)
[39m[scheduling-1][0;39m [2026-09-03  15-14-37-73] TRACE org.hibernate.orm.resource.jdbc  HHH10003003: Preparing to commit transaction via JDBC Connection.commit()
[39m[scheduling-1][0;39m [2026-09-03  15-14-37-73] TRACE o.p.core.v3.QueryExecutorImpl    simple execute, handler=org.postgresql.jdbc.PgConnection$TransactionCommandHandler@ece0d97, maxRows=0, fetchSize=0, flags=22
[39m[scheduling-1][0;39m [2026-09-03  15-14-37-74] TRACE o.p.core.v3.QueryExecutorImpl   FE=> Parse(stmt=S_1,query="COMMIT",oids={})
[39m[scheduling-1][0;39m [2026-09-03  15-14-37-74] TRACE o.p.core.v3.QueryExecutorImpl   FE=> Bind(stmt=S_1,portal=null)
[39m[scheduling-1][0;39m [2026-09-03  15-14-37-74] TRACE o.p.core.v3.QueryExecutorImpl   FE=> Execute(portal=null,limit=1)
[39m[scheduling-1][0;39m [2026-09-03  15-14-37-74] TRACE o.p.core.v3.QueryExecutorImpl   FE=> Sync
[39m[scheduling-1][0;39m [2026-09-03  15-14-37-74] TRACE o.p.core.v3.QueryExecutorImpl   <=BE ParseComplete [S_1]
[39m[scheduling-1][0;39m [2026-09-03  15-14-37-74] TRACE o.p.core.v3.QueryExecutorImpl   <=BE BindComplete [unnamed]
[39m[scheduling-1][0;39m [2026-09-03  15-14-37-74] TRACE o.p.core.v3.QueryExecutorImpl   <=BE CommandStatus(COMMIT)
[39m[scheduling-1][0;39m [2026-09-03  15-14-37-74] TRACE o.p.core.v3.QueryExecutorImpl   <=BE ReadyForQuery(I)
[39m[scheduling-1][0;39m [2026-09-03  15-14-37-74] TRACE org.hibernate.orm.resource.jdbc  HHH10003004: Transaction committed via JDBC Connection.commit()
[39m[scheduling-1][0;39m [2026-09-03  15-14-37-74] TRACE org.hibernate.orm.resource.jdbc  HHH10003007: Re-enabling auto-commit on JDBC Connection after completion of JDBC-based transaction
[39m[scheduling-1][0;39m [2026-09-03  15-14-37-74] DEBUG org.postgresql.jdbc.PgConnection    setAutoCommit = true
[39m[scheduling-1][0;39m [2026-09-03  15-14-37-74] TRACE org.hibernate.orm.resource.registry  HHH10002501: Releasing registered JDBC resources
[39m[scheduling-1][0;39m [2026-09-03  15-14-37-74] TRACE org.hibernate.orm.jdbc  HHH100035: Notifying resource-local transaction observers after completion
[39m[scheduling-1][0;39m [2026-09-03  15-14-37-74] TRACE org.hibernate.orm.synchronization  HHH90008002: Notifying Synchronizations (after completion with status 3)
[39m[scheduling-1][0;39m [2026-09-03  15-14-37-74] TRACE org.hibernate.orm.jdbc  HHH100007: Transaction after successful completion in JdbcCoordinator @1869456999
[39m[scheduling-1][0;39m [2026-09-03  15-14-37-74] TRACE org.hibernate.orm.session  After transaction completion processing (successful=true, delayed=false)
[39m[scheduling-1][0;39m [2026-09-03  15-14-37-74] TRACE org.hibernate.orm.session  After transaction completion processing (successful=true, delayed=false)
[39m[scheduling-1][0;39m [2026-09-03  15-14-37-74] TRACE org.hibernate.orm.session  Closing session [3a87e19b-8599-4a71-8f85-b520b13b084d]
[39m[scheduling-1][0;39m [2026-09-03  15-14-37-74] DEBUG org.hibernate.session.metrics  HHH000401: Logging session metrics:
	940000 ns acquiring 1 JDBC connections
	0 ns releasing 0 JDBC connections
	296000 ns preparing 2 JDBC statements
	7852500 ns executing 2 JDBC statements
	0 ns executing 0 JDBC batches
	0 ns performing 0 second-level cache puts
	0 ns performing 0 second-level cache hits
	0 ns performing 0 second-level cache misses
	74700 ns executing 1 flushes (flushing a total of 0 entities and 0 collections)
	263000 ns executing 2 pre-partial-flushes
	208700 ns executing 2 partial-flushes (flushing a total of 0 entities and 0 collections)

[39m[scheduling-1][0;39m [2026-09-03  15-14-37-74] TRACE org.hibernate.orm.jdbc  HHH100003: Closing JdbcCoordinator @1869456999
[39m[scheduling-1][0;39m [2026-09-03  15-14-37-74] TRACE org.hibernate.orm.resource.registry  HHH10002501: Releasing registered JDBC resources
[39m[scheduling-1][0;39m [2026-09-03  15-14-37-74] TRACE org.hibernate.orm.resource.jdbc  HHH10003017: Closing logical connection @1963627139
[39m[scheduling-1][0;39m [2026-09-03  15-14-37-74] TRACE org.hibernate.orm.resource.registry  HHH10002501: Releasing registered JDBC resources
[39m[scheduling-1][0;39m [2026-09-03  15-14-37-74] TRACE org.hibernate.orm.resource.jdbc  HHH10003018: Closed logical connection @1963627139
