[39m[restartedMain][0;39m [2026-09-03  15-14-32-87] TRACE org.postgresql.jdbc.PgConnection    getInt columnIndex: 7
[39m[restartedMain][0;39m [2026-09-03  15-14-32-87] TRACE org.postgresql.jdbc.PgConnection    getInt columnIndex: 9
[39m[restartedMain][0;39m [2026-09-03  15-14-32-87] TRACE org.postgresql.jdbc.PgConnection    getString columnIndex: 18
[39m[restartedMain][0;39m [2026-09-03  15-14-32-87] TRACE org.postgresql.jdbc.PgConnection    getString columnIndex: 3
[39m[restartedMain][0;39m [2026-09-03  15-14-32-87] TRACE org.postgresql.jdbc.PgConnection    getString columnIndex: 4
[39m[restartedMain][0;39m [2026-09-03  15-14-32-87] TRACE org.postgresql.jdbc.PgConnection    getInt columnIndex: 5
[39m[restartedMain][0;39m [2026-09-03  15-14-32-87] TRACE org.postgresql.jdbc.PgConnection    getString columnIndex: 6
[39m[restartedMain][0;39m [2026-09-03  15-14-32-87] TRACE org.postgresql.jdbc.PgConnection    getInt columnIndex: 7
[39m[restartedMain][0;39m [2026-09-03  15-14-32-87] TRACE org.postgresql.jdbc.PgConnection    getInt columnIndex: 9
[39m[restartedMain][0;39m [2026-09-03  15-14-32-87] TRACE org.postgresql.jdbc.PgConnection    getString columnIndex: 18
[39m[restartedMain][0;39m [2026-09-03  15-14-32-87] TRACE org.postgresql.jdbc.PgConnection    getString columnIndex: 3
[39m[restartedMain][0;39m [2026-09-03  15-14-32-87] TRACE org.postgresql.jdbc.PgConnection    getString columnIndex: 4
[39m[restartedMain][0;39m [2026-09-03  15-14-32-87] TRACE org.postgresql.jdbc.PgConnection    getInt columnIndex: 5
[39m[restartedMain][0;39m [2026-09-03  15-14-32-87] TRACE org.postgresql.jdbc.PgConnection    getString columnIndex: 6
[39m[restartedMain][0;39m [2026-09-03  15-14-32-87] TRACE org.postgresql.jdbc.PgConnection    getInt columnIndex: 7
[39m[restartedMain][0;39m [2026-09-03  15-14-32-87] TRACE org.postgresql.jdbc.PgConnection    getInt columnIndex: 9
[39m[restartedMain][0;39m [2026-09-03  15-14-32-87] TRACE org.postgresql.jdbc.PgConnection    getString columnIndex: 18
[39m[restartedMain][0;39m [2026-09-03  15-14-32-87] TRACE org.postgresql.jdbc.PgConnection    getString columnIndex: 3
[39m[restartedMain][0;39m [2026-09-03  15-14-32-87] TRACE org.postgresql.jdbc.PgConnection    getString columnIndex: 4
[39m[restartedMain][0;39m [2026-09-03  15-14-32-87] TRACE org.postgresql.jdbc.PgConnection    getInt columnIndex: 5
[39m[restartedMain][0;39m [2026-09-03  15-14-32-87] TRACE org.postgresql.jdbc.PgConnection    getString columnIndex: 6
[39m[restartedMain][0;39m [2026-09-03  15-14-32-87] TRACE org.postgresql.jdbc.PgConnection    getInt columnIndex: 7
[39m[restartedMain][0;39m [2026-09-03  15-14-32-87] TRACE org.postgresql.jdbc.PgConnection    getInt columnIndex: 9
[39m[restartedMain][0;39m [2026-09-03  15-14-32-87] TRACE org.postgresql.jdbc.PgConnection    getString columnIndex: 18
[39m[restartedMain][0;39m [2026-09-03  15-14-32-87] TRACE org.postgresql.jdbc.PgConnection    getString columnIndex: 3
[39m[restartedMain][0;39m [2026-09-03  15-14-32-87] TRACE org.postgresql.jdbc.PgConnection    getString columnIndex: 4
[39m[restartedMain][0;39m [2026-09-03  15-14-32-87] TRACE org.postgresql.jdbc.PgConnection    getInt columnIndex: 5
[39m[restartedMain][0;39m [2026-09-03  15-14-32-87] TRACE org.postgresql.jdbc.PgConnection    getString columnIndex: 6
[39m[restartedMain][0;39m [2026-09-03  15-14-32-87] TRACE org.postgresql.jdbc.PgConnection    getInt columnIndex: 7
[39m[restartedMain][0;39m [2026-09-03  15-14-32-87] TRACE org.postgresql.jdbc.PgConnection    getInt columnIndex: 9
[39m[restartedMain][0;39m [2026-09-03  15-14-32-87] TRACE org.postgresql.jdbc.PgConnection    getString columnIndex: 18
[39m[restartedMain][0;39m [2026-09-03  15-14-32-87] TRACE org.postgresql.jdbc.PgConnection    getString columnIndex: 3
[39m[restartedMain][0;39m [2026-09-03  15-14-32-87] TRACE org.postgresql.jdbc.PgConnection    getString columnIndex: 4
[39m[restartedMain][0;39m [2026-09-03  15-14-32-87] TRACE org.postgresql.jdbc.PgConnection    getInt columnIndex: 5
[39m[restartedMain][0;39m [2026-09-03  15-14-32-87] TRACE org.postgresql.jdbc.PgConnection    getString columnIndex: 6
[39m[restartedMain][0;39m [2026-09-03  15-14-32-87] TRACE org.postgresql.jdbc.PgConnection    getInt columnIndex: 7
[39m[restartedMain][0;39m [2026-09-03  15-14-32-87] TRACE org.postgresql.jdbc.PgConnection    getInt columnIndex: 9
[39m[restartedMain][0;39m [2026-09-03  15-14-32-87] TRACE org.postgresql.jdbc.PgConnection    getString columnIndex: 18
[39m[restartedMain][0;39m [2026-09-03  15-14-32-87] DEBUG org.hibernate.mapping.Table  No alter strings for table: audit_events
[39m[restartedMain][0;39m [2026-09-03  15-14-32-87] DEBUG org.hibernate.mapping.Table  No alter strings for table: customers
[39m[restartedMain][0;39m [2026-09-03  15-14-32-87] DEBUG org.hibernate.mapping.Table  No alter strings for table: idempotency_records
[39m[restartedMain][0;39m [2026-09-03  15-14-32-87] DEBUG org.hibernate.mapping.Table  No alter strings for table: loyalty_accounts
