[39m[scheduling-1][0;39m [2026-09-03  14-56-22-44] TRACE o.p.core.v3.QueryExecutorImpl   <=BE CommandStatus(SELECT 0)
[39m[scheduling-1][0;39m [2026-09-03  14-56-22-44] TRACE o.p.core.v3.QueryExecutorImpl   <=BE ReadyForQuery(I)
[39m[scheduling-1][0;39m [2026-09-03  14-56-22-44] TRACE org.hibernate.orm.resource.registry  HHH10002507: Registering result set [HikariProxyResultSet@1391130040 wrapping org.postgresql.jdbc.PgResultSet@7f9ec045]
[39m[scheduling-1][0;39m [2026-09-03  14-56-22-44] TRACE org.hibernate.orm.resource.registry  HHH10002504: Releasing result set [HikariProxyResultSet@1391130040 wrapping org.postgresql.jdbc.PgResultSet@7f9ec045]
[39m[scheduling-1][0;39m [2026-09-03  14-56-22-45] TRACE org.hibernate.orm.resource.registry  HHH10002505: Closing result set [HikariProxyResultSet@1391130040 wrapping org.postgresql.jdbc.PgResultSet@7f9ec045]
[39m[scheduling-1][0;39m [2026-09-03  14-56-22-45] TRACE org.hibernate.orm.resource.registry  HHH10002503: Releasing statement [HikariProxyPreparedStatement@1936447046 wrapping select r1_0.id,r1_0.account_id,r1_0.authorization_code,r1_0.cancel_reason,r1_0.cancelled_at,r1_0.created_at,r1_0.discount_amount,r1_0.otp_attempts_remaining,r1_0.otp_expires_at,r1_0.otp_hash,r1_0.purchase_transaction_id,r1_0.requested_points,r1_0.reservation_expires_at,r1_0.status from redemptions r1_0 where r1_0.status=('OTP_PENDING') and r1_0.otp_expires_at<('2026-09-03 14:56:22.441291+03')]
[39m[scheduling-1][0;39m [2026-09-03  14-56-22-45] TRACE org.hibernate.orm.resource.registry  HHH10002506: Closing prepared statement [HikariProxyPreparedStatement@1936447046 wrapping select r1_0.id,r1_0.account_id,r1_0.authorization_code,r1_0.cancel_reason,r1_0.cancelled_at,r1_0.created_at,r1_0.discount_amount,r1_0.otp_attempts_remaining,r1_0.otp_expires_at,r1_0.otp_hash,r1_0.purchase_transaction_id,r1_0.requested_points,r1_0.reservation_expires_at,r1_0.status from redemptions r1_0 where r1_0.status=('OTP_PENDING') and r1_0.otp_expires_at<('2026-09-03 14:56:22.441291+03')]
[39m[scheduling-1][0;39m [2026-09-03  14-56-22-45] TRACE org.hibernate.orm.jdbc  HHH100004: Statement execution complete (connection release mode ON_CLOSE) in JdbcCoordinator @434368616
[39m[scheduling-1][0;39m [2026-09-03  14-56-22-45] TRACE org.hibernate.orm.resource.registry  HHH10002501: Releasing registered JDBC resources
[39m[scheduling-1][0;39m [2026-09-03  14-56-22-45] TRACE org.hibernate.orm.session  Closing session [d51ded8b-cff6-4fbb-85e4-6f6719838b2b]
[39m[scheduling-1][0;39m [2026-09-03  14-56-22-45] DEBUG org.hibernate.session.metrics  HHH000401: Logging session metrics:
	28100 ns acquiring 1 JDBC connections
	0 ns releasing 0 JDBC connections
	52000 ns preparing 1 JDBC statements
	5066300 ns executing 1 JDBC statements
	0 ns executing 0 JDBC batches
	0 ns performing 0 second-level cache puts
	0 ns performing 0 second-level cache hits
	0 ns performing 0 second-level cache misses
	0 ns executing 0 flushes (flushing a total of 0 entities and 0 collections)
	0 ns executing 0 pre-partial-flushes
	0 ns executing 0 partial-flushes (flushing a total of 0 entities and 0 collections)

[39m[scheduling-1][0;39m [2026-09-03  14-56-22-45] TRACE org.hibernate.orm.jdbc  HHH100003: Closing JdbcCoordinator @434368616
[39m[scheduling-1][0;39m [2026-09-03  14-56-22-45] TRACE org.hibernate.orm.resource.registry  HHH10002501: Releasing registered JDBC resources
[39m[scheduling-1][0;39m [2026-09-03  14-56-22-45] TRACE org.hibernate.orm.resource.jdbc  HHH10003017: Closing logical connection @2036969365
[39m[scheduling-1][0;39m [2026-09-03  14-56-22-45] TRACE org.hibernate.orm.resource.registry  HHH10002501: Releasing registered JDBC resources
[39m[scheduling-1][0;39m [2026-09-03  14-56-22-45] TRACE org.hibernate.orm.resource.jdbc  HHH10003018: Closed logical connection @2036969365
[39m[scheduling-1][0;39m [2026-09-03  14-56-22-45] DEBUG org.hibernate.orm.core  HHH006588: Opening session [tenant=null]
[39m[scheduling-1][0;39m [2026-09-03  14-56-22-45] TRACE org.hibernate.orm.jdbc  HHH100002: Created JdbcCoordinator @1286595822
[39m[scheduling-1][0;39m [2026-09-03  14-56-22-45] TRACE org.hibernate.orm.session  Opened Session [13cdd296-551a-4415-aceb-b199e4b4ce58] at timestamp: 1788436582452
[39m[scheduling-1][0;39m [2026-09-03  14-56-22-45] TRACE org.hibernate.orm.query.plan.cache  Resolving HQL interpretation for [SELECT r FROM Redemption r WHERE r.status = :status AND r.reservationExpiresAt < :time]
[39m[scheduling-1][0;39m [2026-09-03  14-56-22-45] TRACE org.hibernate.orm.query.plan.cache  Resolving cached query plan for [SELECT r FROM Redemption r WHERE r.status = :status AND r.reservationExpiresAt < :time]
[39m[scheduling-1][0;39m [2026-09-03  14-56-22-45] TRACE org.hibernate.orm.sql.exec  HHH90004016: Skipping reading query result cache data (query cache disabled, cache mode NORMAL)
[39m[scheduling-1][0;39m [2026-09-03  14-56-22-45] TRACE org.hibernate.orm.core  Executing query to retrieve ResultSet: select r1_0.id,r1_0.account_id,r1_0.authorization_code,r1_0.cancel_reason,r1_0.cancelled_at,r1_0.created_at,r1_0.discount_amount,r1_0.otp_attempts_remaining,r1_0.otp_expires_at,r1_0.otp_hash,r1_0.purchase_transaction_id,r1_0.requested_points,r1_0.reservation_expires_at,r1_0.status from redemptions r1_0 where r1_0.status=? and r1_0.reservation_expires_at<?
