[39m[restartedMain][0;39m [2026-09-03  14-42-05-04] DEBUG o.apache.catalina.util.LifecycleBase  Setting state for [StandardEngine[Tomcat].StandardHost[localhost].TomcatEmbeddedContext[].StandardWrapper[dispatcherServlet]] to [INITIALIZED]
[39m[restartedMain][0;39m [2026-09-03  14-42-05-05] DEBUG o.apache.catalina.util.LifecycleBase  Setting state for [StandardEngine[Tomcat].StandardHost[localhost].TomcatEmbeddedContext[].StandardWrapper[dispatcherServlet]] to [STARTING_PREP]
[39m[restartedMain][0;39m [2026-09-03  14-42-05-06] DEBUG o.apache.catalina.util.LifecycleBase  Setting state for [StandardPipeline[StandardEngine[Tomcat].StandardHost[localhost].TomcatEmbeddedContext[].StandardWrapper[dispatcherServlet]]] to [INITIALIZING]
[39m[restartedMain][0;39m [2026-09-03  14-42-05-06] DEBUG o.apache.catalina.util.LifecycleBase  Setting state for [StandardPipeline[StandardEngine[Tomcat].StandardHost[localhost].TomcatEmbeddedContext[].StandardWrapper[dispatcherServlet]]] to [INITIALIZED]
[39m[restartedMain][0;39m [2026-09-03  14-42-05-07] DEBUG o.apache.catalina.util.LifecycleBase  Setting state for [StandardPipeline[StandardEngine[Tomcat].StandardHost[localhost].TomcatEmbeddedContext[].StandardWrapper[dispatcherServlet]]] to [STARTING_PREP]
[39m[restartedMain][0;39m [2026-09-03  14-42-05-07] DEBUG o.apache.catalina.util.LifecycleBase  Setting state for [StandardWrapperValve[StandardEngine[Tomcat].StandardHost[localhost].TomcatEmbeddedContext[].StandardWrapper[dispatcherServlet]]] to [INITIALIZING]
[39m[restartedMain][0;39m [2026-09-03  14-42-05-07] DEBUG o.apache.catalina.util.LifecycleBase  Setting state for [StandardWrapperValve[StandardEngine[Tomcat].StandardHost[localhost].TomcatEmbeddedContext[].StandardWrapper[dispatcherServlet]]] to [INITIALIZED]
[39m[restartedMain][0;39m [2026-09-03  14-42-05-07] DEBUG o.apache.catalina.util.LifecycleBase  Setting state for [StandardWrapperValve[StandardEngine[Tomcat].StandardHost[localhost].TomcatEmbeddedContext[].StandardWrapper[dispatcherServlet]]] to [STARTING_PREP]
[39m[restartedMain][0;39m [2026-09-03  14-42-05-07] DEBUG o.apache.catalina.util.LifecycleBase  Setting state for [StandardWrapperValve[StandardEngine[Tomcat].StandardHost[localhost].TomcatEmbeddedContext[].StandardWrapper[dispatcherServlet]]] to [STARTING]
[39m[restartedMain][0;39m [2026-09-03  14-42-05-07] DEBUG o.apache.catalina.util.LifecycleBase  Setting state for [StandardWrapperValve[StandardEngine[Tomcat].StandardHost[localhost].TomcatEmbeddedContext[].StandardWrapper[dispatcherServlet]]] to [STARTED]
[39m[restartedMain][0;39m [2026-09-03  14-42-05-08] DEBUG o.apache.catalina.util.LifecycleBase  Setting state for [StandardPipeline[StandardEngine[Tomcat].StandardHost[localhost].TomcatEmbeddedContext[].StandardWrapper[dispatcherServlet]]] to [STARTING]
[39m[restartedMain][0;39m [2026-09-03  14-42-05-08] DEBUG o.apache.catalina.util.LifecycleBase  Setting state for [StandardPipeline[StandardEngine[Tomcat].StandardHost[localhost].TomcatEmbeddedContext[].StandardWrapper[dispatcherServlet]]] to [STARTED]
[39m[restartedMain][0;39m [2026-09-03  14-42-05-09] DEBUG o.apache.catalina.util.LifecycleBase  Setting state for [StandardEngine[Tomcat].StandardHost[localhost].TomcatEmbeddedContext[].StandardWrapper[dispatcherServlet]] to [STARTING]
[39m[restartedMain][0;39m [2026-09-03  14-42-05-09] DEBUG o.apache.catalina.util.LifecycleBase  Setting state for [StandardEngine[Tomcat].StandardHost[localhost].TomcatEmbeddedContext[].StandardWrapper[dispatcherServlet]] to [STARTED]
[39m[restartedMain][0;39m [2026-09-03  14-42-05-15] DEBUG o.a.catalina.core.StandardContext  Configuring application event listeners
[39m[restartedMain][0;39m [2026-09-03  14-42-05-15] DEBUG o.a.c.c.C.[Tomcat].[localhost].[/]  Sending application start events
[39m[restartedMain][0;39m [2026-09-03  14-42-05-16] DEBUG o.apache.catalina.util.LifecycleBase  Setting state for [StandardManager[StandardEngine[Tomcat].StandardHost[localhost].TomcatEmbeddedContext[]]] to [INITIALIZING]
[39m[restartedMain][0;39m [2026-09-03  14-42-05-16] DEBUG o.apache.catalina.util.LifecycleBase  Setting state for [StandardManager[StandardEngine[Tomcat].StandardHost[localhost].TomcatEmbeddedContext[]]] to [INITIALIZED]
[39m[restartedMain][0;39m [2026-09-03  14-42-05-16] DEBUG o.apache.catalina.util.LifecycleBase  Setting state for [StandardManager[StandardEngine[Tomcat].StandardHost[localhost].TomcatEmbeddedContext[]]] to [STARTING_PREP]
[39m[restartedMain][0;39m [2026-09-03  14-42-05-16] DEBUG o.apache.catalina.util.LifecycleBase  Setting state for [org.springframework.boot.tomcat.LazySessionIdGenerator@6a943df4] to [INITIALIZING]
[39m[restartedMain][0;39m [2026-09-03  14-42-05-16] DEBUG o.apache.catalina.util.LifecycleBase  Setting state for [org.springframework.boot.tomcat.LazySessionIdGenerator@6a943df4] to [INITIALIZED]
[39m[restartedMain][0;39m [2026-09-03  14-42-05-16] DEBUG o.apache.catalina.util.LifecycleBase  Setting state for [org.springframework.boot.tomcat.LazySessionIdGenerator@6a943df4] to [STARTING_PREP]
[39m[restartedMain][0;39m [2026-09-03  14-42-05-16] DEBUG o.apache.catalina.util.LifecycleBase  Setting state for [org.springframework.boot.tomcat.LazySessionIdGenerator@6a943df4] to [STARTING]
