[39m[restartedMain][0;39m [2026-09-03  14-49-13-74] DEBUG o.apache.catalina.util.LifecycleBase  Setting state for [WebappLoader[StandardEngine[Tomcat].StandardHost[localhost].TomcatEmbeddedContext[]]] to [INITIALIZING]
[39m[restartedMain][0;39m [2026-09-03  14-49-13-74] DEBUG o.apache.catalina.util.LifecycleBase  Setting state for [WebappLoader[StandardEngine[Tomcat].StandardHost[localhost].TomcatEmbeddedContext[]]] to [INITIALIZED]
[39m[restartedMain][0;39m [2026-09-03  14-49-13-74] DEBUG o.apache.catalina.util.LifecycleBase  Setting state for [WebappLoader[StandardEngine[Tomcat].StandardHost[localhost].TomcatEmbeddedContext[]]] to [STARTING_PREP]
[39m[restartedMain][0;39m [2026-09-03  14-49-13-74] DEBUG o.a.catalina.loader.WebappLoader  Starting this Loader
[39m[restartedMain][0;39m [2026-09-03  14-49-13-75] DEBUG o.apache.catalina.webresources.Cache  Increased cache size by [531] for item [org.apache.catalina.webresources.CachedResource@7762db55] at [/WEB-INF/classes] making total cache size [531]
[39m[restartedMain][0;39m [2026-09-03  14-49-13-76] DEBUG o.apache.catalina.util.LifecycleBase  Setting state for [WebappLoader[StandardEngine[Tomcat].StandardHost[localhost].TomcatEmbeddedContext[]]] to [STARTING]
[39m[restartedMain][0;39m [2026-09-03  14-49-13-76] DEBUG o.apache.catalina.util.LifecycleBase  Setting state for [WebappLoader[StandardEngine[Tomcat].StandardHost[localhost].TomcatEmbeddedContext[]]] to [STARTED]
[39m[restartedMain][0;39m [2026-09-03  14-49-13-76] DEBUG o.apache.catalina.util.LifecycleBase  Setting state for [StandardPipeline[StandardEngine[Tomcat].StandardHost[localhost].TomcatEmbeddedContext[]]] to [INITIALIZING]
[39m[restartedMain][0;39m [2026-09-03  14-49-13-76] DEBUG o.apache.catalina.util.LifecycleBase  Setting state for [StandardPipeline[StandardEngine[Tomcat].StandardHost[localhost].TomcatEmbeddedContext[]]] to [INITIALIZED]
[39m[restartedMain][0;39m [2026-09-03  14-49-13-76] DEBUG o.apache.catalina.util.LifecycleBase  Setting state for [StandardPipeline[StandardEngine[Tomcat].StandardHost[localhost].TomcatEmbeddedContext[]]] to [STARTING_PREP]
[39m[restartedMain][0;39m [2026-09-03  14-49-13-76] DEBUG o.apache.catalina.util.LifecycleBase  Setting state for [NonLoginAuthenticator[StandardEngine[Tomcat].StandardHost[localhost].TomcatEmbeddedContext[]]] to [INITIALIZING]
[39m[restartedMain][0;39m [2026-09-03  14-49-13-76] DEBUG o.apache.catalina.util.LifecycleBase  Setting state for [NonLoginAuthenticator[StandardEngine[Tomcat].StandardHost[localhost].TomcatEmbeddedContext[]]] to [INITIALIZED]
[39m[restartedMain][0;39m [2026-09-03  14-49-13-76] DEBUG o.apache.catalina.util.LifecycleBase  Setting state for [NonLoginAuthenticator[StandardEngine[Tomcat].StandardHost[localhost].TomcatEmbeddedContext[]]] to [STARTING_PREP]
[39m[restartedMain][0;39m [2026-09-03  14-49-13-76] DEBUG o.a.c.a.AuthenticatorBase  No SingleSignOn Valve is present
[39m[restartedMain][0;39m [2026-09-03  14-49-13-76] DEBUG o.apache.catalina.util.LifecycleBase  Setting state for [NonLoginAuthenticator[StandardEngine[Tomcat].StandardHost[localhost].TomcatEmbeddedContext[]]] to [STARTING]
[39m[restartedMain][0;39m [2026-09-03  14-49-13-76] DEBUG o.apache.catalina.util.LifecycleBase  Setting state for [NonLoginAuthenticator[StandardEngine[Tomcat].StandardHost[localhost].TomcatEmbeddedContext[]]] to [STARTED]
[39m[restartedMain][0;39m [2026-09-03  14-49-13-76] DEBUG o.apache.catalina.util.LifecycleBase  Setting state for [StandardContextValve[StandardEngine[Tomcat].StandardHost[localhost].TomcatEmbeddedContext[]]] to [INITIALIZING]
[39m[restartedMain][0;39m [2026-09-03  14-49-13-76] DEBUG o.apache.catalina.util.LifecycleBase  Setting state for [StandardContextValve[StandardEngine[Tomcat].StandardHost[localhost].TomcatEmbeddedContext[]]] to [INITIALIZED]
[39m[restartedMain][0;39m [2026-09-03  14-49-13-76] DEBUG o.apache.catalina.util.LifecycleBase  Setting state for [StandardContextValve[StandardEngine[Tomcat].StandardHost[localhost].TomcatEmbeddedContext[]]] to [STARTING_PREP]
[39m[restartedMain][0;39m [2026-09-03  14-49-13-76] DEBUG o.apache.catalina.util.LifecycleBase  Setting state for [StandardContextValve[StandardEngine[Tomcat].StandardHost[localhost].TomcatEmbeddedContext[]]] to [STARTING]
[39m[restartedMain][0;39m [2026-09-03  14-49-13-76] DEBUG o.apache.catalina.util.LifecycleBase  Setting state for [StandardContextValve[StandardEngine[Tomcat].StandardHost[localhost].TomcatEmbeddedContext[]]] to [STARTED]
[39m[restartedMain][0;39m [2026-09-03  14-49-13-76] DEBUG o.apache.catalina.util.LifecycleBase  Setting state for [StandardPipeline[StandardEngine[Tomcat].StandardHost[localhost].TomcatEmbeddedContext[]]] to [STARTING]
[39m[restartedMain][0;39m [2026-09-03  14-49-13-76] DEBUG o.apache.catalina.util.LifecycleBase  Setting state for [StandardPipeline[StandardEngine[Tomcat].StandardHost[localhost].TomcatEmbeddedContext[]]] to [STARTED]
[39m[restartedMain][0;39m [2026-09-03  14-49-13-76] DEBUG o.apache.catalina.util.LifecycleBase  Setting state for [org.apache.catalina.deploy.NamingResourcesImpl@18630dc4] to [INITIALIZING]
