[39m[scheduling-1][0;39m [2026-09-03  15-14-37-68] TRACE o.p.core.v3.QueryExecutorImpl   <=BE CommandStatus(BEGIN)
[39m[scheduling-1][0;39m [2026-09-03  15-14-37-68] TRACE o.p.core.v3.QueryExecutorImpl   <=BE ReadyForQuery(T)
[39m[scheduling-1][0;39m [2026-09-03  15-14-37-68] TRACE o.p.core.v3.QueryExecutorImpl   <=BE ParseComplete [null]
[39m[scheduling-1][0;39m [2026-09-03  15-14-37-68] TRACE o.p.core.v3.QueryExecutorImpl   <=BE BindComplete [unnamed]
[39m[scheduling-1][0;39m [2026-09-03  15-14-37-68] TRACE o.p.core.v3.QueryExecutorImpl   <=BE RowDescription(13)
[39m[scheduling-1][0;39m [2026-09-03  15-14-37-68] TRACE o.p.core.v3.QueryExecutorImpl          Field(id,INT8,8,T)
[39m[scheduling-1][0;39m [2026-09-03  15-14-37-68] TRACE o.p.core.v3.QueryExecutorImpl          Field(created_at,TIMESTAMP,8,T)
[39m[scheduling-1][0;39m [2026-09-03  15-14-37-68] TRACE o.p.core.v3.QueryExecutorImpl          Field(earning_rate,NUMERIC,65535,T)
[39m[scheduling-1][0;39m [2026-09-03  15-14-37-68] TRACE o.p.core.v3.QueryExecutorImpl          Field(effective_from,TIMESTAMP,8,T)
[39m[scheduling-1][0;39m [2026-09-03  15-14-37-68] TRACE o.p.core.v3.QueryExecutorImpl          Field(effective_to,TIMESTAMP,8,T)
[39m[scheduling-1][0;39m [2026-09-03  15-14-37-68] TRACE o.p.core.v3.QueryExecutorImpl          Field(expiry_days,INT4,4,T)
[39m[scheduling-1][0;39m [2026-09-03  15-14-37-68] TRACE o.p.core.v3.QueryExecutorImpl          Field(lock_days,INT4,4,T)
[39m[scheduling-1][0;39m [2026-09-03  15-14-37-68] TRACE o.p.core.v3.QueryExecutorImpl          Field(minimum_redemption_points,INT4,4,T)
[39m[scheduling-1][0;39m [2026-09-03  15-14-37-68] TRACE o.p.core.v3.QueryExecutorImpl          Field(program_id,INT8,8,T)
[39m[scheduling-1][0;39m [2026-09-03  15-14-37-68] TRACE o.p.core.v3.QueryExecutorImpl          Field(redemption_rate,NUMERIC,65535,T)
[39m[scheduling-1][0;39m [2026-09-03  15-14-37-68] TRACE o.p.core.v3.QueryExecutorImpl          Field(rounding_mode,VARCHAR,65535,T)
[39m[scheduling-1][0;39m [2026-09-03  15-14-37-68] TRACE o.p.core.v3.QueryExecutorImpl          Field(status,VARCHAR,65535,T)
[39m[scheduling-1][0;39m [2026-09-03  15-14-37-68] TRACE o.p.core.v3.QueryExecutorImpl          Field(version,INT4,4,T)
[39m[scheduling-1][0;39m [2026-09-03  15-14-37-68] TRACE o.p.core.v3.QueryExecutorImpl   <=BE CommandStatus(SELECT 0)
[39m[scheduling-1][0;39m [2026-09-03  15-14-37-68] TRACE o.p.core.v3.QueryExecutorImpl   <=BE ReadyForQuery(T)
[39m[scheduling-1][0;39m [2026-09-03  15-14-37-68] TRACE org.hibernate.orm.resource.registry  HHH10002507: Registering result set [HikariProxyResultSet@1391862992 wrapping org.postgresql.jdbc.PgResultSet@38e7e0a8]
[39m[scheduling-1][0;39m [2026-09-03  15-14-37-70] TRACE org.hibernate.orm.results  Registering initializer: EntityDelayedFetchInitializer(com.aman.acceptance.loyalty.model.RuleVersion(r).program)
[39m[scheduling-1][0;39m [2026-09-03  15-14-37-70] TRACE org.hibernate.orm.results  Registering initializer: EntityJoinedFetchInitializer(com.aman.acceptance.loyalty.model.RuleVersion(r))
[39m[scheduling-1][0;39m [2026-09-03  15-14-37-71] TRACE org.hibernate.orm.resource.registry  HHH10002504: Releasing result set [HikariProxyResultSet@1391862992 wrapping org.postgresql.jdbc.PgResultSet@38e7e0a8]
[39m[scheduling-1][0;39m [2026-09-03  15-14-37-71] TRACE org.hibernate.orm.resource.registry  HHH10002505: Closing result set [HikariProxyResultSet@1391862992 wrapping org.postgresql.jdbc.PgResultSet@38e7e0a8]
[39m[scheduling-1][0;39m [2026-09-03  15-14-37-71] TRACE org.hibernate.orm.resource.registry  HHH10002503: Releasing statement [HikariProxyPreparedStatement@1978877390 wrapping select rv1_0.id,rv1_0.created_at,rv1_0.earning_rate,rv1_0.effective_from,rv1_0.effective_to,rv1_0.expiry_days,rv1_0.lock_days,rv1_0.minimum_redemption_points,rv1_0.program_id,rv1_0.redemption_rate,rv1_0.rounding_mode,rv1_0.status,rv1_0.version from rule_versions rv1_0 where rv1_0.status=('SCHEDULED') and rv1_0.effective_from<=('2026-09-03 15:14:37.581415+03')]
[39m[scheduling-1][0;39m [2026-09-03  15-14-37-71] TRACE org.hibernate.orm.resource.registry  HHH10002506: Closing prepared statement [HikariProxyPreparedStatement@1978877390 wrapping select rv1_0.id,rv1_0.created_at,rv1_0.earning_rate,rv1_0.effective_from,rv1_0.effective_to,rv1_0.expiry_days,rv1_0.lock_days,rv1_0.minimum_redemption_points,rv1_0.program_id,rv1_0.redemption_rate,rv1_0.rounding_mode,rv1_0.status,rv1_0.version from rule_versions rv1_0 where rv1_0.status=('SCHEDULED') and rv1_0.effective_from<=('2026-09-03 15:14:37.581415+03')]
[39m[scheduling-1][0;39m [2026-09-03  15-14-37-71] TRACE org.hibernate.orm.jdbc  HHH100004: Statement execution complete (connection release mode ON_CLOSE) in JdbcCoordinator @1869456999
[39m[scheduling-1][0;39m [2026-09-03  15-14-37-72] TRACE org.hibernate.orm.query.plan.cache  Resolving HQL interpretation for [SELECT r FROM RuleVersion r WHERE r.status = :status AND r.effectiveTo <= :time]
[39m[scheduling-1][0;39m [2026-09-03  15-14-37-72] TRACE org.hibernate.orm.query.hql  HQL: SELECT r FROM RuleVersion r WHERE r.status = :status AND r.effectiveTo <= :time
