[39m[restartedMain][0;39m [2026-09-03  15-14-32-90] TRACE o.p.core.v3.QueryExecutorImpl   FE=> Bind(stmt=null,portal=null,$1=<('public')>,type=VARCHAR,$2=<('%')>,type=VARCHAR)
[39m[restartedMain][0;39m [2026-09-03  15-14-32-90] TRACE o.p.core.v3.QueryExecutorImpl   FE=> Describe(portal=null)
[39m[restartedMain][0;39m [2026-09-03  15-14-32-90] TRACE o.p.core.v3.QueryExecutorImpl   FE=> Execute(portal=null,limit=0)
[39m[restartedMain][0;39m [2026-09-03  15-14-32-90] TRACE o.p.core.v3.QueryExecutorImpl   FE=> Sync
[39m[restartedMain][0;39m [2026-09-03  15-14-32-91] TRACE o.p.core.v3.QueryExecutorImpl   <=BE ParseComplete [null]
[39m[restartedMain][0;39m [2026-09-03  15-14-32-91] TRACE o.p.core.v3.QueryExecutorImpl   <=BE BindComplete [unnamed]
[39m[restartedMain][0;39m [2026-09-03  15-14-32-91] TRACE o.p.core.v3.QueryExecutorImpl   <=BE RowDescription(16)
[39m[restartedMain][0;39m [2026-09-03  15-14-32-91] TRACE o.p.core.v3.QueryExecutorImpl          Field(current_database,NAME,64,T)
[39m[restartedMain][0;39m [2026-09-03  15-14-32-91] TRACE o.p.core.v3.QueryExecutorImpl          Field(nspname,NAME,64,T)
[39m[restartedMain][0;39m [2026-09-03  15-14-32-91] TRACE o.p.core.v3.QueryExecutorImpl          Field(relname,NAME,64,T)
[39m[restartedMain][0;39m [2026-09-03  15-14-32-91] TRACE o.p.core.v3.QueryExecutorImpl          Field(attname,NAME,64,T)
[39m[restartedMain][0;39m [2026-09-03  15-14-32-91] TRACE o.p.core.v3.QueryExecutorImpl          Field(atttypid,OID,4,T)
[39m[restartedMain][0;39m [2026-09-03  15-14-32-91] TRACE o.p.core.v3.QueryExecutorImpl          Field(attnotnull,BOOL,1,T)
[39m[restartedMain][0;39m [2026-09-03  15-14-32-91] TRACE o.p.core.v3.QueryExecutorImpl          Field(atttypmod,INT4,4,T)
[39m[restartedMain][0;39m [2026-09-03  15-14-32-91] TRACE o.p.core.v3.QueryExecutorImpl          Field(attlen,INT2,2,T)
[39m[restartedMain][0;39m [2026-09-03  15-14-32-91] TRACE o.p.core.v3.QueryExecutorImpl          Field(typtypmod,INT4,4,T)
[39m[restartedMain][0;39m [2026-09-03  15-14-32-91] TRACE o.p.core.v3.QueryExecutorImpl          Field(attnum,INT8,8,T)
[39m[restartedMain][0;39m [2026-09-03  15-14-32-91] TRACE o.p.core.v3.QueryExecutorImpl          Field(attidentity,CHAR,1,T)
[39m[restartedMain][0;39m [2026-09-03  15-14-32-91] TRACE o.p.core.v3.QueryExecutorImpl          Field(attgenerated,CHAR,1,T)
[39m[restartedMain][0;39m [2026-09-03  15-14-32-91] TRACE o.p.core.v3.QueryExecutorImpl          Field(adsrc,TEXT,65535,T)
[39m[restartedMain][0;39m [2026-09-03  15-14-32-91] TRACE o.p.core.v3.QueryExecutorImpl          Field(description,TEXT,65535,T)
[39m[restartedMain][0;39m [2026-09-03  15-14-32-91] TRACE o.p.core.v3.QueryExecutorImpl          Field(typbasetype,OID,4,T)
[39m[restartedMain][0;39m [2026-09-03  15-14-32-91] TRACE o.p.core.v3.QueryExecutorImpl          Field(typtype,CHAR,1,T)
[39m[restartedMain][0;39m [2026-09-03  15-14-32-91] TRACE o.p.core.v3.QueryExecutorImpl   <=BE DataRow(len=42)
[39m[restartedMain][0;39m [2026-09-03  15-14-32-91] TRACE o.p.core.v3.QueryExecutorImpl   <=BE DataRow(len=49)
[39m[restartedMain][0;39m [2026-09-03  15-14-32-91] TRACE o.p.core.v3.QueryExecutorImpl   <=BE DataRow(len=51)
[39m[restartedMain][0;39m [2026-09-03  15-14-32-91] TRACE o.p.core.v3.QueryExecutorImpl   <=BE DataRow(len=50)
[39m[restartedMain][0;39m [2026-09-03  15-14-32-91] TRACE o.p.core.v3.QueryExecutorImpl   <=BE DataRow(len=51)
[39m[restartedMain][0;39m [2026-09-03  15-14-32-91] TRACE o.p.core.v3.QueryExecutorImpl   <=BE DataRow(len=57)
[39m[restartedMain][0;39m [2026-09-03  15-14-32-91] TRACE o.p.core.v3.QueryExecutorImpl   <=BE DataRow(len=50)
[39m[restartedMain][0;39m [2026-09-03  15-14-32-91] TRACE o.p.core.v3.QueryExecutorImpl   <=BE DataRow(len=48)
[39m[restartedMain][0;39m [2026-09-03  15-14-32-91] TRACE o.p.core.v3.QueryExecutorImpl   <=BE DataRow(len=54)
[39m[restartedMain][0;39m [2026-09-03  15-14-32-91] TRACE o.p.core.v3.QueryExecutorImpl   <=BE DataRow(len=39)
[39m[restartedMain][0;39m [2026-09-03  15-14-32-91] TRACE o.p.core.v3.QueryExecutorImpl   <=BE DataRow(len=47)
[39m[restartedMain][0;39m [2026-09-03  15-14-32-91] TRACE o.p.core.v3.QueryExecutorImpl   <=BE DataRow(len=56)
[39m[restartedMain][0;39m [2026-09-03  15-14-32-91] TRACE o.p.core.v3.QueryExecutorImpl   <=BE DataRow(len=50)
[39m[restartedMain][0;39m [2026-09-03  15-14-32-91] TRACE o.p.core.v3.QueryExecutorImpl   <=BE DataRow(len=44)
[39m[restartedMain][0;39m [2026-09-03  15-14-32-91] TRACE o.p.core.v3.QueryExecutorImpl   <=BE DataRow(len=46)
[39m[restartedMain][0;39m [2026-09-03  15-14-32-91] TRACE o.p.core.v3.QueryExecutorImpl   <=BE DataRow(len=49)
[39m[restartedMain][0;39m [2026-09-03  15-14-32-91] TRACE o.p.core.v3.QueryExecutorImpl   <=BE DataRow(len=59)
[39m[restartedMain][0;39m [2026-09-03  15-14-32-91] TRACE o.p.core.v3.QueryExecutorImpl   <=BE DataRow(len=57)
[39m[restartedMain][0;39m [2026-09-03  15-14-32-91] TRACE o.p.core.v3.QueryExecutorImpl   <=BE DataRow(len=58)
[39m[restartedMain][0;39m [2026-09-03  15-14-32-91] TRACE o.p.core.v3.QueryExecutorImpl   <=BE DataRow(len=65)
