[39m[restartedMain][0;39m [2026-09-03  15-14-36-58] DEBUG o.apache.catalina.webresources.Cache  Increased cache size by [521] for item [org.apache.catalina.webresources.CachedResource@7c419873] at [/index.html] making total cache size [1052]
[39m[restartedMain][0;39m [2026-09-03  15-14-36-68] DEBUG _.s.w.s.HandlerMapping.Mappings  
	c.a.a.l.c.AdminAccountController:
	{POST [/admin/accounts/{accountId}/freeze]}: freeze(Long,FreezeAccountRequest)
	{POST [/admin/accounts/{accountId}/adjustments]}: adjust(Long,AdjustmentRequest)
	{POST [/admin/accounts/{accountId}/unfreeze]}: unfreeze(Long,UnfreezeAccountRequest)
	{GET [/admin/accounts/{accountId}/summary]}: summary(Long)
	{GET [/admin/accounts/risk-summary]}: riskSummary()
	{GET [/admin/accounts/activity]}: recentActivity()
[39m[restartedMain][0;39m [2026-09-03  15-14-36-71] DEBUG _.s.w.s.HandlerMapping.Mappings  
	c.a.a.l.c.AdminCustomerController:
	{GET [/admin/customers]}: list(String,Pageable)
[39m[restartedMain][0;39m [2026-09-03  15-14-36-71] DEBUG _.s.w.s.HandlerMapping.Mappings  
	c.a.a.l.c.AdminDashboardController:
	{GET [/admin/ledger]}: getGlobalLedger(int,int)
	{GET [/admin/otp-funnel]}: getOtpFunnel()
	{GET [/admin/alerts]}: getRecentAlerts(int)
	{GET [/admin/balance-composition]}: getBalanceComposition()
	{GET [/admin/points-flow]}: getPointsFlow()
[39m[restartedMain][0;39m [2026-09-03  15-14-36-72] DEBUG _.s.w.s.HandlerMapping.Mappings  
	c.a.a.l.c.CustomerController:
	{POST [/customers/resolve]}: resolveCustomer(CustomerRequestDto,Long,String)
[39m[restartedMain][0;39m [2026-09-03  15-14-36-72] DEBUG _.s.w.s.HandlerMapping.Mappings  
	c.a.a.l.c.DashboardController:
	{GET [/dashboard/accounts]}: getLoyaltyAccounts(int,int,String)
[39m[restartedMain][0;39m [2026-09-03  15-14-36-72] DEBUG _.s.w.s.HandlerMapping.Mappings  
	c.a.a.l.c.LoyaltyAccountController:
	{GET [/accounts/{accountId}]}: getAccount(Long,String)
	{GET [/accounts/{accountId}/transactions]}: getTransactions(Long,Pageable,String)
[39m[restartedMain][0;39m [2026-09-03  15-14-36-73] DEBUG _.s.w.s.HandlerMapping.Mappings  
	c.a.a.l.c.LoyaltyEarningController:
	{POST [/earnings]}: earnPoints(EarningRequest,String,String)
[39m[restartedMain][0;39m [2026-09-03  15-14-36-73] DEBUG _.s.w.s.HandlerMapping.Mappings  
	c.a.a.l.c.LoyaltyPointsJobController:
	{POST [/api/v1/loyalty/jobs/expire]}: expirePoints(int,Long)
[39m[restartedMain][0;39m [2026-09-03  15-14-36-73] DEBUG _.s.w.s.HandlerMapping.Mappings  
	c.a.a.l.c.ProgramRuleController:
	{PUT [/admin/programs/{programId}/rules]}: updateRules(Long,ProgramRuleRequest)
	{GET [/admin/programs/{programId}/rules]}: getProgramRules(Long)
	{GET [/admin/programs]}: getPrograms()
	{GET [/admin/programs/rules]}: getAllProgramRules()
[39m[restartedMain][0;39m [2026-09-03  15-14-36-73] DEBUG _.s.w.s.HandlerMapping.Mappings  
	c.a.a.l.c.RedemptionController:
	{POST [/redemptions/{id}/cancel]}: cancelRedemption(Long,CancelRequest)
	{POST [/redemptions/{id}/commit]}: commitRedemption(Long,CommitRequest)
	{POST [/redemptions]}: initiateRedemption(RedemptionRequest)
	{POST [/redemptions/{id}/verify]}: verifyOtp(Long,VerifyOtpRequest)
[39m[restartedMain][0;39m [2026-09-03  15-14-36-73] DEBUG _.s.w.s.HandlerMapping.Mappings  
	c.a.a.l.c.RefundController:
	{POST [/refunds]}: processRefund(RefundRequest,String)
[39m[restartedMain][0;39m [2026-09-03  15-14-36-74] DEBUG _.s.w.s.HandlerMapping.Mappings  
	c.a.a.l.c.ReportController:
	{GET [/admin/reports/trend]}: getMonthlyTrend(Long,LocalDateTime,LocalDateTime)
	{GET [/admin/reports/summary]}: getSummary(Long,LocalDateTime,LocalDateTime)
[39m[restartedMain][0;39m [2026-09-03  15-14-36-75] DEBUG _.s.w.s.HandlerMapping.Mappings  
	o.s.b.w.a.e.BasicErrorController:
	{ [/error]}: error(HttpServletRequest)
	{ [/error], produces [text/html]}: errorHtml(HttpServletRequest,HttpServletResponse)
[39m[restartedMain][0;39m [2026-09-03  15-14-36-76] DEBUG _.s.w.s.HandlerMapping.Mappings  
	o.s.w.a.OpenApiWebMvcResource:
	{GET [/api-docs], produces [application/json]}: openapiJson(HttpServletRequest,String,Locale)
	{GET [/api-docs.yaml], produces [application/vnd.oai.openapi]}: openapiYaml(HttpServletRequest,String,Locale)
[39m[restartedMain][0;39m [2026-09-03  15-14-36-77] DEBUG _.s.w.s.HandlerMapping.Mappings  
	o.s.w.u.SwaggerWelcomeWebMvc:
	{GET [/swagger-ui.html]}: redirectToUi(HttpServletRequest)
[39m[restartedMain][0;39m [2026-09-03  15-14-36-77] DEBUG _.s.w.s.HandlerMapping.Mappings  
	o.s.w.u.SwaggerConfigResource:
	{GET [/api-docs/swagger-config], produces [application/json]}: openapiJson(HttpServletRequest)
[39m[restartedMain][0;39m [2026-09-03  15-14-36-80] DEBUG _.s.w.s.HandlerMapping.Mappings  'beanNameHandlerMapping' {}
[39m[restartedMain][0;39m [2026-09-03  15-14-36-88] DEBUG _.s.w.s.HandlerMapping.Mappings  'resourceHandlerMapping' {/webjars/**=ResourceHttpRequestHandler [classpath [META-INF/resources/webjars/]], /**=ResourceHttpRequestHandler [classpath [META-INF/resources/], classpath [resources/], classpath [static/], classpath [public/], ServletContext [/]], /swagger-ui/**=ResourceHttpRequestHandler [classpath [META-INF/resources/webjars/swagger-ui/5.32.0/]], /swagger-ui/*swagger-initializer.js=ResourceHttpRequestHandler [classpath [META-INF/resources/webjars/swagger-ui/5.32.0/]], /webjars/*swagger-ui/**=ResourceHttpRequestHandler [classpath [META-INF/resources/webjars/]], /webjars/*swagger-ui/*swagger-initializer.js=ResourceHttpRequestHandler [classpath [META-INF/resources/webjars/]], /webjars/*swagger-ui/5.32.0/*swagger-initializer.js=ResourceHttpRequestHandler [classpath [META-INF/resources/webjars/]]}
