[39m[scheduling-1][0;39m [2026-09-03  15-00-22-56] TRACE o.p.core.v3.QueryExecutorImpl  Forcing Sync, receive buffer full or batching disallowed
[39m[scheduling-1][0;39m [2026-09-03  15-00-22-56] TRACE o.p.core.v3.QueryExecutorImpl   FE=> Sync
[39m[scheduling-1][0;39m [2026-09-03  15-00-22-56] TRACE o.p.core.v3.QueryExecutorImpl   <=BE ReadyForQuery(I)
[39m[scheduling-1][0;39m [2026-09-03  15-00-22-56] TRACE o.p.core.v3.QueryExecutorImpl   FE=> Bind(stmt=S_5,portal=null,$1=<('AUTHORIZED')>,type=VARCHAR,$2=<('2026-09-03 15:00:22.550562+03')>,type=UNSPECIFIED)
[39m[scheduling-1][0;39m [2026-09-03  15-00-22-56] TRACE o.p.core.v3.QueryExecutorImpl   FE=> Execute(portal=null,limit=0)
[39m[scheduling-1][0;39m [2026-09-03  15-00-22-56] TRACE o.p.core.v3.QueryExecutorImpl   FE=> Sync
[39m[scheduling-1][0;39m [2026-09-03  15-00-22-56] TRACE o.p.core.v3.QueryExecutorImpl   <=BE BindComplete [unnamed]
[39m[scheduling-1][0;39m [2026-09-03  15-00-22-56] TRACE o.p.core.v3.QueryExecutorImpl   <=BE CommandStatus(SELECT 0)
[39m[scheduling-1][0;39m [2026-09-03  15-00-22-56] TRACE o.p.core.v3.QueryExecutorImpl   <=BE ReadyForQuery(I)
[39m[scheduling-1][0;39m [2026-09-03  15-00-22-56] TRACE org.hibernate.orm.resource.registry  HHH10002507: Registering result set [HikariProxyResultSet@739889131 wrapping org.postgresql.jdbc.PgResultSet@3dca4dbd]
[39m[scheduling-1][0;39m [2026-09-03  15-00-22-56] TRACE org.hibernate.orm.resource.registry  HHH10002504: Releasing result set [HikariProxyResultSet@739889131 wrapping org.postgresql.jdbc.PgResultSet@3dca4dbd]
[39m[scheduling-1][0;39m [2026-09-03  15-00-22-56] TRACE org.hibernate.orm.resource.registry  HHH10002505: Closing result set [HikariProxyResultSet@739889131 wrapping org.postgresql.jdbc.PgResultSet@3dca4dbd]
[39m[scheduling-1][0;39m [2026-09-03  15-00-22-56] TRACE org.hibernate.orm.resource.registry  HHH10002503: Releasing statement [HikariProxyPreparedStatement@1668175232 wrapping select r1_0.id,r1_0.account_id,r1_0.authorization_code,r1_0.cancel_reason,r1_0.cancelled_at,r1_0.created_at,r1_0.discount_amount,r1_0.otp_attempts_remaining,r1_0.otp_expires_at,r1_0.otp_hash,r1_0.purchase_transaction_id,r1_0.requested_points,r1_0.reservation_expires_at,r1_0.status from redemptions r1_0 where r1_0.status=('AUTHORIZED') and r1_0.reservation_expires_at<('2026-09-03 15:00:22.550562+03')]
[39m[scheduling-1][0;39m [2026-09-03  15-00-22-56] TRACE org.hibernate.orm.resource.registry  HHH10002506: Closing prepared statement [HikariProxyPreparedStatement@1668175232 wrapping select r1_0.id,r1_0.account_id,r1_0.authorization_code,r1_0.cancel_reason,r1_0.cancelled_at,r1_0.created_at,r1_0.discount_amount,r1_0.otp_attempts_remaining,r1_0.otp_expires_at,r1_0.otp_hash,r1_0.purchase_transaction_id,r1_0.requested_points,r1_0.reservation_expires_at,r1_0.status from redemptions r1_0 where r1_0.status=('AUTHORIZED') and r1_0.reservation_expires_at<('2026-09-03 15:00:22.550562+03')]
[39m[scheduling-1][0;39m [2026-09-03  15-00-22-56] TRACE org.hibernate.orm.jdbc  HHH100004: Statement execution complete (connection release mode ON_CLOSE) in JdbcCoordinator @952012468
[39m[scheduling-1][0;39m [2026-09-03  15-00-22-56] TRACE org.hibernate.orm.resource.registry  HHH10002501: Releasing registered JDBC resources
[39m[scheduling-1][0;39m [2026-09-03  15-00-22-56] TRACE org.hibernate.orm.session  Closing session [5d84d61d-9dfd-4ebd-b998-eb946f6e7984]
[39m[scheduling-1][0;39m [2026-09-03  15-00-22-56] DEBUG org.hibernate.session.metrics  HHH000401: Logging session metrics:
	13100 ns acquiring 1 JDBC connections
	0 ns releasing 0 JDBC connections
	27800 ns preparing 1 JDBC statements
	2024700 ns executing 1 JDBC statements
	0 ns executing 0 JDBC batches
	0 ns performing 0 second-level cache puts
	0 ns performing 0 second-level cache hits
	0 ns performing 0 second-level cache misses
	0 ns executing 0 flushes (flushing a total of 0 entities and 0 collections)
	0 ns executing 0 pre-partial-flushes
	0 ns executing 0 partial-flushes (flushing a total of 0 entities and 0 collections)

[39m[scheduling-1][0;39m [2026-09-03  15-00-22-56] TRACE org.hibernate.orm.jdbc  HHH100003: Closing JdbcCoordinator @952012468
[39m[scheduling-1][0;39m [2026-09-03  15-00-22-56] TRACE org.hibernate.orm.resource.registry  HHH10002501: Releasing registered JDBC resources
[39m[scheduling-1][0;39m [2026-09-03  15-00-22-56] TRACE org.hibernate.orm.resource.jdbc  HHH10003017: Closing logical connection @632528640
[39m[scheduling-1][0;39m [2026-09-03  15-00-22-56] TRACE org.hibernate.orm.resource.registry  HHH10002501: Releasing registered JDBC resources
[39m[scheduling-1][0;39m [2026-09-03  15-00-22-56] TRACE org.hibernate.orm.resource.jdbc  HHH10003018: Closed logical connection @632528640
[39m[scheduling-1][0;39m [2026-09-03  15-00-22-56] TRACE i.m.o.SimpleObservation$SimpleScope  NoOp observation used with SimpleScope
[39m[http-nio-8088-Poller][0;39m [2026-09-03  15-00-22-72] DEBUG o.apache.tomcat.util.net.NioEndpoint  timeout completed: keys processed=0; now=1788436822721; nextExpiration=1788436822713; keyCount=0; hasEvents=false; eval=false
