[39m[restartedMain][0;39m [2026-09-03  14-49-13-54] DEBUG o.a.tomcat.util.IntrospectionUtils  IntrospectionUtils: setProperty(class org.apache.coyote.http11.Http11NioProtocol port=8088)
[39m[restartedMain][0;39m [2026-09-03  14-49-13-56] DEBUG o.apache.catalina.core.ContainerBase  Add container child [StandardHost[localhost]] to container [StandardEngine[Tomcat]]
[39m[restartedMain][0;39m [2026-09-03  14-49-13-59] DEBUG o.apache.catalina.core.ContainerBase  Add container child [TomcatEmbeddedContext[]] to container [StandardEngine[Tomcat].StandardHost[localhost]]
[34m[restartedMain][0;39m [2026-09-03  14-49-13-62] INFO  o.s.boot.tomcat.TomcatWebServer  Tomcat initialized with port 8088 (http)
[39m[restartedMain][0;39m [2026-09-03  14-49-13-62] DEBUG o.apache.tomcat.util.net.NioEndpoint  [bindOnInit] is [null]
[39m[restartedMain][0;39m [2026-09-03  14-49-13-62] DEBUG o.a.tomcat.util.IntrospectionUtils  IntrospectionUtils: setProperty(class org.apache.coyote.http11.Http11NioProtocol bindOnInit=false)
[39m[restartedMain][0;39m [2026-09-03  14-49-13-62] DEBUG o.apache.tomcat.util.net.NioEndpoint  Set [bindOnInit] to [false]
[39m[restartedMain][0;39m [2026-09-03  14-49-13-62] DEBUG o.a.tomcat.util.IntrospectionUtils  IntrospectionUtils: setProperty(class org.apache.tomcat.util.net.NioEndpoint bindOnInit=false)
[39m[restartedMain][0;39m [2026-09-03  14-49-13-63] DEBUG o.apache.catalina.util.LifecycleBase  Setting state for [StandardServer[-1]] to [INITIALIZING]
[39m[restartedMain][0;39m [2026-09-03  14-49-13-63] DEBUG o.apache.catalina.util.LifecycleBase  Setting state for [org.apache.catalina.deploy.NamingResourcesImpl@6c8e54f9] to [INITIALIZING]
[39m[restartedMain][0;39m [2026-09-03  14-49-13-63] DEBUG o.apache.catalina.util.LifecycleBase  Setting state for [org.apache.catalina.deploy.NamingResourcesImpl@6c8e54f9] to [INITIALIZED]
[39m[restartedMain][0;39m [2026-09-03  14-49-13-63] DEBUG o.apache.catalina.util.LifecycleBase  Setting state for [StandardService[Tomcat]] to [INITIALIZING]
[39m[restartedMain][0;39m [2026-09-03  14-49-13-63] DEBUG o.apache.catalina.util.LifecycleBase  Setting state for [StandardEngine[Tomcat]] to [INITIALIZING]
[39m[restartedMain][0;39m [2026-09-03  14-49-13-63] DEBUG o.apache.catalina.util.LifecycleBase  Setting state for [StandardEngine[Tomcat]] to [INITIALIZED]
[39m[restartedMain][0;39m [2026-09-03  14-49-13-63] DEBUG o.apache.catalina.util.LifecycleBase  Setting state for [org.apache.catalina.mapper.MapperListener@5fcbff64] to [INITIALIZING]
[39m[restartedMain][0;39m [2026-09-03  14-49-13-63] DEBUG o.apache.catalina.util.LifecycleBase  Setting state for [org.apache.catalina.mapper.MapperListener@5fcbff64] to [INITIALIZED]
[39m[restartedMain][0;39m [2026-09-03  14-49-13-63] DEBUG o.apache.catalina.util.LifecycleBase  Setting state for [Connector["http-nio-8088"]] to [INITIALIZING]
[34m[restartedMain][0;39m [2026-09-03  14-49-13-64] INFO  o.a.coyote.http11.Http11NioProtocol  Initializing ProtocolHandler ["http-nio-8088"]
[39m[restartedMain][0;39m [2026-09-03  14-49-13-64] DEBUG o.apache.catalina.util.LifecycleBase  Setting state for [Connector["http-nio-8088"]] to [INITIALIZED]
[39m[restartedMain][0;39m [2026-09-03  14-49-13-64] DEBUG o.apache.catalina.util.LifecycleBase  Setting state for [StandardService[Tomcat]] to [INITIALIZED]
[39m[restartedMain][0;39m [2026-09-03  14-49-13-64] DEBUG o.apache.catalina.util.LifecycleBase  Setting state for [StandardServer[-1]] to [INITIALIZED]
[39m[restartedMain][0;39m [2026-09-03  14-49-13-64] DEBUG o.apache.catalina.util.LifecycleBase  Setting state for [StandardServer[-1]] to [STARTING_PREP]
[39m[restartedMain][0;39m [2026-09-03  14-49-13-64] DEBUG o.apache.catalina.util.LifecycleBase  Setting state for [StandardServer[-1]] to [STARTING]
[39m[restartedMain][0;39m [2026-09-03  14-49-13-65] DEBUG o.apache.catalina.util.LifecycleBase  Setting state for [org.apache.catalina.deploy.NamingResourcesImpl@6c8e54f9] to [STARTING_PREP]
[39m[restartedMain][0;39m [2026-09-03  14-49-13-65] DEBUG o.apache.catalina.util.LifecycleBase  Setting state for [org.apache.catalina.deploy.NamingResourcesImpl@6c8e54f9] to [STARTING]
[39m[restartedMain][0;39m [2026-09-03  14-49-13-65] DEBUG o.apache.catalina.util.LifecycleBase  Setting state for [org.apache.catalina.deploy.NamingResourcesImpl@6c8e54f9] to [STARTED]
[39m[restartedMain][0;39m [2026-09-03  14-49-13-65] DEBUG o.apache.catalina.util.LifecycleBase  Setting state for [StandardService[Tomcat]] to [STARTING_PREP]
[34m[restartedMain][0;39m [2026-09-03  14-49-13-65] INFO  o.a.catalina.core.StandardService  Starting service [Tomcat]
[39m[restartedMain][0;39m [2026-09-03  14-49-13-65] DEBUG o.apache.catalina.util.LifecycleBase  Setting state for [StandardService[Tomcat]] to [STARTING]
[39m[restartedMain][0;39m [2026-09-03  14-49-13-65] DEBUG o.apache.catalina.util.LifecycleBase  Setting state for [StandardEngine[Tomcat]] to [STARTING_PREP]
[34m[restartedMain][0;39m [2026-09-03  14-49-13-65] INFO  o.a.catalina.core.StandardEngine  Starting Servlet engine: [Apache Tomcat/11.0.22]
