[39m[HikariPool-1:housekeeper][0;39m [2026-09-03  14-53-03-85] TRACE o.p.core.v3.QueryExecutorImpl   <=BE ReadyForQuery(I)
[39m[HikariPool-1:housekeeper][0;39m [2026-09-03  14-53-03-85] TRACE o.p.core.v3.QueryExecutorImpl   FE marking setPortalDescribed(false) for query 
[39m[HikariPool-1:housekeeper][0;39m [2026-09-03  14-53-03-85] DEBUG com.zaxxer.hikari.pool.HikariPool  HikariPool-1 - keepalive: connection org.postgresql.jdbc.PgConnection@46035293 is alive
[39m[http-nio-8088-Poller][0;39m [2026-09-03  14-53-04-38] DEBUG o.apache.tomcat.util.net.NioEndpoint  timeout completed: keys processed=0; now=1788436384387; nextExpiration=1788436384374; keyCount=0; hasEvents=false; eval=false
[39m[http-nio-8088-Poller][0;39m [2026-09-03  14-53-05-39] DEBUG o.apache.tomcat.util.net.NioEndpoint  timeout completed: keys processed=0; now=1788436385396; nextExpiration=1788436385387; keyCount=0; hasEvents=false; eval=false
[39m[http-nio-8088-Poller][0;39m [2026-09-03  14-53-06-40] DEBUG o.apache.tomcat.util.net.NioEndpoint  timeout completed: keys processed=0; now=1788436386408; nextExpiration=1788436386396; keyCount=0; hasEvents=false; eval=false
[39m[http-nio-8088-Poller][0;39m [2026-09-03  14-53-07-41] DEBUG o.apache.tomcat.util.net.NioEndpoint  timeout completed: keys processed=0; now=1788436387418; nextExpiration=1788436387408; keyCount=0; hasEvents=false; eval=false
[39m[http-nio-8088-Poller][0;39m [2026-09-03  14-53-08-41] DEBUG o.apache.tomcat.util.net.NioEndpoint  timeout completed: keys processed=0; now=1788436388419; nextExpiration=1788436388418; keyCount=0; hasEvents=false; eval=false
[39m[http-nio-8088-Poller][0;39m [2026-09-03  14-53-09-42] DEBUG o.apache.tomcat.util.net.NioEndpoint  timeout completed: keys processed=0; now=1788436389423; nextExpiration=1788436389419; keyCount=0; hasEvents=false; eval=false
[39m[http-nio-8088-Poller][0;39m [2026-09-03  14-53-10-43] DEBUG o.apache.tomcat.util.net.NioEndpoint  timeout completed: keys processed=0; now=1788436390433; nextExpiration=1788436390423; keyCount=0; hasEvents=false; eval=false
[39m[http-nio-8088-Poller][0;39m [2026-09-03  14-53-11-44] DEBUG o.apache.tomcat.util.net.NioEndpoint  timeout completed: keys processed=0; now=1788436391448; nextExpiration=1788436391433; keyCount=0; hasEvents=false; eval=false
[39m[http-nio-8088-Poller][0;39m [2026-09-03  14-53-12-46] DEBUG o.apache.tomcat.util.net.NioEndpoint  timeout completed: keys processed=0; now=1788436392461; nextExpiration=1788436392448; keyCount=0; hasEvents=false; eval=false
[39m[http-nio-8088-Poller][0;39m [2026-09-03  14-53-13-47] DEBUG o.apache.tomcat.util.net.NioEndpoint  timeout completed: keys processed=0; now=1788436393475; nextExpiration=1788436393461; keyCount=0; hasEvents=false; eval=false
[39m[Catalina-utility-2][0;39m [2026-09-03  14-53-14-09] DEBUG o.a.catalina.session.ManagerBase  Start expire sessions StandardManager at 1788436394098 sessioncount 0
[39m[Catalina-utility-2][0;39m [2026-09-03  14-53-14-09] DEBUG o.a.catalina.session.ManagerBase  End expire sessions StandardManager processingTime 0 expired sessions: 0
[39m[http-nio-8088-Poller][0;39m [2026-09-03  14-53-14-48] DEBUG o.apache.tomcat.util.net.NioEndpoint  timeout completed: keys processed=0; now=1788436394486; nextExpiration=1788436394475; keyCount=0; hasEvents=false; eval=false
[39m[HikariPool-1:housekeeper][0;39m [2026-09-03  14-53-14-54] DEBUG com.zaxxer.hikari.pool.HikariPool  HikariPool-1 - Pool stats (total=10/10, idle=10/10, active=0, waiting=0)
[39m[HikariPool-1:housekeeper][0;39m [2026-09-03  14-53-14-54] DEBUG com.zaxxer.hikari.pool.HikariPool  HikariPool-1 - Fill pool skipped, pool has sufficient level or currently being filled.
[39m[http-nio-8088-Poller][0;39m [2026-09-03  14-53-15-49] DEBUG o.apache.tomcat.util.net.NioEndpoint  timeout completed: keys processed=0; now=1788436395498; nextExpiration=1788436395486; keyCount=0; hasEvents=false; eval=false
[39m[http-nio-8088-Poller][0;39m [2026-09-03  14-53-16-50] DEBUG o.apache.tomcat.util.net.NioEndpoint  timeout completed: keys processed=0; now=1788436396500; nextExpiration=1788436396498; keyCount=0; hasEvents=false; eval=false
[39m[http-nio-8088-Poller][0;39m [2026-09-03  14-53-17-50] DEBUG o.apache.tomcat.util.net.NioEndpoint  timeout completed: keys processed=0; now=1788436397505; nextExpiration=1788436397500; keyCount=0; hasEvents=false; eval=false
[39m[http-nio-8088-Poller][0;39m [2026-09-03  14-53-18-51] DEBUG o.apache.tomcat.util.net.NioEndpoint  timeout completed: keys processed=0; now=1788436398518; nextExpiration=1788436398505; keyCount=0; hasEvents=false; eval=false
[39m[http-nio-8088-Poller][0;39m [2026-09-03  14-53-19-52] DEBUG o.apache.tomcat.util.net.NioEndpoint  timeout completed: keys processed=0; now=1788436399526; nextExpiration=1788436399518; keyCount=0; hasEvents=false; eval=false
[39m[http-nio-8088-Poller][0;39m [2026-09-03  14-53-20-53] DEBUG o.apache.tomcat.util.net.NioEndpoint  timeout completed: keys processed=0; now=1788436400538; nextExpiration=1788436400526; keyCount=0; hasEvents=false; eval=false
