[39m[scheduling-1][0;39m [2026-09-03  15-10-22-08] TRACE org.hibernate.orm.jdbc.bind  binding parameter (2:TIMESTAMP) <- [2026-09-03T15:10:22.088519200]
[39m[scheduling-1][0;39m [2026-09-03  15-10-22-09] TRACE o.p.core.v3.QueryExecutorImpl    simple execute, handler=org.postgresql.jdbc.PgStatement$StatementResultHandler@6afbfcb2, maxRows=0, fetchSize=0, flags=0
[39m[scheduling-1][0;39m [2026-09-03  15-10-22-09] TRACE o.p.core.v3.QueryExecutorImpl   FE=> SimpleQuery(query="BEGIN")
[39m[scheduling-1][0;39m [2026-09-03  15-10-22-09] TRACE o.p.core.v3.QueryExecutorImpl  Couldn''t estimate result size or result size unbounded, disabling batching for this query.
[39m[scheduling-1][0;39m [2026-09-03  15-10-22-09] TRACE o.p.core.v3.QueryExecutorImpl  Forcing Sync, receive buffer full or batching disallowed
[39m[scheduling-1][0;39m [2026-09-03  15-10-22-09] TRACE o.p.core.v3.QueryExecutorImpl   FE=> Sync
[39m[scheduling-1][0;39m [2026-09-03  15-10-22-09] TRACE o.p.core.v3.QueryExecutorImpl   <=BE CommandStatus(BEGIN)
[39m[scheduling-1][0;39m [2026-09-03  15-10-22-09] TRACE o.p.core.v3.QueryExecutorImpl   <=BE ReadyForQuery(T)
[39m[scheduling-1][0;39m [2026-09-03  15-10-22-09] TRACE o.p.core.v3.QueryExecutorImpl   <=BE ReadyForQuery(T)
[39m[scheduling-1][0;39m [2026-09-03  15-10-22-09] TRACE o.p.core.v3.QueryExecutorImpl   FE=> Bind(stmt=S_2,portal=null,$1=<('SCHEDULED')>,type=VARCHAR,$2=<('2026-09-03 15:10:22.088519+03')>,type=UNSPECIFIED)
[39m[scheduling-1][0;39m [2026-09-03  15-10-22-09] TRACE o.p.core.v3.QueryExecutorImpl   FE=> Execute(portal=null,limit=0)
[39m[scheduling-1][0;39m [2026-09-03  15-10-22-09] TRACE o.p.core.v3.QueryExecutorImpl   FE=> Sync
[39m[scheduling-1][0;39m [2026-09-03  15-10-22-09] TRACE o.p.core.v3.QueryExecutorImpl   <=BE BindComplete [unnamed]
[39m[scheduling-1][0;39m [2026-09-03  15-10-22-09] TRACE o.p.core.v3.QueryExecutorImpl   <=BE CommandStatus(SELECT 0)
[39m[scheduling-1][0;39m [2026-09-03  15-10-22-09] TRACE o.p.core.v3.QueryExecutorImpl   <=BE ReadyForQuery(T)
[39m[scheduling-1][0;39m [2026-09-03  15-10-22-09] TRACE org.hibernate.orm.resource.registry  HHH10002507: Registering result set [HikariProxyResultSet@565637199 wrapping org.postgresql.jdbc.PgResultSet@3feb1b90]
[39m[scheduling-1][0;39m [2026-09-03  15-10-22-09] TRACE org.hibernate.orm.resource.registry  HHH10002504: Releasing result set [HikariProxyResultSet@565637199 wrapping org.postgresql.jdbc.PgResultSet@3feb1b90]
[39m[scheduling-1][0;39m [2026-09-03  15-10-22-09] TRACE org.hibernate.orm.resource.registry  HHH10002505: Closing result set [HikariProxyResultSet@565637199 wrapping org.postgresql.jdbc.PgResultSet@3feb1b90]
[39m[scheduling-1][0;39m [2026-09-03  15-10-22-09] TRACE org.hibernate.orm.resource.registry  HHH10002503: Releasing statement [HikariProxyPreparedStatement@920978629 wrapping select rv1_0.id,rv1_0.created_at,rv1_0.earning_rate,rv1_0.effective_from,rv1_0.effective_to,rv1_0.expiry_days,rv1_0.lock_days,rv1_0.minimum_redemption_points,rv1_0.program_id,rv1_0.redemption_rate,rv1_0.rounding_mode,rv1_0.status,rv1_0.version from rule_versions rv1_0 where rv1_0.status=('SCHEDULED') and rv1_0.effective_from<=('2026-09-03 15:10:22.088519+03')]
[39m[scheduling-1][0;39m [2026-09-03  15-10-22-09] TRACE org.hibernate.orm.resource.registry  HHH10002506: Closing prepared statement [HikariProxyPreparedStatement@920978629 wrapping select rv1_0.id,rv1_0.created_at,rv1_0.earning_rate,rv1_0.effective_from,rv1_0.effective_to,rv1_0.expiry_days,rv1_0.lock_days,rv1_0.minimum_redemption_points,rv1_0.program_id,rv1_0.redemption_rate,rv1_0.rounding_mode,rv1_0.status,rv1_0.version from rule_versions rv1_0 where rv1_0.status=('SCHEDULED') and rv1_0.effective_from<=('2026-09-03 15:10:22.088519+03')]
[39m[scheduling-1][0;39m [2026-09-03  15-10-22-09] TRACE org.hibernate.orm.jdbc  HHH100004: Statement execution complete (connection release mode ON_CLOSE) in JdbcCoordinator @787457634
[39m[scheduling-1][0;39m [2026-09-03  15-10-22-09] TRACE org.hibernate.orm.query.plan.cache  Resolving HQL interpretation for [SELECT r FROM RuleVersion r WHERE r.status = :status AND r.effectiveTo <= :time]
[39m[scheduling-1][0;39m [2026-09-03  15-10-22-09] TRACE org.hibernate.orm.query.plan.cache  Resolving cached query plan for [SELECT r FROM RuleVersion r WHERE r.status = :status AND r.effectiveTo <= :time]
[39m[scheduling-1][0;39m [2026-09-03  15-10-22-09] TRACE org.hibernate.orm.sql.exec  HHH90004016: Skipping reading query result cache data (query cache disabled, cache mode NORMAL)
[39m[scheduling-1][0;39m [2026-09-03  15-10-22-09] TRACE org.hibernate.orm.core  Executing query to retrieve ResultSet: select rv1_0.id,rv1_0.created_at,rv1_0.earning_rate,rv1_0.effective_from,rv1_0.effective_to,rv1_0.expiry_days,rv1_0.lock_days,rv1_0.minimum_redemption_points,rv1_0.program_id,rv1_0.redemption_rate,rv1_0.rounding_mode,rv1_0.status,rv1_0.version from rule_versions rv1_0 where rv1_0.status=? and rv1_0.effective_to<=?
[39m[scheduling-1][0;39m [2026-09-03  15-10-22-09] DEBUG org.hibernate.SQL  
    select
        rv1_0.id,
        rv1_0.created_at,
        rv1_0.earning_rate,
        rv1_0.effective_from,
        rv1_0.effective_to,
        rv1_0.expiry_days,
        rv1_0.lock_days,
        rv1_0.minimum_redemption_points,
        rv1_0.program_id,
        rv1_0.redemption_rate,
        rv1_0.rounding_mode,
        rv1_0.status,
        rv1_0.version 
    from
        rule_versions rv1_0 
    where
        rv1_0.status=? 
        and rv1_0.effective_to<=?
