[39m[scheduling-1][0;39m [2026-09-03  15-12-22-10] TRACE org.hibernate.orm.resource.registry  HHH10002501: Releasing registered JDBC resources
[39m[scheduling-1][0;39m [2026-09-03  15-12-22-10] TRACE org.hibernate.orm.resource.jdbc  HHH10003017: Closing logical connection @1141957209
[39m[scheduling-1][0;39m [2026-09-03  15-12-22-10] TRACE org.hibernate.orm.resource.registry  HHH10002501: Releasing registered JDBC resources
[39m[scheduling-1][0;39m [2026-09-03  15-12-22-10] TRACE org.hibernate.orm.resource.jdbc  HHH10003018: Closed logical connection @1141957209
[39m[scheduling-1][0;39m [2026-09-03  15-12-22-10] TRACE i.m.o.SimpleObservation$SimpleScope  NoOp observation used with SimpleScope
[39m[HikariPool-1:housekeeper][0;39m [2026-09-03  15-12-22-71] TRACE o.p.core.v3.QueryExecutorImpl    simple execute, handler=org.postgresql.jdbc.PgStatement$StatementResultHandler@718097a4, maxRows=0, fetchSize=0, flags=1,041
[39m[HikariPool-1:housekeeper][0;39m [2026-09-03  15-12-22-71] TRACE o.p.core.v3.QueryExecutorImpl   FE=> SimpleQuery(query="")
[39m[HikariPool-1:housekeeper][0;39m [2026-09-03  15-12-22-71] TRACE o.p.core.v3.QueryExecutorImpl   <=BE EmptyQuery
[39m[HikariPool-1:housekeeper][0;39m [2026-09-03  15-12-22-71] TRACE o.p.core.v3.QueryExecutorImpl   <=BE ReadyForQuery(I)
[39m[HikariPool-1:housekeeper][0;39m [2026-09-03  15-12-22-71] TRACE o.p.core.v3.QueryExecutorImpl   FE marking setPortalDescribed(false) for query 
[39m[HikariPool-1:housekeeper][0;39m [2026-09-03  15-12-22-71] DEBUG com.zaxxer.hikari.pool.HikariPool  HikariPool-1 - keepalive: connection org.postgresql.jdbc.PgConnection@1e5fa53 is alive
[39m[scheduling-1][0;39m [2026-09-03  15-12-22-89] DEBUG org.hibernate.orm.core  HHH006588: Opening session [tenant=null]
[39m[scheduling-1][0;39m [2026-09-03  15-12-22-89] TRACE org.hibernate.orm.jdbc  HHH100002: Created JdbcCoordinator @1568669729
[39m[scheduling-1][0;39m [2026-09-03  15-12-22-89] TRACE org.hibernate.orm.session  Opened Session [86b366bc-5ea8-44f4-b0c1-582c8b6265f8] at timestamp: 1788437542898
[39m[scheduling-1][0;39m [2026-09-03  15-12-22-89] TRACE org.hibernate.orm.query.plan.cache  Resolving HQL interpretation for [SELECT r FROM Redemption r WHERE r.status = :status AND r.otpExpiresAt < :time]
[39m[scheduling-1][0;39m [2026-09-03  15-12-22-89] TRACE org.hibernate.orm.query.plan.cache  Resolving cached query plan for [SELECT r FROM Redemption r WHERE r.status = :status AND r.otpExpiresAt < :time]
[39m[scheduling-1][0;39m [2026-09-03  15-12-22-89] TRACE o.p.core.v3.QueryExecutorImpl    simple execute, handler=org.postgresql.jdbc.PgStatement$StatementResultHandler@169387f1, maxRows=0, fetchSize=0, flags=1,041
[39m[scheduling-1][0;39m [2026-09-03  15-12-22-89] TRACE o.p.core.v3.QueryExecutorImpl   FE=> SimpleQuery(query="")
[39m[scheduling-1][0;39m [2026-09-03  15-12-22-89] TRACE o.p.core.v3.QueryExecutorImpl   <=BE EmptyQuery
[39m[scheduling-1][0;39m [2026-09-03  15-12-22-89] TRACE o.p.core.v3.QueryExecutorImpl   <=BE ReadyForQuery(I)
[39m[scheduling-1][0;39m [2026-09-03  15-12-22-89] TRACE o.p.core.v3.QueryExecutorImpl   FE marking setPortalDescribed(false) for query 
[39m[scheduling-1][0;39m [2026-09-03  15-12-22-89] TRACE org.hibernate.orm.sql.exec  HHH90004016: Skipping reading query result cache data (query cache disabled, cache mode NORMAL)
[39m[scheduling-1][0;39m [2026-09-03  15-12-22-89] TRACE org.hibernate.orm.core  Executing query to retrieve ResultSet: select r1_0.id,r1_0.account_id,r1_0.authorization_code,r1_0.cancel_reason,r1_0.cancelled_at,r1_0.created_at,r1_0.discount_amount,r1_0.otp_attempts_remaining,r1_0.otp_expires_at,r1_0.otp_hash,r1_0.purchase_transaction_id,r1_0.requested_points,r1_0.reservation_expires_at,r1_0.status from redemptions r1_0 where r1_0.status=? and r1_0.otp_expires_at<?
[39m[scheduling-1][0;39m [2026-09-03  15-12-22-89] DEBUG org.hibernate.SQL  
    select
        r1_0.id,
        r1_0.account_id,
        r1_0.authorization_code,
        r1_0.cancel_reason,
        r1_0.cancelled_at,
        r1_0.created_at,
        r1_0.discount_amount,
        r1_0.otp_attempts_remaining,
        r1_0.otp_expires_at,
        r1_0.otp_hash,
        r1_0.purchase_transaction_id,
        r1_0.requested_points,
        r1_0.reservation_expires_at,
        r1_0.status 
    from
        redemptions r1_0 
    where
        r1_0.status=? 
        and r1_0.otp_expires_at<?
[39m[scheduling-1][0;39m [2026-09-03  15-12-22-89] TRACE org.hibernate.orm.resource.registry  HHH10002502: Registering statement [HikariProxyPreparedStatement@384770590 wrapping select r1_0.id,r1_0.account_id,r1_0.authorization_code,r1_0.cancel_reason,r1_0.cancelled_at,r1_0.created_at,r1_0.discount_amount,r1_0.otp_attempts_remaining,r1_0.otp_expires_at,r1_0.otp_hash,r1_0.purchase_transaction_id,r1_0.requested_points,r1_0.reservation_expires_at,r1_0.status from redemptions r1_0 where r1_0.status=? and r1_0.otp_expires_at<?]
[39m[scheduling-1][0;39m [2026-09-03  15-12-22-90] TRACE org.hibernate.orm.jdbc.bind  binding parameter (1:VARCHAR) <- [OTP_PENDING]
