[39m[restartedMain][0;39m [2026-09-03  15-14-29-01] DEBUG o.apache.catalina.util.LifecycleBase  Setting state for [StandardManager[StandardEngine[Tomcat].StandardHost[localhost].TomcatEmbeddedContext[]]] to [STARTING]
[39m[restartedMain][0;39m [2026-09-03  15-14-29-01] DEBUG o.apache.catalina.util.LifecycleBase  Setting state for [StandardManager[StandardEngine[Tomcat].StandardHost[localhost].TomcatEmbeddedContext[]]] to [STARTED]
[39m[restartedMain][0;39m [2026-09-03  15-14-29-01] DEBUG o.a.c.c.C.[Tomcat].[localhost].[/]  Starting filters
[39m[restartedMain][0;39m [2026-09-03  15-14-29-01] DEBUG o.a.c.c.C.[Tomcat].[localhost].[/]   Starting filter 'requestContextFilter'
[39m[restartedMain][0;39m [2026-09-03  15-14-29-03] DEBUG o.a.c.c.C.[Tomcat].[localhost].[/]   Starting filter 'Tomcat WebSocket (JSR356) Filter'
[39m[restartedMain][0;39m [2026-09-03  15-14-29-03] DEBUG o.a.c.c.C.[Tomcat].[localhost].[/]   Starting filter 'characterEncodingFilter'
[39m[restartedMain][0;39m [2026-09-03  15-14-29-03] DEBUG o.a.c.c.C.[Tomcat].[localhost].[/]   Starting filter 'springSecurityFilterChain'
[39m[restartedMain][0;39m [2026-09-03  15-14-29-03] DEBUG o.a.c.c.C.[Tomcat].[localhost].[/]   Starting filter 'formContentFilter'
[39m[restartedMain][0;39m [2026-09-03  15-14-29-03] DEBUG o.a.catalina.core.StandardContext  Starting completed
[39m[restartedMain][0;39m [2026-09-03  15-14-29-03] DEBUG o.apache.catalina.util.LifecycleBase  Setting state for [StandardEngine[Tomcat].StandardHost[localhost].TomcatEmbeddedContext[]] to [STARTING]
[39m[restartedMain][0;39m [2026-09-03  15-14-29-03] DEBUG o.apache.catalina.util.LifecycleBase  Setting state for [StandardEngine[Tomcat].StandardHost[localhost].TomcatEmbeddedContext[]] to [STARTED]
[39m[restartedMain][0;39m [2026-09-03  15-14-29-03] DEBUG o.apache.catalina.util.LifecycleBase  Setting state for [StandardPipeline[StandardEngine[Tomcat].StandardHost[localhost]]] to [INITIALIZING]
[39m[restartedMain][0;39m [2026-09-03  15-14-29-03] DEBUG o.apache.catalina.util.LifecycleBase  Setting state for [StandardPipeline[StandardEngine[Tomcat].StandardHost[localhost]]] to [INITIALIZED]
[39m[restartedMain][0;39m [2026-09-03  15-14-29-03] DEBUG o.apache.catalina.util.LifecycleBase  Setting state for [StandardPipeline[StandardEngine[Tomcat].StandardHost[localhost]]] to [STARTING_PREP]
[39m[restartedMain][0;39m [2026-09-03  15-14-29-03] DEBUG o.apache.catalina.util.LifecycleBase  Setting state for [ErrorReportValve[StandardEngine[Tomcat].StandardHost[localhost]]] to [INITIALIZING]
[39m[restartedMain][0;39m [2026-09-03  15-14-29-03] DEBUG o.apache.catalina.util.LifecycleBase  Setting state for [ErrorReportValve[StandardEngine[Tomcat].StandardHost[localhost]]] to [INITIALIZED]
[39m[restartedMain][0;39m [2026-09-03  15-14-29-03] DEBUG o.apache.catalina.util.LifecycleBase  Setting state for [ErrorReportValve[StandardEngine[Tomcat].StandardHost[localhost]]] to [STARTING_PREP]
[39m[restartedMain][0;39m [2026-09-03  15-14-29-03] DEBUG o.apache.catalina.util.LifecycleBase  Setting state for [ErrorReportValve[StandardEngine[Tomcat].StandardHost[localhost]]] to [STARTING]
[39m[restartedMain][0;39m [2026-09-03  15-14-29-03] DEBUG o.apache.catalina.util.LifecycleBase  Setting state for [ErrorReportValve[StandardEngine[Tomcat].StandardHost[localhost]]] to [STARTED]
[39m[restartedMain][0;39m [2026-09-03  15-14-29-03] DEBUG o.apache.catalina.util.LifecycleBase  Setting state for [StandardHostValve[StandardEngine[Tomcat].StandardHost[localhost]]] to [INITIALIZING]
[39m[restartedMain][0;39m [2026-09-03  15-14-29-03] DEBUG o.apache.catalina.util.LifecycleBase  Setting state for [StandardHostValve[StandardEngine[Tomcat].StandardHost[localhost]]] to [INITIALIZED]
[39m[restartedMain][0;39m [2026-09-03  15-14-29-03] DEBUG o.apache.catalina.util.LifecycleBase  Setting state for [StandardHostValve[StandardEngine[Tomcat].StandardHost[localhost]]] to [STARTING_PREP]
[39m[restartedMain][0;39m [2026-09-03  15-14-29-03] DEBUG o.apache.catalina.util.LifecycleBase  Setting state for [StandardHostValve[StandardEngine[Tomcat].StandardHost[localhost]]] to [STARTING]
[39m[restartedMain][0;39m [2026-09-03  15-14-29-03] DEBUG o.apache.catalina.util.LifecycleBase  Setting state for [StandardHostValve[StandardEngine[Tomcat].StandardHost[localhost]]] to [STARTED]
[39m[restartedMain][0;39m [2026-09-03  15-14-29-03] DEBUG o.apache.catalina.util.LifecycleBase  Setting state for [StandardPipeline[StandardEngine[Tomcat].StandardHost[localhost]]] to [STARTING]
[39m[restartedMain][0;39m [2026-09-03  15-14-29-03] DEBUG o.apache.catalina.util.LifecycleBase  Setting state for [StandardPipeline[StandardEngine[Tomcat].StandardHost[localhost]]] to [STARTED]
[39m[restartedMain][0;39m [2026-09-03  15-14-29-03] DEBUG o.apache.catalina.util.LifecycleBase  Setting state for [StandardEngine[Tomcat].StandardHost[localhost]] to [STARTING]
[39m[restartedMain][0;39m [2026-09-03  15-14-29-03] DEBUG o.apache.catalina.util.LifecycleBase  Setting state for [StandardEngine[Tomcat].StandardHost[localhost]] to [STARTED]
