[39m[restartedMain][0;39m [2026-09-03  15-14-30-53] TRACE org.hibernate.models.annotations  Registering AnnotationDescriptor - AnnotationDescriptor(org.hibernate.annotations.PropertyRef)
[39m[restartedMain][0;39m [2026-09-03  15-14-30-54] TRACE org.hibernate.models.annotations  Registering AnnotationDescriptor - AnnotationDescriptor(org.hibernate.annotations.QueryCacheLayout)
[39m[restartedMain][0;39m [2026-09-03  15-14-30-54] TRACE org.hibernate.models.annotations  Registering AnnotationDescriptor - AnnotationDescriptor(org.hibernate.annotations.RowId)
[39m[restartedMain][0;39m [2026-09-03  15-14-30-54] TRACE org.hibernate.models.annotations  Registering AnnotationDescriptor - AnnotationDescriptor(org.hibernate.annotations.SecondaryRows)
[39m[restartedMain][0;39m [2026-09-03  15-14-30-54] TRACE org.hibernate.models.annotations  Registering AnnotationDescriptor - AnnotationDescriptor(org.hibernate.annotations.SecondaryRow)
[39m[restartedMain][0;39m [2026-09-03  15-14-30-54] TRACE org.hibernate.models.annotations  Registering repeatable AnnotationDescriptor - AnnotationDescriptor(org.hibernate.annotations.SecondaryRows)
[39m[restartedMain][0;39m [2026-09-03  15-14-30-54] TRACE org.hibernate.models.annotations  Registering AnnotationDescriptor - AnnotationDescriptor(org.hibernate.annotations.SoftDelete)
[39m[restartedMain][0;39m [2026-09-03  15-14-30-54] TRACE org.hibernate.models.annotations  Registering AnnotationDescriptor - AnnotationDescriptor(org.hibernate.annotations.SortComparator)
[39m[restartedMain][0;39m [2026-09-03  15-14-30-54] TRACE org.hibernate.models.annotations  Registering AnnotationDescriptor - AnnotationDescriptor(org.hibernate.annotations.SortNatural)
[39m[restartedMain][0;39m [2026-09-03  15-14-30-54] TRACE org.hibernate.models.annotations  Registering AnnotationDescriptor - AnnotationDescriptor(org.hibernate.annotations.Source)
[39m[restartedMain][0;39m [2026-09-03  15-14-30-54] TRACE org.hibernate.models.annotations  Registering AnnotationDescriptor - AnnotationDescriptor(org.hibernate.annotations.SQLDeletes)
[39m[restartedMain][0;39m [2026-09-03  15-14-30-55] TRACE org.hibernate.models.annotations  Registering AnnotationDescriptor - AnnotationDescriptor(org.hibernate.annotations.SQLDelete)
[39m[restartedMain][0;39m [2026-09-03  15-14-30-55] TRACE org.hibernate.models.annotations  Registering repeatable AnnotationDescriptor - AnnotationDescriptor(org.hibernate.annotations.SQLDeletes)
[39m[restartedMain][0;39m [2026-09-03  15-14-30-55] TRACE org.hibernate.models.annotations  Registering AnnotationDescriptor - AnnotationDescriptor(org.hibernate.annotations.SQLDeleteAll)
[39m[restartedMain][0;39m [2026-09-03  15-14-30-55] TRACE org.hibernate.models.annotations  Registering AnnotationDescriptor - AnnotationDescriptor(org.hibernate.annotations.SqlFragmentAlias)
[39m[restartedMain][0;39m [2026-09-03  15-14-30-55] TRACE org.hibernate.models.annotations  Registering AnnotationDescriptor - AnnotationDescriptor(org.hibernate.annotations.SQLInserts)
[39m[restartedMain][0;39m [2026-09-03  15-14-30-55] TRACE org.hibernate.models.annotations  Registering AnnotationDescriptor - AnnotationDescriptor(org.hibernate.annotations.SQLInsert)
[39m[restartedMain][0;39m [2026-09-03  15-14-30-55] TRACE org.hibernate.models.annotations  Registering repeatable AnnotationDescriptor - AnnotationDescriptor(org.hibernate.annotations.SQLInserts)
[39m[restartedMain][0;39m [2026-09-03  15-14-30-55] TRACE org.hibernate.models.annotations  Registering AnnotationDescriptor - AnnotationDescriptor(org.hibernate.annotations.SQLOrder)
[39m[restartedMain][0;39m [2026-09-03  15-14-30-55] TRACE org.hibernate.models.annotations  Registering AnnotationDescriptor - AnnotationDescriptor(org.hibernate.annotations.SQLRestriction)
[39m[restartedMain][0;39m [2026-09-03  15-14-30-55] TRACE org.hibernate.models.annotations  Registering AnnotationDescriptor - AnnotationDescriptor(org.hibernate.annotations.SQLSelect)
[39m[restartedMain][0;39m [2026-09-03  15-14-30-55] TRACE org.hibernate.models.annotations  Registering AnnotationDescriptor - AnnotationDescriptor(org.hibernate.annotations.SQLJoinTableRestriction)
[39m[restartedMain][0;39m [2026-09-03  15-14-30-55] TRACE org.hibernate.models.annotations  Registering AnnotationDescriptor - AnnotationDescriptor(org.hibernate.annotations.SQLUpdates)
[39m[restartedMain][0;39m [2026-09-03  15-14-30-55] TRACE org.hibernate.models.annotations  Registering AnnotationDescriptor - AnnotationDescriptor(org.hibernate.annotations.SQLUpdate)
[39m[restartedMain][0;39m [2026-09-03  15-14-30-55] TRACE org.hibernate.models.annotations  Registering repeatable AnnotationDescriptor - AnnotationDescriptor(org.hibernate.annotations.SQLUpdates)
[39m[restartedMain][0;39m [2026-09-03  15-14-30-55] TRACE org.hibernate.models.annotations  Registering AnnotationDescriptor - AnnotationDescriptor(org.hibernate.annotations.Struct)
[39m[restartedMain][0;39m [2026-09-03  15-14-30-55] TRACE org.hibernate.models.annotations  Registering AnnotationDescriptor - AnnotationDescriptor(org.hibernate.annotations.Subselect)
