[39m[scheduling-1][0;39m [2026-09-03  14-45-13-79] DEBUG org.postgresql.jdbc.PgConnection    setAutoCommit = true
[39m[scheduling-1][0;39m [2026-09-03  14-45-13-79] TRACE org.hibernate.orm.resource.registry  HHH10002501: Releasing registered JDBC resources
[39m[scheduling-1][0;39m [2026-09-03  14-45-13-79] TRACE org.hibernate.orm.jdbc  HHH100035: Notifying resource-local transaction observers after completion
[39m[scheduling-1][0;39m [2026-09-03  14-45-13-79] TRACE org.hibernate.orm.synchronization  HHH90008002: Notifying Synchronizations (after completion with status 3)
[39m[scheduling-1][0;39m [2026-09-03  14-45-13-79] TRACE org.hibernate.orm.jdbc  HHH100007: Transaction after successful completion in JdbcCoordinator @924162331
[39m[scheduling-1][0;39m [2026-09-03  14-45-13-79] TRACE org.hibernate.orm.session  After transaction completion processing (successful=true, delayed=false)
[39m[scheduling-1][0;39m [2026-09-03  14-45-13-79] TRACE org.hibernate.orm.session  After transaction completion processing (successful=true, delayed=false)
[39m[scheduling-1][0;39m [2026-09-03  14-45-13-79] TRACE org.hibernate.orm.session  Closing session [d54ea8a6-2e4b-48eb-bfb4-1424b7e306bc]
[39m[scheduling-1][0;39m [2026-09-03  14-45-13-79] DEBUG org.hibernate.session.metrics  HHH000401: Logging session metrics:
	985200 ns acquiring 1 JDBC connections
	0 ns releasing 0 JDBC connections
	50900 ns preparing 2 JDBC statements
	5364900 ns executing 2 JDBC statements
	0 ns executing 0 JDBC batches
	0 ns performing 0 second-level cache puts
	0 ns performing 0 second-level cache hits
	0 ns performing 0 second-level cache misses
	5300 ns executing 1 flushes (flushing a total of 0 entities and 0 collections)
	11000 ns executing 2 pre-partial-flushes
	5700 ns executing 2 partial-flushes (flushing a total of 0 entities and 0 collections)

[39m[scheduling-1][0;39m [2026-09-03  14-45-13-79] TRACE org.hibernate.orm.jdbc  HHH100003: Closing JdbcCoordinator @924162331
[39m[scheduling-1][0;39m [2026-09-03  14-45-13-79] TRACE org.hibernate.orm.resource.registry  HHH10002501: Releasing registered JDBC resources
[39m[scheduling-1][0;39m [2026-09-03  14-45-13-79] TRACE org.hibernate.orm.resource.jdbc  HHH10003017: Closing logical connection @1208536985
[39m[scheduling-1][0;39m [2026-09-03  14-45-13-79] TRACE org.hibernate.orm.resource.registry  HHH10002501: Releasing registered JDBC resources
[39m[scheduling-1][0;39m [2026-09-03  14-45-13-79] TRACE org.hibernate.orm.resource.jdbc  HHH10003018: Closed logical connection @1208536985
[39m[scheduling-1][0;39m [2026-09-03  14-45-13-79] TRACE i.m.o.SimpleObservation$SimpleScope  NoOp observation used with SimpleScope
[39m[scheduling-1][0;39m [2026-09-03  14-45-14-15] DEBUG org.hibernate.orm.core  HHH006588: Opening session [tenant=null]
[39m[scheduling-1][0;39m [2026-09-03  14-45-14-15] TRACE org.hibernate.orm.jdbc  HHH100002: Created JdbcCoordinator @1880636581
[39m[scheduling-1][0;39m [2026-09-03  14-45-14-15] TRACE org.hibernate.orm.session  Opened Session [3d0c519d-6b3c-4c80-bfa7-bde50ffd3c18] at timestamp: 1788435914156
[39m[scheduling-1][0;39m [2026-09-03  14-45-14-15] TRACE org.hibernate.orm.query.plan.cache  Resolving HQL interpretation for [SELECT r FROM Redemption r WHERE r.status = :status AND r.otpExpiresAt < :time]
[39m[scheduling-1][0;39m [2026-09-03  14-45-14-15] TRACE org.hibernate.orm.query.plan.cache  Resolving cached query plan for [SELECT r FROM Redemption r WHERE r.status = :status AND r.otpExpiresAt < :time]
[39m[scheduling-1][0;39m [2026-09-03  14-45-14-15] TRACE org.hibernate.orm.sql.exec  HHH90004016: Skipping reading query result cache data (query cache disabled, cache mode NORMAL)
[39m[scheduling-1][0;39m [2026-09-03  14-45-14-15] TRACE org.hibernate.orm.core  Executing query to retrieve ResultSet: select r1_0.id,r1_0.account_id,r1_0.authorization_code,r1_0.cancel_reason,r1_0.cancelled_at,r1_0.created_at,r1_0.discount_amount,r1_0.otp_attempts_remaining,r1_0.otp_expires_at,r1_0.otp_hash,r1_0.purchase_transaction_id,r1_0.requested_points,r1_0.reservation_expires_at,r1_0.status from redemptions r1_0 where r1_0.status=? and r1_0.otp_expires_at<?
[39m[scheduling-1][0;39m [2026-09-03  14-45-14-15] DEBUG org.hibernate.SQL  
    select
        r1_0.id,
        r1_0.account_id,
        r1_0.authorization_code,
        r1_0.cancel_reason,
        r1_0.cancelled_at,
        r1_0.created_at,
        r1_0.discount_amount,
        r1_0.otp_attempts_remaining,
        r1_0.otp_expires_at,
        r1_0.otp_hash,
        r1_0.purchase_transaction_id,
        r1_0.requested_points,
        r1_0.reservation_expires_at,
        r1_0.status 
    from
        redemptions r1_0 
    where
        r1_0.status=? 
        and r1_0.otp_expires_at<?
[39m[scheduling-1][0;39m [2026-09-03  14-45-14-15] TRACE org.hibernate.orm.resource.registry  HHH10002502: Registering statement [HikariProxyPreparedStatement@1077101427 wrapping select r1_0.id,r1_0.account_id,r1_0.authorization_code,r1_0.cancel_reason,r1_0.cancelled_at,r1_0.created_at,r1_0.discount_amount,r1_0.otp_attempts_remaining,r1_0.otp_expires_at,r1_0.otp_hash,r1_0.purchase_transaction_id,r1_0.requested_points,r1_0.reservation_expires_at,r1_0.status from redemptions r1_0 where r1_0.status=? and r1_0.otp_expires_at<?]
