[39m[restartedMain][0;39m [2026-09-03  14-49-15-12] TRACE org.hibernate.models.annotations  Registering AnnotationDescriptor - AnnotationDescriptor(org.hibernate.annotations.BatchSize)
[39m[restartedMain][0;39m [2026-09-03  14-49-15-13] TRACE org.hibernate.models.annotations  Registering AnnotationDescriptor - AnnotationDescriptor(org.hibernate.annotations.Cache)
[39m[restartedMain][0;39m [2026-09-03  14-49-15-13] TRACE org.hibernate.models.annotations  Registering AnnotationDescriptor - AnnotationDescriptor(org.hibernate.annotations.Cascade)
[39m[restartedMain][0;39m [2026-09-03  14-49-15-13] TRACE org.hibernate.models.annotations  Registering AnnotationDescriptor - AnnotationDescriptor(org.hibernate.annotations.Checks)
[39m[restartedMain][0;39m [2026-09-03  14-49-15-13] TRACE org.hibernate.models.annotations  Registering AnnotationDescriptor - AnnotationDescriptor(org.hibernate.annotations.Check)
[39m[restartedMain][0;39m [2026-09-03  14-49-15-13] TRACE org.hibernate.models.annotations  Registering repeatable AnnotationDescriptor - AnnotationDescriptor(org.hibernate.annotations.Checks)
[39m[restartedMain][0;39m [2026-09-03  14-49-15-13] TRACE org.hibernate.models.annotations  Registering AnnotationDescriptor - AnnotationDescriptor(org.hibernate.annotations.Collate)
[39m[restartedMain][0;39m [2026-09-03  14-49-15-13] TRACE org.hibernate.models.annotations  Registering AnnotationDescriptor - AnnotationDescriptor(org.hibernate.annotations.CollectionId)
[39m[restartedMain][0;39m [2026-09-03  14-49-15-13] TRACE org.hibernate.models.annotations  Registering AnnotationDescriptor - AnnotationDescriptor(org.hibernate.annotations.CollectionIdJavaClass)
[39m[restartedMain][0;39m [2026-09-03  14-49-15-14] TRACE org.hibernate.models.annotations  Registering AnnotationDescriptor - AnnotationDescriptor(org.hibernate.annotations.CollectionIdJavaType)
[39m[restartedMain][0;39m [2026-09-03  14-49-15-14] TRACE org.hibernate.models.annotations  Registering AnnotationDescriptor - AnnotationDescriptor(org.hibernate.annotations.CollectionIdJdbcType)
[39m[restartedMain][0;39m [2026-09-03  14-49-15-14] TRACE org.hibernate.models.annotations  Registering AnnotationDescriptor - AnnotationDescriptor(org.hibernate.annotations.CollectionIdJdbcTypeCode)
[39m[restartedMain][0;39m [2026-09-03  14-49-15-14] TRACE org.hibernate.models.annotations  Registering AnnotationDescriptor - AnnotationDescriptor(org.hibernate.annotations.CollectionIdMutability)
[39m[restartedMain][0;39m [2026-09-03  14-49-15-14] TRACE org.hibernate.models.annotations  Registering AnnotationDescriptor - AnnotationDescriptor(org.hibernate.annotations.CollectionIdType)
[39m[restartedMain][0;39m [2026-09-03  14-49-15-14] TRACE org.hibernate.models.annotations  Registering AnnotationDescriptor - AnnotationDescriptor(org.hibernate.annotations.CollectionType)
[39m[restartedMain][0;39m [2026-09-03  14-49-15-14] TRACE org.hibernate.models.annotations  Registering AnnotationDescriptor - AnnotationDescriptor(org.hibernate.boot.internal.CollectionClassification)
[39m[restartedMain][0;39m [2026-09-03  14-49-15-14] TRACE org.hibernate.models.annotations  Registering AnnotationDescriptor - AnnotationDescriptor(org.hibernate.annotations.CollectionTypeRegistrations)
[39m[restartedMain][0;39m [2026-09-03  14-49-15-14] TRACE org.hibernate.models.annotations  Registering AnnotationDescriptor - AnnotationDescriptor(org.hibernate.annotations.CollectionTypeRegistration)
[39m[restartedMain][0;39m [2026-09-03  14-49-15-14] TRACE org.hibernate.models.annotations  Registering repeatable AnnotationDescriptor - AnnotationDescriptor(org.hibernate.annotations.CollectionTypeRegistrations)
[39m[restartedMain][0;39m [2026-09-03  14-49-15-14] TRACE org.hibernate.models.annotations  Registering AnnotationDescriptor - AnnotationDescriptor(org.hibernate.annotations.ColumnDefault)
[39m[restartedMain][0;39m [2026-09-03  14-49-15-14] TRACE org.hibernate.models.annotations  Registering AnnotationDescriptor - AnnotationDescriptor(org.hibernate.annotations.Columns)
[39m[restartedMain][0;39m [2026-09-03  14-49-15-14] TRACE org.hibernate.models.annotations  Registering AnnotationDescriptor - AnnotationDescriptor(org.hibernate.annotations.ColumnTransformers)
[39m[restartedMain][0;39m [2026-09-03  14-49-15-14] TRACE org.hibernate.models.annotations  Registering AnnotationDescriptor - AnnotationDescriptor(org.hibernate.annotations.ColumnTransformer)
[39m[restartedMain][0;39m [2026-09-03  14-49-15-14] TRACE org.hibernate.models.annotations  Registering repeatable AnnotationDescriptor - AnnotationDescriptor(org.hibernate.annotations.ColumnTransformers)
[39m[restartedMain][0;39m [2026-09-03  14-49-15-14] TRACE org.hibernate.models.annotations  Registering AnnotationDescriptor - AnnotationDescriptor(org.hibernate.annotations.Comments)
[39m[restartedMain][0;39m [2026-09-03  14-49-15-14] TRACE org.hibernate.models.annotations  Registering AnnotationDescriptor - AnnotationDescriptor(org.hibernate.annotations.Comment)
[39m[restartedMain][0;39m [2026-09-03  14-49-15-14] TRACE org.hibernate.models.annotations  Registering repeatable AnnotationDescriptor - AnnotationDescriptor(org.hibernate.annotations.Comments)
