[39m[restartedMain][0;39m [2026-09-03  14-42-08-90] TRACE org.postgresql.jdbc.PgConnection    getString columnIndex: 4
[39m[restartedMain][0;39m [2026-09-03  14-42-08-90] TRACE org.postgresql.jdbc.PgConnection    getString columnIndex: 5
[39m[restartedMain][0;39m [2026-09-03  14-42-08-90] TRACE org.postgresql.jdbc.PgConnection    getString columnIndex: 1
[39m[restartedMain][0;39m [2026-09-03  14-42-08-90] TRACE org.postgresql.jdbc.PgConnection    getString columnIndex: 2
[39m[restartedMain][0;39m [2026-09-03  14-42-08-90] TRACE org.postgresql.jdbc.PgConnection    getString columnIndex: 3
[39m[restartedMain][0;39m [2026-09-03  14-42-08-90] TRACE org.postgresql.jdbc.PgConnection    getString columnIndex: 4
[39m[restartedMain][0;39m [2026-09-03  14-42-08-90] TRACE org.postgresql.jdbc.PgConnection    getString columnIndex: 5
[39m[restartedMain][0;39m [2026-09-03  14-42-08-90] TRACE org.postgresql.jdbc.PgConnection    getString columnIndex: 1
[39m[restartedMain][0;39m [2026-09-03  14-42-08-90] TRACE org.postgresql.jdbc.PgConnection    getString columnIndex: 2
[39m[restartedMain][0;39m [2026-09-03  14-42-08-90] TRACE org.postgresql.jdbc.PgConnection    getString columnIndex: 3
[39m[restartedMain][0;39m [2026-09-03  14-42-08-90] TRACE org.postgresql.jdbc.PgConnection    getString columnIndex: 4
[39m[restartedMain][0;39m [2026-09-03  14-42-08-90] TRACE org.postgresql.jdbc.PgConnection    getString columnIndex: 5
[39m[restartedMain][0;39m [2026-09-03  14-42-08-90] TRACE org.postgresql.jdbc.PgConnection    getString columnIndex: 1
[39m[restartedMain][0;39m [2026-09-03  14-42-08-90] TRACE org.postgresql.jdbc.PgConnection    getString columnIndex: 2
[39m[restartedMain][0;39m [2026-09-03  14-42-08-90] TRACE org.postgresql.jdbc.PgConnection    getString columnIndex: 3
[39m[restartedMain][0;39m [2026-09-03  14-42-08-90] TRACE org.postgresql.jdbc.PgConnection    getString columnIndex: 4
[39m[restartedMain][0;39m [2026-09-03  14-42-08-90] TRACE org.postgresql.jdbc.PgConnection    getString columnIndex: 5
[39m[restartedMain][0;39m [2026-09-03  14-42-08-90] TRACE org.postgresql.jdbc.PgConnection    getString columnIndex: 1
[39m[restartedMain][0;39m [2026-09-03  14-42-08-90] TRACE org.postgresql.jdbc.PgConnection    getString columnIndex: 2
[39m[restartedMain][0;39m [2026-09-03  14-42-08-90] TRACE org.postgresql.jdbc.PgConnection    getString columnIndex: 3
[39m[restartedMain][0;39m [2026-09-03  14-42-08-90] TRACE org.postgresql.jdbc.PgConnection    getString columnIndex: 4
[39m[restartedMain][0;39m [2026-09-03  14-42-08-90] TRACE org.postgresql.jdbc.PgConnection    getString columnIndex: 5
[39m[restartedMain][0;39m [2026-09-03  14-42-08-90] TRACE o.p.core.v3.QueryExecutorImpl    simple execute, handler=org.postgresql.jdbc.PgStatement$StatementResultHandler@3ba62f86, maxRows=0, fetchSize=0, flags=17
[39m[restartedMain][0;39m [2026-09-03  14-42-08-90] TRACE o.p.core.v3.QueryExecutorImpl   FE=> Parse(stmt=null,query="SELECT * FROM (SELECT current_database() AS current_database, n.nspname,c.relname,a.attname,a.atttypid,a.attnotnull  OR (t.typtype = 'd' AND t.typnotnull) AS attnotnull,a.atttypmod,a.attlen,t.typtypmod,row_number() OVER (PARTITION BY a.attrelid ORDER BY a.attnum) AS attnum, nullif(a.attidentity, '') as attidentity,nullif(a.attgenerated, '') as attgenerated,pg_catalog.pg_get_expr(def.adbin, def.adrelid) AS adsrc,dsc.description,t.typbasetype,t.typtype  FROM pg_catalog.pg_namespace n  JOIN pg_catalog.pg_class c ON (c.relnamespace = n.oid)  JOIN pg_catalog.pg_attribute a ON (a.attrelid=c.oid)  JOIN pg_catalog.pg_type t ON (a.atttypid = t.oid)  LEFT JOIN pg_catalog.pg_attrdef def ON (a.attrelid=def.adrelid AND a.attnum = def.adnum)  LEFT JOIN pg_catalog.pg_description dsc ON (c.oid=dsc.objoid AND a.attnum = dsc.objsubid)  LEFT JOIN pg_catalog.pg_class dc ON (dc.oid=dsc.classoid AND dc.relname='pg_class')  LEFT JOIN pg_catalog.pg_namespace dn ON (dc.relnamespace=dn.oid AND dn.nspname='pg_catalog')  WHERE c.relkind in ('r','p','v','f','m') and a.attnum > 0 AND NOT a.attisdropped  AND n.nspname LIKE $1) c WHERE true  AND attname LIKE $2 ORDER BY nspname,c.relname,attnum ",oids={1043,1043})
[39m[restartedMain][0;39m [2026-09-03  14-42-08-90] TRACE o.p.core.v3.QueryExecutorImpl   FE=> Bind(stmt=null,portal=null,$1=<('public')>,type=VARCHAR,$2=<('%')>,type=VARCHAR)
[39m[restartedMain][0;39m [2026-09-03  14-42-08-90] TRACE o.p.core.v3.QueryExecutorImpl   FE=> Describe(portal=null)
[39m[restartedMain][0;39m [2026-09-03  14-42-08-90] TRACE o.p.core.v3.QueryExecutorImpl   FE=> Execute(portal=null,limit=0)
[39m[restartedMain][0;39m [2026-09-03  14-42-08-90] TRACE o.p.core.v3.QueryExecutorImpl   FE=> Sync
[39m[restartedMain][0;39m [2026-09-03  14-42-08-91] TRACE o.p.core.v3.QueryExecutorImpl   <=BE ParseComplete [null]
[39m[restartedMain][0;39m [2026-09-03  14-42-08-91] TRACE o.p.core.v3.QueryExecutorImpl   <=BE BindComplete [unnamed]
[39m[restartedMain][0;39m [2026-09-03  14-42-08-91] TRACE o.p.core.v3.QueryExecutorImpl   <=BE RowDescription(16)
[39m[restartedMain][0;39m [2026-09-03  14-42-08-91] TRACE o.p.core.v3.QueryExecutorImpl          Field(current_database,NAME,64,T)
