[39m[scheduling-1][0;39m [2026-09-03  14-59-22-54] TRACE org.hibernate.orm.resource.registry  HHH10002505: Closing result set [HikariProxyResultSet@991865484 wrapping org.postgresql.jdbc.PgResultSet@a5500e0]
[39m[scheduling-1][0;39m [2026-09-03  14-59-22-54] TRACE org.hibernate.orm.resource.registry  HHH10002503: Releasing statement [HikariProxyPreparedStatement@276752432 wrapping select r1_0.id,r1_0.account_id,r1_0.authorization_code,r1_0.cancel_reason,r1_0.cancelled_at,r1_0.created_at,r1_0.discount_amount,r1_0.otp_attempts_remaining,r1_0.otp_expires_at,r1_0.otp_hash,r1_0.purchase_transaction_id,r1_0.requested_points,r1_0.reservation_expires_at,r1_0.status from redemptions r1_0 where r1_0.status=('AUTHORIZED') and r1_0.reservation_expires_at<('2026-09-03 14:59:22.528791+03')]
[39m[scheduling-1][0;39m [2026-09-03  14-59-22-54] TRACE org.hibernate.orm.resource.registry  HHH10002506: Closing prepared statement [HikariProxyPreparedStatement@276752432 wrapping select r1_0.id,r1_0.account_id,r1_0.authorization_code,r1_0.cancel_reason,r1_0.cancelled_at,r1_0.created_at,r1_0.discount_amount,r1_0.otp_attempts_remaining,r1_0.otp_expires_at,r1_0.otp_hash,r1_0.purchase_transaction_id,r1_0.requested_points,r1_0.reservation_expires_at,r1_0.status from redemptions r1_0 where r1_0.status=('AUTHORIZED') and r1_0.reservation_expires_at<('2026-09-03 14:59:22.528791+03')]
[39m[scheduling-1][0;39m [2026-09-03  14-59-22-54] TRACE org.hibernate.orm.jdbc  HHH100004: Statement execution complete (connection release mode ON_CLOSE) in JdbcCoordinator @356812744
[39m[scheduling-1][0;39m [2026-09-03  14-59-22-54] TRACE org.hibernate.orm.resource.registry  HHH10002501: Releasing registered JDBC resources
[39m[scheduling-1][0;39m [2026-09-03  14-59-22-54] TRACE org.hibernate.orm.session  Closing session [9451d7fb-79c1-4db1-8870-c8a0ecc7e477]
[39m[scheduling-1][0;39m [2026-09-03  14-59-22-54] DEBUG org.hibernate.session.metrics  HHH000401: Logging session metrics:
	15500 ns acquiring 1 JDBC connections
	0 ns releasing 0 JDBC connections
	35000 ns preparing 1 JDBC statements
	1428300 ns executing 1 JDBC statements
	0 ns executing 0 JDBC batches
	0 ns performing 0 second-level cache puts
	0 ns performing 0 second-level cache hits
	0 ns performing 0 second-level cache misses
	0 ns executing 0 flushes (flushing a total of 0 entities and 0 collections)
	0 ns executing 0 pre-partial-flushes
	0 ns executing 0 partial-flushes (flushing a total of 0 entities and 0 collections)

[39m[scheduling-1][0;39m [2026-09-03  14-59-22-54] TRACE org.hibernate.orm.jdbc  HHH100003: Closing JdbcCoordinator @356812744
[39m[scheduling-1][0;39m [2026-09-03  14-59-22-54] TRACE org.hibernate.orm.resource.registry  HHH10002501: Releasing registered JDBC resources
[39m[scheduling-1][0;39m [2026-09-03  14-59-22-54] TRACE org.hibernate.orm.resource.jdbc  HHH10003017: Closing logical connection @1980169033
[39m[scheduling-1][0;39m [2026-09-03  14-59-22-54] TRACE org.hibernate.orm.resource.registry  HHH10002501: Releasing registered JDBC resources
[39m[scheduling-1][0;39m [2026-09-03  14-59-22-54] TRACE org.hibernate.orm.resource.jdbc  HHH10003018: Closed logical connection @1980169033
[39m[scheduling-1][0;39m [2026-09-03  14-59-22-54] TRACE i.m.o.SimpleObservation$SimpleScope  NoOp observation used with SimpleScope
[39m[http-nio-8088-Poller][0;39m [2026-09-03  14-59-23-13] DEBUG o.apache.tomcat.util.net.NioEndpoint  timeout completed: keys processed=0; now=1788436763138; nextExpiration=1788436763124; keyCount=0; hasEvents=false; eval=false
[39m[http-nio-8088-Poller][0;39m [2026-09-03  14-59-24-14] DEBUG o.apache.tomcat.util.net.NioEndpoint  timeout completed: keys processed=0; now=1788436764148; nextExpiration=1788436764138; keyCount=0; hasEvents=false; eval=false
[39m[http-nio-8088-Poller][0;39m [2026-09-03  14-59-25-16] DEBUG o.apache.tomcat.util.net.NioEndpoint  timeout completed: keys processed=0; now=1788436765162; nextExpiration=1788436765148; keyCount=0; hasEvents=false; eval=false
[39m[http-nio-8088-Poller][0;39m [2026-09-03  14-59-26-16] DEBUG o.apache.tomcat.util.net.NioEndpoint  timeout completed: keys processed=0; now=1788436766168; nextExpiration=1788436766162; keyCount=0; hasEvents=false; eval=false
[39m[http-nio-8088-Poller][0;39m [2026-09-03  14-59-27-17] DEBUG o.apache.tomcat.util.net.NioEndpoint  timeout completed: keys processed=0; now=1788436767179; nextExpiration=1788436767168; keyCount=0; hasEvents=false; eval=false
[39m[http-nio-8088-Poller][0;39m [2026-09-03  14-59-28-18] DEBUG o.apache.tomcat.util.net.NioEndpoint  timeout completed: keys processed=0; now=1788436768186; nextExpiration=1788436768179; keyCount=0; hasEvents=false; eval=false
[39m[http-nio-8088-Poller][0;39m [2026-09-03  14-59-29-20] DEBUG o.apache.tomcat.util.net.NioEndpoint  timeout completed: keys processed=0; now=1788436769200; nextExpiration=1788436769186; keyCount=0; hasEvents=false; eval=false
[39m[http-nio-8088-Poller][0;39m [2026-09-03  14-59-30-20] DEBUG o.apache.tomcat.util.net.NioEndpoint  timeout completed: keys processed=0; now=1788436770209; nextExpiration=1788436770200; keyCount=0; hasEvents=false; eval=false
