[39m[restartedMain][0;39m [2026-09-03  15-14-35-69] TRACE org.hibernate.orm.session  Closing session [6649a47b-6fdc-4975-8d40-dbbe7d556209]
[39m[restartedMain][0;39m [2026-09-03  15-14-35-69] DEBUG org.hibernate.session.metrics  HHH000401: Logging session metrics:
	0 ns acquiring 0 JDBC connections
	0 ns releasing 0 JDBC connections
	0 ns preparing 0 JDBC statements
	0 ns executing 0 JDBC statements
	0 ns executing 0 JDBC batches
	0 ns performing 0 second-level cache puts
	0 ns performing 0 second-level cache hits
	0 ns performing 0 second-level cache misses
	0 ns executing 0 flushes (flushing a total of 0 entities and 0 collections)
	0 ns executing 0 pre-partial-flushes
	0 ns executing 0 partial-flushes (flushing a total of 0 entities and 0 collections)

[39m[restartedMain][0;39m [2026-09-03  15-14-35-69] TRACE org.hibernate.orm.jdbc  HHH100003: Closing JdbcCoordinator @1405038993
[39m[restartedMain][0;39m [2026-09-03  15-14-35-69] TRACE org.hibernate.orm.resource.registry  HHH10002501: Releasing registered JDBC resources
[39m[restartedMain][0;39m [2026-09-03  15-14-35-69] TRACE org.hibernate.orm.resource.jdbc  HHH10003017: Closing logical connection @1030123080
[39m[restartedMain][0;39m [2026-09-03  15-14-35-69] TRACE org.hibernate.orm.resource.jdbc  HHH10003018: Closed logical connection @1030123080
[31m[restartedMain][0;39m [2026-09-03  15-14-36-09] WARN  o.s.b.j.a.JpaBaseConfiguration$JpaWebConfiguration  spring.jpa.open-in-view is enabled by default. Therefore, database queries may be performed during view rendering. Explicitly configure spring.jpa.open-in-view to disable this warning
[34m[restartedMain][0;39m [2026-09-03  15-14-36-31] INFO  o.s.s.c.a.a.c.InitializeUserDetailsBeanManagerConfigurer$InitializeUserDetailsManagerConfigurer  Global AuthenticationManager configured with UserDetailsService bean with name userDetailsService
[39m[restartedMain][0;39m [2026-09-03  15-14-36-53] DEBUG o.h.v.m.ResourceBundleMessageInterpolator  Loaded expression factory via original TCCL
[39m[restartedMain][0;39m [2026-09-03  15-14-36-53] DEBUG o.h.v.i.e.AbstractConfigurationImpl  Setting custom MessageInterpolator of type org.springframework.validation.beanvalidation.LocaleContextMessageInterpolator
[39m[restartedMain][0;39m [2026-09-03  15-14-36-53] DEBUG o.h.v.i.e.AbstractConfigurationImpl  Setting custom ConstraintValidatorFactory of type org.springframework.validation.beanvalidation.SpringConstraintValidatorFactory
[39m[restartedMain][0;39m [2026-09-03  15-14-36-53] DEBUG o.h.v.i.x.config.ValidationXmlParser  Trying to load META-INF/validation.xml for XML based Validator configuration.
[39m[restartedMain][0;39m [2026-09-03  15-14-36-53] DEBUG o.h.v.i.x.c.ResourceLoaderHelper  Trying to load META-INF/validation.xml via user class loader
[39m[restartedMain][0;39m [2026-09-03  15-14-36-53] DEBUG o.h.v.i.x.c.ResourceLoaderHelper  Trying to load META-INF/validation.xml via TCCL
[39m[restartedMain][0;39m [2026-09-03  15-14-36-53] DEBUG o.h.v.i.x.c.ResourceLoaderHelper  Trying to load META-INF/validation.xml via Hibernate Validator's class loader
[39m[restartedMain][0;39m [2026-09-03  15-14-36-53] DEBUG o.h.v.i.x.config.ValidationXmlParser  No META-INF/validation.xml found. Using annotation based configuration only.
[39m[restartedMain][0;39m [2026-09-03  15-14-36-53] DEBUG o.h.v.i.e.r.TraversableResolvers  Found jakarta.persistence.Persistence on classpath containing 'getPersistenceUtil'. Assuming Jakarta Persistence environment. Trying to instantiate Jakarta Persistence aware TraversableResolver
[39m[restartedMain][0;39m [2026-09-03  15-14-36-53] DEBUG o.h.v.i.e.r.TraversableResolvers  Instantiated Jakarta Persistence aware TraversableResolver of type org.hibernate.validator.internal.engine.resolver.JPATraversableResolver.
[39m[restartedMain][0;39m [2026-09-03  15-14-36-54] DEBUG o.h.v.i.e.ValidatorFactoryConfigurationHelper  HV000252: Using org.hibernate.validator.internal.engine.DefaultPropertyNodeNameProvider as property node name provider.
[39m[restartedMain][0;39m [2026-09-03  15-14-36-54] DEBUG o.h.v.i.e.ValidatorFactoryConfigurationHelper  HV000234: Using org.springframework.validation.beanvalidation.LocaleContextMessageInterpolator as ValidatorFactory-scoped message interpolator.
[39m[restartedMain][0;39m [2026-09-03  15-14-36-54] DEBUG o.h.v.i.e.ValidatorFactoryConfigurationHelper  HV000234: Using org.hibernate.validator.internal.engine.resolver.JPATraversableResolver as ValidatorFactory-scoped traversable resolver.
[39m[restartedMain][0;39m [2026-09-03  15-14-36-54] DEBUG o.h.v.i.e.ValidatorFactoryConfigurationHelper  HV000234: Using org.hibernate.validator.internal.util.ExecutableParameterNameProvider as ValidatorFactory-scoped parameter name provider.
[39m[restartedMain][0;39m [2026-09-03  15-14-36-54] DEBUG o.h.v.i.e.ValidatorFactoryConfigurationHelper  HV000234: Using org.hibernate.validator.internal.engine.DefaultClockProvider as ValidatorFactory-scoped clock provider.
[39m[restartedMain][0;39m [2026-09-03  15-14-36-54] DEBUG o.h.v.i.e.ValidatorFactoryConfigurationHelper  HV000234: Using org.hibernate.validator.internal.engine.scripting.DefaultScriptEvaluatorFactory as ValidatorFactory-scoped script evaluator factory.
