[39m[restartedMain][0;39m [2026-09-03  14-49-15-16] TRACE org.hibernate.models.annotations  Registering repeatable AnnotationDescriptor - AnnotationDescriptor(org.hibernate.annotations.Filters)
[39m[restartedMain][0;39m [2026-09-03  14-49-15-16] TRACE org.hibernate.models.annotations  Registering AnnotationDescriptor - AnnotationDescriptor(org.hibernate.annotations.FilterDefs)
[39m[restartedMain][0;39m [2026-09-03  14-49-15-16] TRACE org.hibernate.models.annotations  Registering AnnotationDescriptor - AnnotationDescriptor(org.hibernate.annotations.FilterDef)
[39m[restartedMain][0;39m [2026-09-03  14-49-15-16] TRACE org.hibernate.models.annotations  Registering repeatable AnnotationDescriptor - AnnotationDescriptor(org.hibernate.annotations.FilterDefs)
[39m[restartedMain][0;39m [2026-09-03  14-49-15-17] TRACE org.hibernate.models.annotations  Registering AnnotationDescriptor - AnnotationDescriptor(org.hibernate.annotations.FilterJoinTables)
[39m[restartedMain][0;39m [2026-09-03  14-49-15-17] TRACE org.hibernate.models.annotations  Registering AnnotationDescriptor - AnnotationDescriptor(org.hibernate.annotations.FilterJoinTable)
[39m[restartedMain][0;39m [2026-09-03  14-49-15-17] TRACE org.hibernate.models.annotations  Registering repeatable AnnotationDescriptor - AnnotationDescriptor(org.hibernate.annotations.FilterJoinTables)
[39m[restartedMain][0;39m [2026-09-03  14-49-15-17] TRACE org.hibernate.models.annotations  Registering AnnotationDescriptor - AnnotationDescriptor(org.hibernate.annotations.Formula)
[39m[restartedMain][0;39m [2026-09-03  14-49-15-17] TRACE org.hibernate.models.annotations  Registering AnnotationDescriptor - AnnotationDescriptor(org.hibernate.annotations.FractionalSeconds)
[39m[restartedMain][0;39m [2026-09-03  14-49-15-17] TRACE org.hibernate.models.annotations  Registering AnnotationDescriptor - AnnotationDescriptor(org.hibernate.annotations.Generated)
[39m[restartedMain][0;39m [2026-09-03  14-49-15-17] TRACE org.hibernate.models.annotations  Registering AnnotationDescriptor - AnnotationDescriptor(org.hibernate.annotations.GeneratedColumn)
[39m[restartedMain][0;39m [2026-09-03  14-49-15-17] TRACE org.hibernate.models.annotations  Registering AnnotationDescriptor - AnnotationDescriptor(org.hibernate.annotations.GenericGenerators)
[39m[restartedMain][0;39m [2026-09-03  14-49-15-17] TRACE org.hibernate.models.annotations  Registering AnnotationDescriptor - AnnotationDescriptor(org.hibernate.annotations.GenericGenerator)
[39m[restartedMain][0;39m [2026-09-03  14-49-15-17] TRACE org.hibernate.models.annotations  Registering repeatable AnnotationDescriptor - AnnotationDescriptor(org.hibernate.annotations.GenericGenerators)
[39m[restartedMain][0;39m [2026-09-03  14-49-15-17] TRACE org.hibernate.models.annotations  Registering AnnotationDescriptor - AnnotationDescriptor(org.hibernate.annotations.HQLSelect)
[39m[restartedMain][0;39m [2026-09-03  14-49-15-17] TRACE org.hibernate.models.annotations  Registering AnnotationDescriptor - AnnotationDescriptor(org.hibernate.annotations.IdGeneratorType)
[39m[restartedMain][0;39m [2026-09-03  14-49-15-17] TRACE org.hibernate.models.annotations  Registering AnnotationDescriptor - AnnotationDescriptor(org.hibernate.annotations.Immutable)
[39m[restartedMain][0;39m [2026-09-03  14-49-15-17] TRACE org.hibernate.models.annotations  Registering AnnotationDescriptor - AnnotationDescriptor(org.hibernate.annotations.Imported)
[39m[restartedMain][0;39m [2026-09-03  14-49-15-17] TRACE org.hibernate.models.annotations  Registering AnnotationDescriptor - AnnotationDescriptor(org.hibernate.annotations.Instantiator)
[39m[restartedMain][0;39m [2026-09-03  14-49-15-17] TRACE org.hibernate.models.annotations  Registering AnnotationDescriptor - AnnotationDescriptor(org.hibernate.annotations.JavaType)
[39m[restartedMain][0;39m [2026-09-03  14-49-15-17] TRACE org.hibernate.models.annotations  Registering AnnotationDescriptor - AnnotationDescriptor(org.hibernate.annotations.JavaTypeRegistrations)
[39m[restartedMain][0;39m [2026-09-03  14-49-15-17] TRACE org.hibernate.models.annotations  Registering AnnotationDescriptor - AnnotationDescriptor(org.hibernate.annotations.JavaTypeRegistration)
[39m[restartedMain][0;39m [2026-09-03  14-49-15-17] TRACE org.hibernate.models.annotations  Registering repeatable AnnotationDescriptor - AnnotationDescriptor(org.hibernate.annotations.JavaTypeRegistrations)
[39m[restartedMain][0;39m [2026-09-03  14-49-15-17] TRACE org.hibernate.models.annotations  Registering AnnotationDescriptor - AnnotationDescriptor(org.hibernate.annotations.JdbcType)
[39m[restartedMain][0;39m [2026-09-03  14-49-15-17] TRACE org.hibernate.models.annotations  Registering AnnotationDescriptor - AnnotationDescriptor(org.hibernate.annotations.JdbcTypeCode)
[39m[restartedMain][0;39m [2026-09-03  14-49-15-18] TRACE org.hibernate.models.annotations  Registering AnnotationDescriptor - AnnotationDescriptor(org.hibernate.annotations.JdbcTypeRegistrations)
[39m[restartedMain][0;39m [2026-09-03  14-49-15-18] TRACE org.hibernate.models.annotations  Registering AnnotationDescriptor - AnnotationDescriptor(org.hibernate.annotations.JdbcTypeRegistration)
