[39m[restartedMain][0;39m [2026-09-03  14-49-15-21] TRACE org.hibernate.models.annotations  Registering AnnotationDescriptor - AnnotationDescriptor(org.hibernate.annotations.Source)
[39m[restartedMain][0;39m [2026-09-03  14-49-15-21] TRACE org.hibernate.models.annotations  Registering AnnotationDescriptor - AnnotationDescriptor(org.hibernate.annotations.SQLDeletes)
[39m[restartedMain][0;39m [2026-09-03  14-49-15-21] TRACE org.hibernate.models.annotations  Registering AnnotationDescriptor - AnnotationDescriptor(org.hibernate.annotations.SQLDelete)
[39m[restartedMain][0;39m [2026-09-03  14-49-15-21] TRACE org.hibernate.models.annotations  Registering repeatable AnnotationDescriptor - AnnotationDescriptor(org.hibernate.annotations.SQLDeletes)
[39m[restartedMain][0;39m [2026-09-03  14-49-15-21] TRACE org.hibernate.models.annotations  Registering AnnotationDescriptor - AnnotationDescriptor(org.hibernate.annotations.SQLDeleteAll)
[39m[restartedMain][0;39m [2026-09-03  14-49-15-21] TRACE org.hibernate.models.annotations  Registering AnnotationDescriptor - AnnotationDescriptor(org.hibernate.annotations.SqlFragmentAlias)
[39m[restartedMain][0;39m [2026-09-03  14-49-15-21] TRACE org.hibernate.models.annotations  Registering AnnotationDescriptor - AnnotationDescriptor(org.hibernate.annotations.SQLInserts)
[39m[restartedMain][0;39m [2026-09-03  14-49-15-21] TRACE org.hibernate.models.annotations  Registering AnnotationDescriptor - AnnotationDescriptor(org.hibernate.annotations.SQLInsert)
[39m[restartedMain][0;39m [2026-09-03  14-49-15-21] TRACE org.hibernate.models.annotations  Registering repeatable AnnotationDescriptor - AnnotationDescriptor(org.hibernate.annotations.SQLInserts)
[39m[restartedMain][0;39m [2026-09-03  14-49-15-21] TRACE org.hibernate.models.annotations  Registering AnnotationDescriptor - AnnotationDescriptor(org.hibernate.annotations.SQLOrder)
[39m[restartedMain][0;39m [2026-09-03  14-49-15-21] TRACE org.hibernate.models.annotations  Registering AnnotationDescriptor - AnnotationDescriptor(org.hibernate.annotations.SQLRestriction)
[39m[restartedMain][0;39m [2026-09-03  14-49-15-21] TRACE org.hibernate.models.annotations  Registering AnnotationDescriptor - AnnotationDescriptor(org.hibernate.annotations.SQLSelect)
[39m[restartedMain][0;39m [2026-09-03  14-49-15-21] TRACE org.hibernate.models.annotations  Registering AnnotationDescriptor - AnnotationDescriptor(org.hibernate.annotations.SQLJoinTableRestriction)
[39m[restartedMain][0;39m [2026-09-03  14-49-15-21] TRACE org.hibernate.models.annotations  Registering AnnotationDescriptor - AnnotationDescriptor(org.hibernate.annotations.SQLUpdates)
[39m[restartedMain][0;39m [2026-09-03  14-49-15-21] TRACE org.hibernate.models.annotations  Registering AnnotationDescriptor - AnnotationDescriptor(org.hibernate.annotations.SQLUpdate)
[39m[restartedMain][0;39m [2026-09-03  14-49-15-22] TRACE org.hibernate.models.annotations  Registering repeatable AnnotationDescriptor - AnnotationDescriptor(org.hibernate.annotations.SQLUpdates)
[39m[restartedMain][0;39m [2026-09-03  14-49-15-22] TRACE org.hibernate.models.annotations  Registering AnnotationDescriptor - AnnotationDescriptor(org.hibernate.annotations.Struct)
[39m[restartedMain][0;39m [2026-09-03  14-49-15-22] TRACE org.hibernate.models.annotations  Registering AnnotationDescriptor - AnnotationDescriptor(org.hibernate.annotations.Subselect)
[39m[restartedMain][0;39m [2026-09-03  14-49-15-22] TRACE org.hibernate.models.annotations  Registering AnnotationDescriptor - AnnotationDescriptor(org.hibernate.annotations.Synchronize)
[39m[restartedMain][0;39m [2026-09-03  14-49-15-22] TRACE org.hibernate.models.annotations  Registering AnnotationDescriptor - AnnotationDescriptor(org.hibernate.annotations.TargetEmbeddable)
[39m[restartedMain][0;39m [2026-09-03  14-49-15-22] TRACE org.hibernate.models.annotations  Registering AnnotationDescriptor - AnnotationDescriptor(org.hibernate.annotations.TenantId)
[39m[restartedMain][0;39m [2026-09-03  14-49-15-22] TRACE org.hibernate.models.annotations  Registering AnnotationDescriptor - AnnotationDescriptor(org.hibernate.annotations.TimeZoneColumn)
[39m[restartedMain][0;39m [2026-09-03  14-49-15-22] TRACE org.hibernate.models.annotations  Registering AnnotationDescriptor - AnnotationDescriptor(org.hibernate.annotations.TimeZoneStorage)
[39m[restartedMain][0;39m [2026-09-03  14-49-15-22] TRACE org.hibernate.models.annotations  Registering AnnotationDescriptor - AnnotationDescriptor(org.hibernate.annotations.Type)
[39m[restartedMain][0;39m [2026-09-03  14-49-15-22] TRACE org.hibernate.models.annotations  Registering AnnotationDescriptor - AnnotationDescriptor(org.hibernate.annotations.TypeBinderType)
[39m[restartedMain][0;39m [2026-09-03  14-49-15-22] TRACE org.hibernate.models.annotations  Registering AnnotationDescriptor - AnnotationDescriptor(org.hibernate.annotations.TypeRegistrations)
[39m[restartedMain][0;39m [2026-09-03  14-49-15-22] TRACE org.hibernate.models.annotations  Registering AnnotationDescriptor - AnnotationDescriptor(org.hibernate.annotations.TypeRegistration)
