[39m[restartedMain][0;39m [2026-09-03  14-49-14-09] DEBUG o.p.core.v3.ConnectionFactoryImpl  Trying to establish a protocol version 3 connection to localhost:5432
[39m[restartedMain][0;39m [2026-09-03  14-49-14-11] TRACE org.postgresql.core.Encoding  Creating new Encoding UTF-8 with fastASCIINumbers true
[39m[restartedMain][0;39m [2026-09-03  14-49-14-11] TRACE org.postgresql.core.Encoding  Creating new Encoding UTF-8 with fastASCIINumbers true
[39m[restartedMain][0;39m [2026-09-03  14-49-14-12] DEBUG o.p.core.v3.ConnectionFactoryImpl  Receive Buffer Size is 65,536
[39m[restartedMain][0;39m [2026-09-03  14-49-14-12] DEBUG o.p.core.v3.ConnectionFactoryImpl  Send Buffer Size is 65,536
[39m[restartedMain][0;39m [2026-09-03  14-49-14-12] TRACE o.p.core.v3.ConnectionFactoryImpl   FE=> SSLRequest postgres
[39m[restartedMain][0;39m [2026-09-03  14-49-14-15] TRACE o.p.core.v3.ConnectionFactoryImpl   <=BE SSLRefused
[39m[restartedMain][0;39m [2026-09-03  14-49-14-15] TRACE o.p.core.v3.ConnectionFactoryImpl   FE=> StartupPacket(user=postgres, database=loyalty_db, client_encoding=UTF8, DateStyle=ISO, TimeZone=Africa/Cairo)
[39m[restartedMain][0;39m [2026-09-03  14-49-14-15] TRACE o.p.core.v3.ScramAuthenticator  channelBinding( PREFER )
[39m[restartedMain][0;39m [2026-09-03  14-49-14-15] TRACE o.p.core.v3.ScramAuthenticator   <=BE AuthenticationSASL( [SCRAM-SHA-256] )
[39m[restartedMain][0;39m [2026-09-03  14-49-14-17] TRACE o.p.core.v3.ScramAuthenticator   Using SCRAM mechanism: SCRAM-SHA-256
[39m[restartedMain][0;39m [2026-09-03  14-49-14-19] TRACE o.p.core.v3.ScramAuthenticator   FE=> SASLInitialResponse( n,,n=*,r=-XT_?Z*xST*vvWKa>a{if7jw )
[39m[restartedMain][0;39m [2026-09-03  14-49-14-19] TRACE o.p.core.v3.ScramAuthenticator   <=BE AuthenticationSASLContinue( r=-XT_?Z*xST*vvWKa>a{if7jw3ABQFKUPp8S8Tdy5zfJ26K/v,s=CztWnO8HyLgidstIEtJvXw==,i=4096 )
[39m[restartedMain][0;39m [2026-09-03  14-49-14-24] TRACE o.p.core.v3.ScramAuthenticator   FE=> SASLResponse( c=biws,r=-XT_?Z*xST*vvWKa>a{if7jw3ABQFKUPp8S8Tdy5zfJ26K/v,p=gzUjuG2ULpT7sAKoVS7JY23dC+5IPndYLAAi8Jsmgb8= )
[39m[restartedMain][0;39m [2026-09-03  14-49-14-24] TRACE o.p.core.v3.ScramAuthenticator   <=BE AuthenticationSASLFinal( v=a7AdQTDW4Cz5T7BmMtafRUewTpIdUK3jKRfAY/3024k= )
[39m[restartedMain][0;39m [2026-09-03  14-49-14-24] TRACE o.p.core.v3.ConnectionFactoryImpl   <=BE AuthenticationOk
[39m[restartedMain][0;39m [2026-09-03  14-49-14-28] TRACE o.p.core.v3.QueryExecutorImpl   <=BE ParameterStatus(in_hot_standby = off)
[39m[restartedMain][0;39m [2026-09-03  14-49-14-28] TRACE o.p.core.v3.QueryExecutorImpl   <=BE ParameterStatus(integer_datetimes = on)
[39m[restartedMain][0;39m [2026-09-03  14-49-14-28] TRACE o.p.core.v3.QueryExecutorImpl   <=BE ParameterStatus(TimeZone = Africa/Cairo)
[39m[restartedMain][0;39m [2026-09-03  14-49-14-28] TRACE o.p.core.v3.QueryExecutorImpl   <=BE ParameterStatus(IntervalStyle = postgres)
[39m[restartedMain][0;39m [2026-09-03  14-49-14-28] TRACE o.p.core.v3.QueryExecutorImpl   <=BE ParameterStatus(search_path = "$user", public)
[39m[restartedMain][0;39m [2026-09-03  14-49-14-28] TRACE o.p.core.v3.QueryExecutorImpl   <=BE ParameterStatus(is_superuser = on)
[39m[restartedMain][0;39m [2026-09-03  14-49-14-28] TRACE o.p.core.v3.QueryExecutorImpl   <=BE ParameterStatus(application_name = )
[39m[restartedMain][0;39m [2026-09-03  14-49-14-28] TRACE o.p.core.v3.QueryExecutorImpl   <=BE ParameterStatus(default_transaction_read_only = off)
[39m[restartedMain][0;39m [2026-09-03  14-49-14-28] TRACE o.p.core.v3.QueryExecutorImpl   <=BE ParameterStatus(scram_iterations = 4096)
[39m[restartedMain][0;39m [2026-09-03  14-49-14-28] TRACE o.p.core.v3.QueryExecutorImpl   <=BE ParameterStatus(DateStyle = ISO, MDY)
[39m[restartedMain][0;39m [2026-09-03  14-49-14-28] TRACE o.p.core.v3.QueryExecutorImpl   <=BE ParameterStatus(standard_conforming_strings = on)
[39m[restartedMain][0;39m [2026-09-03  14-49-14-28] TRACE o.p.core.v3.QueryExecutorImpl   <=BE ParameterStatus(session_authorization = postgres)
[39m[restartedMain][0;39m [2026-09-03  14-49-14-28] TRACE o.p.core.v3.QueryExecutorImpl   <=BE ParameterStatus(client_encoding = UTF8)
[39m[restartedMain][0;39m [2026-09-03  14-49-14-28] TRACE o.p.core.v3.QueryExecutorImpl   <=BE ParameterStatus(server_version = 18.6)
[39m[restartedMain][0;39m [2026-09-03  14-49-14-28] TRACE o.p.core.v3.QueryExecutorImpl   <=BE ParameterStatus(server_encoding = UTF8)
[39m[restartedMain][0;39m [2026-09-03  14-49-14-28] TRACE o.p.core.v3.QueryExecutorImpl   <=BE BackendKeyData(pid=42,488,ckey=[B@42518baa)
[39m[restartedMain][0;39m [2026-09-03  14-49-14-28] TRACE o.p.core.v3.QueryExecutorImpl   <=BE ReadyForQuery(I)
[39m[restartedMain][0;39m [2026-09-03  14-49-14-29] TRACE o.p.core.v3.QueryExecutorImpl    simple execute, handler=org.postgresql.core.SetupQueryRunner$SimpleResultHandler@7064fafb, maxRows=0, fetchSize=0, flags=1,047
[39m[restartedMain][0;39m [2026-09-03  14-49-14-29] TRACE o.p.core.v3.QueryExecutorImpl   FE=> SimpleQuery(query="SET application_name = 'PostgreSQL JDBC Driver'")
