[39m[HikariPool-1:connection-adder][0;39m [2026-09-03  14-42-06-45] TRACE o.p.core.v3.QueryExecutorImpl   <=BE ParameterStatus(session_authorization = postgres)
[39m[HikariPool-1:connection-adder][0;39m [2026-09-03  14-42-06-45] TRACE o.p.core.v3.QueryExecutorImpl   <=BE ParameterStatus(client_encoding = UTF8)
[39m[HikariPool-1:connection-adder][0;39m [2026-09-03  14-42-06-45] TRACE o.p.core.v3.QueryExecutorImpl   <=BE ParameterStatus(server_version = 18.6)
[39m[HikariPool-1:connection-adder][0;39m [2026-09-03  14-42-06-45] TRACE o.p.core.v3.QueryExecutorImpl   <=BE ParameterStatus(server_encoding = UTF8)
[39m[HikariPool-1:connection-adder][0;39m [2026-09-03  14-42-06-45] TRACE o.p.core.v3.QueryExecutorImpl   <=BE BackendKeyData(pid=36,008,ckey=[B@181c53ce)
[39m[HikariPool-1:connection-adder][0;39m [2026-09-03  14-42-06-45] TRACE o.p.core.v3.QueryExecutorImpl   <=BE ReadyForQuery(I)
[39m[HikariPool-1:connection-adder][0;39m [2026-09-03  14-42-06-45] TRACE o.p.core.v3.QueryExecutorImpl    simple execute, handler=org.postgresql.core.SetupQueryRunner$SimpleResultHandler@40853078, maxRows=0, fetchSize=0, flags=1,047
[39m[HikariPool-1:connection-adder][0;39m [2026-09-03  14-42-06-45] TRACE o.p.core.v3.QueryExecutorImpl   FE=> SimpleQuery(query="SET application_name = 'PostgreSQL JDBC Driver'")
[39m[HikariPool-1:connection-adder][0;39m [2026-09-03  14-42-06-45] TRACE o.p.core.v3.QueryExecutorImpl   <=BE CommandStatus(SET)
[39m[HikariPool-1:connection-adder][0;39m [2026-09-03  14-42-06-45] TRACE o.p.core.v3.QueryExecutorImpl   <=BE ParameterStatus(application_name = PostgreSQL JDBC Driver)
[39m[HikariPool-1:connection-adder][0;39m [2026-09-03  14-42-06-45] TRACE o.p.core.v3.QueryExecutorImpl   <=BE ReadyForQuery(I)
[39m[HikariPool-1:connection-adder][0;39m [2026-09-03  14-42-06-45] TRACE org.postgresql.jdbc.PgConnection      types using binary send = TIMESTAMPTZ,NUMERIC,OID_ARRAY,UUID,BYTEA_ARRAY,INT2_ARRAY,INT4_ARRAY,BYTEA,TEXT_ARRAY,TIMETZ,INT8,INT2,INT4,VARCHAR_ARRAY,INT8_ARRAY,POINT,TIMESTAMP,TIME,BOX,FLOAT4,FLOAT8,FLOAT4_ARRAY,FLOAT8_ARRAY
[39m[HikariPool-1:connection-adder][0;39m [2026-09-03  14-42-06-45] TRACE org.postgresql.jdbc.PgConnection      types using binary receive = TIMESTAMPTZ,NUMERIC,OID_ARRAY,UUID,BYTEA_ARRAY,INT2_ARRAY,INT4_ARRAY,BYTEA,TEXT_ARRAY,TIMETZ,INT8,INT2,INT4,VARCHAR_ARRAY,INT8_ARRAY,POINT,DATE,TIMESTAMP,TIME,BOX,FLOAT4,FLOAT8,FLOAT4_ARRAY,FLOAT8_ARRAY
[39m[HikariPool-1:connection-adder][0;39m [2026-09-03  14-42-06-45] TRACE org.postgresql.jdbc.PgConnection      integer date/time = true
[39m[HikariPool-1:connection-adder][0;39m [2026-09-03  14-42-06-45] DEBUG com.zaxxer.hikari.pool.PoolBase  HikariPool-1 - Established new connection (e0bca518-e663-4f20-bf18-a2146279956f)
[39m[HikariPool-1:connection-adder][0;39m [2026-09-03  14-42-06-45] DEBUG com.zaxxer.hikari.pool.HikariPool  HikariPool-1 - Added connection org.postgresql.jdbc.PgConnection@77450153
[39m[HikariPool-1:connection-adder][0;39m [2026-09-03  14-42-06-50] DEBUG com.zaxxer.hikari.pool.HikariPool  HikariPool-1 - After adding stats (total=5/10, idle=5/10, active=0, waiting=0)
[39m[HikariPool-1:connection-adder][0;39m [2026-09-03  14-42-06-50] DEBUG com.zaxxer.hikari.pool.PoolBase  HikariPool-1 - Attempting to create/setup new connection (dd6b0d8f-1eb1-4be9-9347-d6fcae351d4e)
[39m[HikariPool-1:connection-adder][0;39m [2026-09-03  14-42-06-50] DEBUG org.postgresql.Driver  Connecting with URL: jdbc:postgresql://localhost:5432/loyalty_db
[39m[HikariPool-1:connection-adder][0;39m [2026-09-03  14-42-06-50] DEBUG org.postgresql.jdbc.PgConnection  PostgreSQL JDBC Driver 42.7.11
[39m[HikariPool-1:connection-adder][0;39m [2026-09-03  14-42-06-50] DEBUG org.postgresql.jdbc.PgConnection    setDefaultFetchSize = 0
[39m[HikariPool-1:connection-adder][0;39m [2026-09-03  14-42-06-50] DEBUG org.postgresql.jdbc.PgConnection    setQueryTimeout = 0
[39m[HikariPool-1:connection-adder][0;39m [2026-09-03  14-42-06-50] DEBUG org.postgresql.jdbc.PgConnection    setPrepareThreshold = 5
[39m[HikariPool-1:connection-adder][0;39m [2026-09-03  14-42-06-50] DEBUG o.p.core.v3.ConnectionFactoryImpl  Trying to establish a protocol version 3 connection to localhost:5432
[39m[HikariPool-1:connection-adder][0;39m [2026-09-03  14-42-06-50] DEBUG o.p.core.v3.ConnectionFactoryImpl  Receive Buffer Size is 65,536
[39m[HikariPool-1:connection-adder][0;39m [2026-09-03  14-42-06-50] DEBUG o.p.core.v3.ConnectionFactoryImpl  Send Buffer Size is 65,536
[39m[HikariPool-1:connection-adder][0;39m [2026-09-03  14-42-06-50] TRACE o.p.core.v3.ConnectionFactoryImpl   FE=> SSLRequest postgres
[39m[HikariPool-1:connection-adder][0;39m [2026-09-03  14-42-06-55] TRACE o.p.core.v3.ConnectionFactoryImpl   <=BE SSLRefused
[39m[HikariPool-1:connection-adder][0;39m [2026-09-03  14-42-06-55] TRACE o.p.core.v3.ConnectionFactoryImpl   FE=> StartupPacket(user=postgres, database=loyalty_db, client_encoding=UTF8, DateStyle=ISO, TimeZone=Africa/Cairo)
[39m[HikariPool-1:connection-adder][0;39m [2026-09-03  14-42-06-55] TRACE o.p.core.v3.ScramAuthenticator  channelBinding( PREFER )
