[39m[restartedMain][0;39m [2026-09-03  14-42-12-96] DEBUG _.s.w.s.HandlerMapping.Mappings  
	c.a.a.l.c.CustomerController:
	{POST [/customers/resolve]}: resolveCustomer(CustomerRequestDto,Long,String)
[39m[restartedMain][0;39m [2026-09-03  14-42-12-97] DEBUG _.s.w.s.HandlerMapping.Mappings  
	c.a.a.l.c.DashboardController:
	{GET [/dashboard/accounts]}: getLoyaltyAccounts(int,int,String)
[39m[restartedMain][0;39m [2026-09-03  14-42-12-97] DEBUG _.s.w.s.HandlerMapping.Mappings  
	c.a.a.l.c.LoyaltyAccountController:
	{GET [/api/v1/loyalty/accounts/{accountId}/transactions]}: getTransactions(Long,Pageable,String)
	{GET [/api/v1/loyalty/accounts/{accountId}]}: getAccount(Long,String)
[39m[restartedMain][0;39m [2026-09-03  14-42-12-98] DEBUG _.s.w.s.HandlerMapping.Mappings  
	c.a.a.l.c.LoyaltyEarningController:
	{POST [/earnings]}: earnPoints(EarningRequest,String,String)
[39m[restartedMain][0;39m [2026-09-03  14-42-12-98] DEBUG _.s.w.s.HandlerMapping.Mappings  
	c.a.a.l.c.LoyaltyPointsJobController:
	{POST [/api/v1/loyalty/jobs/expire]}: expirePoints(int,Long)
[39m[restartedMain][0;39m [2026-09-03  14-42-12-98] DEBUG _.s.w.s.HandlerMapping.Mappings  
	c.a.a.l.c.ProgramRuleController:
	{GET [/admin/programs/{programId}/rules]}: getProgramRules(Long)
	{PUT [/admin/programs/{programId}/rules]}: updateRules(Long,ProgramRuleRequest)
	{GET [/admin/programs/rules]}: getAllProgramRules()
	{GET [/admin/programs]}: getPrograms()
[39m[restartedMain][0;39m [2026-09-03  14-42-12-99] DEBUG _.s.w.s.HandlerMapping.Mappings  
	c.a.a.l.c.RedemptionController:
	{POST [/redemptions]}: initiateRedemption(RedemptionRequest)
	{POST [/redemptions/{id}/commit]}: commitRedemption(Long,CommitRequest)
	{POST [/redemptions/{id}/cancel]}: cancelRedemption(Long,CancelRequest)
	{POST [/redemptions/{id}/verify]}: verifyOtp(Long,VerifyOtpRequest)
[39m[restartedMain][0;39m [2026-09-03  14-42-12-99] DEBUG _.s.w.s.HandlerMapping.Mappings  
	c.a.a.l.c.RefundController:
	{POST [/refunds]}: processRefund(RefundRequest,String)
[39m[restartedMain][0;39m [2026-09-03  14-42-12-99] DEBUG _.s.w.s.HandlerMapping.Mappings  
	o.s.b.w.a.e.BasicErrorController:
	{ [/error]}: error(HttpServletRequest)
	{ [/error], produces [text/html]}: errorHtml(HttpServletRequest,HttpServletResponse)
[39m[restartedMain][0;39m [2026-09-03  14-42-13-01] DEBUG _.s.w.s.HandlerMapping.Mappings  
	o.s.w.a.OpenApiWebMvcResource:
	{GET [/api-docs], produces [application/json]}: openapiJson(HttpServletRequest,String,Locale)
	{GET [/api-docs.yaml], produces [application/vnd.oai.openapi]}: openapiYaml(HttpServletRequest,String,Locale)
[39m[restartedMain][0;39m [2026-09-03  14-42-13-01] DEBUG _.s.w.s.HandlerMapping.Mappings  
	o.s.w.u.SwaggerWelcomeWebMvc:
	{GET [/swagger-ui.html]}: redirectToUi(HttpServletRequest)
[39m[restartedMain][0;39m [2026-09-03  14-42-13-01] DEBUG _.s.w.s.HandlerMapping.Mappings  
	o.s.w.u.SwaggerConfigResource:
	{GET [/api-docs/swagger-config], produces [application/json]}: openapiJson(HttpServletRequest)
[39m[restartedMain][0;39m [2026-09-03  14-42-13-04] DEBUG _.s.w.s.HandlerMapping.Mappings  'beanNameHandlerMapping' {}
[39m[restartedMain][0;39m [2026-09-03  14-42-13-14] DEBUG _.s.w.s.HandlerMapping.Mappings  'resourceHandlerMapping' {/webjars/**=ResourceHttpRequestHandler [classpath [META-INF/resources/webjars/]], /**=ResourceHttpRequestHandler [classpath [META-INF/resources/], classpath [resources/], classpath [static/], classpath [public/], ServletContext [/]], /swagger-ui/**=ResourceHttpRequestHandler [classpath [META-INF/resources/webjars/swagger-ui/5.32.0/]], /swagger-ui/*swagger-initializer.js=ResourceHttpRequestHandler [classpath [META-INF/resources/webjars/swagger-ui/5.32.0/]], /webjars/*swagger-ui/**=ResourceHttpRequestHandler [classpath [META-INF/resources/webjars/]], /webjars/*swagger-ui/*swagger-initializer.js=ResourceHttpRequestHandler [classpath [META-INF/resources/webjars/]], /webjars/*swagger-ui/5.32.0/*swagger-initializer.js=ResourceHttpRequestHandler [classpath [META-INF/resources/webjars/]]}
[39m[restartedMain][0;39m [2026-09-03  14-42-13-74] DEBUG o.apache.catalina.util.LifecycleBase  Setting state for [Connector["http-nio-8088"]] to [STARTING_PREP]
[39m[restartedMain][0;39m [2026-09-03  14-42-13-74] DEBUG o.apache.catalina.util.LifecycleBase  Setting state for [Connector["http-nio-8088"]] to [STARTING]
[34m[restartedMain][0;39m [2026-09-03  14-42-13-74] INFO  o.a.coyote.http11.Http11NioProtocol  Starting ProtocolHandler ["http-nio-8088"]
[39m[restartedMain][0;39m [2026-09-03  14-42-13-76] DEBUG o.apache.catalina.util.LifecycleBase  Setting state for [Connector["http-nio-8088"]] to [STARTED]
[39m[http-nio-8088-Acceptor][0;39m [2026-09-03  14-42-13-76] DEBUG o.a.tomcat.util.threads.LimitLatch  Counting up[http-nio-8088-Acceptor] latch=0
[34m[restartedMain][0;39m [2026-09-03  14-42-13-76] INFO  o.s.boot.tomcat.TomcatWebServer  Tomcat started on port 8088 (http) with context path '/'
[34m[restartedMain][0;39m [2026-09-03  14-42-13-78] INFO  c.a.acceptance.loyalty.Application  Started Application in 12.072 seconds (process running for 13.033)
