[39m[restartedMain][0;39m [2026-09-03  15-14-32-57] TRACE org.hibernate.orm.core  	Member: private com.aman.acceptance.loyalty.enums.TransactionStatus com.aman.acceptance.loyalty.model.LoyaltyTransaction.status
[39m[restartedMain][0;39m [2026-09-03  15-14-32-57] TRACE org.hibernate.orm.core  	Type: basicType@15(com.aman.acceptance.loyalty.enums.TransactionStatus,12) [BasicTypeImpl]
[39m[restartedMain][0;39m [2026-09-03  15-14-32-57] TRACE org.hibernate.orm.core  Building attribute [com.aman.acceptance.loyalty.model.LoyaltyTransaction.transactionTime]
[39m[restartedMain][0;39m [2026-09-03  15-14-32-57] TRACE org.hibernate.orm.core  Starting attribute metadata determination [transactionTime]
[39m[restartedMain][0;39m [2026-09-03  15-14-32-57] TRACE org.hibernate.orm.core  	Member: private java.time.LocalDateTime com.aman.acceptance.loyalty.model.LoyaltyTransaction.transactionTime
[39m[restartedMain][0;39m [2026-09-03  15-14-32-57] TRACE org.hibernate.orm.core  	Type: LocalDateTime [NamedBasicTypeImpl]
[39m[restartedMain][0;39m [2026-09-03  15-14-32-57] TRACE org.hibernate.orm.core  Building attribute [com.aman.acceptance.loyalty.model.LoyaltyTransaction.type]
[39m[restartedMain][0;39m [2026-09-03  15-14-32-57] TRACE org.hibernate.orm.core  Starting attribute metadata determination [type]
[39m[restartedMain][0;39m [2026-09-03  15-14-32-57] TRACE org.hibernate.orm.core  	Member: private com.aman.acceptance.loyalty.enums.TransactionType com.aman.acceptance.loyalty.model.LoyaltyTransaction.type
[39m[restartedMain][0;39m [2026-09-03  15-14-32-57] TRACE org.hibernate.orm.core  	Type: basicType@16(com.aman.acceptance.loyalty.enums.TransactionType,12) [BasicTypeImpl]
[39m[restartedMain][0;39m [2026-09-03  15-14-32-57] TRACE o.h.m.m.d.i.AbstractIdentifiableType  Interpreting domain-model identifier descriptor
[39m[restartedMain][0;39m [2026-09-03  15-14-32-57] TRACE org.hibernate.orm.core  Completed entity [com.aman.acceptance.loyalty.model.LoyaltyTransaction]
[39m[restartedMain][0;39m [2026-09-03  15-14-32-57] TRACE org.hibernate.orm.core  Starting entity [com.aman.acceptance.loyalty.model.RedemptionAllocation]
[39m[restartedMain][0;39m [2026-09-03  15-14-32-57] TRACE org.hibernate.orm.core  Building identifier attribute [com.aman.acceptance.loyalty.model.RedemptionAllocation.id]
[39m[restartedMain][0;39m [2026-09-03  15-14-32-57] TRACE org.hibernate.orm.core  Starting attribute metadata determination [id]
[39m[restartedMain][0;39m [2026-09-03  15-14-32-57] TRACE org.hibernate.orm.core  	Member: private java.lang.Long com.aman.acceptance.loyalty.model.RedemptionAllocation.id
[39m[restartedMain][0;39m [2026-09-03  15-14-32-57] TRACE org.hibernate.orm.core  	Type: long [NamedBasicTypeImpl]
[39m[restartedMain][0;39m [2026-09-03  15-14-32-57] TRACE org.hibernate.orm.core  Building attribute [com.aman.acceptance.loyalty.model.RedemptionAllocation.lot]
[39m[restartedMain][0;39m [2026-09-03  15-14-32-57] TRACE org.hibernate.orm.core  Starting attribute metadata determination [lot]
[39m[restartedMain][0;39m [2026-09-03  15-14-32-57] TRACE org.hibernate.orm.core  	Member: private com.aman.acceptance.loyalty.model.PointsLot com.aman.acceptance.loyalty.model.RedemptionAllocation.lot
[39m[restartedMain][0;39m [2026-09-03  15-14-32-57] TRACE org.hibernate.orm.core  	Type: com.aman.acceptance.loyalty.model.PointsLot [ManyToOneType]
[39m[restartedMain][0;39m [2026-09-03  15-14-32-57] TRACE org.hibernate.orm.core  Building attribute [com.aman.acceptance.loyalty.model.RedemptionAllocation.points]
[39m[restartedMain][0;39m [2026-09-03  15-14-32-57] TRACE org.hibernate.orm.core  Starting attribute metadata determination [points]
[39m[restartedMain][0;39m [2026-09-03  15-14-32-57] TRACE org.hibernate.orm.core  	Member: private java.lang.Integer com.aman.acceptance.loyalty.model.RedemptionAllocation.points
[39m[restartedMain][0;39m [2026-09-03  15-14-32-57] TRACE org.hibernate.orm.core  	Type: integer [NamedBasicTypeImpl]
[39m[restartedMain][0;39m [2026-09-03  15-14-32-57] TRACE org.hibernate.orm.core  Building attribute [com.aman.acceptance.loyalty.model.RedemptionAllocation.redemption]
[39m[restartedMain][0;39m [2026-09-03  15-14-32-57] TRACE org.hibernate.orm.core  Starting attribute metadata determination [redemption]
[39m[restartedMain][0;39m [2026-09-03  15-14-32-57] TRACE org.hibernate.orm.core  	Member: private com.aman.acceptance.loyalty.model.Redemption com.aman.acceptance.loyalty.model.RedemptionAllocation.redemption
[39m[restartedMain][0;39m [2026-09-03  15-14-32-57] TRACE org.hibernate.orm.core  	Type: com.aman.acceptance.loyalty.model.Redemption [ManyToOneType]
[39m[restartedMain][0;39m [2026-09-03  15-14-32-57] TRACE org.hibernate.orm.core  Building attribute [com.aman.acceptance.loyalty.model.RedemptionAllocation.restoredPoints]
[39m[restartedMain][0;39m [2026-09-03  15-14-32-57] TRACE org.hibernate.orm.core  Starting attribute metadata determination [restoredPoints]
[39m[restartedMain][0;39m [2026-09-03  15-14-32-57] TRACE org.hibernate.orm.core  	Member: private java.lang.Integer com.aman.acceptance.loyalty.model.RedemptionAllocation.restoredPoints
