[39m[restartedMain][0;39m [2026-09-03  15-14-32-64] TRACE o.p.core.v3.QueryExecutorImpl          Field(TYPE_NAME,TEXT,65535,T)
[39m[restartedMain][0;39m [2026-09-03  15-14-32-64] TRACE o.p.core.v3.QueryExecutorImpl          Field(SELF_REFERENCING_COL_NAME,TEXT,65535,T)
[39m[restartedMain][0;39m [2026-09-03  15-14-32-64] TRACE o.p.core.v3.QueryExecutorImpl          Field(REF_GENERATION,TEXT,65535,T)
[39m[restartedMain][0;39m [2026-09-03  15-14-32-64] TRACE o.p.core.v3.QueryExecutorImpl   <=BE DataRow(len=33)
[39m[restartedMain][0;39m [2026-09-03  15-14-32-64] TRACE o.p.core.v3.QueryExecutorImpl   <=BE DataRow(len=30)
[39m[restartedMain][0;39m [2026-09-03  15-14-32-65] TRACE o.p.core.v3.QueryExecutorImpl   <=BE DataRow(len=40)
[39m[restartedMain][0;39m [2026-09-03  15-14-32-65] TRACE o.p.core.v3.QueryExecutorImpl   <=BE DataRow(len=37)
[39m[restartedMain][0;39m [2026-09-03  15-14-32-65] TRACE o.p.core.v3.QueryExecutorImpl   <=BE DataRow(len=37)
[39m[restartedMain][0;39m [2026-09-03  15-14-32-65] TRACE o.p.core.v3.QueryExecutorImpl   <=BE DataRow(len=41)
[39m[restartedMain][0;39m [2026-09-03  15-14-32-65] TRACE o.p.core.v3.QueryExecutorImpl   <=BE DataRow(len=32)
[39m[restartedMain][0;39m [2026-09-03  15-14-32-65] TRACE o.p.core.v3.QueryExecutorImpl   <=BE DataRow(len=43)
[39m[restartedMain][0;39m [2026-09-03  15-14-32-65] TRACE o.p.core.v3.QueryExecutorImpl   <=BE DataRow(len=32)
[39m[restartedMain][0;39m [2026-09-03  15-14-32-65] TRACE o.p.core.v3.QueryExecutorImpl   <=BE DataRow(len=34)
[39m[restartedMain][0;39m [2026-09-03  15-14-32-65] TRACE o.p.core.v3.QueryExecutorImpl   <=BE CommandStatus(SELECT 10)
[39m[restartedMain][0;39m [2026-09-03  15-14-32-65] TRACE o.p.core.v3.QueryExecutorImpl   <=BE ReadyForQuery(I)
[39m[restartedMain][0;39m [2026-09-03  15-14-32-65] TRACE org.postgresql.jdbc.PgConnection    getString columnIndex: 1
[39m[restartedMain][0;39m [2026-09-03  15-14-32-65] TRACE org.postgresql.jdbc.PgConnection    getString columnIndex: 2
[39m[restartedMain][0;39m [2026-09-03  15-14-32-65] TRACE org.postgresql.jdbc.PgConnection    getString columnIndex: 3
[39m[restartedMain][0;39m [2026-09-03  15-14-32-65] TRACE org.postgresql.jdbc.PgConnection    getString columnIndex: 4
[39m[restartedMain][0;39m [2026-09-03  15-14-32-65] TRACE org.postgresql.jdbc.PgConnection    getString columnIndex: 5
[39m[restartedMain][0;39m [2026-09-03  15-14-32-65] TRACE org.postgresql.jdbc.PgConnection    getString columnIndex: 1
[39m[restartedMain][0;39m [2026-09-03  15-14-32-65] TRACE org.postgresql.jdbc.PgConnection    getString columnIndex: 2
[39m[restartedMain][0;39m [2026-09-03  15-14-32-65] TRACE org.postgresql.jdbc.PgConnection    getString columnIndex: 3
[39m[restartedMain][0;39m [2026-09-03  15-14-32-65] TRACE org.postgresql.jdbc.PgConnection    getString columnIndex: 4
[39m[restartedMain][0;39m [2026-09-03  15-14-32-65] TRACE org.postgresql.jdbc.PgConnection    getString columnIndex: 5
[39m[restartedMain][0;39m [2026-09-03  15-14-32-65] TRACE org.postgresql.jdbc.PgConnection    getString columnIndex: 1
[39m[restartedMain][0;39m [2026-09-03  15-14-32-65] TRACE org.postgresql.jdbc.PgConnection    getString columnIndex: 2
[39m[restartedMain][0;39m [2026-09-03  15-14-32-65] TRACE org.postgresql.jdbc.PgConnection    getString columnIndex: 3
[39m[restartedMain][0;39m [2026-09-03  15-14-32-65] TRACE org.postgresql.jdbc.PgConnection    getString columnIndex: 4
[39m[restartedMain][0;39m [2026-09-03  15-14-32-65] TRACE org.postgresql.jdbc.PgConnection    getString columnIndex: 5
[39m[restartedMain][0;39m [2026-09-03  15-14-32-65] TRACE org.postgresql.jdbc.PgConnection    getString columnIndex: 1
[39m[restartedMain][0;39m [2026-09-03  15-14-32-65] TRACE org.postgresql.jdbc.PgConnection    getString columnIndex: 2
[39m[restartedMain][0;39m [2026-09-03  15-14-32-65] TRACE org.postgresql.jdbc.PgConnection    getString columnIndex: 3
[39m[restartedMain][0;39m [2026-09-03  15-14-32-65] TRACE org.postgresql.jdbc.PgConnection    getString columnIndex: 4
[39m[restartedMain][0;39m [2026-09-03  15-14-32-65] TRACE org.postgresql.jdbc.PgConnection    getString columnIndex: 5
[39m[restartedMain][0;39m [2026-09-03  15-14-32-65] TRACE org.postgresql.jdbc.PgConnection    getString columnIndex: 1
[39m[restartedMain][0;39m [2026-09-03  15-14-32-65] TRACE org.postgresql.jdbc.PgConnection    getString columnIndex: 2
[39m[restartedMain][0;39m [2026-09-03  15-14-32-65] TRACE org.postgresql.jdbc.PgConnection    getString columnIndex: 3
[39m[restartedMain][0;39m [2026-09-03  15-14-32-65] TRACE org.postgresql.jdbc.PgConnection    getString columnIndex: 4
[39m[restartedMain][0;39m [2026-09-03  15-14-32-65] TRACE org.postgresql.jdbc.PgConnection    getString columnIndex: 5
[39m[restartedMain][0;39m [2026-09-03  15-14-32-65] TRACE org.postgresql.jdbc.PgConnection    getString columnIndex: 1
[39m[restartedMain][0;39m [2026-09-03  15-14-32-65] TRACE org.postgresql.jdbc.PgConnection    getString columnIndex: 2
[39m[restartedMain][0;39m [2026-09-03  15-14-32-65] TRACE org.postgresql.jdbc.PgConnection    getString columnIndex: 3
