[39m[HikariPool-1:connection-adder][0;39m [2026-09-03  14-49-14-96] TRACE o.p.core.v3.ScramAuthenticator   <=BE AuthenticationSASL( [SCRAM-SHA-256] )
[39m[restartedMain][0;39m [2026-09-03  14-49-14-96] TRACE org.hibernate.models.annotations  Registering AnnotationDescriptor - AnnotationDescriptor(jakarta.persistence.Basic)
[39m[HikariPool-1:connection-adder][0;39m [2026-09-03  14-49-14-96] TRACE o.p.core.v3.ScramAuthenticator   Using SCRAM mechanism: SCRAM-SHA-256
[39m[HikariPool-1:connection-adder][0;39m [2026-09-03  14-49-14-96] TRACE o.p.core.v3.ScramAuthenticator   FE=> SASLInitialResponse( n,,n=*,r=>]+:lIMQj8n8XITfHH@Y~[ai )
[39m[restartedMain][0;39m [2026-09-03  14-49-14-96] TRACE org.hibernate.models.annotations  Registering AnnotationDescriptor - AnnotationDescriptor(jakarta.persistence.Cacheable)
[39m[HikariPool-1:connection-adder][0;39m [2026-09-03  14-49-14-96] TRACE o.p.core.v3.ScramAuthenticator   <=BE AuthenticationSASLContinue( r=>]+:lIMQj8n8XITfHH@Y~[ai10iEeoOVqJlXi0m5DF7vQka/,s=CztWnO8HyLgidstIEtJvXw==,i=4096 )
[39m[restartedMain][0;39m [2026-09-03  14-49-14-96] TRACE org.hibernate.models.annotations  Registering AnnotationDescriptor - AnnotationDescriptor(jakarta.persistence.CheckConstraint)
[39m[restartedMain][0;39m [2026-09-03  14-49-14-96] TRACE org.hibernate.models.annotations  Registering AnnotationDescriptor - AnnotationDescriptor(jakarta.persistence.CollectionTable)
[39m[restartedMain][0;39m [2026-09-03  14-49-14-96] TRACE org.hibernate.models.annotations  Registering AnnotationDescriptor - AnnotationDescriptor(jakarta.persistence.Column)
[39m[restartedMain][0;39m [2026-09-03  14-49-14-96] TRACE org.hibernate.models.annotations  Registering AnnotationDescriptor - AnnotationDescriptor(jakarta.persistence.ColumnResult)
[39m[restartedMain][0;39m [2026-09-03  14-49-14-96] TRACE org.hibernate.models.annotations  Registering AnnotationDescriptor - AnnotationDescriptor(jakarta.persistence.ConstructorResult)
[39m[restartedMain][0;39m [2026-09-03  14-49-14-96] TRACE org.hibernate.models.annotations  Registering AnnotationDescriptor - AnnotationDescriptor(jakarta.persistence.Converts)
[39m[restartedMain][0;39m [2026-09-03  14-49-14-96] TRACE org.hibernate.models.annotations  Registering AnnotationDescriptor - AnnotationDescriptor(jakarta.persistence.Convert)
[39m[restartedMain][0;39m [2026-09-03  14-49-14-96] TRACE org.hibernate.models.annotations  Registering repeatable AnnotationDescriptor - AnnotationDescriptor(jakarta.persistence.Converts)
[39m[restartedMain][0;39m [2026-09-03  14-49-14-96] TRACE org.hibernate.models.annotations  Registering AnnotationDescriptor - AnnotationDescriptor(jakarta.persistence.Converter)
[39m[restartedMain][0;39m [2026-09-03  14-49-14-96] TRACE org.hibernate.models.annotations  Registering AnnotationDescriptor - AnnotationDescriptor(jakarta.persistence.DiscriminatorColumn)
[39m[restartedMain][0;39m [2026-09-03  14-49-14-96] TRACE org.hibernate.models.annotations  Registering AnnotationDescriptor - AnnotationDescriptor(jakarta.persistence.DiscriminatorValue)
[39m[restartedMain][0;39m [2026-09-03  14-49-14-96] TRACE org.hibernate.models.annotations  Registering AnnotationDescriptor - AnnotationDescriptor(jakarta.persistence.ElementCollection)
[39m[restartedMain][0;39m [2026-09-03  14-49-14-96] TRACE org.hibernate.models.annotations  Registering AnnotationDescriptor - AnnotationDescriptor(jakarta.persistence.Embeddable)
[39m[restartedMain][0;39m [2026-09-03  14-49-14-96] TRACE org.hibernate.models.annotations  Registering AnnotationDescriptor - AnnotationDescriptor(jakarta.persistence.Embedded)
[39m[restartedMain][0;39m [2026-09-03  14-49-14-97] TRACE org.hibernate.models.annotations  Registering AnnotationDescriptor - AnnotationDescriptor(jakarta.persistence.EmbeddedId)
[39m[restartedMain][0;39m [2026-09-03  14-49-14-97] TRACE org.hibernate.models.annotations  Registering AnnotationDescriptor - AnnotationDescriptor(jakarta.persistence.Entity)
[39m[HikariPool-1:connection-adder][0;39m [2026-09-03  14-49-14-97] TRACE o.p.core.v3.ScramAuthenticator   FE=> SASLResponse( c=biws,r=>]+:lIMQj8n8XITfHH@Y~[ai10iEeoOVqJlXi0m5DF7vQka/,p=2C40oRxSknpubKBYPe5YZ8zXwrOWxPSMMjCwBBPtRcM= )
[39m[restartedMain][0;39m [2026-09-03  14-49-14-97] TRACE org.hibernate.models.annotations  Registering AnnotationDescriptor - AnnotationDescriptor(jakarta.persistence.EntityListeners)
[39m[restartedMain][0;39m [2026-09-03  14-49-14-97] TRACE org.hibernate.models.annotations  Registering AnnotationDescriptor - AnnotationDescriptor(jakarta.persistence.EntityResult)
[39m[restartedMain][0;39m [2026-09-03  14-49-14-97] TRACE org.hibernate.models.annotations  Registering AnnotationDescriptor - AnnotationDescriptor(jakarta.persistence.Enumerated)
[39m[restartedMain][0;39m [2026-09-03  14-49-14-97] TRACE org.hibernate.models.annotations  Registering AnnotationDescriptor - AnnotationDescriptor(jakarta.persistence.EnumeratedValue)
[39m[restartedMain][0;39m [2026-09-03  14-49-14-97] TRACE org.hibernate.models.annotations  Registering AnnotationDescriptor - AnnotationDescriptor(jakarta.persistence.ExcludeDefaultListeners)
