[39m[scheduling-1][0;39m [2026-09-03  15-00-22-56] TRACE org.hibernate.orm.jdbc  HHH100004: Statement execution complete (connection release mode ON_CLOSE) in JdbcCoordinator @557228236
[39m[scheduling-1][0;39m [2026-09-03  15-00-22-56] TRACE org.hibernate.orm.resource.registry  HHH10002501: Releasing registered JDBC resources
[39m[scheduling-1][0;39m [2026-09-03  15-00-22-56] TRACE org.hibernate.orm.session  Closing session [640b44ee-f874-4241-8ff0-377981d3d7ce]
[39m[scheduling-1][0;39m [2026-09-03  15-00-22-56] DEBUG org.hibernate.session.metrics  HHH000401: Logging session metrics:
	12900 ns acquiring 1 JDBC connections
	0 ns releasing 0 JDBC connections
	29400 ns preparing 1 JDBC statements
	723000 ns executing 1 JDBC statements
	0 ns executing 0 JDBC batches
	0 ns performing 0 second-level cache puts
	0 ns performing 0 second-level cache hits
	0 ns performing 0 second-level cache misses
	0 ns executing 0 flushes (flushing a total of 0 entities and 0 collections)
	0 ns executing 0 pre-partial-flushes
	0 ns executing 0 partial-flushes (flushing a total of 0 entities and 0 collections)

[39m[scheduling-1][0;39m [2026-09-03  15-00-22-56] TRACE org.hibernate.orm.jdbc  HHH100003: Closing JdbcCoordinator @557228236
[39m[scheduling-1][0;39m [2026-09-03  15-00-22-56] TRACE org.hibernate.orm.resource.registry  HHH10002501: Releasing registered JDBC resources
[39m[scheduling-1][0;39m [2026-09-03  15-00-22-56] TRACE org.hibernate.orm.resource.jdbc  HHH10003017: Closing logical connection @1603293944
[39m[scheduling-1][0;39m [2026-09-03  15-00-22-56] TRACE org.hibernate.orm.resource.registry  HHH10002501: Releasing registered JDBC resources
[39m[scheduling-1][0;39m [2026-09-03  15-00-22-56] TRACE org.hibernate.orm.resource.jdbc  HHH10003018: Closed logical connection @1603293944
[39m[scheduling-1][0;39m [2026-09-03  15-00-22-56] DEBUG org.hibernate.orm.core  HHH006588: Opening session [tenant=null]
[39m[scheduling-1][0;39m [2026-09-03  15-00-22-56] TRACE org.hibernate.orm.jdbc  HHH100002: Created JdbcCoordinator @952012468
[39m[scheduling-1][0;39m [2026-09-03  15-00-22-56] TRACE org.hibernate.orm.session  Opened Session [5d84d61d-9dfd-4ebd-b998-eb946f6e7984] at timestamp: 1788436822562
[39m[scheduling-1][0;39m [2026-09-03  15-00-22-56] TRACE org.hibernate.orm.query.plan.cache  Resolving HQL interpretation for [SELECT r FROM Redemption r WHERE r.status = :status AND r.reservationExpiresAt < :time]
[39m[scheduling-1][0;39m [2026-09-03  15-00-22-56] TRACE org.hibernate.orm.query.plan.cache  Resolving cached query plan for [SELECT r FROM Redemption r WHERE r.status = :status AND r.reservationExpiresAt < :time]
[39m[scheduling-1][0;39m [2026-09-03  15-00-22-56] TRACE org.hibernate.orm.sql.exec  HHH90004016: Skipping reading query result cache data (query cache disabled, cache mode NORMAL)
[39m[scheduling-1][0;39m [2026-09-03  15-00-22-56] TRACE org.hibernate.orm.core  Executing query to retrieve ResultSet: select r1_0.id,r1_0.account_id,r1_0.authorization_code,r1_0.cancel_reason,r1_0.cancelled_at,r1_0.created_at,r1_0.discount_amount,r1_0.otp_attempts_remaining,r1_0.otp_expires_at,r1_0.otp_hash,r1_0.purchase_transaction_id,r1_0.requested_points,r1_0.reservation_expires_at,r1_0.status from redemptions r1_0 where r1_0.status=? and r1_0.reservation_expires_at<?
[39m[scheduling-1][0;39m [2026-09-03  15-00-22-56] DEBUG org.hibernate.SQL  
    select
        r1_0.id,
        r1_0.account_id,
        r1_0.authorization_code,
        r1_0.cancel_reason,
        r1_0.cancelled_at,
        r1_0.created_at,
        r1_0.discount_amount,
        r1_0.otp_attempts_remaining,
        r1_0.otp_expires_at,
        r1_0.otp_hash,
        r1_0.purchase_transaction_id,
        r1_0.requested_points,
        r1_0.reservation_expires_at,
        r1_0.status 
    from
        redemptions r1_0 
    where
        r1_0.status=? 
        and r1_0.reservation_expires_at<?
[39m[scheduling-1][0;39m [2026-09-03  15-00-22-56] TRACE org.hibernate.orm.resource.registry  HHH10002502: Registering statement [HikariProxyPreparedStatement@1668175232 wrapping select r1_0.id,r1_0.account_id,r1_0.authorization_code,r1_0.cancel_reason,r1_0.cancelled_at,r1_0.created_at,r1_0.discount_amount,r1_0.otp_attempts_remaining,r1_0.otp_expires_at,r1_0.otp_hash,r1_0.purchase_transaction_id,r1_0.requested_points,r1_0.reservation_expires_at,r1_0.status from redemptions r1_0 where r1_0.status=? and r1_0.reservation_expires_at<?]
[39m[scheduling-1][0;39m [2026-09-03  15-00-22-56] TRACE org.hibernate.orm.jdbc.bind  binding parameter (1:VARCHAR) <- [AUTHORIZED]
[39m[scheduling-1][0;39m [2026-09-03  15-00-22-56] TRACE org.hibernate.orm.jdbc.bind  binding parameter (2:TIMESTAMP) <- [2026-09-03T15:00:22.550562400]
[39m[scheduling-1][0;39m [2026-09-03  15-00-22-56] TRACE o.p.core.v3.QueryExecutorImpl    simple execute, handler=org.postgresql.jdbc.PgStatement$StatementResultHandler@3d44a4a0, maxRows=0, fetchSize=0, flags=16
[39m[scheduling-1][0;39m [2026-09-03  15-00-22-56] TRACE o.p.core.v3.QueryExecutorImpl  Couldn''t estimate result size or result size unbounded, disabling batching for this query.
