[39m[http-nio-8088-Poller][0;39m [2026-09-03  14-47-02-84] DEBUG o.apache.tomcat.util.net.NioEndpoint  timeout completed: keys processed=0; now=1788436022849; nextExpiration=1788436022836; keyCount=0; hasEvents=false; eval=false
[39m[HikariPool-1:housekeeper][0;39m [2026-09-03  14-47-02-94] TRACE o.p.core.v3.QueryExecutorImpl    simple execute, handler=org.postgresql.jdbc.PgStatement$StatementResultHandler@6ea08866, maxRows=0, fetchSize=0, flags=1,041
[39m[HikariPool-1:housekeeper][0;39m [2026-09-03  14-47-02-94] TRACE o.p.core.v3.QueryExecutorImpl   FE=> SimpleQuery(query="")
[39m[HikariPool-1:housekeeper][0;39m [2026-09-03  14-47-02-95] TRACE o.p.core.v3.QueryExecutorImpl   <=BE EmptyQuery
[39m[HikariPool-1:housekeeper][0;39m [2026-09-03  14-47-02-95] TRACE o.p.core.v3.QueryExecutorImpl   <=BE ReadyForQuery(I)
[39m[HikariPool-1:housekeeper][0;39m [2026-09-03  14-47-02-95] TRACE o.p.core.v3.QueryExecutorImpl   FE marking setPortalDescribed(false) for query 
[39m[HikariPool-1:housekeeper][0;39m [2026-09-03  14-47-02-95] DEBUG com.zaxxer.hikari.pool.HikariPool  HikariPool-1 - keepalive: connection org.postgresql.jdbc.PgConnection@24ec60f0 is alive
[39m[http-nio-8088-Poller][0;39m [2026-09-03  14-47-03-86] DEBUG o.apache.tomcat.util.net.NioEndpoint  timeout completed: keys processed=0; now=1788436023864; nextExpiration=1788436023849; keyCount=0; hasEvents=false; eval=false
[39m[http-nio-8088-Poller][0;39m [2026-09-03  14-47-04-87] DEBUG o.apache.tomcat.util.net.NioEndpoint  timeout completed: keys processed=0; now=1788436024874; nextExpiration=1788436024864; keyCount=0; hasEvents=false; eval=false
[39m[Catalina-utility-1][0;39m [2026-09-03  14-47-05-55] DEBUG o.a.catalina.session.ManagerBase  Start expire sessions StandardManager at 1788436025559 sessioncount 0
[39m[Catalina-utility-1][0;39m [2026-09-03  14-47-05-55] DEBUG o.a.catalina.session.ManagerBase  End expire sessions StandardManager processingTime 0 expired sessions: 0
[39m[http-nio-8088-Poller][0;39m [2026-09-03  14-47-05-88] DEBUG o.apache.tomcat.util.net.NioEndpoint  timeout completed: keys processed=0; now=1788436025885; nextExpiration=1788436025874; keyCount=0; hasEvents=false; eval=false
[39m[HikariPool-1:housekeeper][0;39m [2026-09-03  14-47-05-97] DEBUG com.zaxxer.hikari.pool.HikariPool  HikariPool-1 - Pool stats (total=10/10, idle=10/10, active=0, waiting=0)
[39m[HikariPool-1:housekeeper][0;39m [2026-09-03  14-47-05-97] DEBUG com.zaxxer.hikari.pool.HikariPool  HikariPool-1 - Fill pool skipped, pool has sufficient level or currently being filled.
[39m[http-nio-8088-Poller][0;39m [2026-09-03  14-47-06-89] DEBUG o.apache.tomcat.util.net.NioEndpoint  timeout completed: keys processed=0; now=1788436026895; nextExpiration=1788436026885; keyCount=0; hasEvents=false; eval=false
[39m[HikariPool-1:housekeeper][0;39m [2026-09-03  14-47-07-65] TRACE o.p.core.v3.QueryExecutorImpl    simple execute, handler=org.postgresql.jdbc.PgStatement$StatementResultHandler@297de410, maxRows=0, fetchSize=0, flags=1,041
[39m[HikariPool-1:housekeeper][0;39m [2026-09-03  14-47-07-65] TRACE o.p.core.v3.QueryExecutorImpl   FE=> SimpleQuery(query="")
[39m[HikariPool-1:housekeeper][0;39m [2026-09-03  14-47-07-66] TRACE o.p.core.v3.QueryExecutorImpl   <=BE EmptyQuery
[39m[HikariPool-1:housekeeper][0;39m [2026-09-03  14-47-07-66] TRACE o.p.core.v3.QueryExecutorImpl   <=BE ReadyForQuery(I)
[39m[HikariPool-1:housekeeper][0;39m [2026-09-03  14-47-07-66] TRACE o.p.core.v3.QueryExecutorImpl   FE marking setPortalDescribed(false) for query 
[39m[HikariPool-1:housekeeper][0;39m [2026-09-03  14-47-07-66] DEBUG com.zaxxer.hikari.pool.HikariPool  HikariPool-1 - keepalive: connection org.postgresql.jdbc.PgConnection@69b41079 is alive
[39m[http-nio-8088-Poller][0;39m [2026-09-03  14-47-07-91] DEBUG o.apache.tomcat.util.net.NioEndpoint  timeout completed: keys processed=0; now=1788436027911; nextExpiration=1788436027895; keyCount=0; hasEvents=false; eval=false
[39m[http-nio-8088-Poller][0;39m [2026-09-03  14-47-08-92] DEBUG o.apache.tomcat.util.net.NioEndpoint  timeout completed: keys processed=0; now=1788436028925; nextExpiration=1788436028911; keyCount=0; hasEvents=false; eval=false
[39m[http-nio-8088-Poller][0;39m [2026-09-03  14-47-09-92] DEBUG o.apache.tomcat.util.net.NioEndpoint  timeout completed: keys processed=0; now=1788436029927; nextExpiration=1788436029925; keyCount=0; hasEvents=false; eval=false
[39m[http-nio-8088-Poller][0;39m [2026-09-03  14-47-10-93] DEBUG o.apache.tomcat.util.net.NioEndpoint  timeout completed: keys processed=0; now=1788436030933; nextExpiration=1788436030927; keyCount=0; hasEvents=false; eval=false
[39m[http-nio-8088-Poller][0;39m [2026-09-03  14-47-11-94] DEBUG o.apache.tomcat.util.net.NioEndpoint  timeout completed: keys processed=0; now=1788436031949; nextExpiration=1788436031933; keyCount=0; hasEvents=false; eval=false
[39m[http-nio-8088-Poller][0;39m [2026-09-03  14-47-12-96] DEBUG o.apache.tomcat.util.net.NioEndpoint  timeout completed: keys processed=0; now=1788436032960; nextExpiration=1788436032949; keyCount=0; hasEvents=false; eval=false
