[39m[scheduling-1][0;39m [2026-09-03  14-49-22-27] TRACE o.p.core.v3.QueryExecutorImpl          Field(otp_attempts_remaining,INT4,4,T)
[39m[scheduling-1][0;39m [2026-09-03  14-49-22-27] TRACE o.p.core.v3.QueryExecutorImpl          Field(otp_expires_at,TIMESTAMP,8,T)
[39m[scheduling-1][0;39m [2026-09-03  14-49-22-27] TRACE o.p.core.v3.QueryExecutorImpl          Field(otp_hash,VARCHAR,65535,T)
[39m[scheduling-1][0;39m [2026-09-03  14-49-22-27] TRACE o.p.core.v3.QueryExecutorImpl          Field(purchase_transaction_id,VARCHAR,65535,T)
[39m[scheduling-1][0;39m [2026-09-03  14-49-22-27] TRACE o.p.core.v3.QueryExecutorImpl          Field(requested_points,INT4,4,T)
[39m[scheduling-1][0;39m [2026-09-03  14-49-22-27] TRACE o.p.core.v3.QueryExecutorImpl          Field(reservation_expires_at,TIMESTAMP,8,T)
[39m[scheduling-1][0;39m [2026-09-03  14-49-22-27] TRACE o.p.core.v3.QueryExecutorImpl          Field(status,VARCHAR,65535,T)
[39m[scheduling-1][0;39m [2026-09-03  14-49-22-27] TRACE o.p.core.v3.QueryExecutorImpl   <=BE CommandStatus(SELECT 0)
[39m[scheduling-1][0;39m [2026-09-03  14-49-22-27] TRACE o.p.core.v3.QueryExecutorImpl   <=BE ReadyForQuery(I)
[39m[scheduling-1][0;39m [2026-09-03  14-49-22-27] TRACE org.hibernate.orm.resource.registry  HHH10002507: Registering result set [HikariProxyResultSet@1631213610 wrapping org.postgresql.jdbc.PgResultSet@61191faa]
[39m[scheduling-1][0;39m [2026-09-03  14-49-22-27] TRACE org.hibernate.orm.results  Registering initializer: EntityDelayedFetchInitializer(com.aman.acceptance.loyalty.model.Redemption(r).account)
[39m[scheduling-1][0;39m [2026-09-03  14-49-22-27] TRACE org.hibernate.orm.results  Registering initializer: DelayedCollectionInitializer(com.aman.acceptance.loyalty.model.Redemption(r).allocations)
[39m[scheduling-1][0;39m [2026-09-03  14-49-22-27] TRACE org.hibernate.orm.results  Registering initializer: EntityJoinedFetchInitializer(com.aman.acceptance.loyalty.model.Redemption(r))
[39m[scheduling-1][0;39m [2026-09-03  14-49-22-27] TRACE org.hibernate.orm.resource.registry  HHH10002504: Releasing result set [HikariProxyResultSet@1631213610 wrapping org.postgresql.jdbc.PgResultSet@61191faa]
[39m[scheduling-1][0;39m [2026-09-03  14-49-22-27] TRACE org.hibernate.orm.resource.registry  HHH10002505: Closing result set [HikariProxyResultSet@1631213610 wrapping org.postgresql.jdbc.PgResultSet@61191faa]
[39m[scheduling-1][0;39m [2026-09-03  14-49-22-27] TRACE org.hibernate.orm.resource.registry  HHH10002503: Releasing statement [HikariProxyPreparedStatement@1034113633 wrapping select r1_0.id,r1_0.account_id,r1_0.authorization_code,r1_0.cancel_reason,r1_0.cancelled_at,r1_0.created_at,r1_0.discount_amount,r1_0.otp_attempts_remaining,r1_0.otp_expires_at,r1_0.otp_hash,r1_0.purchase_transaction_id,r1_0.requested_points,r1_0.reservation_expires_at,r1_0.status from redemptions r1_0 where r1_0.status=('AUTHORIZED') and r1_0.reservation_expires_at<('2026-09-03 14:49:22.223991+03')]
[39m[scheduling-1][0;39m [2026-09-03  14-49-22-27] TRACE org.hibernate.orm.resource.registry  HHH10002506: Closing prepared statement [HikariProxyPreparedStatement@1034113633 wrapping select r1_0.id,r1_0.account_id,r1_0.authorization_code,r1_0.cancel_reason,r1_0.cancelled_at,r1_0.created_at,r1_0.discount_amount,r1_0.otp_attempts_remaining,r1_0.otp_expires_at,r1_0.otp_hash,r1_0.purchase_transaction_id,r1_0.requested_points,r1_0.reservation_expires_at,r1_0.status from redemptions r1_0 where r1_0.status=('AUTHORIZED') and r1_0.reservation_expires_at<('2026-09-03 14:49:22.223991+03')]
[39m[scheduling-1][0;39m [2026-09-03  14-49-22-27] TRACE org.hibernate.orm.jdbc  HHH100004: Statement execution complete (connection release mode ON_CLOSE) in JdbcCoordinator @156843756
[39m[scheduling-1][0;39m [2026-09-03  14-49-22-27] TRACE org.hibernate.orm.resource.registry  HHH10002501: Releasing registered JDBC resources
[39m[scheduling-1][0;39m [2026-09-03  14-49-22-27] TRACE org.hibernate.orm.session  Closing session [e64079e6-1b20-4918-8cd2-ff73ecb0cc43]
[39m[scheduling-1][0;39m [2026-09-03  14-49-22-27] DEBUG org.hibernate.session.metrics  HHH000401: Logging session metrics:
	18300 ns acquiring 1 JDBC connections
	0 ns releasing 0 JDBC connections
	164600 ns preparing 1 JDBC statements
	3390300 ns executing 1 JDBC statements
	0 ns executing 0 JDBC batches
	0 ns performing 0 second-level cache puts
	0 ns performing 0 second-level cache hits
	0 ns performing 0 second-level cache misses
	0 ns executing 0 flushes (flushing a total of 0 entities and 0 collections)
	0 ns executing 0 pre-partial-flushes
	0 ns executing 0 partial-flushes (flushing a total of 0 entities and 0 collections)

[39m[scheduling-1][0;39m [2026-09-03  14-49-22-27] TRACE org.hibernate.orm.jdbc  HHH100003: Closing JdbcCoordinator @156843756
[39m[scheduling-1][0;39m [2026-09-03  14-49-22-27] TRACE org.hibernate.orm.resource.registry  HHH10002501: Releasing registered JDBC resources
[39m[scheduling-1][0;39m [2026-09-03  14-49-22-27] TRACE org.hibernate.orm.resource.jdbc  HHH10003017: Closing logical connection @329160693
