[39m[restartedMain][0;39m [2026-09-03  14-42-06-41] TRACE org.hibernate.models.annotations  Registering AnnotationDescriptor - AnnotationDescriptor(jakarta.persistence.JoinColumns)
[39m[restartedMain][0;39m [2026-09-03  14-42-06-42] TRACE org.hibernate.models.annotations  Registering AnnotationDescriptor - AnnotationDescriptor(jakarta.persistence.JoinColumn)
[39m[restartedMain][0;39m [2026-09-03  14-42-06-42] TRACE org.hibernate.models.annotations  Registering repeatable AnnotationDescriptor - AnnotationDescriptor(jakarta.persistence.JoinColumns)
[39m[restartedMain][0;39m [2026-09-03  14-42-06-42] TRACE org.hibernate.models.annotations  Registering AnnotationDescriptor - AnnotationDescriptor(jakarta.persistence.JoinTable)
[39m[restartedMain][0;39m [2026-09-03  14-42-06-42] TRACE org.hibernate.models.annotations  Registering AnnotationDescriptor - AnnotationDescriptor(jakarta.persistence.Lob)
[39m[restartedMain][0;39m [2026-09-03  14-42-06-42] TRACE org.hibernate.models.annotations  Registering AnnotationDescriptor - AnnotationDescriptor(jakarta.persistence.ManyToMany)
[39m[restartedMain][0;39m [2026-09-03  14-42-06-42] TRACE org.hibernate.models.annotations  Registering AnnotationDescriptor - AnnotationDescriptor(jakarta.persistence.ManyToOne)
[39m[restartedMain][0;39m [2026-09-03  14-42-06-42] TRACE org.hibernate.models.annotations  Registering AnnotationDescriptor - AnnotationDescriptor(jakarta.persistence.MapKey)
[39m[restartedMain][0;39m [2026-09-03  14-42-06-42] TRACE org.hibernate.models.annotations  Registering AnnotationDescriptor - AnnotationDescriptor(jakarta.persistence.MapKeyClass)
[39m[restartedMain][0;39m [2026-09-03  14-42-06-42] TRACE org.hibernate.models.annotations  Registering AnnotationDescriptor - AnnotationDescriptor(jakarta.persistence.MapKeyColumn)
[39m[restartedMain][0;39m [2026-09-03  14-42-06-42] TRACE org.hibernate.models.annotations  Registering AnnotationDescriptor - AnnotationDescriptor(jakarta.persistence.MapKeyEnumerated)
[39m[restartedMain][0;39m [2026-09-03  14-42-06-42] TRACE org.hibernate.models.annotations  Registering AnnotationDescriptor - AnnotationDescriptor(jakarta.persistence.MapKeyJoinColumns)
[39m[restartedMain][0;39m [2026-09-03  14-42-06-42] TRACE org.hibernate.models.annotations  Registering AnnotationDescriptor - AnnotationDescriptor(jakarta.persistence.MapKeyJoinColumn)
[39m[restartedMain][0;39m [2026-09-03  14-42-06-42] TRACE org.hibernate.models.annotations  Registering repeatable AnnotationDescriptor - AnnotationDescriptor(jakarta.persistence.MapKeyJoinColumns)
[39m[restartedMain][0;39m [2026-09-03  14-42-06-42] TRACE org.hibernate.models.annotations  Registering AnnotationDescriptor - AnnotationDescriptor(jakarta.persistence.MapKeyTemporal)
[39m[restartedMain][0;39m [2026-09-03  14-42-06-42] TRACE org.hibernate.models.annotations  Registering AnnotationDescriptor - AnnotationDescriptor(jakarta.persistence.MappedSuperclass)
[39m[restartedMain][0;39m [2026-09-03  14-42-06-42] TRACE org.hibernate.models.annotations  Registering AnnotationDescriptor - AnnotationDescriptor(jakarta.persistence.MapsId)
[39m[restartedMain][0;39m [2026-09-03  14-42-06-42] TRACE org.hibernate.models.annotations  Registering AnnotationDescriptor - AnnotationDescriptor(jakarta.persistence.NamedAttributeNode)
[39m[restartedMain][0;39m [2026-09-03  14-42-06-42] TRACE org.hibernate.models.annotations  Registering AnnotationDescriptor - AnnotationDescriptor(jakarta.persistence.NamedEntityGraphs)
[39m[restartedMain][0;39m [2026-09-03  14-42-06-42] TRACE org.hibernate.models.annotations  Registering AnnotationDescriptor - AnnotationDescriptor(jakarta.persistence.NamedEntityGraph)
[39m[restartedMain][0;39m [2026-09-03  14-42-06-42] TRACE org.hibernate.models.annotations  Registering repeatable AnnotationDescriptor - AnnotationDescriptor(jakarta.persistence.NamedEntityGraphs)
[39m[restartedMain][0;39m [2026-09-03  14-42-06-42] TRACE org.hibernate.models.annotations  Registering AnnotationDescriptor - AnnotationDescriptor(jakarta.persistence.NamedNativeQueries)
[39m[restartedMain][0;39m [2026-09-03  14-42-06-42] TRACE org.hibernate.models.annotations  Registering AnnotationDescriptor - AnnotationDescriptor(jakarta.persistence.NamedNativeQuery)
[39m[restartedMain][0;39m [2026-09-03  14-42-06-42] TRACE org.hibernate.models.annotations  Registering repeatable AnnotationDescriptor - AnnotationDescriptor(jakarta.persistence.NamedNativeQueries)
[39m[restartedMain][0;39m [2026-09-03  14-42-06-42] TRACE org.hibernate.models.annotations  Registering AnnotationDescriptor - AnnotationDescriptor(jakarta.persistence.NamedQueries)
[39m[restartedMain][0;39m [2026-09-03  14-42-06-42] TRACE org.hibernate.models.annotations  Registering AnnotationDescriptor - AnnotationDescriptor(jakarta.persistence.NamedQuery)
[39m[restartedMain][0;39m [2026-09-03  14-42-06-42] TRACE org.hibernate.models.annotations  Registering repeatable AnnotationDescriptor - AnnotationDescriptor(jakarta.persistence.NamedQueries)
[39m[restartedMain][0;39m [2026-09-03  14-42-06-42] TRACE org.hibernate.models.annotations  Registering AnnotationDescriptor - AnnotationDescriptor(jakarta.persistence.NamedStoredProcedureQueries)
