[39m[HikariPool-1:connection-adder][0;39m [2026-09-03  14-49-14-62] DEBUG com.zaxxer.hikari.pool.HikariPool  HikariPool-1 - Added connection org.postgresql.jdbc.PgConnection@7b91b602
[39m[restartedMain][0;39m [2026-09-03  14-49-14-62] TRACE org.hibernate.orm.service  HHH010500: Initializing service: org.hibernate.engine.jdbc.connections.spi.MultiTenantConnectionProvider
[39m[restartedMain][0;39m [2026-09-03  14-49-14-62] TRACE org.hibernate.orm.service  HHH010500: Initializing service: org.hibernate.resource.beans.spi.ManagedBeanRegistry
[39m[restartedMain][0;39m [2026-09-03  14-49-14-63] TRACE org.hibernate.orm.service  HHH010500: Initializing service: org.hibernate.cache.spi.RegionFactory
[39m[restartedMain][0;39m [2026-09-03  14-49-14-63] DEBUG org.hibernate.orm.cache  HHH90001031: Cannot default RegionFactory since no RegionFactory strategies were registered
[39m[restartedMain][0;39m [2026-09-03  14-49-14-63] DEBUG org.hibernate.orm.cache  HHH90001029: Second-level cache disabled
[39m[HikariPool-1:connection-adder][0;39m [2026-09-03  14-49-14-66] DEBUG com.zaxxer.hikari.pool.HikariPool  HikariPool-1 - After adding stats (total=2/10, idle=2/10, active=0, waiting=0)
[39m[HikariPool-1:connection-adder][0;39m [2026-09-03  14-49-14-66] DEBUG com.zaxxer.hikari.pool.PoolBase  HikariPool-1 - Attempting to create/setup new connection (61da640e-4015-40f8-83f4-31195cd7a057)
[39m[HikariPool-1:connection-adder][0;39m [2026-09-03  14-49-14-66] DEBUG org.postgresql.Driver  Connecting with URL: jdbc:postgresql://localhost:5432/loyalty_db
[39m[HikariPool-1:connection-adder][0;39m [2026-09-03  14-49-14-66] DEBUG org.postgresql.jdbc.PgConnection  PostgreSQL JDBC Driver 42.7.11
[39m[HikariPool-1:connection-adder][0;39m [2026-09-03  14-49-14-66] DEBUG org.postgresql.jdbc.PgConnection    setDefaultFetchSize = 0
[39m[HikariPool-1:connection-adder][0;39m [2026-09-03  14-49-14-66] DEBUG org.postgresql.jdbc.PgConnection    setQueryTimeout = 0
[39m[HikariPool-1:connection-adder][0;39m [2026-09-03  14-49-14-66] DEBUG org.postgresql.jdbc.PgConnection    setPrepareThreshold = 5
[39m[HikariPool-1:connection-adder][0;39m [2026-09-03  14-49-14-66] DEBUG o.p.core.v3.ConnectionFactoryImpl  Trying to establish a protocol version 3 connection to localhost:5432
[39m[HikariPool-1:connection-adder][0;39m [2026-09-03  14-49-14-66] DEBUG o.p.core.v3.ConnectionFactoryImpl  Receive Buffer Size is 65,536
[39m[HikariPool-1:connection-adder][0;39m [2026-09-03  14-49-14-67] DEBUG o.p.core.v3.ConnectionFactoryImpl  Send Buffer Size is 65,536
[39m[HikariPool-1:connection-adder][0;39m [2026-09-03  14-49-14-67] TRACE o.p.core.v3.ConnectionFactoryImpl   FE=> SSLRequest postgres
[39m[HikariPool-1:connection-adder][0;39m [2026-09-03  14-49-14-72] TRACE o.p.core.v3.ConnectionFactoryImpl   <=BE SSLRefused
[39m[HikariPool-1:connection-adder][0;39m [2026-09-03  14-49-14-72] TRACE o.p.core.v3.ConnectionFactoryImpl   FE=> StartupPacket(user=postgres, database=loyalty_db, client_encoding=UTF8, DateStyle=ISO, TimeZone=Africa/Cairo)
[39m[HikariPool-1:connection-adder][0;39m [2026-09-03  14-49-14-73] TRACE o.p.core.v3.ScramAuthenticator  channelBinding( PREFER )
[39m[HikariPool-1:connection-adder][0;39m [2026-09-03  14-49-14-73] TRACE o.p.core.v3.ScramAuthenticator   <=BE AuthenticationSASL( [SCRAM-SHA-256] )
[39m[HikariPool-1:connection-adder][0;39m [2026-09-03  14-49-14-73] TRACE o.p.core.v3.ScramAuthenticator   Using SCRAM mechanism: SCRAM-SHA-256
[39m[HikariPool-1:connection-adder][0;39m [2026-09-03  14-49-14-73] TRACE o.p.core.v3.ScramAuthenticator   FE=> SASLInitialResponse( n,,n=*,r=kfVV`}uiKv@Wa)`FI;~7Yk8& )
[39m[HikariPool-1:connection-adder][0;39m [2026-09-03  14-49-14-73] TRACE o.p.core.v3.ScramAuthenticator   <=BE AuthenticationSASLContinue( r=kfVV`}uiKv@Wa)`FI;~7Yk8&/FDE1fKYDzfrXcjByqeEh09y,s=CztWnO8HyLgidstIEtJvXw==,i=4096 )
[39m[HikariPool-1:connection-adder][0;39m [2026-09-03  14-49-14-73] TRACE o.p.core.v3.ScramAuthenticator   FE=> SASLResponse( c=biws,r=kfVV`}uiKv@Wa)`FI;~7Yk8&/FDE1fKYDzfrXcjByqeEh09y,p=0m33JuXzPucGoFeSA1PWF7DgdGEbOgJjNBfFgU/RBag= )
[39m[HikariPool-1:connection-adder][0;39m [2026-09-03  14-49-14-74] TRACE o.p.core.v3.ScramAuthenticator   <=BE AuthenticationSASLFinal( v=EJrrhichlhuUt5NlcwnMOes7AdPeEa8n/AF/NKYNYp8= )
[39m[HikariPool-1:connection-adder][0;39m [2026-09-03  14-49-14-74] TRACE o.p.core.v3.ConnectionFactoryImpl   <=BE AuthenticationOk
[39m[HikariPool-1:connection-adder][0;39m [2026-09-03  14-49-14-74] TRACE o.p.core.v3.QueryExecutorImpl   <=BE ParameterStatus(in_hot_standby = off)
[39m[HikariPool-1:connection-adder][0;39m [2026-09-03  14-49-14-74] TRACE o.p.core.v3.QueryExecutorImpl   <=BE ParameterStatus(integer_datetimes = on)
[39m[HikariPool-1:connection-adder][0;39m [2026-09-03  14-49-14-74] TRACE o.p.core.v3.QueryExecutorImpl   <=BE ParameterStatus(TimeZone = Africa/Cairo)
[39m[HikariPool-1:connection-adder][0;39m [2026-09-03  14-49-14-74] TRACE o.p.core.v3.QueryExecutorImpl   <=BE ParameterStatus(IntervalStyle = postgres)
[39m[HikariPool-1:connection-adder][0;39m [2026-09-03  14-49-14-74] TRACE o.p.core.v3.QueryExecutorImpl   <=BE ParameterStatus(search_path = "$user", public)
