[39m[restartedMain][0;39m [2026-09-03  14-42-06-44] TRACE org.hibernate.models.annotations  Registering AnnotationDescriptor - AnnotationDescriptor(jakarta.persistence.SequenceGenerators)
[39m[HikariPool-1:connection-adder][0;39m [2026-09-03  14-42-06-44] TRACE o.p.core.v3.ScramAuthenticator   FE=> SASLResponse( c=biws,r=%E^]9=tF*Wzbp6JJ:I_jT58+RR848gneCSbL8ED5QWVAh5cL,p=Dsbg2KZfVak3Os2nRnb7k32dhGygn+xzOBb4YIyXFo0= )
[39m[restartedMain][0;39m [2026-09-03  14-42-06-44] TRACE org.hibernate.models.annotations  Registering AnnotationDescriptor - AnnotationDescriptor(jakarta.persistence.SequenceGenerator)
[39m[restartedMain][0;39m [2026-09-03  14-42-06-44] TRACE org.hibernate.models.annotations  Registering repeatable AnnotationDescriptor - AnnotationDescriptor(jakarta.persistence.SequenceGenerators)
[39m[restartedMain][0;39m [2026-09-03  14-42-06-44] TRACE org.hibernate.models.annotations  Registering AnnotationDescriptor - AnnotationDescriptor(jakarta.persistence.SqlResultSetMappings)
[39m[restartedMain][0;39m [2026-09-03  14-42-06-44] TRACE org.hibernate.models.annotations  Registering AnnotationDescriptor - AnnotationDescriptor(jakarta.persistence.SqlResultSetMapping)
[39m[restartedMain][0;39m [2026-09-03  14-42-06-44] TRACE org.hibernate.models.annotations  Registering repeatable AnnotationDescriptor - AnnotationDescriptor(jakarta.persistence.SqlResultSetMappings)
[39m[restartedMain][0;39m [2026-09-03  14-42-06-44] TRACE org.hibernate.models.annotations  Registering AnnotationDescriptor - AnnotationDescriptor(jakarta.persistence.StoredProcedureParameter)
[39m[restartedMain][0;39m [2026-09-03  14-42-06-44] TRACE org.hibernate.models.annotations  Registering AnnotationDescriptor - AnnotationDescriptor(jakarta.persistence.Table)
[39m[restartedMain][0;39m [2026-09-03  14-42-06-44] TRACE org.hibernate.models.annotations  Registering AnnotationDescriptor - AnnotationDescriptor(jakarta.persistence.TableGenerators)
[39m[HikariPool-1:connection-adder][0;39m [2026-09-03  14-42-06-44] TRACE o.p.core.v3.ScramAuthenticator   <=BE AuthenticationSASLFinal( v=EJs3kewxf/aVgtjJpzEbykztPdzPyJ3UDsA5VqKwas8= )
[39m[restartedMain][0;39m [2026-09-03  14-42-06-44] TRACE org.hibernate.models.annotations  Registering AnnotationDescriptor - AnnotationDescriptor(jakarta.persistence.TableGenerator)
[39m[restartedMain][0;39m [2026-09-03  14-42-06-44] TRACE org.hibernate.models.annotations  Registering repeatable AnnotationDescriptor - AnnotationDescriptor(jakarta.persistence.TableGenerators)
[39m[HikariPool-1:connection-adder][0;39m [2026-09-03  14-42-06-44] TRACE o.p.core.v3.ConnectionFactoryImpl   <=BE AuthenticationOk
[39m[HikariPool-1:connection-adder][0;39m [2026-09-03  14-42-06-45] TRACE o.p.core.v3.QueryExecutorImpl   <=BE ParameterStatus(in_hot_standby = off)
[39m[restartedMain][0;39m [2026-09-03  14-42-06-45] TRACE org.hibernate.models.annotations  Registering AnnotationDescriptor - AnnotationDescriptor(jakarta.persistence.Temporal)
[39m[HikariPool-1:connection-adder][0;39m [2026-09-03  14-42-06-45] TRACE o.p.core.v3.QueryExecutorImpl   <=BE ParameterStatus(integer_datetimes = on)
[39m[HikariPool-1:connection-adder][0;39m [2026-09-03  14-42-06-45] TRACE o.p.core.v3.QueryExecutorImpl   <=BE ParameterStatus(TimeZone = Africa/Cairo)
[39m[HikariPool-1:connection-adder][0;39m [2026-09-03  14-42-06-45] TRACE o.p.core.v3.QueryExecutorImpl   <=BE ParameterStatus(IntervalStyle = postgres)
[39m[restartedMain][0;39m [2026-09-03  14-42-06-45] TRACE org.hibernate.models.annotations  Registering AnnotationDescriptor - AnnotationDescriptor(jakarta.persistence.Transient)
[39m[HikariPool-1:connection-adder][0;39m [2026-09-03  14-42-06-45] TRACE o.p.core.v3.QueryExecutorImpl   <=BE ParameterStatus(search_path = "$user", public)
[39m[HikariPool-1:connection-adder][0;39m [2026-09-03  14-42-06-45] TRACE o.p.core.v3.QueryExecutorImpl   <=BE ParameterStatus(is_superuser = on)
[39m[restartedMain][0;39m [2026-09-03  14-42-06-45] TRACE org.hibernate.models.annotations  Registering AnnotationDescriptor - AnnotationDescriptor(jakarta.persistence.UniqueConstraint)
[39m[HikariPool-1:connection-adder][0;39m [2026-09-03  14-42-06-45] TRACE o.p.core.v3.QueryExecutorImpl   <=BE ParameterStatus(application_name = )
[39m[HikariPool-1:connection-adder][0;39m [2026-09-03  14-42-06-45] TRACE o.p.core.v3.QueryExecutorImpl   <=BE ParameterStatus(default_transaction_read_only = off)
[39m[restartedMain][0;39m [2026-09-03  14-42-06-45] TRACE org.hibernate.models.annotations  Registering AnnotationDescriptor - AnnotationDescriptor(jakarta.persistence.Version)
[39m[HikariPool-1:connection-adder][0;39m [2026-09-03  14-42-06-45] TRACE o.p.core.v3.QueryExecutorImpl   <=BE ParameterStatus(scram_iterations = 4096)
[39m[HikariPool-1:connection-adder][0;39m [2026-09-03  14-42-06-45] TRACE o.p.core.v3.QueryExecutorImpl   <=BE ParameterStatus(DateStyle = ISO, MDY)
[39m[HikariPool-1:connection-adder][0;39m [2026-09-03  14-42-06-45] TRACE o.p.core.v3.QueryExecutorImpl   <=BE ParameterStatus(standard_conforming_strings = on)
