[39m[restartedMain][0;39m [2026-09-03  14-42-04-78] DEBUG o.apache.catalina.util.LifecycleBase  Setting state for [StandardEngine[Tomcat].StandardHost[localhost]] to [STARTING_PREP]
[39m[restartedMain][0;39m [2026-09-03  14-42-04-79] DEBUG o.apache.catalina.util.LifecycleBase  Setting state for [StandardEngine[Tomcat].StandardHost[localhost].TomcatEmbeddedContext[]] to [INITIALIZING]
[39m[restartedMain][0;39m [2026-09-03  14-42-04-84] DEBUG o.apache.catalina.util.LifecycleBase  Setting state for [StandardEngine[Tomcat].StandardHost[localhost].TomcatEmbeddedContext[]] to [INITIALIZED]
[39m[restartedMain][0;39m [2026-09-03  14-42-04-84] DEBUG o.apache.catalina.util.LifecycleBase  Setting state for [StandardEngine[Tomcat].StandardHost[localhost].TomcatEmbeddedContext[]] to [STARTING_PREP]
[39m[restartedMain][0;39m [2026-09-03  14-42-04-85] DEBUG o.a.catalina.core.StandardContext  Starting ROOT
[39m[restartedMain][0;39m [2026-09-03  14-42-04-86] DEBUG o.apache.catalina.util.LifecycleBase  Setting state for [org.apache.catalina.webresources.StandardRoot@4fd7a1f6] to [INITIALIZING]
[39m[restartedMain][0;39m [2026-09-03  14-42-04-87] DEBUG o.apache.catalina.util.LifecycleBase  Setting state for [org.apache.catalina.webresources.JarResourceSet@3128e63a] to [INITIALIZING]
[39m[restartedMain][0;39m [2026-09-03  14-42-04-87] DEBUG o.apache.catalina.util.LifecycleBase  Setting state for [org.apache.catalina.webresources.JarResourceSet@3128e63a] to [INITIALIZED]
[39m[restartedMain][0;39m [2026-09-03  14-42-04-87] DEBUG o.apache.catalina.util.LifecycleBase  Setting state for [org.apache.catalina.webresources.StandardRoot@4fd7a1f6] to [INITIALIZED]
[39m[restartedMain][0;39m [2026-09-03  14-42-04-87] DEBUG o.apache.catalina.util.LifecycleBase  Setting state for [org.apache.catalina.webresources.StandardRoot@4fd7a1f6] to [STARTING_PREP]
[39m[restartedMain][0;39m [2026-09-03  14-42-04-88] DEBUG o.apache.catalina.util.LifecycleBase  Setting state for [org.apache.catalina.webresources.DirResourceSet@20854da1] to [INITIALIZING]
[39m[restartedMain][0;39m [2026-09-03  14-42-04-88] DEBUG o.apache.catalina.util.LifecycleBase  Setting state for [org.apache.catalina.webresources.DirResourceSet@20854da1] to [INITIALIZED]
[39m[restartedMain][0;39m [2026-09-03  14-42-04-88] DEBUG o.apache.catalina.util.LifecycleBase  Setting state for [org.apache.catalina.webresources.DirResourceSet@20854da1] to [STARTING_PREP]
[39m[restartedMain][0;39m [2026-09-03  14-42-04-88] DEBUG o.apache.catalina.util.LifecycleBase  Setting state for [org.apache.catalina.webresources.DirResourceSet@20854da1] to [STARTING]
[39m[restartedMain][0;39m [2026-09-03  14-42-04-88] DEBUG o.apache.catalina.util.LifecycleBase  Setting state for [org.apache.catalina.webresources.DirResourceSet@20854da1] to [STARTED]
[39m[restartedMain][0;39m [2026-09-03  14-42-04-88] DEBUG o.apache.catalina.util.LifecycleBase  Setting state for [org.apache.catalina.webresources.JarResourceSet@3128e63a] to [STARTING_PREP]
[39m[restartedMain][0;39m [2026-09-03  14-42-04-88] DEBUG o.apache.catalina.util.LifecycleBase  Setting state for [org.apache.catalina.webresources.JarResourceSet@3128e63a] to [STARTING]
[39m[restartedMain][0;39m [2026-09-03  14-42-04-88] DEBUG o.apache.catalina.util.LifecycleBase  Setting state for [org.apache.catalina.webresources.JarResourceSet@3128e63a] to [STARTED]
[39m[restartedMain][0;39m [2026-09-03  14-42-04-88] DEBUG o.apache.catalina.util.LifecycleBase  Setting state for [org.apache.catalina.webresources.StandardRoot@4fd7a1f6] to [STARTING]
[39m[restartedMain][0;39m [2026-09-03  14-42-04-88] DEBUG o.apache.catalina.util.LifecycleBase  Setting state for [org.apache.catalina.webresources.StandardRoot@4fd7a1f6] to [STARTED]
[39m[restartedMain][0;39m [2026-09-03  14-42-04-88] DEBUG o.a.catalina.core.StandardContext  Processing standard container startup
[39m[restartedMain][0;39m [2026-09-03  14-42-04-89] DEBUG o.apache.catalina.util.LifecycleBase  Setting state for [WebappLoader[StandardEngine[Tomcat].StandardHost[localhost].TomcatEmbeddedContext[]]] to [INITIALIZING]
[39m[restartedMain][0;39m [2026-09-03  14-42-04-89] DEBUG o.apache.catalina.util.LifecycleBase  Setting state for [WebappLoader[StandardEngine[Tomcat].StandardHost[localhost].TomcatEmbeddedContext[]]] to [INITIALIZED]
[39m[restartedMain][0;39m [2026-09-03  14-42-04-89] DEBUG o.apache.catalina.util.LifecycleBase  Setting state for [WebappLoader[StandardEngine[Tomcat].StandardHost[localhost].TomcatEmbeddedContext[]]] to [STARTING_PREP]
[39m[restartedMain][0;39m [2026-09-03  14-42-04-89] DEBUG o.a.catalina.loader.WebappLoader  Starting this Loader
[39m[restartedMain][0;39m [2026-09-03  14-42-04-89] DEBUG o.apache.catalina.webresources.Cache  Increased cache size by [531] for item [org.apache.catalina.webresources.CachedResource@4b697870] at [/WEB-INF/classes] making total cache size [531]
[39m[restartedMain][0;39m [2026-09-03  14-42-04-90] DEBUG o.apache.catalina.util.LifecycleBase  Setting state for [WebappLoader[StandardEngine[Tomcat].StandardHost[localhost].TomcatEmbeddedContext[]]] to [STARTING]
