[39m[HikariPool-1:connection-adder][0;39m [2026-09-03  15-14-30-86] TRACE o.p.core.v3.QueryExecutorImpl   <=BE ParameterStatus(application_name = PostgreSQL JDBC Driver)
[39m[HikariPool-1:connection-adder][0;39m [2026-09-03  15-14-30-86] TRACE o.p.core.v3.QueryExecutorImpl   <=BE ReadyForQuery(I)
[39m[HikariPool-1:connection-adder][0;39m [2026-09-03  15-14-30-86] TRACE org.postgresql.jdbc.PgConnection      types using binary send = TIMESTAMPTZ,NUMERIC,OID_ARRAY,UUID,BYTEA_ARRAY,INT2_ARRAY,INT4_ARRAY,BYTEA,TEXT_ARRAY,TIMETZ,INT8,INT2,INT4,VARCHAR_ARRAY,INT8_ARRAY,POINT,TIMESTAMP,TIME,BOX,FLOAT4,FLOAT8,FLOAT4_ARRAY,FLOAT8_ARRAY
[39m[HikariPool-1:connection-adder][0;39m [2026-09-03  15-14-30-86] TRACE org.postgresql.jdbc.PgConnection      types using binary receive = TIMESTAMPTZ,NUMERIC,OID_ARRAY,UUID,BYTEA_ARRAY,INT2_ARRAY,INT4_ARRAY,BYTEA,TEXT_ARRAY,TIMETZ,INT8,INT2,INT4,VARCHAR_ARRAY,INT8_ARRAY,POINT,DATE,TIMESTAMP,TIME,BOX,FLOAT4,FLOAT8,FLOAT4_ARRAY,FLOAT8_ARRAY
[39m[HikariPool-1:connection-adder][0;39m [2026-09-03  15-14-30-86] TRACE org.postgresql.jdbc.PgConnection      integer date/time = true
[39m[HikariPool-1:connection-adder][0;39m [2026-09-03  15-14-30-86] DEBUG com.zaxxer.hikari.pool.PoolBase  HikariPool-1 - Established new connection (c8ccdfb1-854a-4f90-851a-9f880ddc053f)
[39m[HikariPool-1:connection-adder][0;39m [2026-09-03  15-14-30-86] DEBUG com.zaxxer.hikari.pool.HikariPool  HikariPool-1 - Added connection org.postgresql.jdbc.PgConnection@65c732ac
[39m[HikariPool-1:connection-adder][0;39m [2026-09-03  15-14-30-89] DEBUG com.zaxxer.hikari.pool.HikariPool  HikariPool-1 - After adding stats (total=10/10, idle=10/10, active=0, waiting=0)
[34m[restartedMain][0;39m [2026-09-03  15-14-31-06] INFO  o.s.o.j.p.SpringPersistenceUnitInfo  No LoadTimeWeaver setup: ignoring JPA class transformer
[39m[restartedMain][0;39m [2026-09-03  15-14-31-06] TRACE org.hibernate.orm.boot  HHH160222: Injecting JPA temp ClassLoader [null] into BootstrapContext; was [org.springframework.instrument.classloading.SimpleThrowawayClassLoader@3ee8e30]
[39m[restartedMain][0;39m [2026-09-03  15-14-31-07] TRACE org.hibernate.orm.service  HHH010500: Initializing service: org.hibernate.engine.jdbc.env.spi.JdbcEnvironment
[39m[restartedMain][0;39m [2026-09-03  15-14-31-07] TRACE org.hibernate.orm.service  HHH010500: Initializing service: org.hibernate.engine.jdbc.dialect.spi.DialectFactory
[39m[restartedMain][0;39m [2026-09-03  15-14-31-07] TRACE org.hibernate.orm.service  HHH010500: Initializing service: org.hibernate.engine.jdbc.dialect.spi.DialectResolver
[39m[restartedMain][0;39m [2026-09-03  15-14-31-08] TRACE org.hibernate.orm.service  HHH010500: Initializing service: org.hibernate.engine.jdbc.connections.spi.MultiTenantConnectionProvider
[39m[restartedMain][0;39m [2026-09-03  15-14-31-08] TRACE org.hibernate.orm.service  HHH010500: Initializing service: org.hibernate.engine.jdbc.connections.spi.ConnectionProvider
[39m[restartedMain][0;39m [2026-09-03  15-14-31-08] TRACE org.hibernate.orm.service  HHH010500: Initializing service: org.hibernate.engine.jdbc.connections.spi.MultiTenantConnectionProvider
[39m[restartedMain][0;39m [2026-09-03  15-14-31-08] TRACE org.hibernate.orm.service  HHH010500: Initializing service: org.hibernate.engine.jndi.spi.JndiService
[39m[restartedMain][0;39m [2026-09-03  15-14-31-09] TRACE org.hibernate.orm.jdbc  HHH100002: Created JdbcCoordinator @1429619775
[39m[restartedMain][0;39m [2026-09-03  15-14-31-09] TRACE org.hibernate.orm.service  HHH010500: Initializing service: org.hibernate.resource.transaction.spi.TransactionCoordinatorBuilder
[39m[restartedMain][0;39m [2026-09-03  15-14-31-09] TRACE o.p.core.v3.QueryExecutorImpl    simple execute, handler=org.postgresql.jdbc.PgStatement$StatementResultHandler@219ede6e, maxRows=0, fetchSize=0, flags=1,041
[39m[restartedMain][0;39m [2026-09-03  15-14-31-09] TRACE o.p.core.v3.QueryExecutorImpl   FE=> SimpleQuery(query="")
[39m[restartedMain][0;39m [2026-09-03  15-14-31-09] TRACE o.p.core.v3.QueryExecutorImpl   <=BE EmptyQuery
[39m[restartedMain][0;39m [2026-09-03  15-14-31-10] TRACE o.p.core.v3.QueryExecutorImpl   <=BE ReadyForQuery(I)
[39m[restartedMain][0;39m [2026-09-03  15-14-31-10] TRACE o.p.core.v3.QueryExecutorImpl   FE marking setPortalDescribed(false) for query 
[39m[restartedMain][0;39m [2026-09-03  15-14-31-10] DEBUG org.hibernate.orm.jdbc  HHH100017: Database:
	name: PostgreSQL
	version: 18.6
	major: 18
	minor: 6
[39m[restartedMain][0;39m [2026-09-03  15-14-31-10] DEBUG org.hibernate.orm.jdbc  HHH100018: Driver:
	name: PostgreSQL JDBC Driver
	version: 42.7.11
	major: 42
	minor: 7
	JDBC version: 4.2
[39m[restartedMain][0;39m [2026-09-03  15-14-31-10] TRACE o.p.core.v3.QueryExecutorImpl    simple execute, handler=org.postgresql.jdbc.PgStatement$StatementResultHandler@50f6bd7d, maxRows=0, fetchSize=0, flags=17
[39m[restartedMain][0;39m [2026-09-03  15-14-31-10] TRACE o.p.core.v3.QueryExecutorImpl   FE=> Parse(stmt=null,query="select string_agg(word, ',') from pg_catalog.pg_get_keywords() where word <> ALL ('{a,abs,absolute,action,ada,add,admin,after,all,allocate,alter,always,and,any,are,array,as,asc,asensitive,assertion,assignment,asymmetric,at,atomic,attribute,attributes,authorization,avg,before,begin,bernoulli,between,bigint,binary,blob,boolean,both,breadth,by,c,call,called,cardinality,cascade,cascaded,case,cast,catalog,catalog_name,ceil,ceiling,chain,char,char_length,character,character_length,character_set_catalog,character_set_name,character_set_schema,characteristics,characters,check,checked,class_origin,clob,close,coalesce,cobol,code_units,collate,collation,collation_catalog,collation_name,collation_schema,collect,column,column_name,command_function,command_function_code,commit,committed,condition,condition_number,connect,connection_name,constraint,constraint_catalog,constraint_name,constraint_schema,constraints,constructors,contains,continue,convert,corr,corresponding,count,covar_pop,covar_samp,create,cross,cube,cume_dist,current,current_collation,current_date,current_default_transform_group,current_path,current_role,current_time,current_timestamp,current_transform_group_for_type,current_user,cursor,cursor_name,cycle,data,date,datetime_interval_code,datetime_interval_precision,day,deallocate,dec,decimal,declare,default,defaults,deferrable,deferred,defined,definer,degree,delete,dense_rank,depth,deref,derived,desc,describe,descriptor,deterministic,diagnostics,disconnect,dispatch,distinct,domain,double,drop,dynamic,dynamic_function,dynamic_function_code,each,element,else,end,end-exec,equals,escape,every,except,exception,exclude,excluding,exec,execute,exists,exp,external,extract,false,fetch,filter,final,first,float,floor,following,for,foreign,fortran,found,free,from,full,function,fusion,g,general,get,global,go,goto,grant,granted,group,grouping,having,hierarchy,hold,hour,identity,immediate,implementation,in,including,increment,indicator,initially,inner,inout,input,insensitive,insert,instance,instantiable,int,integer,intersect,intersection,interval,into,invoker,is,isolation,join,k,key,key_member,key_type,language,large,last,lateral,leading,left,length,level,like,ln,local,localtime,localtimestamp,locator,lower,m,map,match,matched,max,maxvalue,member,merge,message_length,message_octet_length,message_text,method,min,minute,minvalue,mod,modifies,module,month,more,multiset,mumps,name,names,national,natural,nchar,nclob,nesting,new,next,no,none,normalize,normalized,not,"null",nullable,nullif,nulls,number,numeric,object,octet_length,octets,of,old,on,only,open,option,options,or,order,ordering,ordinality,others,out,outer,output,over,overlaps,overlay,overriding,pad,parameter,parameter_mode,parameter_name,parameter_ordinal_position,parameter_specific_catalog,parameter_specific_name,parameter_specific_schema,partial,partition,pascal,path,percent_rank,percentile_cont,percentile_disc,placing,pli,position,power,preceding,precision,prepare,preserve,primary,prior,privileges,procedure,public,range,rank,read,reads,real,recursive,ref,references,referencing,regr_avgx,regr_avgy,regr_count,regr_intercept,regr_r2,regr_slope,regr_sxx,regr_sxy,regr_syy,relative,release,repeatable,restart,result,return,returned_cardinality,returned_length,returned_octet_length,returned_sqlstate,returns,revoke,right,role,rollback,rollup,routine,routine_catalog,routine_name,routine_schema,row,row_count,row_number,rows,savepoint,scale,schema,schema_name,scope_catalog,scope_name,scope_schema,scroll,search,second,section,security,select,self,sensitive,sequence,serializable,server_name,session,session_user,set,sets,similar,simple,size,smallint,some,source,space,specific,specific_name,specifictype,sql,sqlexception,sqlstate,sqlwarning,sqrt,start,state,statement,static,stddev_pop,stddev_samp,structure,style,subclass_origin,submultiset,substring,sum,symmetric,system,system_user,table,table_name,tablesample,temporary,then,ties,time,timestamp,timezone_hour,timezone_minute,to,top_level_count,trailing,transaction,transaction_active,transactions_committed,transactions_rolled_back,transform,transforms,translate,translation,treat,trigger,trigger_catalog,trigger_name,trigger_schema,trim,true,type,uescape,unbounded,uncommitted,under,union,unique,unknown,unnamed,unnest,update,upper,usage,user,user_defined_type_catalog,user_defined_type_code,user_defined_type_name,user_defined_type_schema,using,value,values,var_pop,var_samp,varchar,varying,view,when,whenever,where,width_bucket,window,with,within,without,work,write,year,zone}'::text[])",oids={})
