[39m[restartedMain][0;39m [2026-09-03  14-42-04-90] DEBUG o.apache.catalina.util.LifecycleBase  Setting state for [WebappLoader[StandardEngine[Tomcat].StandardHost[localhost].TomcatEmbeddedContext[]]] to [STARTED]
[39m[restartedMain][0;39m [2026-09-03  14-42-04-91] DEBUG o.apache.catalina.util.LifecycleBase  Setting state for [StandardPipeline[StandardEngine[Tomcat].StandardHost[localhost].TomcatEmbeddedContext[]]] to [INITIALIZING]
[39m[restartedMain][0;39m [2026-09-03  14-42-04-91] DEBUG o.apache.catalina.util.LifecycleBase  Setting state for [StandardPipeline[StandardEngine[Tomcat].StandardHost[localhost].TomcatEmbeddedContext[]]] to [INITIALIZED]
[39m[restartedMain][0;39m [2026-09-03  14-42-04-91] DEBUG o.apache.catalina.util.LifecycleBase  Setting state for [StandardPipeline[StandardEngine[Tomcat].StandardHost[localhost].TomcatEmbeddedContext[]]] to [STARTING_PREP]
[39m[restartedMain][0;39m [2026-09-03  14-42-04-91] DEBUG o.apache.catalina.util.LifecycleBase  Setting state for [NonLoginAuthenticator[StandardEngine[Tomcat].StandardHost[localhost].TomcatEmbeddedContext[]]] to [INITIALIZING]
[39m[restartedMain][0;39m [2026-09-03  14-42-04-91] DEBUG o.apache.catalina.util.LifecycleBase  Setting state for [NonLoginAuthenticator[StandardEngine[Tomcat].StandardHost[localhost].TomcatEmbeddedContext[]]] to [INITIALIZED]
[39m[restartedMain][0;39m [2026-09-03  14-42-04-91] DEBUG o.apache.catalina.util.LifecycleBase  Setting state for [NonLoginAuthenticator[StandardEngine[Tomcat].StandardHost[localhost].TomcatEmbeddedContext[]]] to [STARTING_PREP]
[39m[restartedMain][0;39m [2026-09-03  14-42-04-91] DEBUG o.a.c.a.AuthenticatorBase  No SingleSignOn Valve is present
[39m[restartedMain][0;39m [2026-09-03  14-42-04-91] DEBUG o.apache.catalina.util.LifecycleBase  Setting state for [NonLoginAuthenticator[StandardEngine[Tomcat].StandardHost[localhost].TomcatEmbeddedContext[]]] to [STARTING]
[39m[restartedMain][0;39m [2026-09-03  14-42-04-91] DEBUG o.apache.catalina.util.LifecycleBase  Setting state for [NonLoginAuthenticator[StandardEngine[Tomcat].StandardHost[localhost].TomcatEmbeddedContext[]]] to [STARTED]
[39m[restartedMain][0;39m [2026-09-03  14-42-04-91] DEBUG o.apache.catalina.util.LifecycleBase  Setting state for [StandardContextValve[StandardEngine[Tomcat].StandardHost[localhost].TomcatEmbeddedContext[]]] to [INITIALIZING]
[39m[restartedMain][0;39m [2026-09-03  14-42-04-91] DEBUG o.apache.catalina.util.LifecycleBase  Setting state for [StandardContextValve[StandardEngine[Tomcat].StandardHost[localhost].TomcatEmbeddedContext[]]] to [INITIALIZED]
[39m[restartedMain][0;39m [2026-09-03  14-42-04-91] DEBUG o.apache.catalina.util.LifecycleBase  Setting state for [StandardContextValve[StandardEngine[Tomcat].StandardHost[localhost].TomcatEmbeddedContext[]]] to [STARTING_PREP]
[39m[restartedMain][0;39m [2026-09-03  14-42-04-91] DEBUG o.apache.catalina.util.LifecycleBase  Setting state for [StandardContextValve[StandardEngine[Tomcat].StandardHost[localhost].TomcatEmbeddedContext[]]] to [STARTING]
[39m[restartedMain][0;39m [2026-09-03  14-42-04-91] DEBUG o.apache.catalina.util.LifecycleBase  Setting state for [StandardContextValve[StandardEngine[Tomcat].StandardHost[localhost].TomcatEmbeddedContext[]]] to [STARTED]
[39m[restartedMain][0;39m [2026-09-03  14-42-04-91] DEBUG o.apache.catalina.util.LifecycleBase  Setting state for [StandardPipeline[StandardEngine[Tomcat].StandardHost[localhost].TomcatEmbeddedContext[]]] to [STARTING]
[39m[restartedMain][0;39m [2026-09-03  14-42-04-91] DEBUG o.apache.catalina.util.LifecycleBase  Setting state for [StandardPipeline[StandardEngine[Tomcat].StandardHost[localhost].TomcatEmbeddedContext[]]] to [STARTED]
[39m[restartedMain][0;39m [2026-09-03  14-42-04-92] DEBUG o.apache.catalina.util.LifecycleBase  Setting state for [org.apache.catalina.deploy.NamingResourcesImpl@301d9cad] to [INITIALIZING]
[39m[restartedMain][0;39m [2026-09-03  14-42-04-92] DEBUG o.apache.catalina.util.LifecycleBase  Setting state for [org.apache.catalina.deploy.NamingResourcesImpl@301d9cad] to [INITIALIZED]
[39m[restartedMain][0;39m [2026-09-03  14-42-04-92] DEBUG o.apache.catalina.util.LifecycleBase  Setting state for [org.apache.catalina.deploy.NamingResourcesImpl@301d9cad] to [STARTING_PREP]
[39m[restartedMain][0;39m [2026-09-03  14-42-04-92] DEBUG o.apache.catalina.util.LifecycleBase  Setting state for [org.apache.catalina.deploy.NamingResourcesImpl@301d9cad] to [STARTING]
[39m[restartedMain][0;39m [2026-09-03  14-42-04-92] DEBUG o.apache.catalina.util.LifecycleBase  Setting state for [org.apache.catalina.deploy.NamingResourcesImpl@301d9cad] to [STARTED]
[34m[restartedMain][0;39m [2026-09-03  14-42-04-93] INFO  o.s.b.w.c.s.WebApplicationContextInitializer  Root WebApplicationContext: initialization completed in 2590 ms
[39m[restartedMain][0;39m [2026-09-03  14-42-05-04] DEBUG o.apache.catalina.core.ContainerBase  Add container child [StandardWrapper[dispatcherServlet]] to container [StandardEngine[Tomcat].StandardHost[localhost].TomcatEmbeddedContext[]]
[39m[restartedMain][0;39m [2026-09-03  14-42-05-04] DEBUG o.apache.catalina.util.LifecycleBase  Setting state for [StandardEngine[Tomcat].StandardHost[localhost].TomcatEmbeddedContext[].StandardWrapper[dispatcherServlet]] to [INITIALIZING]
