[39m[restartedMain][0;39m [2026-09-03  15-14-30-62] TRACE org.hibernate.models.annotations  Registering AnnotationDescriptor - AnnotationDescriptor(org.hibernate.annotations.DialectOverride$GeneratedColumns)
[39m[restartedMain][0;39m [2026-09-03  15-14-30-62] TRACE org.hibernate.models.annotations  Registering AnnotationDescriptor - AnnotationDescriptor(org.hibernate.annotations.DialectOverride$GeneratedColumn)
[39m[restartedMain][0;39m [2026-09-03  15-14-30-62] TRACE org.hibernate.models.annotations  Registering repeatable AnnotationDescriptor - AnnotationDescriptor(org.hibernate.annotations.DialectOverride$GeneratedColumns)
[39m[restartedMain][0;39m [2026-09-03  15-14-30-62] TRACE org.hibernate.models.annotations  Registering AnnotationDescriptor - AnnotationDescriptor(org.hibernate.annotations.DialectOverride$DiscriminatorFormulas)
[39m[restartedMain][0;39m [2026-09-03  15-14-30-62] TRACE org.hibernate.models.annotations  Registering AnnotationDescriptor - AnnotationDescriptor(org.hibernate.annotations.DialectOverride$DiscriminatorFormula)
[39m[restartedMain][0;39m [2026-09-03  15-14-30-62] TRACE org.hibernate.models.annotations  Registering repeatable AnnotationDescriptor - AnnotationDescriptor(org.hibernate.annotations.DialectOverride$DiscriminatorFormulas)
[39m[restartedMain][0;39m [2026-09-03  15-14-30-62] TRACE org.hibernate.models.annotations  Registering AnnotationDescriptor - AnnotationDescriptor(org.hibernate.annotations.FetchProfileOverrides)
[39m[restartedMain][0;39m [2026-09-03  15-14-30-62] TRACE org.hibernate.models.annotations  Registering AnnotationDescriptor - AnnotationDescriptor(org.hibernate.annotations.FetchProfileOverride)
[39m[restartedMain][0;39m [2026-09-03  15-14-30-62] TRACE org.hibernate.models.annotations  Registering repeatable AnnotationDescriptor - AnnotationDescriptor(org.hibernate.annotations.FetchProfileOverrides)
[39m[restartedMain][0;39m [2026-09-03  15-14-30-62] TRACE org.hibernate.models.annotations  Registering AnnotationDescriptor - AnnotationDescriptor(org.hibernate.annotations.DialectOverride$FilterOverrides)
[39m[restartedMain][0;39m [2026-09-03  15-14-30-62] TRACE org.hibernate.models.annotations  Registering AnnotationDescriptor - AnnotationDescriptor(org.hibernate.annotations.DialectOverride$Filters)
[39m[restartedMain][0;39m [2026-09-03  15-14-30-62] TRACE org.hibernate.models.annotations  Registering repeatable AnnotationDescriptor - AnnotationDescriptor(org.hibernate.annotations.DialectOverride$FilterOverrides)
[39m[restartedMain][0;39m [2026-09-03  15-14-30-62] TRACE org.hibernate.models.annotations  Registering AnnotationDescriptor - AnnotationDescriptor(org.hibernate.annotations.DialectOverride$FilterDefOverrides)
[39m[restartedMain][0;39m [2026-09-03  15-14-30-62] TRACE org.hibernate.models.annotations  Registering AnnotationDescriptor - AnnotationDescriptor(org.hibernate.annotations.DialectOverride$FilterDefs)
[39m[restartedMain][0;39m [2026-09-03  15-14-30-62] TRACE org.hibernate.models.annotations  Registering repeatable AnnotationDescriptor - AnnotationDescriptor(org.hibernate.annotations.DialectOverride$FilterDefOverrides)
[39m[restartedMain][0;39m [2026-09-03  15-14-30-62] TRACE org.hibernate.models.annotations  Registering AnnotationDescriptor - AnnotationDescriptor(org.hibernate.annotations.DialectOverride$Formulas)
[39m[restartedMain][0;39m [2026-09-03  15-14-30-62] TRACE org.hibernate.models.annotations  Registering AnnotationDescriptor - AnnotationDescriptor(org.hibernate.annotations.DialectOverride$Formula)
[39m[restartedMain][0;39m [2026-09-03  15-14-30-62] TRACE org.hibernate.models.annotations  Registering repeatable AnnotationDescriptor - AnnotationDescriptor(org.hibernate.annotations.DialectOverride$Formulas)
[39m[restartedMain][0;39m [2026-09-03  15-14-30-62] TRACE org.hibernate.models.annotations  Registering AnnotationDescriptor - AnnotationDescriptor(org.hibernate.annotations.DialectOverride$JoinFormulas)
[39m[restartedMain][0;39m [2026-09-03  15-14-30-62] TRACE org.hibernate.models.annotations  Registering AnnotationDescriptor - AnnotationDescriptor(org.hibernate.annotations.DialectOverride$JoinFormula)
[39m[restartedMain][0;39m [2026-09-03  15-14-30-62] TRACE org.hibernate.models.annotations  Registering repeatable AnnotationDescriptor - AnnotationDescriptor(org.hibernate.annotations.DialectOverride$JoinFormulas)
[39m[restartedMain][0;39m [2026-09-03  15-14-30-63] TRACE org.hibernate.models.annotations  Registering AnnotationDescriptor - AnnotationDescriptor(org.hibernate.annotations.DialectOverride$SQLInserts)
[39m[restartedMain][0;39m [2026-09-03  15-14-30-63] TRACE org.hibernate.models.annotations  Registering AnnotationDescriptor - AnnotationDescriptor(org.hibernate.annotations.DialectOverride$SQLInsert)
[39m[restartedMain][0;39m [2026-09-03  15-14-30-63] TRACE org.hibernate.models.annotations  Registering repeatable AnnotationDescriptor - AnnotationDescriptor(org.hibernate.annotations.DialectOverride$SQLInserts)
[39m[restartedMain][0;39m [2026-09-03  15-14-30-63] TRACE org.hibernate.models.annotations  Registering AnnotationDescriptor - AnnotationDescriptor(org.hibernate.annotations.DialectOverride$SQLUpdates)
