[39m[restartedMain][0;39m [2026-09-03  15-14-30-24] TRACE org.hibernate.models.annotations  Registering AnnotationDescriptor - AnnotationDescriptor(jakarta.persistence.Embedded)
[39m[restartedMain][0;39m [2026-09-03  15-14-30-25] TRACE org.hibernate.models.annotations  Registering AnnotationDescriptor - AnnotationDescriptor(jakarta.persistence.EmbeddedId)
[39m[restartedMain][0;39m [2026-09-03  15-14-30-25] TRACE org.hibernate.models.annotations  Registering AnnotationDescriptor - AnnotationDescriptor(jakarta.persistence.Entity)
[39m[restartedMain][0;39m [2026-09-03  15-14-30-25] TRACE org.hibernate.models.annotations  Registering AnnotationDescriptor - AnnotationDescriptor(jakarta.persistence.EntityListeners)
[39m[restartedMain][0;39m [2026-09-03  15-14-30-25] TRACE org.hibernate.models.annotations  Registering AnnotationDescriptor - AnnotationDescriptor(jakarta.persistence.EntityResult)
[39m[restartedMain][0;39m [2026-09-03  15-14-30-25] TRACE org.hibernate.models.annotations  Registering AnnotationDescriptor - AnnotationDescriptor(jakarta.persistence.Enumerated)
[39m[restartedMain][0;39m [2026-09-03  15-14-30-25] TRACE org.hibernate.models.annotations  Registering AnnotationDescriptor - AnnotationDescriptor(jakarta.persistence.EnumeratedValue)
[39m[restartedMain][0;39m [2026-09-03  15-14-30-25] TRACE org.hibernate.models.annotations  Registering AnnotationDescriptor - AnnotationDescriptor(jakarta.persistence.ExcludeDefaultListeners)
[39m[restartedMain][0;39m [2026-09-03  15-14-30-25] TRACE org.hibernate.models.annotations  Registering AnnotationDescriptor - AnnotationDescriptor(jakarta.persistence.ExcludeSuperclassListeners)
[39m[restartedMain][0;39m [2026-09-03  15-14-30-25] TRACE org.hibernate.models.annotations  Registering AnnotationDescriptor - AnnotationDescriptor(jakarta.persistence.FieldResult)
[39m[restartedMain][0;39m [2026-09-03  15-14-30-25] TRACE org.hibernate.models.annotations  Registering AnnotationDescriptor - AnnotationDescriptor(jakarta.persistence.ForeignKey)
[39m[restartedMain][0;39m [2026-09-03  15-14-30-25] TRACE org.hibernate.models.annotations  Registering AnnotationDescriptor - AnnotationDescriptor(jakarta.persistence.GeneratedValue)
[39m[restartedMain][0;39m [2026-09-03  15-14-30-25] TRACE org.hibernate.models.annotations  Registering AnnotationDescriptor - AnnotationDescriptor(jakarta.persistence.Id)
[39m[restartedMain][0;39m [2026-09-03  15-14-30-25] TRACE org.hibernate.models.annotations  Registering AnnotationDescriptor - AnnotationDescriptor(jakarta.persistence.IdClass)
[39m[restartedMain][0;39m [2026-09-03  15-14-30-25] TRACE org.hibernate.models.annotations  Registering AnnotationDescriptor - AnnotationDescriptor(jakarta.persistence.Index)
[39m[restartedMain][0;39m [2026-09-03  15-14-30-25] TRACE org.hibernate.models.annotations  Registering AnnotationDescriptor - AnnotationDescriptor(jakarta.persistence.Inheritance)
[39m[restartedMain][0;39m [2026-09-03  15-14-30-25] TRACE org.hibernate.models.annotations  Registering AnnotationDescriptor - AnnotationDescriptor(jakarta.persistence.JoinColumns)
[39m[restartedMain][0;39m [2026-09-03  15-14-30-25] TRACE org.hibernate.models.annotations  Registering AnnotationDescriptor - AnnotationDescriptor(jakarta.persistence.JoinColumn)
[39m[restartedMain][0;39m [2026-09-03  15-14-30-25] TRACE org.hibernate.models.annotations  Registering repeatable AnnotationDescriptor - AnnotationDescriptor(jakarta.persistence.JoinColumns)
[39m[restartedMain][0;39m [2026-09-03  15-14-30-25] TRACE org.hibernate.models.annotations  Registering AnnotationDescriptor - AnnotationDescriptor(jakarta.persistence.JoinTable)
[39m[restartedMain][0;39m [2026-09-03  15-14-30-25] TRACE org.hibernate.models.annotations  Registering AnnotationDescriptor - AnnotationDescriptor(jakarta.persistence.Lob)
[39m[restartedMain][0;39m [2026-09-03  15-14-30-25] TRACE org.hibernate.models.annotations  Registering AnnotationDescriptor - AnnotationDescriptor(jakarta.persistence.ManyToMany)
[39m[restartedMain][0;39m [2026-09-03  15-14-30-25] TRACE org.hibernate.models.annotations  Registering AnnotationDescriptor - AnnotationDescriptor(jakarta.persistence.ManyToOne)
[39m[restartedMain][0;39m [2026-09-03  15-14-30-25] TRACE org.hibernate.models.annotations  Registering AnnotationDescriptor - AnnotationDescriptor(jakarta.persistence.MapKey)
[39m[restartedMain][0;39m [2026-09-03  15-14-30-25] TRACE org.hibernate.models.annotations  Registering AnnotationDescriptor - AnnotationDescriptor(jakarta.persistence.MapKeyClass)
[39m[restartedMain][0;39m [2026-09-03  15-14-30-25] TRACE org.hibernate.models.annotations  Registering AnnotationDescriptor - AnnotationDescriptor(jakarta.persistence.MapKeyColumn)
[39m[restartedMain][0;39m [2026-09-03  15-14-30-26] TRACE org.hibernate.models.annotations  Registering AnnotationDescriptor - AnnotationDescriptor(jakarta.persistence.MapKeyEnumerated)
[39m[restartedMain][0;39m [2026-09-03  15-14-30-26] TRACE org.hibernate.models.annotations  Registering AnnotationDescriptor - AnnotationDescriptor(jakarta.persistence.MapKeyJoinColumns)
