[39m[restartedMain][0;39m [2026-09-03  15-14-30-26] TRACE org.hibernate.models.annotations  Registering AnnotationDescriptor - AnnotationDescriptor(jakarta.persistence.MapKeyJoinColumn)
[39m[restartedMain][0;39m [2026-09-03  15-14-30-26] TRACE org.hibernate.models.annotations  Registering repeatable AnnotationDescriptor - AnnotationDescriptor(jakarta.persistence.MapKeyJoinColumns)
[39m[restartedMain][0;39m [2026-09-03  15-14-30-26] TRACE org.hibernate.models.annotations  Registering AnnotationDescriptor - AnnotationDescriptor(jakarta.persistence.MapKeyTemporal)
[39m[restartedMain][0;39m [2026-09-03  15-14-30-26] TRACE org.hibernate.models.annotations  Registering AnnotationDescriptor - AnnotationDescriptor(jakarta.persistence.MappedSuperclass)
[39m[restartedMain][0;39m [2026-09-03  15-14-30-26] TRACE org.hibernate.models.annotations  Registering AnnotationDescriptor - AnnotationDescriptor(jakarta.persistence.MapsId)
[39m[restartedMain][0;39m [2026-09-03  15-14-30-26] TRACE org.hibernate.models.annotations  Registering AnnotationDescriptor - AnnotationDescriptor(jakarta.persistence.NamedAttributeNode)
[39m[restartedMain][0;39m [2026-09-03  15-14-30-26] TRACE org.hibernate.models.annotations  Registering AnnotationDescriptor - AnnotationDescriptor(jakarta.persistence.NamedEntityGraphs)
[39m[restartedMain][0;39m [2026-09-03  15-14-30-26] TRACE org.hibernate.models.annotations  Registering AnnotationDescriptor - AnnotationDescriptor(jakarta.persistence.NamedEntityGraph)
[39m[restartedMain][0;39m [2026-09-03  15-14-30-26] TRACE org.hibernate.models.annotations  Registering repeatable AnnotationDescriptor - AnnotationDescriptor(jakarta.persistence.NamedEntityGraphs)
[39m[restartedMain][0;39m [2026-09-03  15-14-30-26] TRACE org.hibernate.models.annotations  Registering AnnotationDescriptor - AnnotationDescriptor(jakarta.persistence.NamedNativeQueries)
[39m[restartedMain][0;39m [2026-09-03  15-14-30-26] TRACE org.hibernate.models.annotations  Registering AnnotationDescriptor - AnnotationDescriptor(jakarta.persistence.NamedNativeQuery)
[39m[restartedMain][0;39m [2026-09-03  15-14-30-26] TRACE org.hibernate.models.annotations  Registering repeatable AnnotationDescriptor - AnnotationDescriptor(jakarta.persistence.NamedNativeQueries)
[39m[restartedMain][0;39m [2026-09-03  15-14-30-26] TRACE org.hibernate.models.annotations  Registering AnnotationDescriptor - AnnotationDescriptor(jakarta.persistence.NamedQueries)
[39m[restartedMain][0;39m [2026-09-03  15-14-30-26] TRACE org.hibernate.models.annotations  Registering AnnotationDescriptor - AnnotationDescriptor(jakarta.persistence.NamedQuery)
[39m[restartedMain][0;39m [2026-09-03  15-14-30-26] TRACE org.hibernate.models.annotations  Registering repeatable AnnotationDescriptor - AnnotationDescriptor(jakarta.persistence.NamedQueries)
[39m[restartedMain][0;39m [2026-09-03  15-14-30-26] TRACE org.hibernate.models.annotations  Registering AnnotationDescriptor - AnnotationDescriptor(jakarta.persistence.NamedStoredProcedureQueries)
[39m[restartedMain][0;39m [2026-09-03  15-14-30-26] TRACE org.hibernate.models.annotations  Registering AnnotationDescriptor - AnnotationDescriptor(jakarta.persistence.NamedStoredProcedureQuery)
[39m[restartedMain][0;39m [2026-09-03  15-14-30-26] TRACE org.hibernate.models.annotations  Registering repeatable AnnotationDescriptor - AnnotationDescriptor(jakarta.persistence.NamedStoredProcedureQueries)
[39m[restartedMain][0;39m [2026-09-03  15-14-30-26] TRACE org.hibernate.models.annotations  Registering AnnotationDescriptor - AnnotationDescriptor(jakarta.persistence.NamedSubgraph)
[39m[restartedMain][0;39m [2026-09-03  15-14-30-26] TRACE org.hibernate.models.annotations  Registering AnnotationDescriptor - AnnotationDescriptor(jakarta.persistence.OneToMany)
[39m[restartedMain][0;39m [2026-09-03  15-14-30-26] TRACE org.hibernate.models.annotations  Registering AnnotationDescriptor - AnnotationDescriptor(jakarta.persistence.OneToOne)
[39m[restartedMain][0;39m [2026-09-03  15-14-30-26] TRACE org.hibernate.models.annotations  Registering AnnotationDescriptor - AnnotationDescriptor(jakarta.persistence.OrderBy)
[39m[restartedMain][0;39m [2026-09-03  15-14-30-27] TRACE org.hibernate.models.annotations  Registering AnnotationDescriptor - AnnotationDescriptor(jakarta.persistence.OrderColumn)
[39m[restartedMain][0;39m [2026-09-03  15-14-30-27] TRACE org.hibernate.models.annotations  Registering AnnotationDescriptor - AnnotationDescriptor(jakarta.persistence.PostLoad)
[39m[restartedMain][0;39m [2026-09-03  15-14-30-27] TRACE org.hibernate.models.annotations  Registering AnnotationDescriptor - AnnotationDescriptor(jakarta.persistence.PostPersist)
[39m[restartedMain][0;39m [2026-09-03  15-14-30-27] TRACE org.hibernate.models.annotations  Registering AnnotationDescriptor - AnnotationDescriptor(jakarta.persistence.PostRemove)
[39m[restartedMain][0;39m [2026-09-03  15-14-30-27] TRACE org.hibernate.models.annotations  Registering AnnotationDescriptor - AnnotationDescriptor(jakarta.persistence.PostUpdate)
[39m[restartedMain][0;39m [2026-09-03  15-14-30-27] TRACE org.hibernate.models.annotations  Registering AnnotationDescriptor - AnnotationDescriptor(jakarta.persistence.PrePersist)
