[39m[restartedMain][0;39m [2026-09-03  14-49-14-97] TRACE org.hibernate.models.annotations  Registering AnnotationDescriptor - AnnotationDescriptor(jakarta.persistence.ExcludeSuperclassListeners)
[39m[HikariPool-1:connection-adder][0;39m [2026-09-03  14-49-14-97] TRACE o.p.core.v3.ScramAuthenticator   <=BE AuthenticationSASLFinal( v=KL5NZ3y28Gkl8NL7n4B8dSmrl85ylmD+fLdTndOH2cs= )
[39m[HikariPool-1:connection-adder][0;39m [2026-09-03  14-49-14-97] TRACE o.p.core.v3.ConnectionFactoryImpl   <=BE AuthenticationOk
[39m[restartedMain][0;39m [2026-09-03  14-49-14-97] TRACE org.hibernate.models.annotations  Registering AnnotationDescriptor - AnnotationDescriptor(jakarta.persistence.FieldResult)
[39m[HikariPool-1:connection-adder][0;39m [2026-09-03  14-49-14-97] TRACE o.p.core.v3.QueryExecutorImpl   <=BE ParameterStatus(in_hot_standby = off)
[39m[HikariPool-1:connection-adder][0;39m [2026-09-03  14-49-14-97] TRACE o.p.core.v3.QueryExecutorImpl   <=BE ParameterStatus(integer_datetimes = on)
[39m[HikariPool-1:connection-adder][0;39m [2026-09-03  14-49-14-97] TRACE o.p.core.v3.QueryExecutorImpl   <=BE ParameterStatus(TimeZone = Africa/Cairo)
[39m[restartedMain][0;39m [2026-09-03  14-49-14-97] TRACE org.hibernate.models.annotations  Registering AnnotationDescriptor - AnnotationDescriptor(jakarta.persistence.ForeignKey)
[39m[HikariPool-1:connection-adder][0;39m [2026-09-03  14-49-14-97] TRACE o.p.core.v3.QueryExecutorImpl   <=BE ParameterStatus(IntervalStyle = postgres)
[39m[HikariPool-1:connection-adder][0;39m [2026-09-03  14-49-14-97] TRACE o.p.core.v3.QueryExecutorImpl   <=BE ParameterStatus(search_path = "$user", public)
[39m[restartedMain][0;39m [2026-09-03  14-49-14-97] TRACE org.hibernate.models.annotations  Registering AnnotationDescriptor - AnnotationDescriptor(jakarta.persistence.GeneratedValue)
[39m[HikariPool-1:connection-adder][0;39m [2026-09-03  14-49-14-97] TRACE o.p.core.v3.QueryExecutorImpl   <=BE ParameterStatus(is_superuser = on)
[39m[HikariPool-1:connection-adder][0;39m [2026-09-03  14-49-14-97] TRACE o.p.core.v3.QueryExecutorImpl   <=BE ParameterStatus(application_name = )
[39m[HikariPool-1:connection-adder][0;39m [2026-09-03  14-49-14-97] TRACE o.p.core.v3.QueryExecutorImpl   <=BE ParameterStatus(default_transaction_read_only = off)
[39m[restartedMain][0;39m [2026-09-03  14-49-14-97] TRACE org.hibernate.models.annotations  Registering AnnotationDescriptor - AnnotationDescriptor(jakarta.persistence.Id)
[39m[HikariPool-1:connection-adder][0;39m [2026-09-03  14-49-14-97] TRACE o.p.core.v3.QueryExecutorImpl   <=BE ParameterStatus(scram_iterations = 4096)
[39m[HikariPool-1:connection-adder][0;39m [2026-09-03  14-49-14-97] TRACE o.p.core.v3.QueryExecutorImpl   <=BE ParameterStatus(DateStyle = ISO, MDY)
[39m[HikariPool-1:connection-adder][0;39m [2026-09-03  14-49-14-97] TRACE o.p.core.v3.QueryExecutorImpl   <=BE ParameterStatus(standard_conforming_strings = on)
[39m[restartedMain][0;39m [2026-09-03  14-49-14-97] TRACE org.hibernate.models.annotations  Registering AnnotationDescriptor - AnnotationDescriptor(jakarta.persistence.IdClass)
[39m[HikariPool-1:connection-adder][0;39m [2026-09-03  14-49-14-97] TRACE o.p.core.v3.QueryExecutorImpl   <=BE ParameterStatus(session_authorization = postgres)
[39m[HikariPool-1:connection-adder][0;39m [2026-09-03  14-49-14-97] TRACE o.p.core.v3.QueryExecutorImpl   <=BE ParameterStatus(client_encoding = UTF8)
[39m[HikariPool-1:connection-adder][0;39m [2026-09-03  14-49-14-97] TRACE o.p.core.v3.QueryExecutorImpl   <=BE ParameterStatus(server_version = 18.6)
[39m[restartedMain][0;39m [2026-09-03  14-49-14-97] TRACE org.hibernate.models.annotations  Registering AnnotationDescriptor - AnnotationDescriptor(jakarta.persistence.Index)
[39m[HikariPool-1:connection-adder][0;39m [2026-09-03  14-49-14-97] TRACE o.p.core.v3.QueryExecutorImpl   <=BE ParameterStatus(server_encoding = UTF8)
[39m[restartedMain][0;39m [2026-09-03  14-49-14-97] TRACE org.hibernate.models.annotations  Registering AnnotationDescriptor - AnnotationDescriptor(jakarta.persistence.Inheritance)
[39m[HikariPool-1:connection-adder][0;39m [2026-09-03  14-49-14-97] TRACE o.p.core.v3.QueryExecutorImpl   <=BE BackendKeyData(pid=32,848,ckey=[B@53cf5a39)
[39m[HikariPool-1:connection-adder][0;39m [2026-09-03  14-49-14-97] TRACE o.p.core.v3.QueryExecutorImpl   <=BE ReadyForQuery(I)
[39m[HikariPool-1:connection-adder][0;39m [2026-09-03  14-49-14-97] TRACE o.p.core.v3.QueryExecutorImpl    simple execute, handler=org.postgresql.core.SetupQueryRunner$SimpleResultHandler@40e42032, maxRows=0, fetchSize=0, flags=1,047
[39m[restartedMain][0;39m [2026-09-03  14-49-14-98] TRACE org.hibernate.models.annotations  Registering AnnotationDescriptor - AnnotationDescriptor(jakarta.persistence.JoinColumns)
[39m[HikariPool-1:connection-adder][0;39m [2026-09-03  14-49-14-98] TRACE o.p.core.v3.QueryExecutorImpl   FE=> SimpleQuery(query="SET application_name = 'PostgreSQL JDBC Driver'")
[39m[restartedMain][0;39m [2026-09-03  14-49-14-98] TRACE org.hibernate.models.annotations  Registering AnnotationDescriptor - AnnotationDescriptor(jakarta.persistence.JoinColumn)
