[39m[scheduling-1][0;39m [2026-09-03  14-43-13-78] TRACE o.p.core.v3.QueryExecutorImpl    simple execute, handler=org.postgresql.jdbc.PgStatement$StatementResultHandler@4d2e4645, maxRows=0, fetchSize=0, flags=1,041
[39m[scheduling-1][0;39m [2026-09-03  14-43-13-78] TRACE o.p.core.v3.QueryExecutorImpl   FE=> SimpleQuery(query="")
[39m[scheduling-1][0;39m [2026-09-03  14-43-13-78] TRACE o.p.core.v3.QueryExecutorImpl   <=BE EmptyQuery
[39m[scheduling-1][0;39m [2026-09-03  14-43-13-78] TRACE o.p.core.v3.QueryExecutorImpl   <=BE ReadyForQuery(I)
[39m[scheduling-1][0;39m [2026-09-03  14-43-13-78] TRACE o.p.core.v3.QueryExecutorImpl   FE marking setPortalDescribed(false) for query 
[39m[scheduling-1][0;39m [2026-09-03  14-43-13-79] TRACE org.hibernate.orm.resource.jdbc  HHH10003001: Preparing to begin transaction via JDBC Connection.setAutoCommit(false)
[39m[scheduling-1][0;39m [2026-09-03  14-43-13-79] DEBUG org.postgresql.jdbc.PgConnection    setAutoCommit = false
[39m[scheduling-1][0;39m [2026-09-03  14-43-13-79] TRACE org.hibernate.orm.resource.jdbc  HHH10003002: Transaction begun via JDBC Connection.setAutoCommit(false)
[39m[scheduling-1][0;39m [2026-09-03  14-43-13-79] TRACE org.hibernate.orm.jdbc  HHH100033: Notifying resource-local transaction observers after begin
[39m[scheduling-1][0;39m [2026-09-03  14-43-13-79] TRACE org.hibernate.orm.jdbc  HHH100005: Transaction after begin in JdbcCoordinator @624309961
[39m[scheduling-1][0;39m [2026-09-03  14-43-13-79] TRACE org.hibernate.orm.query.plan.cache  Resolving HQL interpretation for [SELECT r FROM RuleVersion r WHERE r.status = :status AND r.effectiveFrom <= :time]
[39m[scheduling-1][0;39m [2026-09-03  14-43-13-79] TRACE org.hibernate.orm.query.plan.cache  Resolving cached query plan for [SELECT r FROM RuleVersion r WHERE r.status = :status AND r.effectiveFrom <= :time]
[39m[scheduling-1][0;39m [2026-09-03  14-43-13-79] TRACE org.hibernate.orm.sql.exec  HHH90004016: Skipping reading query result cache data (query cache disabled, cache mode NORMAL)
[39m[scheduling-1][0;39m [2026-09-03  14-43-13-79] TRACE org.hibernate.orm.core  Executing query to retrieve ResultSet: select rv1_0.id,rv1_0.created_at,rv1_0.earning_rate,rv1_0.effective_from,rv1_0.effective_to,rv1_0.expiry_days,rv1_0.lock_days,rv1_0.minimum_redemption_points,rv1_0.program_id,rv1_0.redemption_rate,rv1_0.rounding_mode,rv1_0.status,rv1_0.version from rule_versions rv1_0 where rv1_0.status=? and rv1_0.effective_from<=?
[39m[scheduling-1][0;39m [2026-09-03  14-43-13-79] DEBUG org.hibernate.SQL  
    select
        rv1_0.id,
        rv1_0.created_at,
        rv1_0.earning_rate,
        rv1_0.effective_from,
        rv1_0.effective_to,
        rv1_0.expiry_days,
        rv1_0.lock_days,
        rv1_0.minimum_redemption_points,
        rv1_0.program_id,
        rv1_0.redemption_rate,
        rv1_0.rounding_mode,
        rv1_0.status,
        rv1_0.version 
    from
        rule_versions rv1_0 
    where
        rv1_0.status=? 
        and rv1_0.effective_from<=?
[39m[scheduling-1][0;39m [2026-09-03  14-43-13-79] TRACE org.hibernate.orm.resource.registry  HHH10002502: Registering statement [HikariProxyPreparedStatement@2114549196 wrapping select rv1_0.id,rv1_0.created_at,rv1_0.earning_rate,rv1_0.effective_from,rv1_0.effective_to,rv1_0.expiry_days,rv1_0.lock_days,rv1_0.minimum_redemption_points,rv1_0.program_id,rv1_0.redemption_rate,rv1_0.rounding_mode,rv1_0.status,rv1_0.version from rule_versions rv1_0 where rv1_0.status=? and rv1_0.effective_from<=?]
[39m[scheduling-1][0;39m [2026-09-03  14-43-13-79] TRACE org.hibernate.orm.jdbc.bind  binding parameter (1:VARCHAR) <- [SCHEDULED]
[39m[scheduling-1][0;39m [2026-09-03  14-43-13-79] TRACE org.hibernate.orm.jdbc.bind  binding parameter (2:TIMESTAMP) <- [2026-09-03T14:43:13.792418200]
[39m[scheduling-1][0;39m [2026-09-03  14-43-13-79] TRACE o.p.core.v3.QueryExecutorImpl    simple execute, handler=org.postgresql.jdbc.PgStatement$StatementResultHandler@6fd97db6, maxRows=0, fetchSize=0, flags=1
[39m[scheduling-1][0;39m [2026-09-03  14-43-13-79] TRACE o.p.core.v3.QueryExecutorImpl   FE=> SimpleQuery(query="BEGIN")
[39m[scheduling-1][0;39m [2026-09-03  14-43-13-79] TRACE o.p.core.v3.QueryExecutorImpl   FE=> Parse(stmt=null,query="select rv1_0.id,rv1_0.created_at,rv1_0.earning_rate,rv1_0.effective_from,rv1_0.effective_to,rv1_0.expiry_days,rv1_0.lock_days,rv1_0.minimum_redemption_points,rv1_0.program_id,rv1_0.redemption_rate,rv1_0.rounding_mode,rv1_0.status,rv1_0.version from rule_versions rv1_0 where rv1_0.status=$1 and rv1_0.effective_from<=$2",oids={1043,0})
[39m[scheduling-1][0;39m [2026-09-03  14-43-13-79] TRACE o.p.core.v3.QueryExecutorImpl   FE=> Bind(stmt=null,portal=null,$1=<('SCHEDULED')>,type=VARCHAR,$2=<('2026-09-03 14:43:13.792418+03')>,type=UNSPECIFIED)
[39m[scheduling-1][0;39m [2026-09-03  14-43-13-79] TRACE o.p.core.v3.QueryExecutorImpl   FE=> Describe(portal=null)
[39m[scheduling-1][0;39m [2026-09-03  14-43-13-79] TRACE o.p.core.v3.QueryExecutorImpl   FE=> Execute(portal=null,limit=0)
