[39m[restartedMain][0;39m [2026-09-03  14-42-04-72] DEBUG o.a.tomcat.util.IntrospectionUtils  IntrospectionUtils: setProperty(class org.apache.tomcat.util.net.NioEndpoint bindOnInit=false)
[39m[restartedMain][0;39m [2026-09-03  14-42-04-73] DEBUG o.apache.catalina.util.LifecycleBase  Setting state for [StandardServer[-1]] to [INITIALIZING]
[39m[restartedMain][0;39m [2026-09-03  14-42-04-74] DEBUG o.apache.catalina.util.LifecycleBase  Setting state for [org.apache.catalina.deploy.NamingResourcesImpl@1e42094e] to [INITIALIZING]
[39m[restartedMain][0;39m [2026-09-03  14-42-04-74] DEBUG o.apache.catalina.util.LifecycleBase  Setting state for [org.apache.catalina.deploy.NamingResourcesImpl@1e42094e] to [INITIALIZED]
[39m[restartedMain][0;39m [2026-09-03  14-42-04-74] DEBUG o.apache.catalina.util.LifecycleBase  Setting state for [StandardService[Tomcat]] to [INITIALIZING]
[39m[restartedMain][0;39m [2026-09-03  14-42-04-74] DEBUG o.apache.catalina.util.LifecycleBase  Setting state for [StandardEngine[Tomcat]] to [INITIALIZING]
[39m[restartedMain][0;39m [2026-09-03  14-42-04-74] DEBUG o.apache.catalina.util.LifecycleBase  Setting state for [StandardEngine[Tomcat]] to [INITIALIZED]
[39m[restartedMain][0;39m [2026-09-03  14-42-04-74] DEBUG o.apache.catalina.util.LifecycleBase  Setting state for [org.apache.catalina.mapper.MapperListener@748e5c16] to [INITIALIZING]
[39m[restartedMain][0;39m [2026-09-03  14-42-04-74] DEBUG o.apache.catalina.util.LifecycleBase  Setting state for [org.apache.catalina.mapper.MapperListener@748e5c16] to [INITIALIZED]
[39m[restartedMain][0;39m [2026-09-03  14-42-04-74] DEBUG o.apache.catalina.util.LifecycleBase  Setting state for [Connector["http-nio-8088"]] to [INITIALIZING]
[34m[restartedMain][0;39m [2026-09-03  14-42-04-75] INFO  o.a.coyote.http11.Http11NioProtocol  Initializing ProtocolHandler ["http-nio-8088"]
[39m[restartedMain][0;39m [2026-09-03  14-42-04-75] DEBUG o.apache.catalina.util.LifecycleBase  Setting state for [Connector["http-nio-8088"]] to [INITIALIZED]
[39m[restartedMain][0;39m [2026-09-03  14-42-04-75] DEBUG o.apache.catalina.util.LifecycleBase  Setting state for [StandardService[Tomcat]] to [INITIALIZED]
[39m[restartedMain][0;39m [2026-09-03  14-42-04-75] DEBUG o.apache.catalina.util.LifecycleBase  Setting state for [StandardServer[-1]] to [INITIALIZED]
[39m[restartedMain][0;39m [2026-09-03  14-42-04-75] DEBUG o.apache.catalina.util.LifecycleBase  Setting state for [StandardServer[-1]] to [STARTING_PREP]
[39m[restartedMain][0;39m [2026-09-03  14-42-04-75] DEBUG o.apache.catalina.util.LifecycleBase  Setting state for [StandardServer[-1]] to [STARTING]
[39m[restartedMain][0;39m [2026-09-03  14-42-04-75] DEBUG o.apache.catalina.util.LifecycleBase  Setting state for [org.apache.catalina.deploy.NamingResourcesImpl@1e42094e] to [STARTING_PREP]
[39m[restartedMain][0;39m [2026-09-03  14-42-04-75] DEBUG o.apache.catalina.util.LifecycleBase  Setting state for [org.apache.catalina.deploy.NamingResourcesImpl@1e42094e] to [STARTING]
[39m[restartedMain][0;39m [2026-09-03  14-42-04-75] DEBUG o.apache.catalina.util.LifecycleBase  Setting state for [org.apache.catalina.deploy.NamingResourcesImpl@1e42094e] to [STARTED]
[39m[restartedMain][0;39m [2026-09-03  14-42-04-76] DEBUG o.apache.catalina.util.LifecycleBase  Setting state for [StandardService[Tomcat]] to [STARTING_PREP]
[34m[restartedMain][0;39m [2026-09-03  14-42-04-76] INFO  o.a.catalina.core.StandardService  Starting service [Tomcat]
[39m[restartedMain][0;39m [2026-09-03  14-42-04-76] DEBUG o.apache.catalina.util.LifecycleBase  Setting state for [StandardService[Tomcat]] to [STARTING]
[39m[restartedMain][0;39m [2026-09-03  14-42-04-76] DEBUG o.apache.catalina.util.LifecycleBase  Setting state for [StandardEngine[Tomcat]] to [STARTING_PREP]
[34m[restartedMain][0;39m [2026-09-03  14-42-04-76] INFO  o.a.catalina.core.StandardEngine  Starting Servlet engine: [Apache Tomcat/11.0.22]
[39m[restartedMain][0;39m [2026-09-03  14-42-04-76] DEBUG o.apache.catalina.util.LifecycleBase  Setting state for [SimpleRealm[StandardEngine[Tomcat]]] to [INITIALIZING]
[39m[restartedMain][0;39m [2026-09-03  14-42-04-76] DEBUG o.apache.catalina.util.LifecycleBase  Setting state for [SimpleRealm[StandardEngine[Tomcat]]] to [INITIALIZED]
[39m[restartedMain][0;39m [2026-09-03  14-42-04-76] DEBUG o.apache.catalina.util.LifecycleBase  Setting state for [SimpleRealm[StandardEngine[Tomcat]]] to [STARTING_PREP]
[39m[restartedMain][0;39m [2026-09-03  14-42-04-76] DEBUG o.apache.catalina.util.LifecycleBase  Setting state for [SimpleRealm[StandardEngine[Tomcat]]] to [STARTING]
[39m[restartedMain][0;39m [2026-09-03  14-42-04-76] DEBUG o.apache.catalina.util.LifecycleBase  Setting state for [SimpleRealm[StandardEngine[Tomcat]]] to [STARTED]
[39m[restartedMain][0;39m [2026-09-03  14-42-04-77] DEBUG o.apache.catalina.util.LifecycleBase  Setting state for [StandardEngine[Tomcat].StandardHost[localhost]] to [INITIALIZING]
[39m[restartedMain][0;39m [2026-09-03  14-42-04-78] DEBUG o.apache.catalina.util.LifecycleBase  Setting state for [StandardEngine[Tomcat].StandardHost[localhost]] to [INITIALIZED]
