[39m[restartedMain][0;39m [2026-09-03  14-49-15-18] TRACE org.hibernate.models.annotations  Registering repeatable AnnotationDescriptor - AnnotationDescriptor(org.hibernate.annotations.JdbcTypeRegistrations)
[39m[restartedMain][0;39m [2026-09-03  14-49-15-18] TRACE org.hibernate.models.annotations  Registering AnnotationDescriptor - AnnotationDescriptor(org.hibernate.annotations.JoinColumnsOrFormulas)
[39m[restartedMain][0;39m [2026-09-03  14-49-15-18] TRACE org.hibernate.models.annotations  Registering AnnotationDescriptor - AnnotationDescriptor(org.hibernate.annotations.JoinColumnOrFormula)
[39m[restartedMain][0;39m [2026-09-03  14-49-15-18] TRACE org.hibernate.models.annotations  Registering repeatable AnnotationDescriptor - AnnotationDescriptor(org.hibernate.annotations.JoinColumnsOrFormulas)
[39m[restartedMain][0;39m [2026-09-03  14-49-15-18] TRACE org.hibernate.models.annotations  Registering AnnotationDescriptor - AnnotationDescriptor(org.hibernate.annotations.JoinFormula)
[39m[restartedMain][0;39m [2026-09-03  14-49-15-18] TRACE org.hibernate.models.annotations  Registering AnnotationDescriptor - AnnotationDescriptor(org.hibernate.annotations.LazyGroup)
[39m[HikariPool-1:connection-adder][0;39m [2026-09-03  14-49-15-18] TRACE o.p.core.v3.ConnectionFactoryImpl   <=BE SSLRefused
[39m[HikariPool-1:connection-adder][0;39m [2026-09-03  14-49-15-18] TRACE o.p.core.v3.ConnectionFactoryImpl   FE=> StartupPacket(user=postgres, database=loyalty_db, client_encoding=UTF8, DateStyle=ISO, TimeZone=Africa/Cairo)
[39m[restartedMain][0;39m [2026-09-03  14-49-15-18] TRACE org.hibernate.models.annotations  Registering AnnotationDescriptor - AnnotationDescriptor(org.hibernate.annotations.ListIndexBase)
[39m[restartedMain][0;39m [2026-09-03  14-49-15-18] TRACE org.hibernate.models.annotations  Registering AnnotationDescriptor - AnnotationDescriptor(org.hibernate.annotations.ListIndexJavaType)
[39m[restartedMain][0;39m [2026-09-03  14-49-15-18] TRACE org.hibernate.models.annotations  Registering AnnotationDescriptor - AnnotationDescriptor(org.hibernate.annotations.ListIndexJdbcType)
[39m[restartedMain][0;39m [2026-09-03  14-49-15-19] TRACE org.hibernate.models.annotations  Registering AnnotationDescriptor - AnnotationDescriptor(org.hibernate.annotations.ListIndexJdbcTypeCode)
[39m[restartedMain][0;39m [2026-09-03  14-49-15-19] TRACE org.hibernate.models.annotations  Registering AnnotationDescriptor - AnnotationDescriptor(org.hibernate.annotations.ManyToAny)
[39m[HikariPool-1:connection-adder][0;39m [2026-09-03  14-49-15-19] TRACE o.p.core.v3.ScramAuthenticator  channelBinding( PREFER )
[39m[HikariPool-1:connection-adder][0;39m [2026-09-03  14-49-15-19] TRACE o.p.core.v3.ScramAuthenticator   <=BE AuthenticationSASL( [SCRAM-SHA-256] )
[39m[restartedMain][0;39m [2026-09-03  14-49-15-19] TRACE org.hibernate.models.annotations  Registering AnnotationDescriptor - AnnotationDescriptor(org.hibernate.annotations.MapKeyCompositeType)
[39m[restartedMain][0;39m [2026-09-03  14-49-15-19] TRACE org.hibernate.models.annotations  Registering AnnotationDescriptor - AnnotationDescriptor(org.hibernate.annotations.MapKeyJavaType)
[39m[HikariPool-1:connection-adder][0;39m [2026-09-03  14-49-15-19] TRACE o.p.core.v3.ScramAuthenticator   Using SCRAM mechanism: SCRAM-SHA-256
[39m[HikariPool-1:connection-adder][0;39m [2026-09-03  14-49-15-19] TRACE o.p.core.v3.ScramAuthenticator   FE=> SASLInitialResponse( n,,n=*,r=8sMpyh-bKWval3ZNMl*y;#p7 )
[39m[restartedMain][0;39m [2026-09-03  14-49-15-19] TRACE org.hibernate.models.annotations  Registering AnnotationDescriptor - AnnotationDescriptor(org.hibernate.annotations.MapKeyJdbcType)
[39m[restartedMain][0;39m [2026-09-03  14-49-15-19] TRACE org.hibernate.models.annotations  Registering AnnotationDescriptor - AnnotationDescriptor(org.hibernate.annotations.MapKeyJdbcTypeCode)
[39m[restartedMain][0;39m [2026-09-03  14-49-15-19] TRACE org.hibernate.models.annotations  Registering AnnotationDescriptor - AnnotationDescriptor(org.hibernate.annotations.MapKeyMutability)
[39m[HikariPool-1:connection-adder][0;39m [2026-09-03  14-49-15-19] TRACE o.p.core.v3.ScramAuthenticator   <=BE AuthenticationSASLContinue( r=8sMpyh-bKWval3ZNMl*y;#p7MrIbDNZ5TAtwDSim0buLwRoa,s=CztWnO8HyLgidstIEtJvXw==,i=4096 )
[39m[restartedMain][0;39m [2026-09-03  14-49-15-19] TRACE org.hibernate.models.annotations  Registering AnnotationDescriptor - AnnotationDescriptor(org.hibernate.annotations.MapKeyType)
[39m[restartedMain][0;39m [2026-09-03  14-49-15-19] TRACE org.hibernate.models.annotations  Registering AnnotationDescriptor - AnnotationDescriptor(org.hibernate.annotations.Mutability)
[39m[restartedMain][0;39m [2026-09-03  14-49-15-19] TRACE org.hibernate.models.annotations  Registering AnnotationDescriptor - AnnotationDescriptor(org.hibernate.annotations.NamedEntityGraphs)
[39m[restartedMain][0;39m [2026-09-03  14-49-15-19] TRACE org.hibernate.models.annotations  Registering AnnotationDescriptor - AnnotationDescriptor(org.hibernate.annotations.NamedEntityGraph)
[39m[restartedMain][0;39m [2026-09-03  14-49-15-19] TRACE org.hibernate.models.annotations  Registering repeatable AnnotationDescriptor - AnnotationDescriptor(org.hibernate.annotations.NamedEntityGraphs)
