[39m[scheduling-1][0;39m [2026-09-03  14-46-14-20] TRACE org.hibernate.orm.resource.registry  HHH10002502: Registering statement [HikariProxyPreparedStatement@1953482279 wrapping select r1_0.id,r1_0.account_id,r1_0.authorization_code,r1_0.cancel_reason,r1_0.cancelled_at,r1_0.created_at,r1_0.discount_amount,r1_0.otp_attempts_remaining,r1_0.otp_expires_at,r1_0.otp_hash,r1_0.purchase_transaction_id,r1_0.requested_points,r1_0.reservation_expires_at,r1_0.status from redemptions r1_0 where r1_0.status=? and r1_0.reservation_expires_at<?]
[39m[scheduling-1][0;39m [2026-09-03  14-46-14-20] TRACE org.hibernate.orm.jdbc.bind  binding parameter (1:VARCHAR) <- [AUTHORIZED]
[39m[scheduling-1][0;39m [2026-09-03  14-46-14-20] TRACE org.hibernate.orm.jdbc.bind  binding parameter (2:TIMESTAMP) <- [2026-09-03T14:46:14.184054200]
[39m[scheduling-1][0;39m [2026-09-03  14-46-14-20] TRACE o.p.core.v3.QueryExecutorImpl    simple execute, handler=org.postgresql.jdbc.PgStatement$StatementResultHandler@275823c, maxRows=0, fetchSize=0, flags=16
[39m[scheduling-1][0;39m [2026-09-03  14-46-14-20] TRACE o.p.core.v3.QueryExecutorImpl   FE=> Parse(stmt=S_5,query="select r1_0.id,r1_0.account_id,r1_0.authorization_code,r1_0.cancel_reason,r1_0.cancelled_at,r1_0.created_at,r1_0.discount_amount,r1_0.otp_attempts_remaining,r1_0.otp_expires_at,r1_0.otp_hash,r1_0.purchase_transaction_id,r1_0.requested_points,r1_0.reservation_expires_at,r1_0.status from redemptions r1_0 where r1_0.status=$1 and r1_0.reservation_expires_at<$2",oids={1043,0})
[39m[scheduling-1][0;39m [2026-09-03  14-46-14-20] TRACE o.p.core.v3.QueryExecutorImpl   FE=> Describe(statement=S_5)
[39m[scheduling-1][0;39m [2026-09-03  14-46-14-20] TRACE o.p.core.v3.QueryExecutorImpl   FE=> Bind(stmt=S_5,portal=null,$1=<('AUTHORIZED')>,type=VARCHAR,$2=<('2026-09-03 14:46:14.184054+03')>,type=UNSPECIFIED)
[39m[scheduling-1][0;39m [2026-09-03  14-46-14-20] TRACE o.p.core.v3.QueryExecutorImpl   FE=> Execute(portal=null,limit=0)
[39m[scheduling-1][0;39m [2026-09-03  14-46-14-20] TRACE o.p.core.v3.QueryExecutorImpl   FE=> Sync
[39m[scheduling-1][0;39m [2026-09-03  14-46-14-20] TRACE o.p.core.v3.QueryExecutorImpl   <=BE ParseComplete [S_5]
[39m[scheduling-1][0;39m [2026-09-03  14-46-14-20] TRACE o.p.core.v3.QueryExecutorImpl   <=BE ParameterDescription
[39m[scheduling-1][0;39m [2026-09-03  14-46-14-20] TRACE o.p.core.v3.QueryExecutorImpl   <=BE RowDescription(14)
[39m[scheduling-1][0;39m [2026-09-03  14-46-14-20] TRACE o.p.core.v3.QueryExecutorImpl          Field(id,INT8,8,T)
[39m[scheduling-1][0;39m [2026-09-03  14-46-14-20] TRACE o.p.core.v3.QueryExecutorImpl          Field(account_id,INT8,8,T)
[39m[scheduling-1][0;39m [2026-09-03  14-46-14-20] TRACE o.p.core.v3.QueryExecutorImpl          Field(authorization_code,VARCHAR,65535,T)
[39m[scheduling-1][0;39m [2026-09-03  14-46-14-20] TRACE o.p.core.v3.QueryExecutorImpl          Field(cancel_reason,VARCHAR,65535,T)
[39m[scheduling-1][0;39m [2026-09-03  14-46-14-20] TRACE o.p.core.v3.QueryExecutorImpl          Field(cancelled_at,TIMESTAMP,8,T)
[39m[scheduling-1][0;39m [2026-09-03  14-46-14-20] TRACE o.p.core.v3.QueryExecutorImpl          Field(created_at,TIMESTAMP,8,T)
[39m[scheduling-1][0;39m [2026-09-03  14-46-14-20] TRACE o.p.core.v3.QueryExecutorImpl          Field(discount_amount,NUMERIC,65535,T)
[39m[scheduling-1][0;39m [2026-09-03  14-46-14-20] TRACE o.p.core.v3.QueryExecutorImpl          Field(otp_attempts_remaining,INT4,4,T)
[39m[scheduling-1][0;39m [2026-09-03  14-46-14-20] TRACE o.p.core.v3.QueryExecutorImpl          Field(otp_expires_at,TIMESTAMP,8,T)
[39m[scheduling-1][0;39m [2026-09-03  14-46-14-20] TRACE o.p.core.v3.QueryExecutorImpl          Field(otp_hash,VARCHAR,65535,T)
[39m[scheduling-1][0;39m [2026-09-03  14-46-14-20] TRACE o.p.core.v3.QueryExecutorImpl          Field(purchase_transaction_id,VARCHAR,65535,T)
[39m[scheduling-1][0;39m [2026-09-03  14-46-14-20] TRACE o.p.core.v3.QueryExecutorImpl          Field(requested_points,INT4,4,T)
[39m[scheduling-1][0;39m [2026-09-03  14-46-14-20] TRACE o.p.core.v3.QueryExecutorImpl          Field(reservation_expires_at,TIMESTAMP,8,T)
[39m[scheduling-1][0;39m [2026-09-03  14-46-14-20] TRACE o.p.core.v3.QueryExecutorImpl          Field(status,VARCHAR,65535,T)
[39m[scheduling-1][0;39m [2026-09-03  14-46-14-20] TRACE o.p.core.v3.QueryExecutorImpl   <=BE BindComplete [unnamed]
[39m[scheduling-1][0;39m [2026-09-03  14-46-14-20] TRACE o.p.core.v3.QueryExecutorImpl   <=BE CommandStatus(SELECT 0)
[39m[scheduling-1][0;39m [2026-09-03  14-46-14-20] TRACE o.p.core.v3.QueryExecutorImpl   <=BE ReadyForQuery(I)
[39m[scheduling-1][0;39m [2026-09-03  14-46-14-20] TRACE org.hibernate.orm.resource.registry  HHH10002507: Registering result set [HikariProxyResultSet@463838375 wrapping org.postgresql.jdbc.PgResultSet@42cfad9b]
[39m[scheduling-1][0;39m [2026-09-03  14-46-14-20] TRACE org.hibernate.orm.resource.registry  HHH10002504: Releasing result set [HikariProxyResultSet@463838375 wrapping org.postgresql.jdbc.PgResultSet@42cfad9b]
[39m[scheduling-1][0;39m [2026-09-03  14-46-14-20] TRACE org.hibernate.orm.resource.registry  HHH10002505: Closing result set [HikariProxyResultSet@463838375 wrapping org.postgresql.jdbc.PgResultSet@42cfad9b]
