[39m[background-preinit][0;39m [2026-09-03  14-42-02-18] DEBUG org.jboss.logging  Logging Provider: org.jboss.logging.Slf4jLoggerProvider found via system property
[34m[background-preinit][0;39m [2026-09-03  14-42-02-19] INFO  o.h.validator.internal.util.Version  HV000001: Hibernate Validator 9.0.1.Final
[39m[background-preinit][0;39m [2026-09-03  14-42-02-20] DEBUG o.h.v.i.x.config.ValidationXmlParser  Trying to load META-INF/validation.xml for XML based Validator configuration.
[39m[background-preinit][0;39m [2026-09-03  14-42-02-20] DEBUG o.h.v.i.x.c.ResourceLoaderHelper  Trying to load META-INF/validation.xml via TCCL
[39m[background-preinit][0;39m [2026-09-03  14-42-02-20] DEBUG o.h.v.i.x.c.ResourceLoaderHelper  Trying to load META-INF/validation.xml via Hibernate Validator's class loader
[39m[background-preinit][0;39m [2026-09-03  14-42-02-20] DEBUG o.h.v.i.x.config.ValidationXmlParser  No META-INF/validation.xml found. Using annotation based configuration only.
[39m[background-preinit][0;39m [2026-09-03  14-42-02-21] DEBUG o.h.v.i.e.r.TraversableResolvers  Found jakarta.persistence.Persistence on classpath containing 'getPersistenceUtil'. Assuming Jakarta Persistence environment. Trying to instantiate Jakarta Persistence aware TraversableResolver
[39m[background-preinit][0;39m [2026-09-03  14-42-02-21] DEBUG o.h.v.i.e.r.TraversableResolvers  Instantiated Jakarta Persistence aware TraversableResolver of type org.hibernate.validator.internal.engine.resolver.JPATraversableResolver.
[39m[background-preinit][0;39m [2026-09-03  14-42-02-24] DEBUG o.h.v.m.ResourceBundleMessageInterpolator  Loaded expression factory via original TCCL
[34m[restartedMain][0;39m [2026-09-03  14-42-02-26] INFO  c.a.acceptance.loyalty.Application  Starting Application using Java 21.0.12 with PID 43424 (C:\Users\Mostafa\Desktop\training\aman-loyalty-system\target\classes started by Mostafa in C:\Users\Mostafa\Desktop\training\aman-loyalty-system)
[39m[restartedMain][0;39m [2026-09-03  14-42-02-26] DEBUG c.a.acceptance.loyalty.Application  Running with Spring Boot v4.0.7, Spring v7.0.8
[34m[restartedMain][0;39m [2026-09-03  14-42-02-26] INFO  c.a.acceptance.loyalty.Application  No active profile set, falling back to 1 default profile: "default"
[34m[restartedMain][0;39m [2026-09-03  14-42-02-34] INFO  o.s.b.d.e.DevToolsPropertyDefaultsPostProcessor  Devtools property defaults active! Set 'spring.devtools.add-properties' to 'false' to disable
[34m[restartedMain][0;39m [2026-09-03  14-42-02-34] INFO  o.s.b.d.e.DevToolsPropertyDefaultsPostProcessor  For additional web related logging consider setting the 'logging.level.web' property to 'DEBUG'
[39m[background-preinit][0;39m [2026-09-03  14-42-02-39] DEBUG o.h.v.i.e.ValidatorFactoryConfigurationHelper  HV000252: Using org.hibernate.validator.internal.engine.DefaultPropertyNodeNameProvider as property node name provider.
[39m[background-preinit][0;39m [2026-09-03  14-42-02-39] DEBUG o.h.v.i.e.ValidatorFactoryConfigurationHelper  HV000234: Using org.hibernate.validator.messageinterpolation.ResourceBundleMessageInterpolator as ValidatorFactory-scoped message interpolator.
[39m[background-preinit][0;39m [2026-09-03  14-42-02-40] DEBUG o.h.v.i.e.ValidatorFactoryConfigurationHelper  HV000234: Using org.hibernate.validator.internal.engine.resolver.JPATraversableResolver as ValidatorFactory-scoped traversable resolver.
[39m[background-preinit][0;39m [2026-09-03  14-42-02-40] DEBUG o.h.v.i.e.ValidatorFactoryConfigurationHelper  HV000234: Using org.hibernate.validator.internal.util.ExecutableParameterNameProvider as ValidatorFactory-scoped parameter name provider.
[39m[background-preinit][0;39m [2026-09-03  14-42-02-40] DEBUG o.h.v.i.e.ValidatorFactoryConfigurationHelper  HV000234: Using org.hibernate.validator.internal.engine.DefaultClockProvider as ValidatorFactory-scoped clock provider.
[39m[background-preinit][0;39m [2026-09-03  14-42-02-40] DEBUG o.h.v.i.e.ValidatorFactoryConfigurationHelper  HV000234: Using org.hibernate.validator.internal.engine.scripting.DefaultScriptEvaluatorFactory as ValidatorFactory-scoped script evaluator factory.
[39m[restartedMain][0;39m [2026-09-03  14-42-03-44] TRACE o.s.c.c.CacheOrGroupedOpenApiCondition  Condition CacheOrGroupedOpenApiCondition on org.springdoc.core.configuration.SpringDocConfiguration#springdocBeanFactoryPostProcessor did not match due to AnyNestedCondition 0 matched 2 did not; NestedCondition on CacheOrGroupedOpenApiCondition.OnCacheDisabled found non-matching nested conditions @ConditionalOnProperty (springdoc.cache.disabled) did not find property 'springdoc.cache.disabled'; NestedCondition on CacheOrGroupedOpenApiCondition.OnMultipleOpenApiSupportCondition AnyNestedCondition 0 matched 2 did not; NestedCondition on MultipleOpenApiSupportCondition.OnActuatorDifferentPort @ConditionalOnProperty (springdoc.show-actuator) found different value in property 'springdoc.show-actuator'; NestedCondition on MultipleOpenApiSupportCondition.OnMultipleOpenApiSupportCondition AnyNestedCondition 0 matched 3 did not; NestedCondition on MultipleOpenApiGroupsCondition.OnListGroupedOpenApiBean @ConditionalOnBean (types: org.springdoc.core.models.GroupedOpenApi; SearchStrategy: all) did not find any beans of type org.springdoc.core.models.GroupedOpenApi; NestedCondition on MultipleOpenApiGroupsCondition.OnGroupConfigProperty @ConditionalOnProperty (springdoc.group-configs[0].group) did not find property 'springdoc.group-configs[0].group'; NestedCondition on MultipleOpenApiGroupsCondition.OnGroupedOpenApiBean @ConditionalOnBean (types: org.springdoc.core.models.GroupedOpenApi; SearchStrategy: all) did not find any beans of type org.springdoc.core.models.GroupedOpenApi
