[39m[HikariPool-1:connection-adder][0;39m [2026-09-03  15-14-30-45] TRACE o.p.core.v3.QueryExecutorImpl   <=BE ParameterStatus(scram_iterations = 4096)
[39m[HikariPool-1:connection-adder][0;39m [2026-09-03  15-14-30-45] TRACE o.p.core.v3.QueryExecutorImpl   <=BE ParameterStatus(DateStyle = ISO, MDY)
[39m[HikariPool-1:connection-adder][0;39m [2026-09-03  15-14-30-45] TRACE o.p.core.v3.QueryExecutorImpl   <=BE ParameterStatus(standard_conforming_strings = on)
[39m[HikariPool-1:connection-adder][0;39m [2026-09-03  15-14-30-45] TRACE o.p.core.v3.QueryExecutorImpl   <=BE ParameterStatus(session_authorization = postgres)
[39m[HikariPool-1:connection-adder][0;39m [2026-09-03  15-14-30-45] TRACE o.p.core.v3.QueryExecutorImpl   <=BE ParameterStatus(client_encoding = UTF8)
[39m[HikariPool-1:connection-adder][0;39m [2026-09-03  15-14-30-45] TRACE o.p.core.v3.QueryExecutorImpl   <=BE ParameterStatus(server_version = 18.6)
[39m[HikariPool-1:connection-adder][0;39m [2026-09-03  15-14-30-46] TRACE o.p.core.v3.QueryExecutorImpl   <=BE ParameterStatus(server_encoding = UTF8)
[39m[restartedMain][0;39m [2026-09-03  15-14-30-46] TRACE org.hibernate.models.annotations  Registering AnnotationDescriptor - AnnotationDescriptor(org.hibernate.annotations.Any)
[39m[HikariPool-1:connection-adder][0;39m [2026-09-03  15-14-30-46] TRACE o.p.core.v3.QueryExecutorImpl   <=BE BackendKeyData(pid=17,192,ckey=[B@3beb426b)
[39m[HikariPool-1:connection-adder][0;39m [2026-09-03  15-14-30-46] TRACE o.p.core.v3.QueryExecutorImpl   <=BE ReadyForQuery(I)
[39m[HikariPool-1:connection-adder][0;39m [2026-09-03  15-14-30-46] TRACE o.p.core.v3.QueryExecutorImpl    simple execute, handler=org.postgresql.core.SetupQueryRunner$SimpleResultHandler@6f016f3, maxRows=0, fetchSize=0, flags=1,047
[39m[restartedMain][0;39m [2026-09-03  15-14-30-46] TRACE org.hibernate.models.annotations  Registering AnnotationDescriptor - AnnotationDescriptor(org.hibernate.annotations.AnyDiscriminator)
[39m[HikariPool-1:connection-adder][0;39m [2026-09-03  15-14-30-46] TRACE o.p.core.v3.QueryExecutorImpl   FE=> SimpleQuery(query="SET application_name = 'PostgreSQL JDBC Driver'")
[39m[HikariPool-1:connection-adder][0;39m [2026-09-03  15-14-30-46] TRACE o.p.core.v3.QueryExecutorImpl   <=BE CommandStatus(SET)
[39m[restartedMain][0;39m [2026-09-03  15-14-30-46] TRACE org.hibernate.models.annotations  Registering AnnotationDescriptor - AnnotationDescriptor(org.hibernate.annotations.AnyDiscriminatorImplicitValues)
[39m[HikariPool-1:connection-adder][0;39m [2026-09-03  15-14-30-46] TRACE o.p.core.v3.QueryExecutorImpl   <=BE ParameterStatus(application_name = PostgreSQL JDBC Driver)
[39m[HikariPool-1:connection-adder][0;39m [2026-09-03  15-14-30-46] TRACE o.p.core.v3.QueryExecutorImpl   <=BE ReadyForQuery(I)
[39m[restartedMain][0;39m [2026-09-03  15-14-30-46] TRACE org.hibernate.models.annotations  Registering AnnotationDescriptor - AnnotationDescriptor(org.hibernate.annotations.AnyDiscriminatorValues)
[39m[HikariPool-1:connection-adder][0;39m [2026-09-03  15-14-30-46] TRACE org.postgresql.jdbc.PgConnection      types using binary send = TIMESTAMPTZ,NUMERIC,OID_ARRAY,UUID,BYTEA_ARRAY,INT2_ARRAY,INT4_ARRAY,BYTEA,TEXT_ARRAY,TIMETZ,INT8,INT2,INT4,VARCHAR_ARRAY,INT8_ARRAY,POINT,TIMESTAMP,TIME,BOX,FLOAT4,FLOAT8,FLOAT4_ARRAY,FLOAT8_ARRAY
[39m[HikariPool-1:connection-adder][0;39m [2026-09-03  15-14-30-46] TRACE org.postgresql.jdbc.PgConnection      types using binary receive = TIMESTAMPTZ,NUMERIC,OID_ARRAY,UUID,BYTEA_ARRAY,INT2_ARRAY,INT4_ARRAY,BYTEA,TEXT_ARRAY,TIMETZ,INT8,INT2,INT4,VARCHAR_ARRAY,INT8_ARRAY,POINT,DATE,TIMESTAMP,TIME,BOX,FLOAT4,FLOAT8,FLOAT4_ARRAY,FLOAT8_ARRAY
[39m[HikariPool-1:connection-adder][0;39m [2026-09-03  15-14-30-46] TRACE org.postgresql.jdbc.PgConnection      integer date/time = true
[39m[restartedMain][0;39m [2026-09-03  15-14-30-46] TRACE org.hibernate.models.annotations  Registering AnnotationDescriptor - AnnotationDescriptor(org.hibernate.annotations.AnyDiscriminatorValue)
[39m[restartedMain][0;39m [2026-09-03  15-14-30-46] TRACE org.hibernate.models.annotations  Registering repeatable AnnotationDescriptor - AnnotationDescriptor(org.hibernate.annotations.AnyDiscriminatorValues)
[39m[HikariPool-1:connection-adder][0;39m [2026-09-03  15-14-30-46] DEBUG com.zaxxer.hikari.pool.PoolBase  HikariPool-1 - Established new connection (470d9eed-f291-4e35-b323-92544630d038)
[39m[HikariPool-1:connection-adder][0;39m [2026-09-03  15-14-30-46] DEBUG com.zaxxer.hikari.pool.HikariPool  HikariPool-1 - Added connection org.postgresql.jdbc.PgConnection@7db4bcd7
[39m[restartedMain][0;39m [2026-09-03  15-14-30-46] TRACE org.hibernate.models.annotations  Registering AnnotationDescriptor - AnnotationDescriptor(org.hibernate.annotations.AnyKeyJavaClass)
[39m[restartedMain][0;39m [2026-09-03  15-14-30-46] TRACE org.hibernate.models.annotations  Registering AnnotationDescriptor - AnnotationDescriptor(org.hibernate.annotations.AnyKeyJavaType)
[39m[restartedMain][0;39m [2026-09-03  15-14-30-46] TRACE org.hibernate.models.annotations  Registering AnnotationDescriptor - AnnotationDescriptor(org.hibernate.annotations.AnyKeyJdbcType)
