[39m[restartedMain][0;39m [2026-09-03  14-49-15-19] TRACE org.hibernate.models.annotations  Registering AnnotationDescriptor - AnnotationDescriptor(org.hibernate.annotations.NamedNativeQueries)
[39m[HikariPool-1:connection-adder][0;39m [2026-09-03  14-49-15-20] TRACE o.p.core.v3.ScramAuthenticator   FE=> SASLResponse( c=biws,r=8sMpyh-bKWval3ZNMl*y;#p7MrIbDNZ5TAtwDSim0buLwRoa,p=jEL7o3GZxyePzpM3wo8Ndl7uA0ax+DA27Rjdj7dGnnE= )
[39m[restartedMain][0;39m [2026-09-03  14-49-15-20] TRACE org.hibernate.models.annotations  Registering AnnotationDescriptor - AnnotationDescriptor(org.hibernate.annotations.NamedNativeQuery)
[39m[restartedMain][0;39m [2026-09-03  14-49-15-20] TRACE org.hibernate.models.annotations  Registering repeatable AnnotationDescriptor - AnnotationDescriptor(org.hibernate.annotations.NamedNativeQueries)
[39m[restartedMain][0;39m [2026-09-03  14-49-15-20] TRACE org.hibernate.models.annotations  Registering AnnotationDescriptor - AnnotationDescriptor(org.hibernate.annotations.NamedQueries)
[39m[restartedMain][0;39m [2026-09-03  14-49-15-20] TRACE org.hibernate.models.annotations  Registering AnnotationDescriptor - AnnotationDescriptor(org.hibernate.annotations.NamedQuery)
[39m[restartedMain][0;39m [2026-09-03  14-49-15-20] TRACE org.hibernate.models.annotations  Registering repeatable AnnotationDescriptor - AnnotationDescriptor(org.hibernate.annotations.NamedQueries)
[39m[restartedMain][0;39m [2026-09-03  14-49-15-20] TRACE org.hibernate.models.annotations  Registering AnnotationDescriptor - AnnotationDescriptor(org.hibernate.annotations.Nationalized)
[39m[restartedMain][0;39m [2026-09-03  14-49-15-20] TRACE org.hibernate.models.annotations  Registering AnnotationDescriptor - AnnotationDescriptor(org.hibernate.annotations.NativeGenerator)
[39m[restartedMain][0;39m [2026-09-03  14-49-15-20] TRACE org.hibernate.models.annotations  Registering AnnotationDescriptor - AnnotationDescriptor(org.hibernate.annotations.NaturalId)
[39m[restartedMain][0;39m [2026-09-03  14-49-15-20] TRACE org.hibernate.models.annotations  Registering AnnotationDescriptor - AnnotationDescriptor(org.hibernate.annotations.NaturalIdCache)
[39m[HikariPool-1:connection-adder][0;39m [2026-09-03  14-49-15-20] TRACE o.p.core.v3.ScramAuthenticator   <=BE AuthenticationSASLFinal( v=+sQHYCAGT9Bu/2O0rv4g9GJlmiYLfMWTdpIJcE5z8+k= )
[39m[HikariPool-1:connection-adder][0;39m [2026-09-03  14-49-15-20] TRACE o.p.core.v3.ConnectionFactoryImpl   <=BE AuthenticationOk
[39m[restartedMain][0;39m [2026-09-03  14-49-15-20] TRACE org.hibernate.models.annotations  Registering AnnotationDescriptor - AnnotationDescriptor(org.hibernate.annotations.NotFound)
[39m[HikariPool-1:connection-adder][0;39m [2026-09-03  14-49-15-20] TRACE o.p.core.v3.QueryExecutorImpl   <=BE ParameterStatus(in_hot_standby = off)
[39m[HikariPool-1:connection-adder][0;39m [2026-09-03  14-49-15-20] TRACE o.p.core.v3.QueryExecutorImpl   <=BE ParameterStatus(integer_datetimes = on)
[39m[HikariPool-1:connection-adder][0;39m [2026-09-03  14-49-15-20] TRACE o.p.core.v3.QueryExecutorImpl   <=BE ParameterStatus(TimeZone = Africa/Cairo)
[39m[HikariPool-1:connection-adder][0;39m [2026-09-03  14-49-15-20] TRACE o.p.core.v3.QueryExecutorImpl   <=BE ParameterStatus(IntervalStyle = postgres)
[39m[HikariPool-1:connection-adder][0;39m [2026-09-03  14-49-15-20] TRACE o.p.core.v3.QueryExecutorImpl   <=BE ParameterStatus(search_path = "$user", public)
[39m[HikariPool-1:connection-adder][0;39m [2026-09-03  14-49-15-20] TRACE o.p.core.v3.QueryExecutorImpl   <=BE ParameterStatus(is_superuser = on)
[39m[HikariPool-1:connection-adder][0;39m [2026-09-03  14-49-15-20] TRACE o.p.core.v3.QueryExecutorImpl   <=BE ParameterStatus(application_name = )
[39m[HikariPool-1:connection-adder][0;39m [2026-09-03  14-49-15-20] TRACE o.p.core.v3.QueryExecutorImpl   <=BE ParameterStatus(default_transaction_read_only = off)
[39m[HikariPool-1:connection-adder][0;39m [2026-09-03  14-49-15-20] TRACE o.p.core.v3.QueryExecutorImpl   <=BE ParameterStatus(scram_iterations = 4096)
[39m[restartedMain][0;39m [2026-09-03  14-49-15-20] TRACE org.hibernate.models.annotations  Registering AnnotationDescriptor - AnnotationDescriptor(org.hibernate.annotations.OnDelete)
[39m[HikariPool-1:connection-adder][0;39m [2026-09-03  14-49-15-20] TRACE o.p.core.v3.QueryExecutorImpl   <=BE ParameterStatus(DateStyle = ISO, MDY)
[39m[HikariPool-1:connection-adder][0;39m [2026-09-03  14-49-15-20] TRACE o.p.core.v3.QueryExecutorImpl   <=BE ParameterStatus(standard_conforming_strings = on)
[39m[HikariPool-1:connection-adder][0;39m [2026-09-03  14-49-15-20] TRACE o.p.core.v3.QueryExecutorImpl   <=BE ParameterStatus(session_authorization = postgres)
[39m[HikariPool-1:connection-adder][0;39m [2026-09-03  14-49-15-20] TRACE o.p.core.v3.QueryExecutorImpl   <=BE ParameterStatus(client_encoding = UTF8)
[39m[HikariPool-1:connection-adder][0;39m [2026-09-03  14-49-15-20] TRACE o.p.core.v3.QueryExecutorImpl   <=BE ParameterStatus(server_version = 18.6)
[39m[HikariPool-1:connection-adder][0;39m [2026-09-03  14-49-15-20] TRACE o.p.core.v3.QueryExecutorImpl   <=BE ParameterStatus(server_encoding = UTF8)
