[39m[restartedMain][0;39m [2026-09-03  15-14-31-60] TRACE org.hibernate.orm.service  HHH010500: Initializing service: org.hibernate.cache.spi.CacheImplementor
[39m[restartedMain][0;39m [2026-09-03  15-14-31-61] TRACE org.hibernate.orm.service  HHH010500: Initializing service: org.hibernate.sql.results.jdbc.spi.JdbcValuesMappingProducerProvider
[39m[restartedMain][0;39m [2026-09-03  15-14-31-61] DEBUG o.h.v.i.x.config.ValidationXmlParser  Trying to load META-INF/validation.xml for XML based Validator configuration.
[39m[restartedMain][0;39m [2026-09-03  15-14-31-62] DEBUG o.h.v.i.x.c.ResourceLoaderHelper  Trying to load META-INF/validation.xml via TCCL
[39m[restartedMain][0;39m [2026-09-03  15-14-31-62] DEBUG o.h.v.i.x.c.ResourceLoaderHelper  Trying to load META-INF/validation.xml via Hibernate Validator's class loader
[39m[restartedMain][0;39m [2026-09-03  15-14-31-62] DEBUG o.h.v.i.x.config.ValidationXmlParser  No META-INF/validation.xml found. Using annotation based configuration only.
[39m[restartedMain][0;39m [2026-09-03  15-14-31-62] DEBUG o.h.v.i.e.r.TraversableResolvers  Found jakarta.persistence.Persistence on classpath containing 'getPersistenceUtil'. Assuming Jakarta Persistence environment. Trying to instantiate Jakarta Persistence aware TraversableResolver
[39m[restartedMain][0;39m [2026-09-03  15-14-31-62] DEBUG o.h.v.i.e.r.TraversableResolvers  Instantiated Jakarta Persistence aware TraversableResolver of type org.hibernate.validator.internal.engine.resolver.JPATraversableResolver.
[39m[restartedMain][0;39m [2026-09-03  15-14-31-62] DEBUG o.h.v.m.ResourceBundleMessageInterpolator  Loaded expression factory via original TCCL
[39m[restartedMain][0;39m [2026-09-03  15-14-31-62] DEBUG o.h.v.i.e.ValidatorFactoryConfigurationHelper  HV000252: Using org.hibernate.validator.internal.engine.DefaultPropertyNodeNameProvider as property node name provider.
[39m[restartedMain][0;39m [2026-09-03  15-14-31-62] DEBUG o.h.v.i.e.ValidatorFactoryConfigurationHelper  HV000234: Using org.hibernate.validator.messageinterpolation.ResourceBundleMessageInterpolator as ValidatorFactory-scoped message interpolator.
[39m[restartedMain][0;39m [2026-09-03  15-14-31-62] DEBUG o.h.v.i.e.ValidatorFactoryConfigurationHelper  HV000234: Using org.hibernate.validator.internal.engine.resolver.JPATraversableResolver as ValidatorFactory-scoped traversable resolver.
[39m[restartedMain][0;39m [2026-09-03  15-14-31-62] DEBUG o.h.v.i.e.ValidatorFactoryConfigurationHelper  HV000234: Using org.hibernate.validator.internal.util.ExecutableParameterNameProvider as ValidatorFactory-scoped parameter name provider.
[39m[restartedMain][0;39m [2026-09-03  15-14-31-62] DEBUG o.h.v.i.e.ValidatorFactoryConfigurationHelper  HV000234: Using org.hibernate.validator.internal.engine.DefaultClockProvider as ValidatorFactory-scoped clock provider.
[39m[restartedMain][0;39m [2026-09-03  15-14-31-62] DEBUG o.h.v.i.e.ValidatorFactoryConfigurationHelper  HV000234: Using org.hibernate.validator.internal.engine.scripting.DefaultScriptEvaluatorFactory as ValidatorFactory-scoped script evaluator factory.
[39m[restartedMain][0;39m [2026-09-03  15-14-31-62] TRACE org.hibernate.orm.boot  HHH160236: No temp ClassLoader provided; using live ClassLoader to load potentially unsafe class: com.aman.acceptance.loyalty.model.LoyaltyAccount
[39m[restartedMain][0;39m [2026-09-03  15-14-31-65] TRACE org.hibernate.orm.boot  HHH160236: No temp ClassLoader provided; using live ClassLoader to load potentially unsafe class: com.aman.acceptance.loyalty.model.AuditEvent
[39m[restartedMain][0;39m [2026-09-03  15-14-31-66] TRACE org.hibernate.orm.boot  HHH160236: No temp ClassLoader provided; using live ClassLoader to load potentially unsafe class: com.aman.acceptance.loyalty.model.LoyaltyProgram
[39m[restartedMain][0;39m [2026-09-03  15-14-31-66] TRACE org.hibernate.orm.boot  HHH160236: No temp ClassLoader provided; using live ClassLoader to load potentially unsafe class: com.aman.acceptance.loyalty.model.RuleVersion
[39m[restartedMain][0;39m [2026-09-03  15-14-31-67] TRACE org.hibernate.orm.boot  HHH160236: No temp ClassLoader provided; using live ClassLoader to load potentially unsafe class: com.aman.acceptance.loyalty.model.IdempotencyRecord
[39m[restartedMain][0;39m [2026-09-03  15-14-31-67] TRACE org.hibernate.orm.boot  HHH160236: No temp ClassLoader provided; using live ClassLoader to load potentially unsafe class: com.aman.acceptance.loyalty.model.Redemption
[39m[restartedMain][0;39m [2026-09-03  15-14-31-68] TRACE org.hibernate.orm.boot  HHH160236: No temp ClassLoader provided; using live ClassLoader to load potentially unsafe class: com.aman.acceptance.loyalty.model.LoyaltyTransaction
[39m[restartedMain][0;39m [2026-09-03  15-14-31-68] TRACE org.hibernate.orm.boot  HHH160236: No temp ClassLoader provided; using live ClassLoader to load potentially unsafe class: com.aman.acceptance.loyalty.model.RedemptionAllocation
[39m[restartedMain][0;39m [2026-09-03  15-14-31-68] TRACE org.hibernate.orm.boot  HHH160236: No temp ClassLoader provided; using live ClassLoader to load potentially unsafe class: com.aman.acceptance.loyalty.model.Customer
