[39m[restartedMain][0;39m [2026-09-03  14-49-17-89] TRACE o.p.core.v3.QueryExecutorImpl   FE=> Bind(stmt=null,portal=null,$1=<('public')>,type=VARCHAR)
[39m[restartedMain][0;39m [2026-09-03  14-49-17-89] TRACE o.p.core.v3.QueryExecutorImpl   FE=> Describe(portal=null)
[39m[restartedMain][0;39m [2026-09-03  14-49-17-89] TRACE o.p.core.v3.QueryExecutorImpl   FE=> Execute(portal=null,limit=0)
[39m[restartedMain][0;39m [2026-09-03  14-49-17-89] TRACE o.p.core.v3.QueryExecutorImpl   FE=> Sync
[39m[restartedMain][0;39m [2026-09-03  14-49-17-90] TRACE o.p.core.v3.QueryExecutorImpl   <=BE ParseComplete [null]
[39m[restartedMain][0;39m [2026-09-03  14-49-17-90] TRACE o.p.core.v3.QueryExecutorImpl   <=BE BindComplete [unnamed]
[39m[restartedMain][0;39m [2026-09-03  14-49-17-90] TRACE o.p.core.v3.QueryExecutorImpl   <=BE RowDescription(14)
[39m[restartedMain][0;39m [2026-09-03  14-49-17-90] TRACE o.p.core.v3.QueryExecutorImpl          Field(PKTABLE_CAT,NAME,64,T)
[39m[restartedMain][0;39m [2026-09-03  14-49-17-90] TRACE o.p.core.v3.QueryExecutorImpl          Field(PKTABLE_SCHEM,NAME,64,T)
[39m[restartedMain][0;39m [2026-09-03  14-49-17-90] TRACE o.p.core.v3.QueryExecutorImpl          Field(PKTABLE_NAME,NAME,64,T)
[39m[restartedMain][0;39m [2026-09-03  14-49-17-90] TRACE o.p.core.v3.QueryExecutorImpl          Field(PKCOLUMN_NAME,NAME,64,T)
[39m[restartedMain][0;39m [2026-09-03  14-49-17-90] TRACE o.p.core.v3.QueryExecutorImpl          Field(FKTABLE_CAT,NAME,64,T)
[39m[restartedMain][0;39m [2026-09-03  14-49-17-90] TRACE o.p.core.v3.QueryExecutorImpl          Field(FKTABLE_SCHEM,NAME,64,T)
[39m[restartedMain][0;39m [2026-09-03  14-49-17-90] TRACE o.p.core.v3.QueryExecutorImpl          Field(FKTABLE_NAME,NAME,64,T)
[39m[restartedMain][0;39m [2026-09-03  14-49-17-90] TRACE o.p.core.v3.QueryExecutorImpl          Field(FKCOLUMN_NAME,NAME,64,T)
[39m[restartedMain][0;39m [2026-09-03  14-49-17-90] TRACE o.p.core.v3.QueryExecutorImpl          Field(KEY_SEQ,INT4,4,T)
[39m[restartedMain][0;39m [2026-09-03  14-49-17-90] TRACE o.p.core.v3.QueryExecutorImpl          Field(UPDATE_RULE,INT4,4,T)
[39m[restartedMain][0;39m [2026-09-03  14-49-17-90] TRACE o.p.core.v3.QueryExecutorImpl          Field(DELETE_RULE,INT4,4,T)
[39m[restartedMain][0;39m [2026-09-03  14-49-17-90] TRACE o.p.core.v3.QueryExecutorImpl          Field(FK_NAME,NAME,64,T)
[39m[restartedMain][0;39m [2026-09-03  14-49-17-90] TRACE o.p.core.v3.QueryExecutorImpl          Field(PK_NAME,NAME,64,T)
[39m[restartedMain][0;39m [2026-09-03  14-49-17-90] TRACE o.p.core.v3.QueryExecutorImpl          Field(DEFERRABILITY,INT4,4,T)
[39m[restartedMain][0;39m [2026-09-03  14-49-17-90] TRACE o.p.core.v3.QueryExecutorImpl   <=BE DataRow(len=115)
[39m[restartedMain][0;39m [2026-09-03  14-49-17-90] TRACE o.p.core.v3.QueryExecutorImpl   <=BE DataRow(len=132)
[39m[restartedMain][0;39m [2026-09-03  14-49-17-90] TRACE o.p.core.v3.QueryExecutorImpl   <=BE DataRow(len=123)
[39m[restartedMain][0;39m [2026-09-03  14-49-17-90] TRACE o.p.core.v3.QueryExecutorImpl   <=BE DataRow(len=123)
[39m[restartedMain][0;39m [2026-09-03  14-49-17-90] TRACE o.p.core.v3.QueryExecutorImpl   <=BE DataRow(len=125)
[39m[restartedMain][0;39m [2026-09-03  14-49-17-90] TRACE o.p.core.v3.QueryExecutorImpl   <=BE DataRow(len=128)
[39m[restartedMain][0;39m [2026-09-03  14-49-17-90] TRACE o.p.core.v3.QueryExecutorImpl   <=BE DataRow(len=143)
[39m[restartedMain][0;39m [2026-09-03  14-49-17-90] TRACE o.p.core.v3.QueryExecutorImpl   <=BE DataRow(len=120)
[39m[restartedMain][0;39m [2026-09-03  14-49-17-90] TRACE o.p.core.v3.QueryExecutorImpl   <=BE DataRow(len=127)
[39m[restartedMain][0;39m [2026-09-03  14-49-17-90] TRACE o.p.core.v3.QueryExecutorImpl   <=BE CommandStatus(SELECT 9)
[39m[restartedMain][0;39m [2026-09-03  14-49-17-90] TRACE o.p.core.v3.QueryExecutorImpl   <=BE ReadyForQuery(I)
[39m[restartedMain][0;39m [2026-09-03  14-49-17-90] TRACE org.postgresql.jdbc.PgConnection    getString columnIndex: 5
[39m[restartedMain][0;39m [2026-09-03  14-49-17-90] TRACE org.postgresql.jdbc.PgConnection    getString columnIndex: 6
[39m[restartedMain][0;39m [2026-09-03  14-49-17-90] TRACE org.postgresql.jdbc.PgConnection    getString columnIndex: 7
[39m[restartedMain][0;39m [2026-09-03  14-49-17-90] TRACE org.postgresql.jdbc.PgConnection    getString columnIndex: 12
[39m[restartedMain][0;39m [2026-09-03  14-49-17-91] TRACE org.postgresql.jdbc.PgConnection    getString columnIndex: 1
[39m[restartedMain][0;39m [2026-09-03  14-49-17-91] TRACE org.postgresql.jdbc.PgConnection    getString columnIndex: 2
[39m[restartedMain][0;39m [2026-09-03  14-49-17-91] TRACE org.postgresql.jdbc.PgConnection    getString columnIndex: 3
[39m[restartedMain][0;39m [2026-09-03  14-49-17-91] TRACE org.postgresql.jdbc.PgConnection    getString columnIndex: 8
[39m[restartedMain][0;39m [2026-09-03  14-49-17-91] TRACE org.postgresql.jdbc.PgConnection    getString columnIndex: 4
[39m[restartedMain][0;39m [2026-09-03  14-49-17-91] TRACE org.postgresql.jdbc.PgConnection    getString columnIndex: 5
