[39m[scheduling-1][0;39m [2026-09-03  14-47-14-22] TRACE org.hibernate.orm.session  Closing session [a7d6b42c-ee4b-4507-b438-8d64c9560854]
[39m[scheduling-1][0;39m [2026-09-03  14-47-14-22] DEBUG org.hibernate.session.metrics  HHH000401: Logging session metrics:
	17600 ns acquiring 1 JDBC connections
	0 ns releasing 0 JDBC connections
	28700 ns preparing 1 JDBC statements
	881300 ns executing 1 JDBC statements
	0 ns executing 0 JDBC batches
	0 ns performing 0 second-level cache puts
	0 ns performing 0 second-level cache hits
	0 ns performing 0 second-level cache misses
	0 ns executing 0 flushes (flushing a total of 0 entities and 0 collections)
	0 ns executing 0 pre-partial-flushes
	0 ns executing 0 partial-flushes (flushing a total of 0 entities and 0 collections)

[39m[scheduling-1][0;39m [2026-09-03  14-47-14-23] TRACE org.hibernate.orm.jdbc  HHH100003: Closing JdbcCoordinator @1318892024
[39m[scheduling-1][0;39m [2026-09-03  14-47-14-23] TRACE org.hibernate.orm.resource.registry  HHH10002501: Releasing registered JDBC resources
[39m[scheduling-1][0;39m [2026-09-03  14-47-14-23] TRACE org.hibernate.orm.resource.jdbc  HHH10003017: Closing logical connection @1020220942
[39m[scheduling-1][0;39m [2026-09-03  14-47-14-23] TRACE org.hibernate.orm.resource.registry  HHH10002501: Releasing registered JDBC resources
[39m[scheduling-1][0;39m [2026-09-03  14-47-14-23] TRACE org.hibernate.orm.resource.jdbc  HHH10003018: Closed logical connection @1020220942
[39m[scheduling-1][0;39m [2026-09-03  14-47-14-23] DEBUG org.hibernate.orm.core  HHH006588: Opening session [tenant=null]
[39m[scheduling-1][0;39m [2026-09-03  14-47-14-23] TRACE org.hibernate.orm.jdbc  HHH100002: Created JdbcCoordinator @322669998
[39m[scheduling-1][0;39m [2026-09-03  14-47-14-23] TRACE org.hibernate.orm.session  Opened Session [6081f688-f168-4585-af5a-553d6e29b53d] at timestamp: 1788436034233
[39m[scheduling-1][0;39m [2026-09-03  14-47-14-23] TRACE org.hibernate.orm.query.plan.cache  Resolving HQL interpretation for [SELECT r FROM Redemption r WHERE r.status = :status AND r.reservationExpiresAt < :time]
[39m[scheduling-1][0;39m [2026-09-03  14-47-14-23] TRACE org.hibernate.orm.query.plan.cache  Resolving cached query plan for [SELECT r FROM Redemption r WHERE r.status = :status AND r.reservationExpiresAt < :time]
[39m[scheduling-1][0;39m [2026-09-03  14-47-14-23] TRACE org.hibernate.orm.sql.exec  HHH90004016: Skipping reading query result cache data (query cache disabled, cache mode NORMAL)
[39m[scheduling-1][0;39m [2026-09-03  14-47-14-23] TRACE org.hibernate.orm.core  Executing query to retrieve ResultSet: select r1_0.id,r1_0.account_id,r1_0.authorization_code,r1_0.cancel_reason,r1_0.cancelled_at,r1_0.created_at,r1_0.discount_amount,r1_0.otp_attempts_remaining,r1_0.otp_expires_at,r1_0.otp_hash,r1_0.purchase_transaction_id,r1_0.requested_points,r1_0.reservation_expires_at,r1_0.status from redemptions r1_0 where r1_0.status=? and r1_0.reservation_expires_at<?
[39m[scheduling-1][0;39m [2026-09-03  14-47-14-23] DEBUG org.hibernate.SQL  
    select
        r1_0.id,
        r1_0.account_id,
        r1_0.authorization_code,
        r1_0.cancel_reason,
        r1_0.cancelled_at,
        r1_0.created_at,
        r1_0.discount_amount,
        r1_0.otp_attempts_remaining,
        r1_0.otp_expires_at,
        r1_0.otp_hash,
        r1_0.purchase_transaction_id,
        r1_0.requested_points,
        r1_0.reservation_expires_at,
        r1_0.status 
    from
        redemptions r1_0 
    where
        r1_0.status=? 
        and r1_0.reservation_expires_at<?
[39m[scheduling-1][0;39m [2026-09-03  14-47-14-23] TRACE org.hibernate.orm.resource.registry  HHH10002502: Registering statement [HikariProxyPreparedStatement@664419597 wrapping select r1_0.id,r1_0.account_id,r1_0.authorization_code,r1_0.cancel_reason,r1_0.cancelled_at,r1_0.created_at,r1_0.discount_amount,r1_0.otp_attempts_remaining,r1_0.otp_expires_at,r1_0.otp_hash,r1_0.purchase_transaction_id,r1_0.requested_points,r1_0.reservation_expires_at,r1_0.status from redemptions r1_0 where r1_0.status=? and r1_0.reservation_expires_at<?]
[39m[scheduling-1][0;39m [2026-09-03  14-47-14-23] TRACE org.hibernate.orm.jdbc.bind  binding parameter (1:VARCHAR) <- [AUTHORIZED]
[39m[scheduling-1][0;39m [2026-09-03  14-47-14-23] TRACE org.hibernate.orm.jdbc.bind  binding parameter (2:TIMESTAMP) <- [2026-09-03T14:47:14.223399400]
[39m[scheduling-1][0;39m [2026-09-03  14-47-14-23] TRACE o.p.core.v3.QueryExecutorImpl    simple execute, handler=org.postgresql.jdbc.PgStatement$StatementResultHandler@1b380d8c, maxRows=0, fetchSize=0, flags=16
[39m[scheduling-1][0;39m [2026-09-03  14-47-14-23] TRACE o.p.core.v3.QueryExecutorImpl  Couldn''t estimate result size or result size unbounded, disabling batching for this query.
[39m[scheduling-1][0;39m [2026-09-03  14-47-14-23] TRACE o.p.core.v3.QueryExecutorImpl  Forcing Sync, receive buffer full or batching disallowed
[39m[scheduling-1][0;39m [2026-09-03  14-47-14-23] TRACE o.p.core.v3.QueryExecutorImpl   FE=> Sync
