[39m[scheduling-1][0;39m [2026-09-03  14-46-13-80] TRACE o.p.core.v3.QueryExecutorImpl   <=BE BindComplete [unnamed]
[39m[scheduling-1][0;39m [2026-09-03  14-46-13-80] TRACE o.p.core.v3.QueryExecutorImpl   <=BE CommandStatus(COMMIT)
[39m[scheduling-1][0;39m [2026-09-03  14-46-13-80] TRACE o.p.core.v3.QueryExecutorImpl   <=BE ReadyForQuery(I)
[39m[scheduling-1][0;39m [2026-09-03  14-46-13-80] TRACE org.hibernate.orm.resource.jdbc  HHH10003004: Transaction committed via JDBC Connection.commit()
[39m[scheduling-1][0;39m [2026-09-03  14-46-13-80] TRACE org.hibernate.orm.resource.jdbc  HHH10003007: Re-enabling auto-commit on JDBC Connection after completion of JDBC-based transaction
[39m[scheduling-1][0;39m [2026-09-03  14-46-13-80] DEBUG org.postgresql.jdbc.PgConnection    setAutoCommit = true
[39m[scheduling-1][0;39m [2026-09-03  14-46-13-80] TRACE org.hibernate.orm.resource.registry  HHH10002501: Releasing registered JDBC resources
[39m[scheduling-1][0;39m [2026-09-03  14-46-13-80] TRACE org.hibernate.orm.jdbc  HHH100035: Notifying resource-local transaction observers after completion
[39m[scheduling-1][0;39m [2026-09-03  14-46-13-80] TRACE org.hibernate.orm.synchronization  HHH90008002: Notifying Synchronizations (after completion with status 3)
[39m[scheduling-1][0;39m [2026-09-03  14-46-13-80] TRACE org.hibernate.orm.jdbc  HHH100007: Transaction after successful completion in JdbcCoordinator @869527751
[39m[scheduling-1][0;39m [2026-09-03  14-46-13-80] TRACE org.hibernate.orm.session  After transaction completion processing (successful=true, delayed=false)
[39m[scheduling-1][0;39m [2026-09-03  14-46-13-80] TRACE org.hibernate.orm.session  After transaction completion processing (successful=true, delayed=false)
[39m[scheduling-1][0;39m [2026-09-03  14-46-13-80] TRACE org.hibernate.orm.session  Closing session [224e545f-29a6-43f2-a87a-78ed00664ee6]
[39m[scheduling-1][0;39m [2026-09-03  14-46-13-80] DEBUG org.hibernate.session.metrics  HHH000401: Logging session metrics:
	1252600 ns acquiring 1 JDBC connections
	0 ns releasing 0 JDBC connections
	72200 ns preparing 2 JDBC statements
	12716200 ns executing 2 JDBC statements
	0 ns executing 0 JDBC batches
	0 ns performing 0 second-level cache puts
	0 ns performing 0 second-level cache hits
	0 ns performing 0 second-level cache misses
	5700 ns executing 1 flushes (flushing a total of 0 entities and 0 collections)
	14100 ns executing 2 pre-partial-flushes
	11800 ns executing 2 partial-flushes (flushing a total of 0 entities and 0 collections)

[39m[scheduling-1][0;39m [2026-09-03  14-46-13-80] TRACE org.hibernate.orm.jdbc  HHH100003: Closing JdbcCoordinator @869527751
[39m[scheduling-1][0;39m [2026-09-03  14-46-13-80] TRACE org.hibernate.orm.resource.registry  HHH10002501: Releasing registered JDBC resources
[39m[scheduling-1][0;39m [2026-09-03  14-46-13-80] TRACE org.hibernate.orm.resource.jdbc  HHH10003017: Closing logical connection @1271609153
[39m[scheduling-1][0;39m [2026-09-03  14-46-13-80] TRACE org.hibernate.orm.resource.registry  HHH10002501: Releasing registered JDBC resources
[39m[scheduling-1][0;39m [2026-09-03  14-46-13-80] TRACE org.hibernate.orm.resource.jdbc  HHH10003018: Closed logical connection @1271609153
[39m[scheduling-1][0;39m [2026-09-03  14-46-13-80] TRACE i.m.o.SimpleObservation$SimpleScope  NoOp observation used with SimpleScope
[39m[scheduling-1][0;39m [2026-09-03  14-46-14-18] DEBUG org.hibernate.orm.core  HHH006588: Opening session [tenant=null]
[39m[scheduling-1][0;39m [2026-09-03  14-46-14-18] TRACE org.hibernate.orm.jdbc  HHH100002: Created JdbcCoordinator @1178172929
[39m[scheduling-1][0;39m [2026-09-03  14-46-14-18] TRACE org.hibernate.orm.session  Opened Session [0f05cb2f-978e-4838-99ae-b00689334347] at timestamp: 1788435974185
[39m[scheduling-1][0;39m [2026-09-03  14-46-14-18] TRACE org.hibernate.orm.query.plan.cache  Resolving HQL interpretation for [SELECT r FROM Redemption r WHERE r.status = :status AND r.otpExpiresAt < :time]
[39m[scheduling-1][0;39m [2026-09-03  14-46-14-18] TRACE org.hibernate.orm.query.plan.cache  Resolving cached query plan for [SELECT r FROM Redemption r WHERE r.status = :status AND r.otpExpiresAt < :time]
[39m[scheduling-1][0;39m [2026-09-03  14-46-14-18] TRACE org.hibernate.orm.sql.exec  HHH90004016: Skipping reading query result cache data (query cache disabled, cache mode NORMAL)
[39m[scheduling-1][0;39m [2026-09-03  14-46-14-18] TRACE org.hibernate.orm.core  Executing query to retrieve ResultSet: select r1_0.id,r1_0.account_id,r1_0.authorization_code,r1_0.cancel_reason,r1_0.cancelled_at,r1_0.created_at,r1_0.discount_amount,r1_0.otp_attempts_remaining,r1_0.otp_expires_at,r1_0.otp_hash,r1_0.purchase_transaction_id,r1_0.requested_points,r1_0.reservation_expires_at,r1_0.status from redemptions r1_0 where r1_0.status=? and r1_0.otp_expires_at<?
[39m[scheduling-1][0;39m [2026-09-03  14-46-14-18] DEBUG org.hibernate.SQL  
    select
        r1_0.id,
        r1_0.account_id,
        r1_0.authorization_code,
        r1_0.cancel_reason,
        r1_0.cancelled_at,
        r1_0.created_at,
        r1_0.discount_amount,
        r1_0.otp_attempts_remaining,
        r1_0.otp_expires_at,
        r1_0.otp_hash,
        r1_0.purchase_transaction_id,
        r1_0.requested_points,
        r1_0.reservation_expires_at,
        r1_0.status 
    from
        redemptions r1_0 
    where
        r1_0.status=? 
        and r1_0.otp_expires_at<?
