[39m[restartedMain][0;39m [2026-09-03  15-14-32-99] TRACE org.postgresql.jdbc.PgConnection    getBytes columnIndex: 4
[39m[restartedMain][0;39m [2026-09-03  15-14-32-99] TRACE org.postgresql.jdbc.PgConnection    getString columnIndex: 16
[39m[restartedMain][0;39m [2026-09-03  15-14-32-99] TRACE org.postgresql.jdbc.PgConnection    getString columnIndex: 13
[39m[restartedMain][0;39m [2026-09-03  15-14-32-99] TRACE org.postgresql.jdbc.PgConnection    getString columnIndex: 11
[39m[restartedMain][0;39m [2026-09-03  15-14-32-99] TRACE org.postgresql.jdbc.PgConnection    getString columnIndex: 12
[39m[restartedMain][0;39m [2026-09-03  15-14-32-99] TRACE org.postgresql.jdbc.PgConnection    getLong columnIndex: 15
[39m[restartedMain][0;39m [2026-09-03  15-14-32-99] TRACE org.postgresql.jdbc.PgConnection    getBoolean columnIndex: 6
[39m[restartedMain][0;39m [2026-09-03  15-14-32-99] TRACE org.postgresql.jdbc.PgConnection    getBytes columnIndex: 14
[39m[restartedMain][0;39m [2026-09-03  15-14-32-99] TRACE org.postgresql.jdbc.PgConnection    getBytes columnIndex: 13
[39m[restartedMain][0;39m [2026-09-03  15-14-32-99] TRACE org.postgresql.jdbc.PgConnection    getInt columnIndex: 10
[39m[restartedMain][0;39m [2026-09-03  15-14-32-99] TRACE org.postgresql.jdbc.PgConnection    getBoolean columnIndex: 6
[39m[restartedMain][0;39m [2026-09-03  15-14-32-99] TRACE org.postgresql.jdbc.PgConnection    getLong columnIndex: 5
[39m[restartedMain][0;39m [2026-09-03  15-14-32-99] TRACE org.postgresql.jdbc.PgConnection    getInt columnIndex: 7
[39m[restartedMain][0;39m [2026-09-03  15-14-32-99] TRACE org.postgresql.jdbc.PgConnection    getBytes columnIndex: 2
[39m[restartedMain][0;39m [2026-09-03  15-14-32-99] TRACE org.postgresql.jdbc.PgConnection    getBytes columnIndex: 3
[39m[restartedMain][0;39m [2026-09-03  15-14-32-99] TRACE org.postgresql.jdbc.PgConnection    getBytes columnIndex: 4
[39m[restartedMain][0;39m [2026-09-03  15-14-32-99] TRACE org.postgresql.jdbc.PgConnection    getString columnIndex: 16
[39m[restartedMain][0;39m [2026-09-03  15-14-32-99] TRACE org.postgresql.jdbc.PgConnection    getString columnIndex: 13
[39m[restartedMain][0;39m [2026-09-03  15-14-32-99] TRACE org.postgresql.jdbc.PgConnection    getString columnIndex: 11
[39m[restartedMain][0;39m [2026-09-03  15-14-32-99] TRACE org.postgresql.jdbc.PgConnection    getString columnIndex: 12
[39m[restartedMain][0;39m [2026-09-03  15-14-32-99] TRACE org.postgresql.jdbc.PgConnection    getLong columnIndex: 15
[39m[restartedMain][0;39m [2026-09-03  15-14-32-99] TRACE org.postgresql.jdbc.PgConnection    getBoolean columnIndex: 6
[39m[restartedMain][0;39m [2026-09-03  15-14-32-99] TRACE org.postgresql.jdbc.PgConnection    getBytes columnIndex: 14
[39m[restartedMain][0;39m [2026-09-03  15-14-32-99] TRACE org.postgresql.jdbc.PgConnection    getBytes columnIndex: 13
[39m[restartedMain][0;39m [2026-09-03  15-14-32-99] TRACE org.postgresql.jdbc.PgConnection    getInt columnIndex: 10
[39m[restartedMain][0;39m [2026-09-03  15-14-32-99] TRACE org.postgresql.jdbc.PgConnection    getBoolean columnIndex: 6
[39m[restartedMain][0;39m [2026-09-03  15-14-32-99] TRACE org.postgresql.jdbc.PgConnection    getLong columnIndex: 5
[39m[restartedMain][0;39m [2026-09-03  15-14-32-99] TRACE org.postgresql.jdbc.PgConnection    getInt columnIndex: 7
[39m[restartedMain][0;39m [2026-09-03  15-14-32-99] TRACE org.postgresql.jdbc.PgConnection    getBytes columnIndex: 2
[39m[restartedMain][0;39m [2026-09-03  15-14-32-99] TRACE org.postgresql.jdbc.PgConnection    getBytes columnIndex: 3
[39m[restartedMain][0;39m [2026-09-03  15-14-32-99] TRACE org.postgresql.jdbc.PgConnection    getBytes columnIndex: 4
[39m[restartedMain][0;39m [2026-09-03  15-14-32-99] TRACE org.postgresql.jdbc.PgConnection    getString columnIndex: 16
[39m[restartedMain][0;39m [2026-09-03  15-14-32-99] TRACE org.postgresql.jdbc.PgConnection    getString columnIndex: 13
[39m[restartedMain][0;39m [2026-09-03  15-14-32-99] TRACE org.postgresql.jdbc.PgConnection    getString columnIndex: 11
[39m[restartedMain][0;39m [2026-09-03  15-14-32-99] TRACE org.postgresql.jdbc.PgConnection    getString columnIndex: 12
[39m[restartedMain][0;39m [2026-09-03  15-14-32-99] TRACE org.postgresql.jdbc.PgConnection    getLong columnIndex: 15
[39m[restartedMain][0;39m [2026-09-03  15-14-32-99] TRACE org.postgresql.jdbc.PgConnection    getBoolean columnIndex: 6
[39m[restartedMain][0;39m [2026-09-03  15-14-32-99] TRACE org.postgresql.jdbc.PgConnection    getBytes columnIndex: 14
[39m[restartedMain][0;39m [2026-09-03  15-14-32-99] TRACE org.postgresql.jdbc.PgConnection    getBytes columnIndex: 13
[39m[restartedMain][0;39m [2026-09-03  15-14-32-99] TRACE org.postgresql.jdbc.PgConnection    getInt columnIndex: 10
[39m[restartedMain][0;39m [2026-09-03  15-14-32-99] TRACE org.postgresql.jdbc.PgConnection    getBoolean columnIndex: 6
[39m[restartedMain][0;39m [2026-09-03  15-14-32-99] TRACE org.postgresql.jdbc.PgConnection    getLong columnIndex: 5
[39m[restartedMain][0;39m [2026-09-03  15-14-32-99] TRACE org.postgresql.jdbc.PgConnection    getInt columnIndex: 7
