[39m[scheduling-1][0;39m [2026-09-03  14-49-22-20] TRACE o.p.core.v3.QueryExecutorImpl          Field(id,INT8,8,T)
[39m[scheduling-1][0;39m [2026-09-03  14-49-22-20] TRACE o.p.core.v3.QueryExecutorImpl          Field(created_at,TIMESTAMP,8,T)
[39m[scheduling-1][0;39m [2026-09-03  14-49-22-20] TRACE o.p.core.v3.QueryExecutorImpl          Field(earning_rate,NUMERIC,65535,T)
[39m[scheduling-1][0;39m [2026-09-03  14-49-22-20] TRACE o.p.core.v3.QueryExecutorImpl          Field(effective_from,TIMESTAMP,8,T)
[39m[scheduling-1][0;39m [2026-09-03  14-49-22-20] TRACE o.p.core.v3.QueryExecutorImpl          Field(effective_to,TIMESTAMP,8,T)
[39m[scheduling-1][0;39m [2026-09-03  14-49-22-20] TRACE o.p.core.v3.QueryExecutorImpl          Field(expiry_days,INT4,4,T)
[39m[scheduling-1][0;39m [2026-09-03  14-49-22-20] TRACE o.p.core.v3.QueryExecutorImpl          Field(lock_days,INT4,4,T)
[39m[scheduling-1][0;39m [2026-09-03  14-49-22-20] TRACE o.p.core.v3.QueryExecutorImpl          Field(minimum_redemption_points,INT4,4,T)
[39m[scheduling-1][0;39m [2026-09-03  14-49-22-20] TRACE o.p.core.v3.QueryExecutorImpl          Field(program_id,INT8,8,T)
[39m[scheduling-1][0;39m [2026-09-03  14-49-22-21] TRACE o.p.core.v3.QueryExecutorImpl          Field(redemption_rate,NUMERIC,65535,T)
[39m[scheduling-1][0;39m [2026-09-03  14-49-22-21] TRACE o.p.core.v3.QueryExecutorImpl          Field(rounding_mode,VARCHAR,65535,T)
[39m[scheduling-1][0;39m [2026-09-03  14-49-22-21] TRACE o.p.core.v3.QueryExecutorImpl          Field(status,VARCHAR,65535,T)
[39m[scheduling-1][0;39m [2026-09-03  14-49-22-21] TRACE o.p.core.v3.QueryExecutorImpl          Field(version,INT4,4,T)
[39m[scheduling-1][0;39m [2026-09-03  14-49-22-21] TRACE o.p.core.v3.QueryExecutorImpl   <=BE CommandStatus(SELECT 0)
[39m[scheduling-1][0;39m [2026-09-03  14-49-22-21] TRACE o.p.core.v3.QueryExecutorImpl   <=BE ReadyForQuery(T)
[39m[scheduling-1][0;39m [2026-09-03  14-49-22-21] TRACE org.hibernate.orm.resource.registry  HHH10002507: Registering result set [HikariProxyResultSet@2129994907 wrapping org.postgresql.jdbc.PgResultSet@7305b31d]
[39m[scheduling-1][0;39m [2026-09-03  14-49-22-21] TRACE org.hibernate.orm.results  Registering initializer: EntityDelayedFetchInitializer(com.aman.acceptance.loyalty.model.RuleVersion(r).program)
[39m[scheduling-1][0;39m [2026-09-03  14-49-22-21] TRACE org.hibernate.orm.results  Registering initializer: EntityJoinedFetchInitializer(com.aman.acceptance.loyalty.model.RuleVersion(r))
[39m[scheduling-1][0;39m [2026-09-03  14-49-22-21] TRACE org.hibernate.orm.resource.registry  HHH10002504: Releasing result set [HikariProxyResultSet@2129994907 wrapping org.postgresql.jdbc.PgResultSet@7305b31d]
[39m[scheduling-1][0;39m [2026-09-03  14-49-22-21] TRACE org.hibernate.orm.resource.registry  HHH10002505: Closing result set [HikariProxyResultSet@2129994907 wrapping org.postgresql.jdbc.PgResultSet@7305b31d]
[39m[scheduling-1][0;39m [2026-09-03  14-49-22-21] TRACE org.hibernate.orm.resource.registry  HHH10002503: Releasing statement [HikariProxyPreparedStatement@697601341 wrapping select rv1_0.id,rv1_0.created_at,rv1_0.earning_rate,rv1_0.effective_from,rv1_0.effective_to,rv1_0.expiry_days,rv1_0.lock_days,rv1_0.minimum_redemption_points,rv1_0.program_id,rv1_0.redemption_rate,rv1_0.rounding_mode,rv1_0.status,rv1_0.version from rule_versions rv1_0 where rv1_0.status=('ACTIVE') and rv1_0.effective_to<=('2026-09-03 14:49:22.1009+03')]
[39m[scheduling-1][0;39m [2026-09-03  14-49-22-21] TRACE org.hibernate.orm.resource.registry  HHH10002506: Closing prepared statement [HikariProxyPreparedStatement@697601341 wrapping select rv1_0.id,rv1_0.created_at,rv1_0.earning_rate,rv1_0.effective_from,rv1_0.effective_to,rv1_0.expiry_days,rv1_0.lock_days,rv1_0.minimum_redemption_points,rv1_0.program_id,rv1_0.redemption_rate,rv1_0.rounding_mode,rv1_0.status,rv1_0.version from rule_versions rv1_0 where rv1_0.status=('ACTIVE') and rv1_0.effective_to<=('2026-09-03 14:49:22.1009+03')]
[39m[scheduling-1][0;39m [2026-09-03  14-49-22-21] TRACE org.hibernate.orm.jdbc  HHH100004: Statement execution complete (connection release mode ON_CLOSE) in JdbcCoordinator @576269465
[39m[scheduling-1][0;39m [2026-09-03  14-49-22-21] DEBUG org.hibernate.orm.core  HHH006584: Committing transaction
[39m[scheduling-1][0;39m [2026-09-03  14-49-22-21] TRACE org.hibernate.orm.jdbc  HHH100034: Notifying resource-local transaction observers before completion
[39m[scheduling-1][0;39m [2026-09-03  14-49-22-21] TRACE org.hibernate.orm.jdbc  HHH100006: Transaction before completion in JdbcCoordinator @576269465
[39m[scheduling-1][0;39m [2026-09-03  14-49-22-21] TRACE org.hibernate.orm.session  Before transaction completion processing
[39m[scheduling-1][0;39m [2026-09-03  14-49-22-21] TRACE org.hibernate.orm.session  Automatically flushing session
[39m[scheduling-1][0;39m [2026-09-03  14-49-22-21] TRACE org.hibernate.orm.session  Before transaction completion processing
[39m[scheduling-1][0;39m [2026-09-03  14-49-22-21] TRACE org.hibernate.orm.synchronization  HHH90008001: Notifying Synchronizations (before completion)
