[39m[HikariPool-1:connection-adder][0;39m [2026-09-03  14-42-06-04] DEBUG o.p.core.v3.ConnectionFactoryImpl  Trying to establish a protocol version 3 connection to localhost:5432
[39m[restartedMain][0;39m [2026-09-03  14-42-06-04] TRACE org.hibernate.orm.boot  HHH160227: Strategy selector for FormatMapper: 'jackson-xml' -> org.hibernate.type.format.jackson.JacksonXmlFormatMapper
[39m[restartedMain][0;39m [2026-09-03  14-42-06-04] TRACE org.hibernate.orm.boot  HHH160227: Strategy selector for FormatMapper: 'jaxb' -> org.hibernate.type.format.jaxb.JaxbXmlFormatMapper
[39m[HikariPool-1:connection-adder][0;39m [2026-09-03  14-42-06-04] DEBUG o.p.core.v3.ConnectionFactoryImpl  Receive Buffer Size is 65,536
[39m[HikariPool-1:connection-adder][0;39m [2026-09-03  14-42-06-04] DEBUG o.p.core.v3.ConnectionFactoryImpl  Send Buffer Size is 65,536
[39m[HikariPool-1:connection-adder][0;39m [2026-09-03  14-42-06-04] TRACE o.p.core.v3.ConnectionFactoryImpl   FE=> SSLRequest postgres
[39m[restartedMain][0;39m [2026-09-03  14-42-06-05] DEBUG org.hibernate.orm.service  HHH010455: Adding integrator: org.hibernate.boot.beanvalidation.BeanValidationIntegrator
[39m[restartedMain][0;39m [2026-09-03  14-42-06-06] DEBUG org.hibernate.orm.service  HHH010455: Adding integrator: org.hibernate.cache.internal.CollectionCacheInvalidator
[34m[restartedMain][0;39m [2026-09-03  14-42-06-11] INFO  org.hibernate.orm.core  HHH000001: Hibernate ORM core version 7.2.19.Final
[39m[restartedMain][0;39m [2026-09-03  14-42-06-12] DEBUG org.hibernate.orm.core  HHH000206: 'hibernate.properties' not found
[39m[restartedMain][0;39m [2026-09-03  14-42-06-14] TRACE org.hibernate.orm.service  HHH010500: Initializing service: org.hibernate.engine.config.spi.ConfigurationService
[39m[restartedMain][0;39m [2026-09-03  14-42-06-15] TRACE org.hibernate.orm.service  HHH010500: Initializing service: org.hibernate.engine.jdbc.connections.spi.MultiTenantConnectionProvider
[39m[restartedMain][0;39m [2026-09-03  14-42-06-15] TRACE org.hibernate.orm.service  HHH010500: Initializing service: org.hibernate.resource.beans.spi.ManagedBeanRegistry
[39m[restartedMain][0;39m [2026-09-03  14-42-06-16] TRACE org.hibernate.orm.service  HHH010500: Initializing service: org.hibernate.cache.spi.RegionFactory
[39m[restartedMain][0;39m [2026-09-03  14-42-06-16] DEBUG org.hibernate.orm.cache  HHH90001031: Cannot default RegionFactory since no RegionFactory strategies were registered
[39m[restartedMain][0;39m [2026-09-03  14-42-06-16] DEBUG org.hibernate.orm.cache  HHH90001029: Second-level cache disabled
[39m[HikariPool-1:connection-adder][0;39m [2026-09-03  14-42-06-20] TRACE o.p.core.v3.ConnectionFactoryImpl   <=BE SSLRefused
[39m[HikariPool-1:connection-adder][0;39m [2026-09-03  14-42-06-20] TRACE o.p.core.v3.ConnectionFactoryImpl   FE=> StartupPacket(user=postgres, database=loyalty_db, client_encoding=UTF8, DateStyle=ISO, TimeZone=Africa/Cairo)
[39m[HikariPool-1:connection-adder][0;39m [2026-09-03  14-42-06-20] TRACE o.p.core.v3.ScramAuthenticator  channelBinding( PREFER )
[39m[HikariPool-1:connection-adder][0;39m [2026-09-03  14-42-06-20] TRACE o.p.core.v3.ScramAuthenticator   <=BE AuthenticationSASL( [SCRAM-SHA-256] )
[39m[HikariPool-1:connection-adder][0;39m [2026-09-03  14-42-06-20] TRACE o.p.core.v3.ScramAuthenticator   Using SCRAM mechanism: SCRAM-SHA-256
[39m[HikariPool-1:connection-adder][0;39m [2026-09-03  14-42-06-20] TRACE o.p.core.v3.ScramAuthenticator   FE=> SASLInitialResponse( n,,n=*,r=oNTfL%e7*"m]5axq@t#If~9h )
[39m[HikariPool-1:connection-adder][0;39m [2026-09-03  14-42-06-20] TRACE o.p.core.v3.ScramAuthenticator   <=BE AuthenticationSASLContinue( r=oNTfL%e7*"m]5axq@t#If~9hOZSIPMx8NVI42GdnZzXn8XgG,s=CztWnO8HyLgidstIEtJvXw==,i=4096 )
[39m[HikariPool-1:connection-adder][0;39m [2026-09-03  14-42-06-21] TRACE o.p.core.v3.ScramAuthenticator   FE=> SASLResponse( c=biws,r=oNTfL%e7*"m]5axq@t#If~9hOZSIPMx8NVI42GdnZzXn8XgG,p=mYQa4u1rhjq+xdgL5fh6l01X/pQ5ogGsPEFfvKo6fRY= )
[39m[HikariPool-1:connection-adder][0;39m [2026-09-03  14-42-06-22] TRACE o.p.core.v3.ScramAuthenticator   <=BE AuthenticationSASLFinal( v=IwJldkMRwfaIcTTNYkb22+UXLC8+B6bFSY8z2WO6luA= )
[39m[HikariPool-1:connection-adder][0;39m [2026-09-03  14-42-06-22] TRACE o.p.core.v3.ConnectionFactoryImpl   <=BE AuthenticationOk
[39m[HikariPool-1:connection-adder][0;39m [2026-09-03  14-42-06-22] TRACE o.p.core.v3.QueryExecutorImpl   <=BE ParameterStatus(in_hot_standby = off)
[39m[HikariPool-1:connection-adder][0;39m [2026-09-03  14-42-06-22] TRACE o.p.core.v3.QueryExecutorImpl   <=BE ParameterStatus(integer_datetimes = on)
[39m[HikariPool-1:connection-adder][0;39m [2026-09-03  14-42-06-22] TRACE o.p.core.v3.QueryExecutorImpl   <=BE ParameterStatus(TimeZone = Africa/Cairo)
[39m[HikariPool-1:connection-adder][0;39m [2026-09-03  14-42-06-22] TRACE o.p.core.v3.QueryExecutorImpl   <=BE ParameterStatus(IntervalStyle = postgres)
[39m[HikariPool-1:connection-adder][0;39m [2026-09-03  14-42-06-22] TRACE o.p.core.v3.QueryExecutorImpl   <=BE ParameterStatus(search_path = "$user", public)
