[39m[restartedMain][0;39m [2026-09-03  14-42-06-72] TRACE org.hibernate.models.annotations  Registering AnnotationDescriptor - AnnotationDescriptor(org.hibernate.annotations.DialectOverride$Formulas)
[39m[restartedMain][0;39m [2026-09-03  14-42-06-72] TRACE org.hibernate.models.annotations  Registering AnnotationDescriptor - AnnotationDescriptor(org.hibernate.annotations.DialectOverride$Formula)
[39m[restartedMain][0;39m [2026-09-03  14-42-06-72] TRACE org.hibernate.models.annotations  Registering repeatable AnnotationDescriptor - AnnotationDescriptor(org.hibernate.annotations.DialectOverride$Formulas)
[39m[restartedMain][0;39m [2026-09-03  14-42-06-72] TRACE org.hibernate.models.annotations  Registering AnnotationDescriptor - AnnotationDescriptor(org.hibernate.annotations.DialectOverride$JoinFormulas)
[39m[restartedMain][0;39m [2026-09-03  14-42-06-72] TRACE org.hibernate.models.annotations  Registering AnnotationDescriptor - AnnotationDescriptor(org.hibernate.annotations.DialectOverride$JoinFormula)
[39m[restartedMain][0;39m [2026-09-03  14-42-06-72] TRACE org.hibernate.models.annotations  Registering repeatable AnnotationDescriptor - AnnotationDescriptor(org.hibernate.annotations.DialectOverride$JoinFormulas)
[39m[restartedMain][0;39m [2026-09-03  14-42-06-72] TRACE org.hibernate.models.annotations  Registering AnnotationDescriptor - AnnotationDescriptor(org.hibernate.annotations.DialectOverride$SQLInserts)
[39m[restartedMain][0;39m [2026-09-03  14-42-06-72] TRACE org.hibernate.models.annotations  Registering AnnotationDescriptor - AnnotationDescriptor(org.hibernate.annotations.DialectOverride$SQLInsert)
[39m[restartedMain][0;39m [2026-09-03  14-42-06-72] TRACE org.hibernate.models.annotations  Registering repeatable AnnotationDescriptor - AnnotationDescriptor(org.hibernate.annotations.DialectOverride$SQLInserts)
[39m[restartedMain][0;39m [2026-09-03  14-42-06-72] TRACE org.hibernate.models.annotations  Registering AnnotationDescriptor - AnnotationDescriptor(org.hibernate.annotations.DialectOverride$SQLUpdates)
[39m[restartedMain][0;39m [2026-09-03  14-42-06-72] TRACE org.hibernate.models.annotations  Registering AnnotationDescriptor - AnnotationDescriptor(org.hibernate.annotations.DialectOverride$SQLUpdate)
[39m[restartedMain][0;39m [2026-09-03  14-42-06-72] TRACE org.hibernate.models.annotations  Registering repeatable AnnotationDescriptor - AnnotationDescriptor(org.hibernate.annotations.DialectOverride$SQLUpdates)
[39m[restartedMain][0;39m [2026-09-03  14-42-06-72] TRACE org.hibernate.models.annotations  Registering AnnotationDescriptor - AnnotationDescriptor(org.hibernate.annotations.DialectOverride$SQLDeletes)
[39m[restartedMain][0;39m [2026-09-03  14-42-06-72] TRACE org.hibernate.models.annotations  Registering AnnotationDescriptor - AnnotationDescriptor(org.hibernate.annotations.DialectOverride$SQLDelete)
[39m[restartedMain][0;39m [2026-09-03  14-42-06-72] TRACE org.hibernate.models.annotations  Registering repeatable AnnotationDescriptor - AnnotationDescriptor(org.hibernate.annotations.DialectOverride$SQLDeletes)
[39m[restartedMain][0;39m [2026-09-03  14-42-06-72] TRACE org.hibernate.models.annotations  Registering AnnotationDescriptor - AnnotationDescriptor(org.hibernate.annotations.DialectOverride$SQLDeleteAlls)
[39m[restartedMain][0;39m [2026-09-03  14-42-06-72] TRACE org.hibernate.models.annotations  Registering AnnotationDescriptor - AnnotationDescriptor(org.hibernate.annotations.DialectOverride$SQLDeleteAll)
[39m[restartedMain][0;39m [2026-09-03  14-42-06-72] TRACE org.hibernate.models.annotations  Registering repeatable AnnotationDescriptor - AnnotationDescriptor(org.hibernate.annotations.DialectOverride$SQLDeleteAlls)
[39m[restartedMain][0;39m [2026-09-03  14-42-06-72] TRACE org.hibernate.models.annotations  Registering AnnotationDescriptor - AnnotationDescriptor(org.hibernate.annotations.DialectOverride$SQLOrders)
[39m[restartedMain][0;39m [2026-09-03  14-42-06-72] TRACE org.hibernate.models.annotations  Registering AnnotationDescriptor - AnnotationDescriptor(org.hibernate.annotations.DialectOverride$SQLOrder)
[39m[restartedMain][0;39m [2026-09-03  14-42-06-72] TRACE org.hibernate.models.annotations  Registering repeatable AnnotationDescriptor - AnnotationDescriptor(org.hibernate.annotations.DialectOverride$SQLOrders)
[39m[restartedMain][0;39m [2026-09-03  14-42-06-72] TRACE org.hibernate.models.annotations  Registering AnnotationDescriptor - AnnotationDescriptor(org.hibernate.annotations.DialectOverride$SQLRestrictions)
[39m[restartedMain][0;39m [2026-09-03  14-42-06-72] TRACE org.hibernate.models.annotations  Registering AnnotationDescriptor - AnnotationDescriptor(org.hibernate.annotations.DialectOverride$SQLRestriction)
[39m[restartedMain][0;39m [2026-09-03  14-42-06-72] TRACE org.hibernate.models.annotations  Registering repeatable AnnotationDescriptor - AnnotationDescriptor(org.hibernate.annotations.DialectOverride$SQLRestrictions)
[39m[restartedMain][0;39m [2026-09-03  14-42-06-72] TRACE org.hibernate.models.annotations  Registering AnnotationDescriptor - AnnotationDescriptor(org.hibernate.annotations.DialectOverride$SQLSelects)
