[39m[restartedMain][0;39m [2026-09-03  15-14-28-76] DEBUG o.apache.catalina.util.LifecycleBase  Setting state for [SimpleRealm[StandardEngine[Tomcat]]] to [INITIALIZING]
[39m[restartedMain][0;39m [2026-09-03  15-14-28-76] DEBUG o.apache.catalina.util.LifecycleBase  Setting state for [SimpleRealm[StandardEngine[Tomcat]]] to [INITIALIZED]
[39m[restartedMain][0;39m [2026-09-03  15-14-28-76] DEBUG o.apache.catalina.util.LifecycleBase  Setting state for [SimpleRealm[StandardEngine[Tomcat]]] to [STARTING_PREP]
[39m[restartedMain][0;39m [2026-09-03  15-14-28-76] DEBUG o.apache.catalina.util.LifecycleBase  Setting state for [SimpleRealm[StandardEngine[Tomcat]]] to [STARTING]
[39m[restartedMain][0;39m [2026-09-03  15-14-28-76] DEBUG o.apache.catalina.util.LifecycleBase  Setting state for [SimpleRealm[StandardEngine[Tomcat]]] to [STARTED]
[39m[restartedMain][0;39m [2026-09-03  15-14-28-76] DEBUG o.apache.catalina.util.LifecycleBase  Setting state for [StandardEngine[Tomcat].StandardHost[localhost]] to [INITIALIZING]
[39m[restartedMain][0;39m [2026-09-03  15-14-28-76] DEBUG o.apache.catalina.util.LifecycleBase  Setting state for [StandardEngine[Tomcat].StandardHost[localhost]] to [INITIALIZED]
[39m[restartedMain][0;39m [2026-09-03  15-14-28-76] DEBUG o.apache.catalina.util.LifecycleBase  Setting state for [StandardEngine[Tomcat].StandardHost[localhost]] to [STARTING_PREP]
[39m[restartedMain][0;39m [2026-09-03  15-14-28-77] DEBUG o.apache.catalina.util.LifecycleBase  Setting state for [StandardEngine[Tomcat].StandardHost[localhost].TomcatEmbeddedContext[]] to [INITIALIZING]
[39m[restartedMain][0;39m [2026-09-03  15-14-28-80] DEBUG o.apache.catalina.util.LifecycleBase  Setting state for [StandardEngine[Tomcat].StandardHost[localhost].TomcatEmbeddedContext[]] to [INITIALIZED]
[39m[restartedMain][0;39m [2026-09-03  15-14-28-81] DEBUG o.apache.catalina.util.LifecycleBase  Setting state for [StandardEngine[Tomcat].StandardHost[localhost].TomcatEmbeddedContext[]] to [STARTING_PREP]
[39m[restartedMain][0;39m [2026-09-03  15-14-28-81] DEBUG o.a.catalina.core.StandardContext  Starting ROOT
[39m[restartedMain][0;39m [2026-09-03  15-14-28-83] DEBUG o.apache.catalina.util.LifecycleBase  Setting state for [org.apache.catalina.webresources.StandardRoot@38c04359] to [INITIALIZING]
[39m[restartedMain][0;39m [2026-09-03  15-14-28-83] DEBUG o.apache.catalina.util.LifecycleBase  Setting state for [org.apache.catalina.webresources.JarResourceSet@33009af] to [INITIALIZING]
[39m[restartedMain][0;39m [2026-09-03  15-14-28-83] DEBUG o.apache.catalina.util.LifecycleBase  Setting state for [org.apache.catalina.webresources.JarResourceSet@33009af] to [INITIALIZED]
[39m[restartedMain][0;39m [2026-09-03  15-14-28-84] DEBUG o.apache.catalina.util.LifecycleBase  Setting state for [org.apache.catalina.webresources.StandardRoot@38c04359] to [INITIALIZED]
[39m[restartedMain][0;39m [2026-09-03  15-14-28-84] DEBUG o.apache.catalina.util.LifecycleBase  Setting state for [org.apache.catalina.webresources.StandardRoot@38c04359] to [STARTING_PREP]
[39m[restartedMain][0;39m [2026-09-03  15-14-28-84] DEBUG o.apache.catalina.util.LifecycleBase  Setting state for [org.apache.catalina.webresources.DirResourceSet@6b715642] to [INITIALIZING]
[39m[restartedMain][0;39m [2026-09-03  15-14-28-85] DEBUG o.apache.catalina.util.LifecycleBase  Setting state for [org.apache.catalina.webresources.DirResourceSet@6b715642] to [INITIALIZED]
[39m[restartedMain][0;39m [2026-09-03  15-14-28-85] DEBUG o.apache.catalina.util.LifecycleBase  Setting state for [org.apache.catalina.webresources.DirResourceSet@6b715642] to [STARTING_PREP]
[39m[restartedMain][0;39m [2026-09-03  15-14-28-85] DEBUG o.apache.catalina.util.LifecycleBase  Setting state for [org.apache.catalina.webresources.DirResourceSet@6b715642] to [STARTING]
[39m[restartedMain][0;39m [2026-09-03  15-14-28-85] DEBUG o.apache.catalina.util.LifecycleBase  Setting state for [org.apache.catalina.webresources.DirResourceSet@6b715642] to [STARTED]
[39m[restartedMain][0;39m [2026-09-03  15-14-28-85] DEBUG o.apache.catalina.util.LifecycleBase  Setting state for [org.apache.catalina.webresources.JarResourceSet@33009af] to [STARTING_PREP]
[39m[restartedMain][0;39m [2026-09-03  15-14-28-85] DEBUG o.apache.catalina.util.LifecycleBase  Setting state for [org.apache.catalina.webresources.JarResourceSet@33009af] to [STARTING]
[39m[restartedMain][0;39m [2026-09-03  15-14-28-85] DEBUG o.apache.catalina.util.LifecycleBase  Setting state for [org.apache.catalina.webresources.JarResourceSet@33009af] to [STARTED]
[39m[restartedMain][0;39m [2026-09-03  15-14-28-85] DEBUG o.apache.catalina.util.LifecycleBase  Setting state for [org.apache.catalina.webresources.StandardRoot@38c04359] to [STARTING]
[39m[restartedMain][0;39m [2026-09-03  15-14-28-85] DEBUG o.apache.catalina.util.LifecycleBase  Setting state for [org.apache.catalina.webresources.StandardRoot@38c04359] to [STARTED]
[39m[restartedMain][0;39m [2026-09-03  15-14-28-85] DEBUG o.a.catalina.core.StandardContext  Processing standard container startup
