[39m[scheduling-1][0;39m [2026-09-03  14-49-22-22] TRACE org.hibernate.orm.query.sqm.ast  SqmStatement Tree:
    -> [select]
      -> [query-spec]
        -> [select]
          -> [selection]
            -> [root] - 'com.aman.acceptance.loyalty.model.Redemption(r)'
            <- [root] - 'com.aman.acceptance.loyalty.model.Redemption(r)'
          <- [selection]
        <- [select]
        -> [from]
          -> [root] - 'com.aman.acceptance.loyalty.model.Redemption(r)'
          <- [root] - 'com.aman.acceptance.loyalty.model.Redemption(r)'
        <- [from]
        -> [where]
          -> [and]
            -> [EQUAL]
                -> [basic-path] - 'com.aman.acceptance.loyalty.model.Redemption(r).status'
                :status
            <- [EQUAL]
            -> [LESS_THAN]
                -> [basic-path] - 'com.aman.acceptance.loyalty.model.Redemption(r).otpExpiresAt'
                :time
            <- [LESS_THAN]
          <- [and]
        <- [where]
      <- [query-spec]
    <- [select]

[39m[scheduling-1][0;39m [2026-09-03  14-49-22-25] TRACE org.hibernate.orm.query.plan.cache  Resolving cached query plan for [SELECT r FROM Redemption r WHERE r.status = :status AND r.otpExpiresAt < :time]
[39m[scheduling-1][0;39m [2026-09-03  14-49-22-25] TRACE org.hibernate.orm.results.graph.AST  DomainResult graph:
 \-EntityResultImpl [com.aman.acceptance.loyalty.model.Redemption(r)]
 |  +-EntityDelayedFetchImpl [com.aman.acceptance.loyalty.model.Redemption(r).account]
 |  +-DelayedCollectionFetch [com.aman.acceptance.loyalty.model.Redemption(r).allocations]
 |  +-BasicFetch [com.aman.acceptance.loyalty.model.Redemption(r).authorizationCode]
 |  +-BasicFetch [com.aman.acceptance.loyalty.model.Redemption(r).cancelReason]
 |  +-BasicFetch [com.aman.acceptance.loyalty.model.Redemption(r).cancelledAt]
 |  +-BasicFetch [com.aman.acceptance.loyalty.model.Redemption(r).createdAt]
 |  +-BasicFetch [com.aman.acceptance.loyalty.model.Redemption(r).discountAmount]
 |  +-BasicFetch [com.aman.acceptance.loyalty.model.Redemption(r).otpAttemptsRemaining]
 |  +-BasicFetch [com.aman.acceptance.loyalty.model.Redemption(r).otpExpiresAt]
 |  +-BasicFetch [com.aman.acceptance.loyalty.model.Redemption(r).otpHash]
 |  +-BasicFetch [com.aman.acceptance.loyalty.model.Redemption(r).purchaseTransactionId]
 |  +-BasicFetch [com.aman.acceptance.loyalty.model.Redemption(r).requestedPoints]
 |  +-BasicFetch [com.aman.acceptance.loyalty.model.Redemption(r).reservationExpiresAt]
 |  \-BasicFetch [com.aman.acceptance.loyalty.model.Redemption(r).status]

[39m[scheduling-1][0;39m [2026-09-03  14-49-22-25] TRACE org.hibernate.orm.sql.ast.tree  SQL AST Tree:
    SelectStatement {
      FromClause {
        StandardTableGroup (r1: com.aman.acceptance.loyalty.model.Redemption(r)) {
          primaryTableReference: redemptions as r1_0
          TableGroupJoins {
            left join LazyTableGroup (a1: com.aman.acceptance.loyalty.model.Redemption(r).account) {
            }
          }
        }
      }
    }

[39m[scheduling-1][0;39m [2026-09-03  14-49-22-25] TRACE org.hibernate.orm.sql.exec  HHH90004016: Skipping reading query result cache data (query cache disabled, cache mode NORMAL)
[39m[scheduling-1][0;39m [2026-09-03  14-49-22-25] TRACE org.hibernate.orm.core  Executing query to retrieve ResultSet: select r1_0.id,r1_0.account_id,r1_0.authorization_code,r1_0.cancel_reason,r1_0.cancelled_at,r1_0.created_at,r1_0.discount_amount,r1_0.otp_attempts_remaining,r1_0.otp_expires_at,r1_0.otp_hash,r1_0.purchase_transaction_id,r1_0.requested_points,r1_0.reservation_expires_at,r1_0.status from redemptions r1_0 where r1_0.status=? and r1_0.otp_expires_at<?
[39m[scheduling-1][0;39m [2026-09-03  14-49-22-25] DEBUG org.hibernate.SQL  
    select
        r1_0.id,
        r1_0.account_id,
        r1_0.authorization_code,
        r1_0.cancel_reason,
        r1_0.cancelled_at,
        r1_0.created_at,
        r1_0.discount_amount,
        r1_0.otp_attempts_remaining,
        r1_0.otp_expires_at,
        r1_0.otp_hash,
        r1_0.purchase_transaction_id,
        r1_0.requested_points,
        r1_0.reservation_expires_at,
        r1_0.status 
    from
        redemptions r1_0 
    where
        r1_0.status=? 
        and r1_0.otp_expires_at<?
[39m[scheduling-1][0;39m [2026-09-03  14-49-22-25] TRACE org.hibernate.orm.resource.registry  HHH10002502: Registering statement [HikariProxyPreparedStatement@159858332 wrapping select r1_0.id,r1_0.account_id,r1_0.authorization_code,r1_0.cancel_reason,r1_0.cancelled_at,r1_0.created_at,r1_0.discount_amount,r1_0.otp_attempts_remaining,r1_0.otp_expires_at,r1_0.otp_hash,r1_0.purchase_transaction_id,r1_0.requested_points,r1_0.reservation_expires_at,r1_0.status from redemptions r1_0 where r1_0.status=? and r1_0.otp_expires_at<?]
[39m[scheduling-1][0;39m [2026-09-03  14-49-22-25] TRACE org.hibernate.orm.jdbc.bind  binding parameter (1:VARCHAR) <- [OTP_PENDING]
[39m[scheduling-1][0;39m [2026-09-03  14-49-22-25] TRACE org.hibernate.orm.jdbc.bind  binding parameter (2:TIMESTAMP) <- [2026-09-03T14:49:22.223990800]
