[39m[HikariPool-1:connection-adder][0;39m [2026-09-03  15-14-30-31] TRACE org.postgresql.jdbc.PgConnection      integer date/time = true
[39m[HikariPool-1:connection-adder][0;39m [2026-09-03  15-14-30-32] DEBUG com.zaxxer.hikari.pool.PoolBase  HikariPool-1 - Established new connection (0f8710fc-01fd-456c-8275-58bf83bbca12)
[39m[HikariPool-1:connection-adder][0;39m [2026-09-03  15-14-30-32] DEBUG com.zaxxer.hikari.pool.HikariPool  HikariPool-1 - Added connection org.postgresql.jdbc.PgConnection@58d47d7f
[39m[HikariPool-1:connection-adder][0;39m [2026-09-03  15-14-30-36] DEBUG com.zaxxer.hikari.pool.HikariPool  HikariPool-1 - After adding stats (total=6/10, idle=6/10, active=0, waiting=0)
[39m[HikariPool-1:connection-adder][0;39m [2026-09-03  15-14-30-36] DEBUG com.zaxxer.hikari.pool.PoolBase  HikariPool-1 - Attempting to create/setup new connection (470d9eed-f291-4e35-b323-92544630d038)
[39m[HikariPool-1:connection-adder][0;39m [2026-09-03  15-14-30-36] DEBUG org.postgresql.Driver  Connecting with URL: jdbc:postgresql://localhost:5432/loyalty_db
[39m[HikariPool-1:connection-adder][0;39m [2026-09-03  15-14-30-36] DEBUG org.postgresql.jdbc.PgConnection  PostgreSQL JDBC Driver 42.7.11
[39m[HikariPool-1:connection-adder][0;39m [2026-09-03  15-14-30-36] DEBUG org.postgresql.jdbc.PgConnection    setDefaultFetchSize = 0
[39m[HikariPool-1:connection-adder][0;39m [2026-09-03  15-14-30-36] DEBUG org.postgresql.jdbc.PgConnection    setQueryTimeout = 0
[39m[HikariPool-1:connection-adder][0;39m [2026-09-03  15-14-30-36] DEBUG org.postgresql.jdbc.PgConnection    setPrepareThreshold = 5
[39m[HikariPool-1:connection-adder][0;39m [2026-09-03  15-14-30-36] DEBUG o.p.core.v3.ConnectionFactoryImpl  Trying to establish a protocol version 3 connection to localhost:5432
[39m[HikariPool-1:connection-adder][0;39m [2026-09-03  15-14-30-36] DEBUG o.p.core.v3.ConnectionFactoryImpl  Receive Buffer Size is 65,536
[39m[HikariPool-1:connection-adder][0;39m [2026-09-03  15-14-30-36] DEBUG o.p.core.v3.ConnectionFactoryImpl  Send Buffer Size is 65,536
[39m[HikariPool-1:connection-adder][0;39m [2026-09-03  15-14-30-37] TRACE o.p.core.v3.ConnectionFactoryImpl   FE=> SSLRequest postgres
[39m[HikariPool-1:connection-adder][0;39m [2026-09-03  15-14-30-43] TRACE o.p.core.v3.ConnectionFactoryImpl   <=BE SSLRefused
[39m[HikariPool-1:connection-adder][0;39m [2026-09-03  15-14-30-43] TRACE o.p.core.v3.ConnectionFactoryImpl   FE=> StartupPacket(user=postgres, database=loyalty_db, client_encoding=UTF8, DateStyle=ISO, TimeZone=Africa/Cairo)
[39m[HikariPool-1:connection-adder][0;39m [2026-09-03  15-14-30-44] TRACE o.p.core.v3.ScramAuthenticator  channelBinding( PREFER )
[39m[HikariPool-1:connection-adder][0;39m [2026-09-03  15-14-30-44] TRACE o.p.core.v3.ScramAuthenticator   <=BE AuthenticationSASL( [SCRAM-SHA-256] )
[39m[HikariPool-1:connection-adder][0;39m [2026-09-03  15-14-30-44] TRACE o.p.core.v3.ScramAuthenticator   Using SCRAM mechanism: SCRAM-SHA-256
[39m[HikariPool-1:connection-adder][0;39m [2026-09-03  15-14-30-44] TRACE o.p.core.v3.ScramAuthenticator   FE=> SASLInitialResponse( n,,n=*,r=xqlr@S$E5>ZmV^=E;Dkerx0F )
[39m[HikariPool-1:connection-adder][0;39m [2026-09-03  15-14-30-44] TRACE o.p.core.v3.ScramAuthenticator   <=BE AuthenticationSASLContinue( r=xqlr@S$E5>ZmV^=E;Dkerx0FBPxoevhtI7UGCWzX1fp9gj5f,s=CztWnO8HyLgidstIEtJvXw==,i=4096 )
[39m[HikariPool-1:connection-adder][0;39m [2026-09-03  15-14-30-44] TRACE o.p.core.v3.ScramAuthenticator   FE=> SASLResponse( c=biws,r=xqlr@S$E5>ZmV^=E;Dkerx0FBPxoevhtI7UGCWzX1fp9gj5f,p=jGuW8AEojgnPbtW+NNlosfD1BbTkc9JLbwHN4GfQ76s= )
[39m[HikariPool-1:connection-adder][0;39m [2026-09-03  15-14-30-45] TRACE o.p.core.v3.ScramAuthenticator   <=BE AuthenticationSASLFinal( v=P1vwcS5K/JNebl0zbWa3OCz/QCC+HmPgT4ZDUaMaIy0= )
[39m[HikariPool-1:connection-adder][0;39m [2026-09-03  15-14-30-45] TRACE o.p.core.v3.ConnectionFactoryImpl   <=BE AuthenticationOk
[39m[HikariPool-1:connection-adder][0;39m [2026-09-03  15-14-30-45] TRACE o.p.core.v3.QueryExecutorImpl   <=BE ParameterStatus(in_hot_standby = off)
[39m[HikariPool-1:connection-adder][0;39m [2026-09-03  15-14-30-45] TRACE o.p.core.v3.QueryExecutorImpl   <=BE ParameterStatus(integer_datetimes = on)
[39m[HikariPool-1:connection-adder][0;39m [2026-09-03  15-14-30-45] TRACE o.p.core.v3.QueryExecutorImpl   <=BE ParameterStatus(TimeZone = Africa/Cairo)
[39m[HikariPool-1:connection-adder][0;39m [2026-09-03  15-14-30-45] TRACE o.p.core.v3.QueryExecutorImpl   <=BE ParameterStatus(IntervalStyle = postgres)
[39m[HikariPool-1:connection-adder][0;39m [2026-09-03  15-14-30-45] TRACE o.p.core.v3.QueryExecutorImpl   <=BE ParameterStatus(search_path = "$user", public)
[39m[HikariPool-1:connection-adder][0;39m [2026-09-03  15-14-30-45] TRACE o.p.core.v3.QueryExecutorImpl   <=BE ParameterStatus(is_superuser = on)
[39m[HikariPool-1:connection-adder][0;39m [2026-09-03  15-14-30-45] TRACE o.p.core.v3.QueryExecutorImpl   <=BE ParameterStatus(application_name = )
[39m[HikariPool-1:connection-adder][0;39m [2026-09-03  15-14-30-45] TRACE o.p.core.v3.QueryExecutorImpl   <=BE ParameterStatus(default_transaction_read_only = off)
