[39m[scheduling-1][0;39m [2026-09-03  14-56-22-10] TRACE org.hibernate.orm.resource.registry  HHH10002501: Releasing registered JDBC resources
[39m[scheduling-1][0;39m [2026-09-03  14-56-22-10] TRACE org.hibernate.orm.resource.jdbc  HHH10003017: Closing logical connection @1063331064
[39m[scheduling-1][0;39m [2026-09-03  14-56-22-10] TRACE org.hibernate.orm.resource.registry  HHH10002501: Releasing registered JDBC resources
[39m[scheduling-1][0;39m [2026-09-03  14-56-22-10] TRACE org.hibernate.orm.resource.jdbc  HHH10003018: Closed logical connection @1063331064
[39m[scheduling-1][0;39m [2026-09-03  14-56-22-10] TRACE i.m.o.SimpleObservation$SimpleScope  NoOp observation used with SimpleScope
[39m[http-nio-8088-Poller][0;39m [2026-09-03  14-56-22-33] DEBUG o.apache.tomcat.util.net.NioEndpoint  timeout completed: keys processed=0; now=1788436582336; nextExpiration=1788436582325; keyCount=0; hasEvents=false; eval=false
[39m[scheduling-1][0;39m [2026-09-03  14-56-22-44] DEBUG org.hibernate.orm.core  HHH006588: Opening session [tenant=null]
[39m[scheduling-1][0;39m [2026-09-03  14-56-22-44] TRACE org.hibernate.orm.jdbc  HHH100002: Created JdbcCoordinator @434368616
[39m[scheduling-1][0;39m [2026-09-03  14-56-22-44] TRACE org.hibernate.orm.session  Opened Session [d51ded8b-cff6-4fbb-85e4-6f6719838b2b] at timestamp: 1788436582442
[39m[scheduling-1][0;39m [2026-09-03  14-56-22-44] TRACE org.hibernate.orm.query.plan.cache  Resolving HQL interpretation for [SELECT r FROM Redemption r WHERE r.status = :status AND r.otpExpiresAt < :time]
[39m[scheduling-1][0;39m [2026-09-03  14-56-22-44] TRACE org.hibernate.orm.query.plan.cache  Resolving cached query plan for [SELECT r FROM Redemption r WHERE r.status = :status AND r.otpExpiresAt < :time]
[39m[scheduling-1][0;39m [2026-09-03  14-56-22-44] TRACE org.hibernate.orm.sql.exec  HHH90004016: Skipping reading query result cache data (query cache disabled, cache mode NORMAL)
[39m[scheduling-1][0;39m [2026-09-03  14-56-22-44] TRACE org.hibernate.orm.core  Executing query to retrieve ResultSet: select r1_0.id,r1_0.account_id,r1_0.authorization_code,r1_0.cancel_reason,r1_0.cancelled_at,r1_0.created_at,r1_0.discount_amount,r1_0.otp_attempts_remaining,r1_0.otp_expires_at,r1_0.otp_hash,r1_0.purchase_transaction_id,r1_0.requested_points,r1_0.reservation_expires_at,r1_0.status from redemptions r1_0 where r1_0.status=? and r1_0.otp_expires_at<?
[39m[scheduling-1][0;39m [2026-09-03  14-56-22-44] DEBUG org.hibernate.SQL  
    select
        r1_0.id,
        r1_0.account_id,
        r1_0.authorization_code,
        r1_0.cancel_reason,
        r1_0.cancelled_at,
        r1_0.created_at,
        r1_0.discount_amount,
        r1_0.otp_attempts_remaining,
        r1_0.otp_expires_at,
        r1_0.otp_hash,
        r1_0.purchase_transaction_id,
        r1_0.requested_points,
        r1_0.reservation_expires_at,
        r1_0.status 
    from
        redemptions r1_0 
    where
        r1_0.status=? 
        and r1_0.otp_expires_at<?
[39m[scheduling-1][0;39m [2026-09-03  14-56-22-44] TRACE org.hibernate.orm.resource.registry  HHH10002502: Registering statement [HikariProxyPreparedStatement@1936447046 wrapping select r1_0.id,r1_0.account_id,r1_0.authorization_code,r1_0.cancel_reason,r1_0.cancelled_at,r1_0.created_at,r1_0.discount_amount,r1_0.otp_attempts_remaining,r1_0.otp_expires_at,r1_0.otp_hash,r1_0.purchase_transaction_id,r1_0.requested_points,r1_0.reservation_expires_at,r1_0.status from redemptions r1_0 where r1_0.status=? and r1_0.otp_expires_at<?]
[39m[scheduling-1][0;39m [2026-09-03  14-56-22-44] TRACE org.hibernate.orm.jdbc.bind  binding parameter (1:VARCHAR) <- [OTP_PENDING]
[39m[scheduling-1][0;39m [2026-09-03  14-56-22-44] TRACE org.hibernate.orm.jdbc.bind  binding parameter (2:TIMESTAMP) <- [2026-09-03T14:56:22.441290500]
[39m[scheduling-1][0;39m [2026-09-03  14-56-22-44] TRACE o.p.core.v3.QueryExecutorImpl    simple execute, handler=org.postgresql.jdbc.PgStatement$StatementResultHandler@627c91a2, maxRows=0, fetchSize=0, flags=16
[39m[scheduling-1][0;39m [2026-09-03  14-56-22-44] TRACE o.p.core.v3.QueryExecutorImpl  Couldn''t estimate result size or result size unbounded, disabling batching for this query.
[39m[scheduling-1][0;39m [2026-09-03  14-56-22-44] TRACE o.p.core.v3.QueryExecutorImpl  Forcing Sync, receive buffer full or batching disallowed
[39m[scheduling-1][0;39m [2026-09-03  14-56-22-44] TRACE o.p.core.v3.QueryExecutorImpl   FE=> Sync
[39m[scheduling-1][0;39m [2026-09-03  14-56-22-44] TRACE o.p.core.v3.QueryExecutorImpl   <=BE ReadyForQuery(I)
[39m[scheduling-1][0;39m [2026-09-03  14-56-22-44] TRACE o.p.core.v3.QueryExecutorImpl   FE=> Bind(stmt=S_4,portal=null,$1=<('OTP_PENDING')>,type=VARCHAR,$2=<('2026-09-03 14:56:22.441291+03')>,type=UNSPECIFIED)
[39m[scheduling-1][0;39m [2026-09-03  14-56-22-44] TRACE o.p.core.v3.QueryExecutorImpl   FE=> Execute(portal=null,limit=0)
[39m[scheduling-1][0;39m [2026-09-03  14-56-22-44] TRACE o.p.core.v3.QueryExecutorImpl   FE=> Sync
[39m[scheduling-1][0;39m [2026-09-03  14-56-22-44] TRACE o.p.core.v3.QueryExecutorImpl   <=BE BindComplete [unnamed]
