[39m[http-nio-8088-Poller][0;39m [2026-09-03  15-12-54-37] DEBUG o.apache.tomcat.util.net.NioEndpoint  timeout completed: keys processed=0; now=1788437574372; nextExpiration=1788437574363; keyCount=0; hasEvents=false; eval=false
[39m[http-nio-8088-Poller][0;39m [2026-09-03  15-12-55-38] DEBUG o.apache.tomcat.util.net.NioEndpoint  timeout completed: keys processed=0; now=1788437575386; nextExpiration=1788437575372; keyCount=0; hasEvents=false; eval=false
[39m[http-nio-8088-Poller][0;39m [2026-09-03  15-12-56-40] DEBUG o.apache.tomcat.util.net.NioEndpoint  timeout completed: keys processed=0; now=1788437576401; nextExpiration=1788437576386; keyCount=0; hasEvents=false; eval=false
[39m[HikariPool-1:housekeeper][0;39m [2026-09-03  15-12-57-35] TRACE o.p.core.v3.QueryExecutorImpl    simple execute, handler=org.postgresql.jdbc.PgStatement$StatementResultHandler@4c4b54af, maxRows=0, fetchSize=0, flags=1,041
[39m[HikariPool-1:housekeeper][0;39m [2026-09-03  15-12-57-35] TRACE o.p.core.v3.QueryExecutorImpl   FE=> SimpleQuery(query="")
[39m[HikariPool-1:housekeeper][0;39m [2026-09-03  15-12-57-35] TRACE o.p.core.v3.QueryExecutorImpl   <=BE EmptyQuery
[39m[HikariPool-1:housekeeper][0;39m [2026-09-03  15-12-57-35] TRACE o.p.core.v3.QueryExecutorImpl   <=BE ReadyForQuery(I)
[39m[HikariPool-1:housekeeper][0;39m [2026-09-03  15-12-57-35] TRACE o.p.core.v3.QueryExecutorImpl   FE marking setPortalDescribed(false) for query 
[39m[HikariPool-1:housekeeper][0;39m [2026-09-03  15-12-57-35] DEBUG com.zaxxer.hikari.pool.HikariPool  HikariPool-1 - keepalive: connection org.postgresql.jdbc.PgConnection@3b12bd6f is alive
[39m[http-nio-8088-Poller][0;39m [2026-09-03  15-12-57-41] DEBUG o.apache.tomcat.util.net.NioEndpoint  timeout completed: keys processed=0; now=1788437577412; nextExpiration=1788437577401; keyCount=0; hasEvents=false; eval=false
[39m[http-nio-8088-Poller][0;39m [2026-09-03  15-12-58-42] DEBUG o.apache.tomcat.util.net.NioEndpoint  timeout completed: keys processed=0; now=1788437578423; nextExpiration=1788437578412; keyCount=0; hasEvents=false; eval=false
[39m[http-nio-8088-Poller][0;39m [2026-09-03  15-12-59-43] DEBUG o.apache.tomcat.util.net.NioEndpoint  timeout completed: keys processed=0; now=1788437579435; nextExpiration=1788437579423; keyCount=0; hasEvents=false; eval=false
[39m[http-nio-8088-Poller][0;39m [2026-09-03  15-13-00-44] DEBUG o.apache.tomcat.util.net.NioEndpoint  timeout completed: keys processed=0; now=1788437580446; nextExpiration=1788437580435; keyCount=0; hasEvents=false; eval=false
[39m[http-nio-8088-Poller][0;39m [2026-09-03  15-13-01-44] DEBUG o.apache.tomcat.util.net.NioEndpoint  timeout completed: keys processed=0; now=1788437581447; nextExpiration=1788437581446; keyCount=0; hasEvents=false; eval=false
[39m[http-nio-8088-Poller][0;39m [2026-09-03  15-13-02-46] DEBUG o.apache.tomcat.util.net.NioEndpoint  timeout completed: keys processed=0; now=1788437582460; nextExpiration=1788437582447; keyCount=0; hasEvents=false; eval=false
[39m[http-nio-8088-Poller][0;39m [2026-09-03  15-13-03-47] DEBUG o.apache.tomcat.util.net.NioEndpoint  timeout completed: keys processed=0; now=1788437583475; nextExpiration=1788437583460; keyCount=0; hasEvents=false; eval=false
[39m[http-nio-8088-Poller][0;39m [2026-09-03  15-13-04-48] DEBUG o.apache.tomcat.util.net.NioEndpoint  timeout completed: keys processed=0; now=1788437584489; nextExpiration=1788437584475; keyCount=0; hasEvents=false; eval=false
[39m[http-nio-8088-Poller][0;39m [2026-09-03  15-13-05-49] DEBUG o.apache.tomcat.util.net.NioEndpoint  timeout completed: keys processed=0; now=1788437585498; nextExpiration=1788437585489; keyCount=0; hasEvents=false; eval=false
[39m[http-nio-8088-Poller][0;39m [2026-09-03  15-13-06-50] DEBUG o.apache.tomcat.util.net.NioEndpoint  timeout completed: keys processed=0; now=1788437586500; nextExpiration=1788437586498; keyCount=0; hasEvents=false; eval=false
[39m[http-nio-8088-Poller][0;39m [2026-09-03  15-13-07-51] DEBUG o.apache.tomcat.util.net.NioEndpoint  timeout completed: keys processed=0; now=1788437587516; nextExpiration=1788437587500; keyCount=0; hasEvents=false; eval=false
[39m[http-nio-8088-Poller][0;39m [2026-09-03  15-13-08-51] DEBUG o.apache.tomcat.util.net.NioEndpoint  timeout completed: keys processed=0; now=1788437588517; nextExpiration=1788437588516; keyCount=0; hasEvents=false; eval=false
[39m[HikariPool-1:connection-closer][0;39m [2026-09-03  15-13-09-09] DEBUG com.zaxxer.hikari.pool.PoolBase  HikariPool-1 - Closing connection org.postgresql.jdbc.PgConnection@3b12bd6f: (connection has passed maxLifetime)
[39m[HikariPool-1:connection-closer][0;39m [2026-09-03  15-13-09-09] TRACE o.postgresql.core.QueryExecutorBase   FE=> Terminate
[39m[HikariPool-1:connection-adder][0;39m [2026-09-03  15-13-09-09] DEBUG com.zaxxer.hikari.pool.PoolBase  HikariPool-1 - Attempting to create/setup new connection (b9460aa6-661d-48db-8b77-2302855337bd)
[39m[HikariPool-1:connection-adder][0;39m [2026-09-03  15-13-09-09] DEBUG org.postgresql.Driver  Connecting with URL: jdbc:postgresql://localhost:5432/loyalty_db
