[39m[http-nio-8088-Poller][0;39m [2026-09-03  15-01-05-18] DEBUG o.apache.tomcat.util.net.NioEndpoint  timeout completed: keys processed=0; now=1788436865183; nextExpiration=1788436865170; keyCount=0; hasEvents=false; eval=false
[39m[http-nio-8088-Poller][0;39m [2026-09-03  15-01-06-19] DEBUG o.apache.tomcat.util.net.NioEndpoint  timeout completed: keys processed=0; now=1788436866195; nextExpiration=1788436866183; keyCount=0; hasEvents=false; eval=false
[39m[http-nio-8088-Poller][0;39m [2026-09-03  15-01-07-20] DEBUG o.apache.tomcat.util.net.NioEndpoint  timeout completed: keys processed=0; now=1788436867208; nextExpiration=1788436867195; keyCount=0; hasEvents=false; eval=false
[39m[http-nio-8088-Poller][0;39m [2026-09-03  15-01-08-21] DEBUG o.apache.tomcat.util.net.NioEndpoint  timeout completed: keys processed=0; now=1788436868217; nextExpiration=1788436868208; keyCount=0; hasEvents=false; eval=false
[39m[http-nio-8088-Poller][0;39m [2026-09-03  15-01-09-23] DEBUG o.apache.tomcat.util.net.NioEndpoint  timeout completed: keys processed=0; now=1788436869231; nextExpiration=1788436869217; keyCount=0; hasEvents=false; eval=false
[39m[http-nio-8088-Poller][0;39m [2026-09-03  15-01-10-24] DEBUG o.apache.tomcat.util.net.NioEndpoint  timeout completed: keys processed=0; now=1788436870244; nextExpiration=1788436870231; keyCount=0; hasEvents=false; eval=false
[39m[http-nio-8088-Poller][0;39m [2026-09-03  15-01-11-25] DEBUG o.apache.tomcat.util.net.NioEndpoint  timeout completed: keys processed=0; now=1788436871255; nextExpiration=1788436871244; keyCount=0; hasEvents=false; eval=false
[39m[http-nio-8088-Poller][0;39m [2026-09-03  15-01-12-27] DEBUG o.apache.tomcat.util.net.NioEndpoint  timeout completed: keys processed=0; now=1788436872270; nextExpiration=1788436872255; keyCount=0; hasEvents=false; eval=false
[39m[http-nio-8088-Poller][0;39m [2026-09-03  15-01-13-27] DEBUG o.apache.tomcat.util.net.NioEndpoint  timeout completed: keys processed=0; now=1788436873276; nextExpiration=1788436873270; keyCount=0; hasEvents=false; eval=false
[39m[http-nio-8088-Poller][0;39m [2026-09-03  15-01-14-28] DEBUG o.apache.tomcat.util.net.NioEndpoint  timeout completed: keys processed=0; now=1788436874286; nextExpiration=1788436874276; keyCount=0; hasEvents=false; eval=false
[39m[Catalina-utility-2][0;39m [2026-09-03  15-01-14-52] DEBUG o.a.catalina.session.ManagerBase  Start expire sessions StandardManager at 1788436874520 sessioncount 0
[39m[Catalina-utility-2][0;39m [2026-09-03  15-01-14-52] DEBUG o.a.catalina.session.ManagerBase  End expire sessions StandardManager processingTime 0 expired sessions: 0
[39m[HikariPool-1:housekeeper][0;39m [2026-09-03  15-01-14-73] DEBUG com.zaxxer.hikari.pool.HikariPool  HikariPool-1 - Pool stats (total=10/10, idle=10/10, active=0, waiting=0)
[39m[HikariPool-1:housekeeper][0;39m [2026-09-03  15-01-14-73] DEBUG com.zaxxer.hikari.pool.HikariPool  HikariPool-1 - Fill pool skipped, pool has sufficient level or currently being filled.
[39m[http-nio-8088-Poller][0;39m [2026-09-03  15-01-15-28] DEBUG o.apache.tomcat.util.net.NioEndpoint  timeout completed: keys processed=0; now=1788436875289; nextExpiration=1788436875286; keyCount=0; hasEvents=false; eval=false
[39m[http-nio-8088-Poller][0;39m [2026-09-03  15-01-16-29] DEBUG o.apache.tomcat.util.net.NioEndpoint  timeout completed: keys processed=0; now=1788436876291; nextExpiration=1788436876289; keyCount=0; hasEvents=false; eval=false
[39m[http-nio-8088-Poller][0;39m [2026-09-03  15-01-17-30] DEBUG o.apache.tomcat.util.net.NioEndpoint  timeout completed: keys processed=0; now=1788436877304; nextExpiration=1788436877291; keyCount=0; hasEvents=false; eval=false
[39m[http-nio-8088-Poller][0;39m [2026-09-03  15-01-18-31] DEBUG o.apache.tomcat.util.net.NioEndpoint  timeout completed: keys processed=0; now=1788436878315; nextExpiration=1788436878304; keyCount=0; hasEvents=false; eval=false
[39m[http-nio-8088-Poller][0;39m [2026-09-03  15-01-19-32] DEBUG o.apache.tomcat.util.net.NioEndpoint  timeout completed: keys processed=0; now=1788436879326; nextExpiration=1788436879315; keyCount=0; hasEvents=false; eval=false
[39m[http-nio-8088-Poller][0;39m [2026-09-03  15-01-20-33] DEBUG o.apache.tomcat.util.net.NioEndpoint  timeout completed: keys processed=0; now=1788436880339; nextExpiration=1788436880326; keyCount=0; hasEvents=false; eval=false
[39m[http-nio-8088-Poller][0;39m [2026-09-03  15-01-21-35] DEBUG o.apache.tomcat.util.net.NioEndpoint  timeout completed: keys processed=0; now=1788436881350; nextExpiration=1788436881339; keyCount=0; hasEvents=false; eval=false
[39m[scheduling-1][0;39m [2026-09-03  15-01-22-08] DEBUG org.hibernate.orm.core  HHH006588: Opening session [tenant=null]
[39m[scheduling-1][0;39m [2026-09-03  15-01-22-08] TRACE org.hibernate.orm.jdbc  HHH100002: Created JdbcCoordinator @881819890
[39m[scheduling-1][0;39m [2026-09-03  15-01-22-08] TRACE org.hibernate.orm.session  Opened Session [3dd9bd28-5b93-4a85-8f7a-c31a3f339e0a] at timestamp: 1788436882082
[39m[scheduling-1][0;39m [2026-09-03  15-01-22-08] DEBUG org.hibernate.orm.core  HHH006583: Beginning transaction
