[39m[http-nio-8088-Poller][0;39m [2026-09-03  14-58-13-42] DEBUG o.apache.tomcat.util.net.NioEndpoint  timeout completed: keys processed=0; now=1788436693425; nextExpiration=1788436693414; keyCount=0; hasEvents=false; eval=false
[39m[Catalina-utility-2][0;39m [2026-09-03  14-58-14-34] DEBUG o.a.catalina.session.ManagerBase  Start expire sessions StandardManager at 1788436694347 sessioncount 0
[39m[Catalina-utility-2][0;39m [2026-09-03  14-58-14-34] DEBUG o.a.catalina.session.ManagerBase  End expire sessions StandardManager processingTime 0 expired sessions: 0
[39m[http-nio-8088-Poller][0;39m [2026-09-03  14-58-14-44] DEBUG o.apache.tomcat.util.net.NioEndpoint  timeout completed: keys processed=0; now=1788436694442; nextExpiration=1788436694425; keyCount=0; hasEvents=false; eval=false
[39m[HikariPool-1:housekeeper][0;39m [2026-09-03  14-58-14-65] DEBUG com.zaxxer.hikari.pool.HikariPool  HikariPool-1 - Pool stats (total=10/10, idle=10/10, active=0, waiting=0)
[39m[HikariPool-1:housekeeper][0;39m [2026-09-03  14-58-14-65] DEBUG com.zaxxer.hikari.pool.HikariPool  HikariPool-1 - Fill pool skipped, pool has sufficient level or currently being filled.
[39m[http-nio-8088-Poller][0;39m [2026-09-03  14-58-15-45] DEBUG o.apache.tomcat.util.net.NioEndpoint  timeout completed: keys processed=0; now=1788436695456; nextExpiration=1788436695442; keyCount=0; hasEvents=false; eval=false
[39m[http-nio-8088-Poller][0;39m [2026-09-03  14-58-16-46] DEBUG o.apache.tomcat.util.net.NioEndpoint  timeout completed: keys processed=0; now=1788436696465; nextExpiration=1788436696456; keyCount=0; hasEvents=false; eval=false
[39m[http-nio-8088-Poller][0;39m [2026-09-03  14-58-17-47] DEBUG o.apache.tomcat.util.net.NioEndpoint  timeout completed: keys processed=0; now=1788436697477; nextExpiration=1788436697465; keyCount=0; hasEvents=false; eval=false
[39m[http-nio-8088-Poller][0;39m [2026-09-03  14-58-18-48] DEBUG o.apache.tomcat.util.net.NioEndpoint  timeout completed: keys processed=0; now=1788436698487; nextExpiration=1788436698477; keyCount=0; hasEvents=false; eval=false
[39m[http-nio-8088-Poller][0;39m [2026-09-03  14-58-19-50] DEBUG o.apache.tomcat.util.net.NioEndpoint  timeout completed: keys processed=0; now=1788436699501; nextExpiration=1788436699487; keyCount=0; hasEvents=false; eval=false
[39m[http-nio-8088-Poller][0;39m [2026-09-03  14-58-20-50] DEBUG o.apache.tomcat.util.net.NioEndpoint  timeout completed: keys processed=0; now=1788436700503; nextExpiration=1788436700501; keyCount=0; hasEvents=false; eval=false
[39m[http-nio-8088-Poller][0;39m [2026-09-03  14-58-21-51] DEBUG o.apache.tomcat.util.net.NioEndpoint  timeout completed: keys processed=0; now=1788436701515; nextExpiration=1788436701503; keyCount=0; hasEvents=false; eval=false
[39m[scheduling-1][0;39m [2026-09-03  14-58-22-09] DEBUG org.hibernate.orm.core  HHH006588: Opening session [tenant=null]
[39m[scheduling-1][0;39m [2026-09-03  14-58-22-09] TRACE org.hibernate.orm.jdbc  HHH100002: Created JdbcCoordinator @1170764997
[39m[scheduling-1][0;39m [2026-09-03  14-58-22-09] TRACE org.hibernate.orm.session  Opened Session [3e16228f-e265-4820-80ec-2b5a672f515e] at timestamp: 1788436702091
[39m[scheduling-1][0;39m [2026-09-03  14-58-22-09] DEBUG org.hibernate.orm.core  HHH006583: Beginning transaction
[39m[scheduling-1][0;39m [2026-09-03  14-58-22-09] TRACE o.p.core.v3.QueryExecutorImpl    simple execute, handler=org.postgresql.jdbc.PgStatement$StatementResultHandler@24fa8dec, maxRows=0, fetchSize=0, flags=1,041
[39m[scheduling-1][0;39m [2026-09-03  14-58-22-09] TRACE o.p.core.v3.QueryExecutorImpl   FE=> SimpleQuery(query="")
[39m[scheduling-1][0;39m [2026-09-03  14-58-22-09] TRACE o.p.core.v3.QueryExecutorImpl   <=BE EmptyQuery
[39m[scheduling-1][0;39m [2026-09-03  14-58-22-09] TRACE o.p.core.v3.QueryExecutorImpl   <=BE ReadyForQuery(I)
[39m[scheduling-1][0;39m [2026-09-03  14-58-22-09] TRACE o.p.core.v3.QueryExecutorImpl   FE marking setPortalDescribed(false) for query 
[39m[scheduling-1][0;39m [2026-09-03  14-58-22-09] TRACE org.hibernate.orm.resource.jdbc  HHH10003001: Preparing to begin transaction via JDBC Connection.setAutoCommit(false)
[39m[scheduling-1][0;39m [2026-09-03  14-58-22-09] DEBUG org.postgresql.jdbc.PgConnection    setAutoCommit = false
[39m[scheduling-1][0;39m [2026-09-03  14-58-22-09] TRACE org.hibernate.orm.resource.jdbc  HHH10003002: Transaction begun via JDBC Connection.setAutoCommit(false)
[39m[scheduling-1][0;39m [2026-09-03  14-58-22-09] TRACE org.hibernate.orm.jdbc  HHH100033: Notifying resource-local transaction observers after begin
[39m[scheduling-1][0;39m [2026-09-03  14-58-22-09] TRACE org.hibernate.orm.jdbc  HHH100005: Transaction after begin in JdbcCoordinator @1170764997
[39m[scheduling-1][0;39m [2026-09-03  14-58-22-09] TRACE org.hibernate.orm.query.plan.cache  Resolving HQL interpretation for [SELECT r FROM RuleVersion r WHERE r.status = :status AND r.effectiveFrom <= :time]
[39m[scheduling-1][0;39m [2026-09-03  14-58-22-09] TRACE org.hibernate.orm.query.plan.cache  Resolving cached query plan for [SELECT r FROM RuleVersion r WHERE r.status = :status AND r.effectiveFrom <= :time]
