[39m[restartedMain][0;39m [2026-09-03  14-49-14-98] TRACE org.hibernate.models.annotations  Registering AnnotationDescriptor - AnnotationDescriptor(jakarta.persistence.NamedNativeQueries)
[39m[restartedMain][0;39m [2026-09-03  14-49-14-99] TRACE org.hibernate.models.annotations  Registering AnnotationDescriptor - AnnotationDescriptor(jakarta.persistence.NamedNativeQuery)
[39m[restartedMain][0;39m [2026-09-03  14-49-14-99] TRACE org.hibernate.models.annotations  Registering repeatable AnnotationDescriptor - AnnotationDescriptor(jakarta.persistence.NamedNativeQueries)
[39m[restartedMain][0;39m [2026-09-03  14-49-14-99] TRACE org.hibernate.models.annotations  Registering AnnotationDescriptor - AnnotationDescriptor(jakarta.persistence.NamedQueries)
[39m[restartedMain][0;39m [2026-09-03  14-49-14-99] TRACE org.hibernate.models.annotations  Registering AnnotationDescriptor - AnnotationDescriptor(jakarta.persistence.NamedQuery)
[39m[restartedMain][0;39m [2026-09-03  14-49-14-99] TRACE org.hibernate.models.annotations  Registering repeatable AnnotationDescriptor - AnnotationDescriptor(jakarta.persistence.NamedQueries)
[39m[restartedMain][0;39m [2026-09-03  14-49-14-99] TRACE org.hibernate.models.annotations  Registering AnnotationDescriptor - AnnotationDescriptor(jakarta.persistence.NamedStoredProcedureQueries)
[39m[restartedMain][0;39m [2026-09-03  14-49-14-99] TRACE org.hibernate.models.annotations  Registering AnnotationDescriptor - AnnotationDescriptor(jakarta.persistence.NamedStoredProcedureQuery)
[39m[restartedMain][0;39m [2026-09-03  14-49-14-99] TRACE org.hibernate.models.annotations  Registering repeatable AnnotationDescriptor - AnnotationDescriptor(jakarta.persistence.NamedStoredProcedureQueries)
[39m[restartedMain][0;39m [2026-09-03  14-49-14-99] TRACE org.hibernate.models.annotations  Registering AnnotationDescriptor - AnnotationDescriptor(jakarta.persistence.NamedSubgraph)
[39m[restartedMain][0;39m [2026-09-03  14-49-14-99] TRACE org.hibernate.models.annotations  Registering AnnotationDescriptor - AnnotationDescriptor(jakarta.persistence.OneToMany)
[39m[restartedMain][0;39m [2026-09-03  14-49-14-99] TRACE org.hibernate.models.annotations  Registering AnnotationDescriptor - AnnotationDescriptor(jakarta.persistence.OneToOne)
[39m[restartedMain][0;39m [2026-09-03  14-49-14-99] TRACE org.hibernate.models.annotations  Registering AnnotationDescriptor - AnnotationDescriptor(jakarta.persistence.OrderBy)
[39m[restartedMain][0;39m [2026-09-03  14-49-14-99] TRACE org.hibernate.models.annotations  Registering AnnotationDescriptor - AnnotationDescriptor(jakarta.persistence.OrderColumn)
[39m[restartedMain][0;39m [2026-09-03  14-49-14-99] TRACE org.hibernate.models.annotations  Registering AnnotationDescriptor - AnnotationDescriptor(jakarta.persistence.PostLoad)
[39m[restartedMain][0;39m [2026-09-03  14-49-14-99] TRACE org.hibernate.models.annotations  Registering AnnotationDescriptor - AnnotationDescriptor(jakarta.persistence.PostPersist)
[39m[restartedMain][0;39m [2026-09-03  14-49-14-99] TRACE org.hibernate.models.annotations  Registering AnnotationDescriptor - AnnotationDescriptor(jakarta.persistence.PostRemove)
[39m[restartedMain][0;39m [2026-09-03  14-49-14-99] TRACE org.hibernate.models.annotations  Registering AnnotationDescriptor - AnnotationDescriptor(jakarta.persistence.PostUpdate)
[39m[restartedMain][0;39m [2026-09-03  14-49-14-99] TRACE org.hibernate.models.annotations  Registering AnnotationDescriptor - AnnotationDescriptor(jakarta.persistence.PrePersist)
[39m[restartedMain][0;39m [2026-09-03  14-49-14-99] TRACE org.hibernate.models.annotations  Registering AnnotationDescriptor - AnnotationDescriptor(jakarta.persistence.PreRemove)
[39m[restartedMain][0;39m [2026-09-03  14-49-15-00] TRACE org.hibernate.models.annotations  Registering AnnotationDescriptor - AnnotationDescriptor(jakarta.persistence.PreUpdate)
[39m[restartedMain][0;39m [2026-09-03  14-49-15-00] TRACE org.hibernate.models.annotations  Registering AnnotationDescriptor - AnnotationDescriptor(jakarta.persistence.PrimaryKeyJoinColumns)
[39m[restartedMain][0;39m [2026-09-03  14-49-15-00] TRACE org.hibernate.models.annotations  Registering AnnotationDescriptor - AnnotationDescriptor(jakarta.persistence.PrimaryKeyJoinColumn)
[39m[restartedMain][0;39m [2026-09-03  14-49-15-00] TRACE org.hibernate.models.annotations  Registering repeatable AnnotationDescriptor - AnnotationDescriptor(jakarta.persistence.PrimaryKeyJoinColumns)
[39m[restartedMain][0;39m [2026-09-03  14-49-15-00] TRACE org.hibernate.models.annotations  Registering AnnotationDescriptor - AnnotationDescriptor(jakarta.persistence.QueryHint)
[39m[restartedMain][0;39m [2026-09-03  14-49-15-00] TRACE org.hibernate.models.annotations  Registering AnnotationDescriptor - AnnotationDescriptor(jakarta.persistence.SecondaryTables)
[39m[restartedMain][0;39m [2026-09-03  14-49-15-00] TRACE org.hibernate.models.annotations  Registering AnnotationDescriptor - AnnotationDescriptor(jakarta.persistence.SecondaryTable)
[39m[restartedMain][0;39m [2026-09-03  14-49-15-00] TRACE org.hibernate.models.annotations  Registering repeatable AnnotationDescriptor - AnnotationDescriptor(jakarta.persistence.SecondaryTables)
