[39m[restartedMain][0;39m [2026-09-03  14-49-16-51] TRACE org.hibernate.orm.query.plan.cache  Starting query interpretation cache (size 2048)
[39m[restartedMain][0;39m [2026-09-03  14-49-16-51] TRACE org.hibernate.orm.service  HHH010500: Initializing service: org.hibernate.internal.util.cache.InternalCacheFactory
[39m[restartedMain][0;39m [2026-09-03  14-49-16-51] TRACE org.hibernate.orm.service  HHH010500: Initializing service: org.hibernate.engine.query.spi.NativeQueryInterpreter
[39m[restartedMain][0;39m [2026-09-03  14-49-16-61] TRACE org.hibernate.orm.service  HHH010500: Initializing service: org.hibernate.persister.spi.PersisterFactory
[39m[restartedMain][0;39m [2026-09-03  14-49-16-61] TRACE org.hibernate.orm.service  HHH010500: Initializing service: org.hibernate.persister.spi.PersisterClassResolver
[39m[restartedMain][0;39m [2026-09-03  14-49-16-65] TRACE org.hibernate.orm.boot  HHH160236: No temp ClassLoader provided; using live ClassLoader to load potentially unsafe class: com.aman.acceptance.loyalty.model.LoyaltyAccount
[39m[restartedMain][0;39m [2026-09-03  14-49-16-65] TRACE org.hibernate.orm.service  HHH010500: Initializing service: org.hibernate.property.access.spi.PropertyAccessStrategyResolver
[39m[restartedMain][0;39m [2026-09-03  14-49-16-84] DEBUG org.hibernate.orm.core  HHH000513: Unable to create the ReflectionOptimizer for [com.aman.acceptance.loyalty.model.LoyaltyAccount]: private accessor [availablePoints]
[39m[restartedMain][0;39m [2026-09-03  14-49-16-85] TRACE org.hibernate.orm.boot  HHH160236: No temp ClassLoader provided; using live ClassLoader to load potentially unsafe class: com.aman.acceptance.loyalty.model.AuditEvent
[39m[restartedMain][0;39m [2026-09-03  14-49-16-86] DEBUG org.hibernate.orm.core  HHH000513: Unable to create the ReflectionOptimizer for [com.aman.acceptance.loyalty.model.AuditEvent]: private accessor [action]
[39m[restartedMain][0;39m [2026-09-03  14-49-16-86] TRACE org.hibernate.orm.boot  HHH160236: No temp ClassLoader provided; using live ClassLoader to load potentially unsafe class: com.aman.acceptance.loyalty.model.LoyaltyProgram
[39m[restartedMain][0;39m [2026-09-03  14-49-16-88] DEBUG org.hibernate.orm.core  HHH000513: Unable to create the ReflectionOptimizer for [com.aman.acceptance.loyalty.model.LoyaltyProgram]: private accessor [createdAt]
[39m[restartedMain][0;39m [2026-09-03  14-49-16-88] TRACE org.hibernate.orm.boot  HHH160236: No temp ClassLoader provided; using live ClassLoader to load potentially unsafe class: com.aman.acceptance.loyalty.model.RuleVersion
[39m[restartedMain][0;39m [2026-09-03  14-49-16-89] DEBUG org.hibernate.orm.core  HHH000513: Unable to create the ReflectionOptimizer for [com.aman.acceptance.loyalty.model.RuleVersion]: private accessor [createdAt]
[39m[restartedMain][0;39m [2026-09-03  14-49-16-89] TRACE org.hibernate.orm.boot  HHH160236: No temp ClassLoader provided; using live ClassLoader to load potentially unsafe class: com.aman.acceptance.loyalty.model.IdempotencyRecord
[39m[restartedMain][0;39m [2026-09-03  14-49-16-91] DEBUG org.hibernate.orm.core  HHH000513: Unable to create the ReflectionOptimizer for [com.aman.acceptance.loyalty.model.IdempotencyRecord]: private accessor [clientId]
[39m[restartedMain][0;39m [2026-09-03  14-49-16-91] TRACE org.hibernate.orm.boot  HHH160236: No temp ClassLoader provided; using live ClassLoader to load potentially unsafe class: com.aman.acceptance.loyalty.model.Redemption
[39m[restartedMain][0;39m [2026-09-03  14-49-16-93] DEBUG org.hibernate.orm.core  HHH000513: Unable to create the ReflectionOptimizer for [com.aman.acceptance.loyalty.model.Redemption]: private accessor [account]
[39m[restartedMain][0;39m [2026-09-03  14-49-16-93] TRACE org.hibernate.orm.boot  HHH160236: No temp ClassLoader provided; using live ClassLoader to load potentially unsafe class: com.aman.acceptance.loyalty.model.LoyaltyTransaction
[39m[restartedMain][0;39m [2026-09-03  14-49-16-95] DEBUG org.hibernate.orm.core  HHH000513: Unable to create the ReflectionOptimizer for [com.aman.acceptance.loyalty.model.LoyaltyTransaction]: private accessor [account]
[39m[restartedMain][0;39m [2026-09-03  14-49-16-95] TRACE org.hibernate.orm.boot  HHH160236: No temp ClassLoader provided; using live ClassLoader to load potentially unsafe class: com.aman.acceptance.loyalty.model.RedemptionAllocation
[39m[restartedMain][0;39m [2026-09-03  14-49-16-95] DEBUG org.hibernate.orm.core  HHH000513: Unable to create the ReflectionOptimizer for [com.aman.acceptance.loyalty.model.RedemptionAllocation]: private accessor [lot]
[39m[restartedMain][0;39m [2026-09-03  14-49-16-96] TRACE org.hibernate.orm.boot  HHH160236: No temp ClassLoader provided; using live ClassLoader to load potentially unsafe class: com.aman.acceptance.loyalty.model.Customer
[39m[restartedMain][0;39m [2026-09-03  14-49-16-96] DEBUG org.hibernate.orm.core  HHH000513: Unable to create the ReflectionOptimizer for [com.aman.acceptance.loyalty.model.Customer]: private accessor [createdAt]
[39m[restartedMain][0;39m [2026-09-03  14-49-16-96] TRACE org.hibernate.orm.boot  HHH160236: No temp ClassLoader provided; using live ClassLoader to load potentially unsafe class: com.aman.acceptance.loyalty.model.PointsLot
