[39m[http-nio-8088-Poller][0;39m [2026-09-03  15-00-37-88] DEBUG o.apache.tomcat.util.net.NioEndpoint  timeout completed: keys processed=0; now=1788436837882; nextExpiration=1788436837872; keyCount=0; hasEvents=false; eval=false
[39m[http-nio-8088-Poller][0;39m [2026-09-03  15-00-38-89] DEBUG o.apache.tomcat.util.net.NioEndpoint  timeout completed: keys processed=0; now=1788436838897; nextExpiration=1788436838882; keyCount=0; hasEvents=false; eval=false
[39m[http-nio-8088-Poller][0;39m [2026-09-03  15-00-39-91] DEBUG o.apache.tomcat.util.net.NioEndpoint  timeout completed: keys processed=0; now=1788436839911; nextExpiration=1788436839897; keyCount=0; hasEvents=false; eval=false
[39m[http-nio-8088-Poller][0;39m [2026-09-03  15-00-40-91] DEBUG o.apache.tomcat.util.net.NioEndpoint  timeout completed: keys processed=0; now=1788436840919; nextExpiration=1788436840911; keyCount=0; hasEvents=false; eval=false
[39m[HikariPool-1:housekeeper][0;39m [2026-09-03  15-00-41-83] TRACE o.p.core.v3.QueryExecutorImpl    simple execute, handler=org.postgresql.jdbc.PgStatement$StatementResultHandler@e42c9aa, maxRows=0, fetchSize=0, flags=1,041
[39m[HikariPool-1:housekeeper][0;39m [2026-09-03  15-00-41-83] TRACE o.p.core.v3.QueryExecutorImpl   FE=> SimpleQuery(query="")
[39m[HikariPool-1:housekeeper][0;39m [2026-09-03  15-00-41-83] TRACE o.p.core.v3.QueryExecutorImpl   <=BE EmptyQuery
[39m[HikariPool-1:housekeeper][0;39m [2026-09-03  15-00-41-83] TRACE o.p.core.v3.QueryExecutorImpl   <=BE ReadyForQuery(I)
[39m[HikariPool-1:housekeeper][0;39m [2026-09-03  15-00-41-83] TRACE o.p.core.v3.QueryExecutorImpl   FE marking setPortalDescribed(false) for query 
[39m[HikariPool-1:housekeeper][0;39m [2026-09-03  15-00-41-83] DEBUG com.zaxxer.hikari.pool.HikariPool  HikariPool-1 - keepalive: connection org.postgresql.jdbc.PgConnection@46035293 is alive
[39m[http-nio-8088-Poller][0;39m [2026-09-03  15-00-41-92] DEBUG o.apache.tomcat.util.net.NioEndpoint  timeout completed: keys processed=0; now=1788436841928; nextExpiration=1788436841919; keyCount=0; hasEvents=false; eval=false
[39m[http-nio-8088-Poller][0;39m [2026-09-03  15-00-42-94] DEBUG o.apache.tomcat.util.net.NioEndpoint  timeout completed: keys processed=0; now=1788436842942; nextExpiration=1788436842928; keyCount=0; hasEvents=false; eval=false
[39m[http-nio-8088-Poller][0;39m [2026-09-03  15-00-43-95] DEBUG o.apache.tomcat.util.net.NioEndpoint  timeout completed: keys processed=0; now=1788436843955; nextExpiration=1788436843942; keyCount=0; hasEvents=false; eval=false
[39m[HikariPool-1:housekeeper][0;39m [2026-09-03  15-00-44-73] DEBUG com.zaxxer.hikari.pool.HikariPool  HikariPool-1 - Pool stats (total=10/10, idle=10/10, active=0, waiting=0)
[39m[HikariPool-1:housekeeper][0;39m [2026-09-03  15-00-44-73] DEBUG com.zaxxer.hikari.pool.HikariPool  HikariPool-1 - Fill pool skipped, pool has sufficient level or currently being filled.
[39m[http-nio-8088-Poller][0;39m [2026-09-03  15-00-44-96] DEBUG o.apache.tomcat.util.net.NioEndpoint  timeout completed: keys processed=0; now=1788436844965; nextExpiration=1788436844955; keyCount=0; hasEvents=false; eval=false
[39m[http-nio-8088-Poller][0;39m [2026-09-03  15-00-45-97] DEBUG o.apache.tomcat.util.net.NioEndpoint  timeout completed: keys processed=0; now=1788436845970; nextExpiration=1788436845965; keyCount=0; hasEvents=false; eval=false
[39m[http-nio-8088-Poller][0;39m [2026-09-03  15-00-46-98] DEBUG o.apache.tomcat.util.net.NioEndpoint  timeout completed: keys processed=0; now=1788436846980; nextExpiration=1788436846970; keyCount=0; hasEvents=false; eval=false
[39m[http-nio-8088-Poller][0;39m [2026-09-03  15-00-47-99] DEBUG o.apache.tomcat.util.net.NioEndpoint  timeout completed: keys processed=0; now=1788436847991; nextExpiration=1788436847980; keyCount=0; hasEvents=false; eval=false
[39m[HikariPool-1:housekeeper][0;39m [2026-09-03  15-00-48-52] TRACE o.p.core.v3.QueryExecutorImpl    simple execute, handler=org.postgresql.jdbc.PgStatement$StatementResultHandler@23aac228, maxRows=0, fetchSize=0, flags=1,041
[39m[HikariPool-1:housekeeper][0;39m [2026-09-03  15-00-48-52] TRACE o.p.core.v3.QueryExecutorImpl   FE=> SimpleQuery(query="")
[39m[HikariPool-1:housekeeper][0;39m [2026-09-03  15-00-48-52] TRACE o.p.core.v3.QueryExecutorImpl   <=BE EmptyQuery
[39m[HikariPool-1:housekeeper][0;39m [2026-09-03  15-00-48-52] TRACE o.p.core.v3.QueryExecutorImpl   <=BE ReadyForQuery(I)
[39m[HikariPool-1:housekeeper][0;39m [2026-09-03  15-00-48-52] TRACE o.p.core.v3.QueryExecutorImpl   FE marking setPortalDescribed(false) for query 
[39m[HikariPool-1:housekeeper][0;39m [2026-09-03  15-00-48-52] DEBUG com.zaxxer.hikari.pool.HikariPool  HikariPool-1 - keepalive: connection org.postgresql.jdbc.PgConnection@1e5fa53 is alive
[39m[http-nio-8088-Poller][0;39m [2026-09-03  15-00-49-00] DEBUG o.apache.tomcat.util.net.NioEndpoint  timeout completed: keys processed=0; now=1788436849003; nextExpiration=1788436848991; keyCount=0; hasEvents=false; eval=false
[39m[http-nio-8088-Poller][0;39m [2026-09-03  15-00-50-01] DEBUG o.apache.tomcat.util.net.NioEndpoint  timeout completed: keys processed=0; now=1788436850017; nextExpiration=1788436850003; keyCount=0; hasEvents=false; eval=false
