[39m[restartedMain][0;39m [2026-09-03  14-49-13-65] DEBUG o.apache.catalina.util.LifecycleBase  Setting state for [SimpleRealm[StandardEngine[Tomcat]]] to [INITIALIZING]
[39m[restartedMain][0;39m [2026-09-03  14-49-13-65] DEBUG o.apache.catalina.util.LifecycleBase  Setting state for [SimpleRealm[StandardEngine[Tomcat]]] to [INITIALIZED]
[39m[restartedMain][0;39m [2026-09-03  14-49-13-65] DEBUG o.apache.catalina.util.LifecycleBase  Setting state for [SimpleRealm[StandardEngine[Tomcat]]] to [STARTING_PREP]
[39m[restartedMain][0;39m [2026-09-03  14-49-13-65] DEBUG o.apache.catalina.util.LifecycleBase  Setting state for [SimpleRealm[StandardEngine[Tomcat]]] to [STARTING]
[39m[restartedMain][0;39m [2026-09-03  14-49-13-65] DEBUG o.apache.catalina.util.LifecycleBase  Setting state for [SimpleRealm[StandardEngine[Tomcat]]] to [STARTED]
[39m[restartedMain][0;39m [2026-09-03  14-49-13-65] DEBUG o.apache.catalina.util.LifecycleBase  Setting state for [StandardEngine[Tomcat].StandardHost[localhost]] to [INITIALIZING]
[39m[restartedMain][0;39m [2026-09-03  14-49-13-66] DEBUG o.apache.catalina.util.LifecycleBase  Setting state for [StandardEngine[Tomcat].StandardHost[localhost]] to [INITIALIZED]
[39m[restartedMain][0;39m [2026-09-03  14-49-13-66] DEBUG o.apache.catalina.util.LifecycleBase  Setting state for [StandardEngine[Tomcat].StandardHost[localhost]] to [STARTING_PREP]
[39m[restartedMain][0;39m [2026-09-03  14-49-13-66] DEBUG o.apache.catalina.util.LifecycleBase  Setting state for [StandardEngine[Tomcat].StandardHost[localhost].TomcatEmbeddedContext[]] to [INITIALIZING]
[39m[restartedMain][0;39m [2026-09-03  14-49-13-70] DEBUG o.apache.catalina.util.LifecycleBase  Setting state for [StandardEngine[Tomcat].StandardHost[localhost].TomcatEmbeddedContext[]] to [INITIALIZED]
[39m[restartedMain][0;39m [2026-09-03  14-49-13-70] DEBUG o.apache.catalina.util.LifecycleBase  Setting state for [StandardEngine[Tomcat].StandardHost[localhost].TomcatEmbeddedContext[]] to [STARTING_PREP]
[39m[restartedMain][0;39m [2026-09-03  14-49-13-70] DEBUG o.a.catalina.core.StandardContext  Starting ROOT
[39m[restartedMain][0;39m [2026-09-03  14-49-13-72] DEBUG o.apache.catalina.util.LifecycleBase  Setting state for [org.apache.catalina.webresources.StandardRoot@19b1cca5] to [INITIALIZING]
[39m[restartedMain][0;39m [2026-09-03  14-49-13-72] DEBUG o.apache.catalina.util.LifecycleBase  Setting state for [org.apache.catalina.webresources.JarResourceSet@1b8bcb6d] to [INITIALIZING]
[39m[restartedMain][0;39m [2026-09-03  14-49-13-72] DEBUG o.apache.catalina.util.LifecycleBase  Setting state for [org.apache.catalina.webresources.JarResourceSet@1b8bcb6d] to [INITIALIZED]
[39m[restartedMain][0;39m [2026-09-03  14-49-13-73] DEBUG o.apache.catalina.util.LifecycleBase  Setting state for [org.apache.catalina.webresources.StandardRoot@19b1cca5] to [INITIALIZED]
[39m[restartedMain][0;39m [2026-09-03  14-49-13-73] DEBUG o.apache.catalina.util.LifecycleBase  Setting state for [org.apache.catalina.webresources.StandardRoot@19b1cca5] to [STARTING_PREP]
[39m[restartedMain][0;39m [2026-09-03  14-49-13-73] DEBUG o.apache.catalina.util.LifecycleBase  Setting state for [org.apache.catalina.webresources.DirResourceSet@43d17b5a] to [INITIALIZING]
[39m[restartedMain][0;39m [2026-09-03  14-49-13-73] DEBUG o.apache.catalina.util.LifecycleBase  Setting state for [org.apache.catalina.webresources.DirResourceSet@43d17b5a] to [INITIALIZED]
[39m[restartedMain][0;39m [2026-09-03  14-49-13-73] DEBUG o.apache.catalina.util.LifecycleBase  Setting state for [org.apache.catalina.webresources.DirResourceSet@43d17b5a] to [STARTING_PREP]
[39m[restartedMain][0;39m [2026-09-03  14-49-13-73] DEBUG o.apache.catalina.util.LifecycleBase  Setting state for [org.apache.catalina.webresources.DirResourceSet@43d17b5a] to [STARTING]
[39m[restartedMain][0;39m [2026-09-03  14-49-13-73] DEBUG o.apache.catalina.util.LifecycleBase  Setting state for [org.apache.catalina.webresources.DirResourceSet@43d17b5a] to [STARTED]
[39m[restartedMain][0;39m [2026-09-03  14-49-13-73] DEBUG o.apache.catalina.util.LifecycleBase  Setting state for [org.apache.catalina.webresources.JarResourceSet@1b8bcb6d] to [STARTING_PREP]
[39m[restartedMain][0;39m [2026-09-03  14-49-13-73] DEBUG o.apache.catalina.util.LifecycleBase  Setting state for [org.apache.catalina.webresources.JarResourceSet@1b8bcb6d] to [STARTING]
[39m[restartedMain][0;39m [2026-09-03  14-49-13-74] DEBUG o.apache.catalina.util.LifecycleBase  Setting state for [org.apache.catalina.webresources.JarResourceSet@1b8bcb6d] to [STARTED]
[39m[restartedMain][0;39m [2026-09-03  14-49-13-74] DEBUG o.apache.catalina.util.LifecycleBase  Setting state for [org.apache.catalina.webresources.StandardRoot@19b1cca5] to [STARTING]
[39m[restartedMain][0;39m [2026-09-03  14-49-13-74] DEBUG o.apache.catalina.util.LifecycleBase  Setting state for [org.apache.catalina.webresources.StandardRoot@19b1cca5] to [STARTED]
[39m[restartedMain][0;39m [2026-09-03  14-49-13-74] DEBUG o.a.catalina.core.StandardContext  Processing standard container startup
