[39m[restartedMain][0;39m [2026-09-03  15-14-30-27] TRACE org.hibernate.models.annotations  Registering AnnotationDescriptor - AnnotationDescriptor(jakarta.persistence.PreRemove)
[39m[restartedMain][0;39m [2026-09-03  15-14-30-27] TRACE org.hibernate.models.annotations  Registering AnnotationDescriptor - AnnotationDescriptor(jakarta.persistence.PreUpdate)
[39m[restartedMain][0;39m [2026-09-03  15-14-30-27] TRACE org.hibernate.models.annotations  Registering AnnotationDescriptor - AnnotationDescriptor(jakarta.persistence.PrimaryKeyJoinColumns)
[39m[restartedMain][0;39m [2026-09-03  15-14-30-27] TRACE org.hibernate.models.annotations  Registering AnnotationDescriptor - AnnotationDescriptor(jakarta.persistence.PrimaryKeyJoinColumn)
[39m[restartedMain][0;39m [2026-09-03  15-14-30-27] TRACE org.hibernate.models.annotations  Registering repeatable AnnotationDescriptor - AnnotationDescriptor(jakarta.persistence.PrimaryKeyJoinColumns)
[39m[restartedMain][0;39m [2026-09-03  15-14-30-27] TRACE org.hibernate.models.annotations  Registering AnnotationDescriptor - AnnotationDescriptor(jakarta.persistence.QueryHint)
[39m[restartedMain][0;39m [2026-09-03  15-14-30-27] TRACE org.hibernate.models.annotations  Registering AnnotationDescriptor - AnnotationDescriptor(jakarta.persistence.SecondaryTables)
[39m[restartedMain][0;39m [2026-09-03  15-14-30-27] TRACE org.hibernate.models.annotations  Registering AnnotationDescriptor - AnnotationDescriptor(jakarta.persistence.SecondaryTable)
[39m[restartedMain][0;39m [2026-09-03  15-14-30-27] TRACE org.hibernate.models.annotations  Registering repeatable AnnotationDescriptor - AnnotationDescriptor(jakarta.persistence.SecondaryTables)
[39m[restartedMain][0;39m [2026-09-03  15-14-30-27] TRACE org.hibernate.models.annotations  Registering AnnotationDescriptor - AnnotationDescriptor(jakarta.persistence.SequenceGenerators)
[39m[restartedMain][0;39m [2026-09-03  15-14-30-27] TRACE org.hibernate.models.annotations  Registering AnnotationDescriptor - AnnotationDescriptor(jakarta.persistence.SequenceGenerator)
[39m[restartedMain][0;39m [2026-09-03  15-14-30-27] TRACE org.hibernate.models.annotations  Registering repeatable AnnotationDescriptor - AnnotationDescriptor(jakarta.persistence.SequenceGenerators)
[39m[restartedMain][0;39m [2026-09-03  15-14-30-28] TRACE org.hibernate.models.annotations  Registering AnnotationDescriptor - AnnotationDescriptor(jakarta.persistence.SqlResultSetMappings)
[39m[restartedMain][0;39m [2026-09-03  15-14-30-28] TRACE org.hibernate.models.annotations  Registering AnnotationDescriptor - AnnotationDescriptor(jakarta.persistence.SqlResultSetMapping)
[39m[restartedMain][0;39m [2026-09-03  15-14-30-28] TRACE org.hibernate.models.annotations  Registering repeatable AnnotationDescriptor - AnnotationDescriptor(jakarta.persistence.SqlResultSetMappings)
[39m[restartedMain][0;39m [2026-09-03  15-14-30-28] TRACE org.hibernate.models.annotations  Registering AnnotationDescriptor - AnnotationDescriptor(jakarta.persistence.StoredProcedureParameter)
[39m[restartedMain][0;39m [2026-09-03  15-14-30-28] TRACE org.hibernate.models.annotations  Registering AnnotationDescriptor - AnnotationDescriptor(jakarta.persistence.Table)
[39m[restartedMain][0;39m [2026-09-03  15-14-30-28] TRACE org.hibernate.models.annotations  Registering AnnotationDescriptor - AnnotationDescriptor(jakarta.persistence.TableGenerators)
[39m[restartedMain][0;39m [2026-09-03  15-14-30-28] TRACE org.hibernate.models.annotations  Registering AnnotationDescriptor - AnnotationDescriptor(jakarta.persistence.TableGenerator)
[39m[restartedMain][0;39m [2026-09-03  15-14-30-28] TRACE org.hibernate.models.annotations  Registering repeatable AnnotationDescriptor - AnnotationDescriptor(jakarta.persistence.TableGenerators)
[39m[restartedMain][0;39m [2026-09-03  15-14-30-28] TRACE org.hibernate.models.annotations  Registering AnnotationDescriptor - AnnotationDescriptor(jakarta.persistence.Temporal)
[39m[restartedMain][0;39m [2026-09-03  15-14-30-28] TRACE org.hibernate.models.annotations  Registering AnnotationDescriptor - AnnotationDescriptor(jakarta.persistence.Transient)
[39m[restartedMain][0;39m [2026-09-03  15-14-30-28] TRACE org.hibernate.models.annotations  Registering AnnotationDescriptor - AnnotationDescriptor(jakarta.persistence.UniqueConstraint)
[39m[restartedMain][0;39m [2026-09-03  15-14-30-28] TRACE org.hibernate.models.annotations  Registering AnnotationDescriptor - AnnotationDescriptor(jakarta.persistence.Version)
[39m[HikariPool-1:connection-adder][0;39m [2026-09-03  15-14-30-29] TRACE o.p.core.v3.ConnectionFactoryImpl   <=BE SSLRefused
[39m[HikariPool-1:connection-adder][0;39m [2026-09-03  15-14-30-29] TRACE o.p.core.v3.ConnectionFactoryImpl   FE=> StartupPacket(user=postgres, database=loyalty_db, client_encoding=UTF8, DateStyle=ISO, TimeZone=Africa/Cairo)
[39m[HikariPool-1:connection-adder][0;39m [2026-09-03  15-14-30-29] TRACE o.p.core.v3.ScramAuthenticator  channelBinding( PREFER )
[39m[HikariPool-1:connection-adder][0;39m [2026-09-03  15-14-30-29] TRACE o.p.core.v3.ScramAuthenticator   <=BE AuthenticationSASL( [SCRAM-SHA-256] )
