[39m[restartedMain][0;39m [2026-09-03  14-42-06-67] TRACE org.hibernate.models.annotations  Registering AnnotationDescriptor - AnnotationDescriptor(org.hibernate.annotations.Nationalized)
[39m[restartedMain][0;39m [2026-09-03  14-42-06-67] TRACE org.hibernate.models.annotations  Registering AnnotationDescriptor - AnnotationDescriptor(org.hibernate.annotations.NativeGenerator)
[39m[restartedMain][0;39m [2026-09-03  14-42-06-67] TRACE org.hibernate.models.annotations  Registering AnnotationDescriptor - AnnotationDescriptor(org.hibernate.annotations.NaturalId)
[39m[restartedMain][0;39m [2026-09-03  14-42-06-67] TRACE org.hibernate.models.annotations  Registering AnnotationDescriptor - AnnotationDescriptor(org.hibernate.annotations.NaturalIdCache)
[39m[restartedMain][0;39m [2026-09-03  14-42-06-67] TRACE org.hibernate.models.annotations  Registering AnnotationDescriptor - AnnotationDescriptor(org.hibernate.annotations.NotFound)
[39m[restartedMain][0;39m [2026-09-03  14-42-06-67] TRACE org.hibernate.models.annotations  Registering AnnotationDescriptor - AnnotationDescriptor(org.hibernate.annotations.OnDelete)
[39m[restartedMain][0;39m [2026-09-03  14-42-06-67] TRACE org.hibernate.models.annotations  Registering AnnotationDescriptor - AnnotationDescriptor(org.hibernate.annotations.OptimisticLock)
[39m[restartedMain][0;39m [2026-09-03  14-42-06-68] TRACE org.hibernate.models.annotations  Registering AnnotationDescriptor - AnnotationDescriptor(org.hibernate.annotations.OptimisticLocking)
[39m[restartedMain][0;39m [2026-09-03  14-42-06-68] TRACE org.hibernate.models.annotations  Registering AnnotationDescriptor - AnnotationDescriptor(org.hibernate.annotations.ParamDef)
[39m[restartedMain][0;39m [2026-09-03  14-42-06-68] TRACE org.hibernate.models.annotations  Registering AnnotationDescriptor - AnnotationDescriptor(org.hibernate.annotations.Parameter)
[39m[restartedMain][0;39m [2026-09-03  14-42-06-68] TRACE org.hibernate.models.annotations  Registering AnnotationDescriptor - AnnotationDescriptor(org.hibernate.annotations.Parent)
[39m[restartedMain][0;39m [2026-09-03  14-42-06-68] TRACE org.hibernate.models.annotations  Registering AnnotationDescriptor - AnnotationDescriptor(org.hibernate.annotations.PartitionKey)
[39m[restartedMain][0;39m [2026-09-03  14-42-06-68] TRACE org.hibernate.models.annotations  Registering AnnotationDescriptor - AnnotationDescriptor(org.hibernate.annotations.PropertyRef)
[39m[restartedMain][0;39m [2026-09-03  14-42-06-68] TRACE org.hibernate.models.annotations  Registering AnnotationDescriptor - AnnotationDescriptor(org.hibernate.annotations.QueryCacheLayout)
[39m[restartedMain][0;39m [2026-09-03  14-42-06-68] TRACE org.hibernate.models.annotations  Registering AnnotationDescriptor - AnnotationDescriptor(org.hibernate.annotations.RowId)
[39m[restartedMain][0;39m [2026-09-03  14-42-06-68] TRACE org.hibernate.models.annotations  Registering AnnotationDescriptor - AnnotationDescriptor(org.hibernate.annotations.SecondaryRows)
[39m[restartedMain][0;39m [2026-09-03  14-42-06-68] TRACE org.hibernate.models.annotations  Registering AnnotationDescriptor - AnnotationDescriptor(org.hibernate.annotations.SecondaryRow)
[39m[restartedMain][0;39m [2026-09-03  14-42-06-68] TRACE org.hibernate.models.annotations  Registering repeatable AnnotationDescriptor - AnnotationDescriptor(org.hibernate.annotations.SecondaryRows)
[39m[restartedMain][0;39m [2026-09-03  14-42-06-68] TRACE org.hibernate.models.annotations  Registering AnnotationDescriptor - AnnotationDescriptor(org.hibernate.annotations.SoftDelete)
[39m[restartedMain][0;39m [2026-09-03  14-42-06-68] TRACE org.hibernate.models.annotations  Registering AnnotationDescriptor - AnnotationDescriptor(org.hibernate.annotations.SortComparator)
[39m[restartedMain][0;39m [2026-09-03  14-42-06-68] TRACE org.hibernate.models.annotations  Registering AnnotationDescriptor - AnnotationDescriptor(org.hibernate.annotations.SortNatural)
[39m[restartedMain][0;39m [2026-09-03  14-42-06-68] TRACE org.hibernate.models.annotations  Registering AnnotationDescriptor - AnnotationDescriptor(org.hibernate.annotations.Source)
[39m[restartedMain][0;39m [2026-09-03  14-42-06-68] TRACE org.hibernate.models.annotations  Registering AnnotationDescriptor - AnnotationDescriptor(org.hibernate.annotations.SQLDeletes)
[39m[restartedMain][0;39m [2026-09-03  14-42-06-68] TRACE org.hibernate.models.annotations  Registering AnnotationDescriptor - AnnotationDescriptor(org.hibernate.annotations.SQLDelete)
[39m[restartedMain][0;39m [2026-09-03  14-42-06-68] TRACE org.hibernate.models.annotations  Registering repeatable AnnotationDescriptor - AnnotationDescriptor(org.hibernate.annotations.SQLDeletes)
[39m[restartedMain][0;39m [2026-09-03  14-42-06-68] TRACE org.hibernate.models.annotations  Registering AnnotationDescriptor - AnnotationDescriptor(org.hibernate.annotations.SQLDeleteAll)
[39m[restartedMain][0;39m [2026-09-03  14-42-06-68] TRACE org.hibernate.models.annotations  Registering AnnotationDescriptor - AnnotationDescriptor(org.hibernate.annotations.SqlFragmentAlias)
