[39m[HikariPool-1:connection-adder][0;39m [2026-09-03  14-42-06-62] DEBUG org.postgresql.jdbc.PgConnection    setDefaultFetchSize = 0
[39m[restartedMain][0;39m [2026-09-03  14-42-06-62] TRACE org.hibernate.models.annotations  Registering AnnotationDescriptor - AnnotationDescriptor(org.hibernate.annotations.Collate)
[39m[HikariPool-1:connection-adder][0;39m [2026-09-03  14-42-06-62] DEBUG org.postgresql.jdbc.PgConnection    setQueryTimeout = 0
[39m[HikariPool-1:connection-adder][0;39m [2026-09-03  14-42-06-63] DEBUG org.postgresql.jdbc.PgConnection    setPrepareThreshold = 5
[39m[HikariPool-1:connection-adder][0;39m [2026-09-03  14-42-06-63] DEBUG o.p.core.v3.ConnectionFactoryImpl  Trying to establish a protocol version 3 connection to localhost:5432
[39m[restartedMain][0;39m [2026-09-03  14-42-06-63] TRACE org.hibernate.models.annotations  Registering AnnotationDescriptor - AnnotationDescriptor(org.hibernate.annotations.CollectionId)
[39m[restartedMain][0;39m [2026-09-03  14-42-06-63] TRACE org.hibernate.models.annotations  Registering AnnotationDescriptor - AnnotationDescriptor(org.hibernate.annotations.CollectionIdJavaClass)
[39m[restartedMain][0;39m [2026-09-03  14-42-06-63] TRACE org.hibernate.models.annotations  Registering AnnotationDescriptor - AnnotationDescriptor(org.hibernate.annotations.CollectionIdJavaType)
[39m[restartedMain][0;39m [2026-09-03  14-42-06-63] TRACE org.hibernate.models.annotations  Registering AnnotationDescriptor - AnnotationDescriptor(org.hibernate.annotations.CollectionIdJdbcType)
[39m[HikariPool-1:connection-adder][0;39m [2026-09-03  14-42-06-63] DEBUG o.p.core.v3.ConnectionFactoryImpl  Receive Buffer Size is 65,536
[39m[restartedMain][0;39m [2026-09-03  14-42-06-63] TRACE org.hibernate.models.annotations  Registering AnnotationDescriptor - AnnotationDescriptor(org.hibernate.annotations.CollectionIdJdbcTypeCode)
[39m[HikariPool-1:connection-adder][0;39m [2026-09-03  14-42-06-63] DEBUG o.p.core.v3.ConnectionFactoryImpl  Send Buffer Size is 65,536
[39m[HikariPool-1:connection-adder][0;39m [2026-09-03  14-42-06-63] TRACE o.p.core.v3.ConnectionFactoryImpl   FE=> SSLRequest postgres
[39m[restartedMain][0;39m [2026-09-03  14-42-06-63] TRACE org.hibernate.models.annotations  Registering AnnotationDescriptor - AnnotationDescriptor(org.hibernate.annotations.CollectionIdMutability)
[39m[restartedMain][0;39m [2026-09-03  14-42-06-63] TRACE org.hibernate.models.annotations  Registering AnnotationDescriptor - AnnotationDescriptor(org.hibernate.annotations.CollectionIdType)
[39m[restartedMain][0;39m [2026-09-03  14-42-06-63] TRACE org.hibernate.models.annotations  Registering AnnotationDescriptor - AnnotationDescriptor(org.hibernate.annotations.CollectionType)
[39m[restartedMain][0;39m [2026-09-03  14-42-06-63] TRACE org.hibernate.models.annotations  Registering AnnotationDescriptor - AnnotationDescriptor(org.hibernate.boot.internal.CollectionClassification)
[39m[restartedMain][0;39m [2026-09-03  14-42-06-63] TRACE org.hibernate.models.annotations  Registering AnnotationDescriptor - AnnotationDescriptor(org.hibernate.annotations.CollectionTypeRegistrations)
[39m[restartedMain][0;39m [2026-09-03  14-42-06-63] TRACE org.hibernate.models.annotations  Registering AnnotationDescriptor - AnnotationDescriptor(org.hibernate.annotations.CollectionTypeRegistration)
[39m[restartedMain][0;39m [2026-09-03  14-42-06-63] TRACE org.hibernate.models.annotations  Registering repeatable AnnotationDescriptor - AnnotationDescriptor(org.hibernate.annotations.CollectionTypeRegistrations)
[39m[restartedMain][0;39m [2026-09-03  14-42-06-63] TRACE org.hibernate.models.annotations  Registering AnnotationDescriptor - AnnotationDescriptor(org.hibernate.annotations.ColumnDefault)
[39m[restartedMain][0;39m [2026-09-03  14-42-06-63] TRACE org.hibernate.models.annotations  Registering AnnotationDescriptor - AnnotationDescriptor(org.hibernate.annotations.Columns)
[39m[restartedMain][0;39m [2026-09-03  14-42-06-63] TRACE org.hibernate.models.annotations  Registering AnnotationDescriptor - AnnotationDescriptor(org.hibernate.annotations.ColumnTransformers)
[39m[restartedMain][0;39m [2026-09-03  14-42-06-63] TRACE org.hibernate.models.annotations  Registering AnnotationDescriptor - AnnotationDescriptor(org.hibernate.annotations.ColumnTransformer)
[39m[restartedMain][0;39m [2026-09-03  14-42-06-63] TRACE org.hibernate.models.annotations  Registering repeatable AnnotationDescriptor - AnnotationDescriptor(org.hibernate.annotations.ColumnTransformers)
[39m[restartedMain][0;39m [2026-09-03  14-42-06-63] TRACE org.hibernate.models.annotations  Registering AnnotationDescriptor - AnnotationDescriptor(org.hibernate.annotations.Comments)
[39m[restartedMain][0;39m [2026-09-03  14-42-06-63] TRACE org.hibernate.models.annotations  Registering AnnotationDescriptor - AnnotationDescriptor(org.hibernate.annotations.Comment)
[39m[restartedMain][0;39m [2026-09-03  14-42-06-63] TRACE org.hibernate.models.annotations  Registering repeatable AnnotationDescriptor - AnnotationDescriptor(org.hibernate.annotations.Comments)
