[39m[HikariPool-1:connection-adder][0;39m [2026-09-03  15-14-30-07] TRACE o.p.core.v3.QueryExecutorImpl   <=BE CommandStatus(SET)
[39m[HikariPool-1:connection-adder][0;39m [2026-09-03  15-14-30-08] TRACE o.p.core.v3.QueryExecutorImpl   <=BE ParameterStatus(application_name = PostgreSQL JDBC Driver)
[39m[HikariPool-1:connection-adder][0;39m [2026-09-03  15-14-30-08] TRACE o.p.core.v3.QueryExecutorImpl   <=BE ReadyForQuery(I)
[39m[HikariPool-1:connection-adder][0;39m [2026-09-03  15-14-30-08] TRACE org.postgresql.jdbc.PgConnection      types using binary send = TIMESTAMPTZ,NUMERIC,OID_ARRAY,UUID,BYTEA_ARRAY,INT2_ARRAY,INT4_ARRAY,BYTEA,TEXT_ARRAY,TIMETZ,INT8,INT2,INT4,VARCHAR_ARRAY,INT8_ARRAY,POINT,TIMESTAMP,TIME,BOX,FLOAT4,FLOAT8,FLOAT4_ARRAY,FLOAT8_ARRAY
[39m[HikariPool-1:connection-adder][0;39m [2026-09-03  15-14-30-08] TRACE org.postgresql.jdbc.PgConnection      types using binary receive = TIMESTAMPTZ,NUMERIC,OID_ARRAY,UUID,BYTEA_ARRAY,INT2_ARRAY,INT4_ARRAY,BYTEA,TEXT_ARRAY,TIMETZ,INT8,INT2,INT4,VARCHAR_ARRAY,INT8_ARRAY,POINT,DATE,TIMESTAMP,TIME,BOX,FLOAT4,FLOAT8,FLOAT4_ARRAY,FLOAT8_ARRAY
[39m[HikariPool-1:connection-adder][0;39m [2026-09-03  15-14-30-08] TRACE org.postgresql.jdbc.PgConnection      integer date/time = true
[39m[HikariPool-1:connection-adder][0;39m [2026-09-03  15-14-30-08] DEBUG com.zaxxer.hikari.pool.PoolBase  HikariPool-1 - Established new connection (7aab49c0-3681-49b0-8f3e-9137ab8c3b12)
[39m[HikariPool-1:connection-adder][0;39m [2026-09-03  15-14-30-08] DEBUG com.zaxxer.hikari.pool.HikariPool  HikariPool-1 - Added connection org.postgresql.jdbc.PgConnection@a4da228
[39m[HikariPool-1:connection-adder][0;39m [2026-09-03  15-14-30-11] DEBUG com.zaxxer.hikari.pool.HikariPool  HikariPool-1 - After adding stats (total=4/10, idle=4/10, active=0, waiting=0)
[39m[HikariPool-1:connection-adder][0;39m [2026-09-03  15-14-30-11] DEBUG com.zaxxer.hikari.pool.PoolBase  HikariPool-1 - Attempting to create/setup new connection (b352d7f8-3db0-498e-9e48-863fbf4f1419)
[39m[HikariPool-1:connection-adder][0;39m [2026-09-03  15-14-30-11] DEBUG org.postgresql.Driver  Connecting with URL: jdbc:postgresql://localhost:5432/loyalty_db
[39m[HikariPool-1:connection-adder][0;39m [2026-09-03  15-14-30-11] DEBUG org.postgresql.jdbc.PgConnection  PostgreSQL JDBC Driver 42.7.11
[39m[HikariPool-1:connection-adder][0;39m [2026-09-03  15-14-30-11] DEBUG org.postgresql.jdbc.PgConnection    setDefaultFetchSize = 0
[39m[HikariPool-1:connection-adder][0;39m [2026-09-03  15-14-30-11] DEBUG org.postgresql.jdbc.PgConnection    setQueryTimeout = 0
[39m[HikariPool-1:connection-adder][0;39m [2026-09-03  15-14-30-11] DEBUG org.postgresql.jdbc.PgConnection    setPrepareThreshold = 5
[39m[HikariPool-1:connection-adder][0;39m [2026-09-03  15-14-30-11] DEBUG o.p.core.v3.ConnectionFactoryImpl  Trying to establish a protocol version 3 connection to localhost:5432
[39m[HikariPool-1:connection-adder][0;39m [2026-09-03  15-14-30-11] DEBUG o.p.core.v3.ConnectionFactoryImpl  Receive Buffer Size is 65,536
[39m[HikariPool-1:connection-adder][0;39m [2026-09-03  15-14-30-11] DEBUG o.p.core.v3.ConnectionFactoryImpl  Send Buffer Size is 65,536
[39m[HikariPool-1:connection-adder][0;39m [2026-09-03  15-14-30-11] TRACE o.p.core.v3.ConnectionFactoryImpl   FE=> SSLRequest postgres
[39m[HikariPool-1:connection-adder][0;39m [2026-09-03  15-14-30-17] TRACE o.p.core.v3.ConnectionFactoryImpl   <=BE SSLRefused
[39m[HikariPool-1:connection-adder][0;39m [2026-09-03  15-14-30-17] TRACE o.p.core.v3.ConnectionFactoryImpl   FE=> StartupPacket(user=postgres, database=loyalty_db, client_encoding=UTF8, DateStyle=ISO, TimeZone=Africa/Cairo)
[39m[HikariPool-1:connection-adder][0;39m [2026-09-03  15-14-30-18] TRACE o.p.core.v3.ScramAuthenticator  channelBinding( PREFER )
[39m[HikariPool-1:connection-adder][0;39m [2026-09-03  15-14-30-18] TRACE o.p.core.v3.ScramAuthenticator   <=BE AuthenticationSASL( [SCRAM-SHA-256] )
[39m[HikariPool-1:connection-adder][0;39m [2026-09-03  15-14-30-18] TRACE o.p.core.v3.ScramAuthenticator   Using SCRAM mechanism: SCRAM-SHA-256
[39m[HikariPool-1:connection-adder][0;39m [2026-09-03  15-14-30-18] TRACE o.p.core.v3.ScramAuthenticator   FE=> SASLInitialResponse( n,,n=*,r=RUQ%{r25sGV~!p&Qx(_<`-?z )
[39m[HikariPool-1:connection-adder][0;39m [2026-09-03  15-14-30-18] TRACE o.p.core.v3.ScramAuthenticator   <=BE AuthenticationSASLContinue( r=RUQ%{r25sGV~!p&Qx(_<`-?zCyOaAUp5kyGGdAQfK6vOC4eU,s=CztWnO8HyLgidstIEtJvXw==,i=4096 )
[39m[HikariPool-1:connection-adder][0;39m [2026-09-03  15-14-30-18] TRACE o.p.core.v3.ScramAuthenticator   FE=> SASLResponse( c=biws,r=RUQ%{r25sGV~!p&Qx(_<`-?zCyOaAUp5kyGGdAQfK6vOC4eU,p=kiz3auJRT1PFNaGv+ejzGxeCli4j9sEnvs4a4jE2vxg= )
[39m[HikariPool-1:connection-adder][0;39m [2026-09-03  15-14-30-19] TRACE o.p.core.v3.ScramAuthenticator   <=BE AuthenticationSASLFinal( v=wc5fbEJumr1p9FImzKiCIlSgRMf+I6ygPusn2npB4vQ= )
[39m[HikariPool-1:connection-adder][0;39m [2026-09-03  15-14-30-19] TRACE o.p.core.v3.ConnectionFactoryImpl   <=BE AuthenticationOk
[39m[HikariPool-1:connection-adder][0;39m [2026-09-03  15-14-30-19] TRACE o.p.core.v3.QueryExecutorImpl   <=BE ParameterStatus(in_hot_standby = off)
