[39m[HikariPool-1:connection-adder][0;39m [2026-09-03  14-42-06-71] TRACE org.postgresql.jdbc.PgConnection      types using binary receive = TIMESTAMPTZ,NUMERIC,OID_ARRAY,UUID,BYTEA_ARRAY,INT2_ARRAY,INT4_ARRAY,BYTEA,TEXT_ARRAY,TIMETZ,INT8,INT2,INT4,VARCHAR_ARRAY,INT8_ARRAY,POINT,DATE,TIMESTAMP,TIME,BOX,FLOAT4,FLOAT8,FLOAT4_ARRAY,FLOAT8_ARRAY
[39m[HikariPool-1:connection-adder][0;39m [2026-09-03  14-42-06-71] TRACE org.postgresql.jdbc.PgConnection      integer date/time = true
[39m[HikariPool-1:connection-adder][0;39m [2026-09-03  14-42-06-71] DEBUG com.zaxxer.hikari.pool.PoolBase  HikariPool-1 - Established new connection (16f8460b-85ce-4758-a053-948f11bb89da)
[39m[restartedMain][0;39m [2026-09-03  14-42-06-71] TRACE org.hibernate.models.annotations  Registering AnnotationDescriptor - AnnotationDescriptor(org.hibernate.annotations.DialectOverride$Checks)
[39m[HikariPool-1:connection-adder][0;39m [2026-09-03  14-42-06-71] DEBUG com.zaxxer.hikari.pool.HikariPool  HikariPool-1 - Added connection org.postgresql.jdbc.PgConnection@472d3490
[39m[restartedMain][0;39m [2026-09-03  14-42-06-71] TRACE org.hibernate.models.annotations  Registering AnnotationDescriptor - AnnotationDescriptor(org.hibernate.annotations.DialectOverride$Check)
[39m[restartedMain][0;39m [2026-09-03  14-42-06-71] TRACE org.hibernate.models.annotations  Registering repeatable AnnotationDescriptor - AnnotationDescriptor(org.hibernate.annotations.DialectOverride$Checks)
[39m[restartedMain][0;39m [2026-09-03  14-42-06-71] TRACE org.hibernate.models.annotations  Registering AnnotationDescriptor - AnnotationDescriptor(org.hibernate.annotations.DialectOverride$ColumnDefaults)
[39m[restartedMain][0;39m [2026-09-03  14-42-06-71] TRACE org.hibernate.models.annotations  Registering AnnotationDescriptor - AnnotationDescriptor(org.hibernate.annotations.DialectOverride$ColumnDefault)
[39m[restartedMain][0;39m [2026-09-03  14-42-06-71] TRACE org.hibernate.models.annotations  Registering repeatable AnnotationDescriptor - AnnotationDescriptor(org.hibernate.annotations.DialectOverride$ColumnDefaults)
[39m[restartedMain][0;39m [2026-09-03  14-42-06-71] TRACE org.hibernate.models.annotations  Registering AnnotationDescriptor - AnnotationDescriptor(org.hibernate.annotations.DialectOverride$GeneratedColumns)
[39m[restartedMain][0;39m [2026-09-03  14-42-06-72] TRACE org.hibernate.models.annotations  Registering AnnotationDescriptor - AnnotationDescriptor(org.hibernate.annotations.DialectOverride$GeneratedColumn)
[39m[restartedMain][0;39m [2026-09-03  14-42-06-72] TRACE org.hibernate.models.annotations  Registering repeatable AnnotationDescriptor - AnnotationDescriptor(org.hibernate.annotations.DialectOverride$GeneratedColumns)
[39m[restartedMain][0;39m [2026-09-03  14-42-06-72] TRACE org.hibernate.models.annotations  Registering AnnotationDescriptor - AnnotationDescriptor(org.hibernate.annotations.DialectOverride$DiscriminatorFormulas)
[39m[restartedMain][0;39m [2026-09-03  14-42-06-72] TRACE org.hibernate.models.annotations  Registering AnnotationDescriptor - AnnotationDescriptor(org.hibernate.annotations.DialectOverride$DiscriminatorFormula)
[39m[restartedMain][0;39m [2026-09-03  14-42-06-72] TRACE org.hibernate.models.annotations  Registering repeatable AnnotationDescriptor - AnnotationDescriptor(org.hibernate.annotations.DialectOverride$DiscriminatorFormulas)
[39m[restartedMain][0;39m [2026-09-03  14-42-06-72] TRACE org.hibernate.models.annotations  Registering AnnotationDescriptor - AnnotationDescriptor(org.hibernate.annotations.FetchProfileOverrides)
[39m[restartedMain][0;39m [2026-09-03  14-42-06-72] TRACE org.hibernate.models.annotations  Registering AnnotationDescriptor - AnnotationDescriptor(org.hibernate.annotations.FetchProfileOverride)
[39m[restartedMain][0;39m [2026-09-03  14-42-06-72] TRACE org.hibernate.models.annotations  Registering repeatable AnnotationDescriptor - AnnotationDescriptor(org.hibernate.annotations.FetchProfileOverrides)
[39m[restartedMain][0;39m [2026-09-03  14-42-06-72] TRACE org.hibernate.models.annotations  Registering AnnotationDescriptor - AnnotationDescriptor(org.hibernate.annotations.DialectOverride$FilterOverrides)
[39m[restartedMain][0;39m [2026-09-03  14-42-06-72] TRACE org.hibernate.models.annotations  Registering AnnotationDescriptor - AnnotationDescriptor(org.hibernate.annotations.DialectOverride$Filters)
[39m[restartedMain][0;39m [2026-09-03  14-42-06-72] TRACE org.hibernate.models.annotations  Registering repeatable AnnotationDescriptor - AnnotationDescriptor(org.hibernate.annotations.DialectOverride$FilterOverrides)
[39m[restartedMain][0;39m [2026-09-03  14-42-06-72] TRACE org.hibernate.models.annotations  Registering AnnotationDescriptor - AnnotationDescriptor(org.hibernate.annotations.DialectOverride$FilterDefOverrides)
[39m[restartedMain][0;39m [2026-09-03  14-42-06-72] TRACE org.hibernate.models.annotations  Registering AnnotationDescriptor - AnnotationDescriptor(org.hibernate.annotations.DialectOverride$FilterDefs)
[39m[restartedMain][0;39m [2026-09-03  14-42-06-72] TRACE org.hibernate.models.annotations  Registering repeatable AnnotationDescriptor - AnnotationDescriptor(org.hibernate.annotations.DialectOverride$FilterDefOverrides)
