[39m[restartedMain][0;39m [2026-09-03  14-42-08-00] TRACE org.hibernate.orm.query.plan.cache  Starting query interpretation cache (size 2048)
[39m[restartedMain][0;39m [2026-09-03  14-42-08-00] TRACE org.hibernate.orm.service  HHH010500: Initializing service: org.hibernate.internal.util.cache.InternalCacheFactory
[39m[restartedMain][0;39m [2026-09-03  14-42-08-01] TRACE org.hibernate.orm.service  HHH010500: Initializing service: org.hibernate.engine.query.spi.NativeQueryInterpreter
[39m[restartedMain][0;39m [2026-09-03  14-42-08-13] TRACE org.hibernate.orm.service  HHH010500: Initializing service: org.hibernate.persister.spi.PersisterFactory
[39m[restartedMain][0;39m [2026-09-03  14-42-08-13] TRACE org.hibernate.orm.service  HHH010500: Initializing service: org.hibernate.persister.spi.PersisterClassResolver
[39m[restartedMain][0;39m [2026-09-03  14-42-08-17] TRACE org.hibernate.orm.boot  HHH160236: No temp ClassLoader provided; using live ClassLoader to load potentially unsafe class: com.aman.acceptance.loyalty.model.LoyaltyAccount
[39m[restartedMain][0;39m [2026-09-03  14-42-08-18] TRACE org.hibernate.orm.service  HHH010500: Initializing service: org.hibernate.property.access.spi.PropertyAccessStrategyResolver
[39m[restartedMain][0;39m [2026-09-03  14-42-08-36] DEBUG org.hibernate.orm.core  HHH000513: Unable to create the ReflectionOptimizer for [com.aman.acceptance.loyalty.model.LoyaltyAccount]: private accessor [availablePoints]
[39m[restartedMain][0;39m [2026-09-03  14-42-08-36] TRACE org.hibernate.orm.boot  HHH160236: No temp ClassLoader provided; using live ClassLoader to load potentially unsafe class: com.aman.acceptance.loyalty.model.AuditEvent
[39m[restartedMain][0;39m [2026-09-03  14-42-08-38] DEBUG org.hibernate.orm.core  HHH000513: Unable to create the ReflectionOptimizer for [com.aman.acceptance.loyalty.model.AuditEvent]: private accessor [action]
[39m[restartedMain][0;39m [2026-09-03  14-42-08-38] TRACE org.hibernate.orm.boot  HHH160236: No temp ClassLoader provided; using live ClassLoader to load potentially unsafe class: com.aman.acceptance.loyalty.model.LoyaltyProgram
[39m[restartedMain][0;39m [2026-09-03  14-42-08-39] DEBUG org.hibernate.orm.core  HHH000513: Unable to create the ReflectionOptimizer for [com.aman.acceptance.loyalty.model.LoyaltyProgram]: private accessor [createdAt]
[39m[restartedMain][0;39m [2026-09-03  14-42-08-39] TRACE org.hibernate.orm.boot  HHH160236: No temp ClassLoader provided; using live ClassLoader to load potentially unsafe class: com.aman.acceptance.loyalty.model.RuleVersion
[39m[restartedMain][0;39m [2026-09-03  14-42-08-40] DEBUG org.hibernate.orm.core  HHH000513: Unable to create the ReflectionOptimizer for [com.aman.acceptance.loyalty.model.RuleVersion]: private accessor [createdAt]
[39m[restartedMain][0;39m [2026-09-03  14-42-08-41] TRACE org.hibernate.orm.boot  HHH160236: No temp ClassLoader provided; using live ClassLoader to load potentially unsafe class: com.aman.acceptance.loyalty.model.IdempotencyRecord
[39m[restartedMain][0;39m [2026-09-03  14-42-08-42] DEBUG org.hibernate.orm.core  HHH000513: Unable to create the ReflectionOptimizer for [com.aman.acceptance.loyalty.model.IdempotencyRecord]: private accessor [clientId]
[39m[restartedMain][0;39m [2026-09-03  14-42-08-42] TRACE org.hibernate.orm.boot  HHH160236: No temp ClassLoader provided; using live ClassLoader to load potentially unsafe class: com.aman.acceptance.loyalty.model.Redemption
[39m[restartedMain][0;39m [2026-09-03  14-42-08-44] DEBUG org.hibernate.orm.core  HHH000513: Unable to create the ReflectionOptimizer for [com.aman.acceptance.loyalty.model.Redemption]: private accessor [account]
[39m[restartedMain][0;39m [2026-09-03  14-42-08-44] TRACE org.hibernate.orm.boot  HHH160236: No temp ClassLoader provided; using live ClassLoader to load potentially unsafe class: com.aman.acceptance.loyalty.model.LoyaltyTransaction
[39m[restartedMain][0;39m [2026-09-03  14-42-08-46] DEBUG org.hibernate.orm.core  HHH000513: Unable to create the ReflectionOptimizer for [com.aman.acceptance.loyalty.model.LoyaltyTransaction]: private accessor [account]
[39m[restartedMain][0;39m [2026-09-03  14-42-08-46] TRACE org.hibernate.orm.boot  HHH160236: No temp ClassLoader provided; using live ClassLoader to load potentially unsafe class: com.aman.acceptance.loyalty.model.RedemptionAllocation
[39m[restartedMain][0;39m [2026-09-03  14-42-08-46] DEBUG org.hibernate.orm.core  HHH000513: Unable to create the ReflectionOptimizer for [com.aman.acceptance.loyalty.model.RedemptionAllocation]: private accessor [lot]
[39m[restartedMain][0;39m [2026-09-03  14-42-08-46] TRACE org.hibernate.orm.boot  HHH160236: No temp ClassLoader provided; using live ClassLoader to load potentially unsafe class: com.aman.acceptance.loyalty.model.Customer
[39m[restartedMain][0;39m [2026-09-03  14-42-08-47] DEBUG org.hibernate.orm.core  HHH000513: Unable to create the ReflectionOptimizer for [com.aman.acceptance.loyalty.model.Customer]: private accessor [createdAt]
[39m[restartedMain][0;39m [2026-09-03  14-42-08-47] TRACE org.hibernate.orm.boot  HHH160236: No temp ClassLoader provided; using live ClassLoader to load potentially unsafe class: com.aman.acceptance.loyalty.model.PointsLot
