[39m[HikariPool-1:connection-adder][0;39m [2026-09-03  15-14-30-64] DEBUG com.zaxxer.hikari.pool.HikariPool  HikariPool-1 - After adding stats (total=8/10, idle=8/10, active=0, waiting=0)
[39m[restartedMain][0;39m [2026-09-03  15-14-30-64] TRACE org.hibernate.orm.boot  HHH160224: Injecting ScanEnvironment [org.hibernate.jpa.boot.internal.StandardJpaScanEnvironmentImpl@2cee6eb6] into BootstrapContext; was [null]
[39m[HikariPool-1:connection-adder][0;39m [2026-09-03  15-14-30-64] DEBUG com.zaxxer.hikari.pool.PoolBase  HikariPool-1 - Attempting to create/setup new connection (d7017086-aed6-464f-9944-11eb97b45492)
[39m[restartedMain][0;39m [2026-09-03  15-14-30-64] TRACE org.hibernate.orm.boot  HHH160223: Injecting ScanOptions [org.hibernate.boot.archive.scan.internal.StandardScanOptions@5bb872e] into BootstrapContext; was [org.hibernate.boot.archive.scan.internal.StandardScanOptions@e6476c3]
[39m[HikariPool-1:connection-adder][0;39m [2026-09-03  15-14-30-64] DEBUG org.postgresql.Driver  Connecting with URL: jdbc:postgresql://localhost:5432/loyalty_db
[39m[HikariPool-1:connection-adder][0;39m [2026-09-03  15-14-30-64] DEBUG org.postgresql.jdbc.PgConnection  PostgreSQL JDBC Driver 42.7.11
[39m[HikariPool-1:connection-adder][0;39m [2026-09-03  15-14-30-64] DEBUG org.postgresql.jdbc.PgConnection    setDefaultFetchSize = 0
[39m[HikariPool-1:connection-adder][0;39m [2026-09-03  15-14-30-64] DEBUG org.postgresql.jdbc.PgConnection    setQueryTimeout = 0
[39m[HikariPool-1:connection-adder][0;39m [2026-09-03  15-14-30-64] DEBUG org.postgresql.jdbc.PgConnection    setPrepareThreshold = 5
[39m[HikariPool-1:connection-adder][0;39m [2026-09-03  15-14-30-64] DEBUG o.p.core.v3.ConnectionFactoryImpl  Trying to establish a protocol version 3 connection to localhost:5432
[39m[HikariPool-1:connection-adder][0;39m [2026-09-03  15-14-30-65] DEBUG o.p.core.v3.ConnectionFactoryImpl  Receive Buffer Size is 65,536
[39m[HikariPool-1:connection-adder][0;39m [2026-09-03  15-14-30-65] DEBUG o.p.core.v3.ConnectionFactoryImpl  Send Buffer Size is 65,536
[39m[HikariPool-1:connection-adder][0;39m [2026-09-03  15-14-30-65] TRACE o.p.core.v3.ConnectionFactoryImpl   FE=> SSLRequest postgres
[39m[restartedMain][0;39m [2026-09-03  15-14-30-68] TRACE org.hibernate.orm.jpa  HHH008537: Pushing class transformers for PU named 'default' on loading classloader jdk.internal.loader.ClassLoaders$AppClassLoader@76ed5528
[39m[HikariPool-1:connection-adder][0;39m [2026-09-03  15-14-30-70] TRACE o.p.core.v3.ConnectionFactoryImpl   <=BE SSLRefused
[39m[HikariPool-1:connection-adder][0;39m [2026-09-03  15-14-30-70] TRACE o.p.core.v3.ConnectionFactoryImpl   FE=> StartupPacket(user=postgres, database=loyalty_db, client_encoding=UTF8, DateStyle=ISO, TimeZone=Africa/Cairo)
[39m[HikariPool-1:connection-adder][0;39m [2026-09-03  15-14-30-71] TRACE o.p.core.v3.ScramAuthenticator  channelBinding( PREFER )
[39m[HikariPool-1:connection-adder][0;39m [2026-09-03  15-14-30-71] TRACE o.p.core.v3.ScramAuthenticator   <=BE AuthenticationSASL( [SCRAM-SHA-256] )
[39m[HikariPool-1:connection-adder][0;39m [2026-09-03  15-14-30-71] TRACE o.p.core.v3.ScramAuthenticator   Using SCRAM mechanism: SCRAM-SHA-256
[39m[HikariPool-1:connection-adder][0;39m [2026-09-03  15-14-30-71] TRACE o.p.core.v3.ScramAuthenticator   FE=> SASLInitialResponse( n,,n=*,r=1sP'1p#lF|4l@Fbe68ev5_6F )
[39m[HikariPool-1:connection-adder][0;39m [2026-09-03  15-14-30-71] TRACE o.p.core.v3.ScramAuthenticator   <=BE AuthenticationSASLContinue( r=1sP'1p#lF|4l@Fbe68ev5_6FQfRwceR7EOs+jaRehrDHQ5PI,s=CztWnO8HyLgidstIEtJvXw==,i=4096 )
[39m[HikariPool-1:connection-adder][0;39m [2026-09-03  15-14-30-72] TRACE o.p.core.v3.ScramAuthenticator   FE=> SASLResponse( c=biws,r=1sP'1p#lF|4l@Fbe68ev5_6FQfRwceR7EOs+jaRehrDHQ5PI,p=L1FEwanZ4YconHrqhEImTl5NgRBB8JdwnuHSOnXr+D4= )
[39m[HikariPool-1:connection-adder][0;39m [2026-09-03  15-14-30-72] TRACE o.p.core.v3.ScramAuthenticator   <=BE AuthenticationSASLFinal( v=vggGdjZw+8x0PqKcPVIcHJwV+vzJ3LudSQg2qeCbL6o= )
[39m[HikariPool-1:connection-adder][0;39m [2026-09-03  15-14-30-72] TRACE o.p.core.v3.ConnectionFactoryImpl   <=BE AuthenticationOk
[39m[HikariPool-1:connection-adder][0;39m [2026-09-03  15-14-30-72] TRACE o.p.core.v3.QueryExecutorImpl   <=BE ParameterStatus(in_hot_standby = off)
[39m[HikariPool-1:connection-adder][0;39m [2026-09-03  15-14-30-73] TRACE o.p.core.v3.QueryExecutorImpl   <=BE ParameterStatus(integer_datetimes = on)
[39m[HikariPool-1:connection-adder][0;39m [2026-09-03  15-14-30-73] TRACE o.p.core.v3.QueryExecutorImpl   <=BE ParameterStatus(TimeZone = Africa/Cairo)
[39m[HikariPool-1:connection-adder][0;39m [2026-09-03  15-14-30-73] TRACE o.p.core.v3.QueryExecutorImpl   <=BE ParameterStatus(IntervalStyle = postgres)
[39m[HikariPool-1:connection-adder][0;39m [2026-09-03  15-14-30-73] TRACE o.p.core.v3.QueryExecutorImpl   <=BE ParameterStatus(search_path = "$user", public)
[39m[HikariPool-1:connection-adder][0;39m [2026-09-03  15-14-30-73] TRACE o.p.core.v3.QueryExecutorImpl   <=BE ParameterStatus(is_superuser = on)
