[39m[scheduling-1][0;39m [2026-09-03  15-05-22-69] TRACE org.hibernate.orm.resource.registry  HHH10002506: Closing prepared statement [HikariProxyPreparedStatement@92762112 wrapping select r1_0.id,r1_0.account_id,r1_0.authorization_code,r1_0.cancel_reason,r1_0.cancelled_at,r1_0.created_at,r1_0.discount_amount,r1_0.otp_attempts_remaining,r1_0.otp_expires_at,r1_0.otp_hash,r1_0.purchase_transaction_id,r1_0.requested_points,r1_0.reservation_expires_at,r1_0.status from redemptions r1_0 where r1_0.status=('OTP_PENDING') and r1_0.otp_expires_at<('2026-09-03 15:05:22.689776+03')]
[39m[scheduling-1][0;39m [2026-09-03  15-05-22-69] TRACE org.hibernate.orm.jdbc  HHH100004: Statement execution complete (connection release mode ON_CLOSE) in JdbcCoordinator @367501850
[39m[scheduling-1][0;39m [2026-09-03  15-05-22-69] TRACE org.hibernate.orm.resource.registry  HHH10002501: Releasing registered JDBC resources
[39m[scheduling-1][0;39m [2026-09-03  15-05-22-69] TRACE org.hibernate.orm.session  Closing session [9dc789cd-f189-4c25-8906-a52978ab1d3b]
[39m[scheduling-1][0;39m [2026-09-03  15-05-22-69] DEBUG org.hibernate.session.metrics  HHH000401: Logging session metrics:
	2506000 ns acquiring 1 JDBC connections
	0 ns releasing 0 JDBC connections
	35800 ns preparing 1 JDBC statements
	1482900 ns executing 1 JDBC statements
	0 ns executing 0 JDBC batches
	0 ns performing 0 second-level cache puts
	0 ns performing 0 second-level cache hits
	0 ns performing 0 second-level cache misses
	0 ns executing 0 flushes (flushing a total of 0 entities and 0 collections)
	0 ns executing 0 pre-partial-flushes
	0 ns executing 0 partial-flushes (flushing a total of 0 entities and 0 collections)

[39m[scheduling-1][0;39m [2026-09-03  15-05-22-69] TRACE org.hibernate.orm.jdbc  HHH100003: Closing JdbcCoordinator @367501850
[39m[scheduling-1][0;39m [2026-09-03  15-05-22-69] TRACE org.hibernate.orm.resource.registry  HHH10002501: Releasing registered JDBC resources
[39m[scheduling-1][0;39m [2026-09-03  15-05-22-69] TRACE org.hibernate.orm.resource.jdbc  HHH10003017: Closing logical connection @1919922545
[39m[scheduling-1][0;39m [2026-09-03  15-05-22-69] TRACE org.hibernate.orm.resource.registry  HHH10002501: Releasing registered JDBC resources
[39m[scheduling-1][0;39m [2026-09-03  15-05-22-69] TRACE org.hibernate.orm.resource.jdbc  HHH10003018: Closed logical connection @1919922545
[39m[scheduling-1][0;39m [2026-09-03  15-05-22-69] DEBUG org.hibernate.orm.core  HHH006588: Opening session [tenant=null]
[39m[scheduling-1][0;39m [2026-09-03  15-05-22-69] TRACE org.hibernate.orm.jdbc  HHH100002: Created JdbcCoordinator @21363063
[39m[scheduling-1][0;39m [2026-09-03  15-05-22-69] TRACE org.hibernate.orm.session  Opened Session [e96b887b-cc95-4644-b9a7-4ce7a3cff87c] at timestamp: 1788437122699
[39m[scheduling-1][0;39m [2026-09-03  15-05-22-69] TRACE org.hibernate.orm.query.plan.cache  Resolving HQL interpretation for [SELECT r FROM Redemption r WHERE r.status = :status AND r.reservationExpiresAt < :time]
[39m[scheduling-1][0;39m [2026-09-03  15-05-22-69] TRACE org.hibernate.orm.query.plan.cache  Resolving cached query plan for [SELECT r FROM Redemption r WHERE r.status = :status AND r.reservationExpiresAt < :time]
[39m[scheduling-1][0;39m [2026-09-03  15-05-22-70] TRACE org.hibernate.orm.sql.exec  HHH90004016: Skipping reading query result cache data (query cache disabled, cache mode NORMAL)
[39m[scheduling-1][0;39m [2026-09-03  15-05-22-70] TRACE org.hibernate.orm.core  Executing query to retrieve ResultSet: select r1_0.id,r1_0.account_id,r1_0.authorization_code,r1_0.cancel_reason,r1_0.cancelled_at,r1_0.created_at,r1_0.discount_amount,r1_0.otp_attempts_remaining,r1_0.otp_expires_at,r1_0.otp_hash,r1_0.purchase_transaction_id,r1_0.requested_points,r1_0.reservation_expires_at,r1_0.status from redemptions r1_0 where r1_0.status=? and r1_0.reservation_expires_at<?
[39m[scheduling-1][0;39m [2026-09-03  15-05-22-70] DEBUG org.hibernate.SQL  
    select
        r1_0.id,
        r1_0.account_id,
        r1_0.authorization_code,
        r1_0.cancel_reason,
        r1_0.cancelled_at,
        r1_0.created_at,
        r1_0.discount_amount,
        r1_0.otp_attempts_remaining,
        r1_0.otp_expires_at,
        r1_0.otp_hash,
        r1_0.purchase_transaction_id,
        r1_0.requested_points,
        r1_0.reservation_expires_at,
        r1_0.status 
    from
        redemptions r1_0 
    where
        r1_0.status=? 
        and r1_0.reservation_expires_at<?
[39m[scheduling-1][0;39m [2026-09-03  15-05-22-70] TRACE org.hibernate.orm.resource.registry  HHH10002502: Registering statement [HikariProxyPreparedStatement@2003367982 wrapping select r1_0.id,r1_0.account_id,r1_0.authorization_code,r1_0.cancel_reason,r1_0.cancelled_at,r1_0.created_at,r1_0.discount_amount,r1_0.otp_attempts_remaining,r1_0.otp_expires_at,r1_0.otp_hash,r1_0.purchase_transaction_id,r1_0.requested_points,r1_0.reservation_expires_at,r1_0.status from redemptions r1_0 where r1_0.status=? and r1_0.reservation_expires_at<?]
[39m[scheduling-1][0;39m [2026-09-03  15-05-22-70] TRACE org.hibernate.orm.jdbc.bind  binding parameter (1:VARCHAR) <- [AUTHORIZED]
