[39m[HikariPool-1:connection-adder][0;39m [2026-09-03  15-14-30-19] TRACE o.p.core.v3.QueryExecutorImpl   <=BE ParameterStatus(integer_datetimes = on)
[39m[HikariPool-1:connection-adder][0;39m [2026-09-03  15-14-30-19] TRACE o.p.core.v3.QueryExecutorImpl   <=BE ParameterStatus(TimeZone = Africa/Cairo)
[39m[HikariPool-1:connection-adder][0;39m [2026-09-03  15-14-30-19] TRACE o.p.core.v3.QueryExecutorImpl   <=BE ParameterStatus(IntervalStyle = postgres)
[39m[HikariPool-1:connection-adder][0;39m [2026-09-03  15-14-30-19] TRACE o.p.core.v3.QueryExecutorImpl   <=BE ParameterStatus(search_path = "$user", public)
[39m[HikariPool-1:connection-adder][0;39m [2026-09-03  15-14-30-19] TRACE o.p.core.v3.QueryExecutorImpl   <=BE ParameterStatus(is_superuser = on)
[39m[HikariPool-1:connection-adder][0;39m [2026-09-03  15-14-30-19] TRACE o.p.core.v3.QueryExecutorImpl   <=BE ParameterStatus(application_name = )
[39m[HikariPool-1:connection-adder][0;39m [2026-09-03  15-14-30-19] TRACE o.p.core.v3.QueryExecutorImpl   <=BE ParameterStatus(default_transaction_read_only = off)
[39m[HikariPool-1:connection-adder][0;39m [2026-09-03  15-14-30-19] TRACE o.p.core.v3.QueryExecutorImpl   <=BE ParameterStatus(scram_iterations = 4096)
[39m[HikariPool-1:connection-adder][0;39m [2026-09-03  15-14-30-19] TRACE o.p.core.v3.QueryExecutorImpl   <=BE ParameterStatus(DateStyle = ISO, MDY)
[39m[HikariPool-1:connection-adder][0;39m [2026-09-03  15-14-30-19] TRACE o.p.core.v3.QueryExecutorImpl   <=BE ParameterStatus(standard_conforming_strings = on)
[39m[HikariPool-1:connection-adder][0;39m [2026-09-03  15-14-30-19] TRACE o.p.core.v3.QueryExecutorImpl   <=BE ParameterStatus(session_authorization = postgres)
[39m[HikariPool-1:connection-adder][0;39m [2026-09-03  15-14-30-19] TRACE o.p.core.v3.QueryExecutorImpl   <=BE ParameterStatus(client_encoding = UTF8)
[39m[HikariPool-1:connection-adder][0;39m [2026-09-03  15-14-30-19] TRACE o.p.core.v3.QueryExecutorImpl   <=BE ParameterStatus(server_version = 18.6)
[39m[HikariPool-1:connection-adder][0;39m [2026-09-03  15-14-30-19] TRACE o.p.core.v3.QueryExecutorImpl   <=BE ParameterStatus(server_encoding = UTF8)
[39m[HikariPool-1:connection-adder][0;39m [2026-09-03  15-14-30-19] TRACE o.p.core.v3.QueryExecutorImpl   <=BE BackendKeyData(pid=18,472,ckey=[B@526f29a1)
[39m[HikariPool-1:connection-adder][0;39m [2026-09-03  15-14-30-20] TRACE o.p.core.v3.QueryExecutorImpl   <=BE ReadyForQuery(I)
[39m[HikariPool-1:connection-adder][0;39m [2026-09-03  15-14-30-20] TRACE o.p.core.v3.QueryExecutorImpl    simple execute, handler=org.postgresql.core.SetupQueryRunner$SimpleResultHandler@4279c3c6, maxRows=0, fetchSize=0, flags=1,047
[39m[HikariPool-1:connection-adder][0;39m [2026-09-03  15-14-30-20] TRACE o.p.core.v3.QueryExecutorImpl   FE=> SimpleQuery(query="SET application_name = 'PostgreSQL JDBC Driver'")
[39m[HikariPool-1:connection-adder][0;39m [2026-09-03  15-14-30-20] TRACE o.p.core.v3.QueryExecutorImpl   <=BE CommandStatus(SET)
[39m[HikariPool-1:connection-adder][0;39m [2026-09-03  15-14-30-20] TRACE o.p.core.v3.QueryExecutorImpl   <=BE ParameterStatus(application_name = PostgreSQL JDBC Driver)
[39m[HikariPool-1:connection-adder][0;39m [2026-09-03  15-14-30-20] TRACE o.p.core.v3.QueryExecutorImpl   <=BE ReadyForQuery(I)
[39m[HikariPool-1:connection-adder][0;39m [2026-09-03  15-14-30-20] TRACE org.postgresql.jdbc.PgConnection      types using binary send = TIMESTAMPTZ,NUMERIC,OID_ARRAY,UUID,BYTEA_ARRAY,INT2_ARRAY,INT4_ARRAY,BYTEA,TEXT_ARRAY,TIMETZ,INT8,INT2,INT4,VARCHAR_ARRAY,INT8_ARRAY,POINT,TIMESTAMP,TIME,BOX,FLOAT4,FLOAT8,FLOAT4_ARRAY,FLOAT8_ARRAY
[39m[HikariPool-1:connection-adder][0;39m [2026-09-03  15-14-30-20] TRACE org.postgresql.jdbc.PgConnection      types using binary receive = TIMESTAMPTZ,NUMERIC,OID_ARRAY,UUID,BYTEA_ARRAY,INT2_ARRAY,INT4_ARRAY,BYTEA,TEXT_ARRAY,TIMETZ,INT8,INT2,INT4,VARCHAR_ARRAY,INT8_ARRAY,POINT,DATE,TIMESTAMP,TIME,BOX,FLOAT4,FLOAT8,FLOAT4_ARRAY,FLOAT8_ARRAY
[39m[HikariPool-1:connection-adder][0;39m [2026-09-03  15-14-30-20] TRACE org.postgresql.jdbc.PgConnection      integer date/time = true
[39m[HikariPool-1:connection-adder][0;39m [2026-09-03  15-14-30-20] DEBUG com.zaxxer.hikari.pool.PoolBase  HikariPool-1 - Established new connection (b352d7f8-3db0-498e-9e48-863fbf4f1419)
[39m[HikariPool-1:connection-adder][0;39m [2026-09-03  15-14-30-20] DEBUG com.zaxxer.hikari.pool.HikariPool  HikariPool-1 - Added connection org.postgresql.jdbc.PgConnection@25426543
[39m[HikariPool-1:connection-adder][0;39m [2026-09-03  15-14-30-23] DEBUG com.zaxxer.hikari.pool.HikariPool  HikariPool-1 - After adding stats (total=5/10, idle=5/10, active=0, waiting=0)
[39m[HikariPool-1:connection-adder][0;39m [2026-09-03  15-14-30-23] DEBUG com.zaxxer.hikari.pool.PoolBase  HikariPool-1 - Attempting to create/setup new connection (0f8710fc-01fd-456c-8275-58bf83bbca12)
[39m[HikariPool-1:connection-adder][0;39m [2026-09-03  15-14-30-23] DEBUG org.postgresql.Driver  Connecting with URL: jdbc:postgresql://localhost:5432/loyalty_db
[39m[HikariPool-1:connection-adder][0;39m [2026-09-03  15-14-30-23] DEBUG org.postgresql.jdbc.PgConnection  PostgreSQL JDBC Driver 42.7.11
