[39m[restartedMain][0;39m [2026-09-03  14-42-06-40] TRACE org.hibernate.models.annotations  Registering AnnotationDescriptor - AnnotationDescriptor(jakarta.persistence.CollectionTable)
[39m[restartedMain][0;39m [2026-09-03  14-42-06-40] TRACE org.hibernate.models.annotations  Registering AnnotationDescriptor - AnnotationDescriptor(jakarta.persistence.Column)
[39m[restartedMain][0;39m [2026-09-03  14-42-06-40] TRACE org.hibernate.models.annotations  Registering AnnotationDescriptor - AnnotationDescriptor(jakarta.persistence.ColumnResult)
[39m[restartedMain][0;39m [2026-09-03  14-42-06-41] TRACE org.hibernate.models.annotations  Registering AnnotationDescriptor - AnnotationDescriptor(jakarta.persistence.ConstructorResult)
[39m[restartedMain][0;39m [2026-09-03  14-42-06-41] TRACE org.hibernate.models.annotations  Registering AnnotationDescriptor - AnnotationDescriptor(jakarta.persistence.Converts)
[39m[restartedMain][0;39m [2026-09-03  14-42-06-41] TRACE org.hibernate.models.annotations  Registering AnnotationDescriptor - AnnotationDescriptor(jakarta.persistence.Convert)
[39m[restartedMain][0;39m [2026-09-03  14-42-06-41] TRACE org.hibernate.models.annotations  Registering repeatable AnnotationDescriptor - AnnotationDescriptor(jakarta.persistence.Converts)
[39m[restartedMain][0;39m [2026-09-03  14-42-06-41] TRACE org.hibernate.models.annotations  Registering AnnotationDescriptor - AnnotationDescriptor(jakarta.persistence.Converter)
[39m[restartedMain][0;39m [2026-09-03  14-42-06-41] TRACE org.hibernate.models.annotations  Registering AnnotationDescriptor - AnnotationDescriptor(jakarta.persistence.DiscriminatorColumn)
[39m[restartedMain][0;39m [2026-09-03  14-42-06-41] TRACE org.hibernate.models.annotations  Registering AnnotationDescriptor - AnnotationDescriptor(jakarta.persistence.DiscriminatorValue)
[39m[restartedMain][0;39m [2026-09-03  14-42-06-41] TRACE org.hibernate.models.annotations  Registering AnnotationDescriptor - AnnotationDescriptor(jakarta.persistence.ElementCollection)
[39m[restartedMain][0;39m [2026-09-03  14-42-06-41] TRACE org.hibernate.models.annotations  Registering AnnotationDescriptor - AnnotationDescriptor(jakarta.persistence.Embeddable)
[39m[restartedMain][0;39m [2026-09-03  14-42-06-41] TRACE org.hibernate.models.annotations  Registering AnnotationDescriptor - AnnotationDescriptor(jakarta.persistence.Embedded)
[39m[restartedMain][0;39m [2026-09-03  14-42-06-41] TRACE org.hibernate.models.annotations  Registering AnnotationDescriptor - AnnotationDescriptor(jakarta.persistence.EmbeddedId)
[39m[restartedMain][0;39m [2026-09-03  14-42-06-41] TRACE org.hibernate.models.annotations  Registering AnnotationDescriptor - AnnotationDescriptor(jakarta.persistence.Entity)
[39m[restartedMain][0;39m [2026-09-03  14-42-06-41] TRACE org.hibernate.models.annotations  Registering AnnotationDescriptor - AnnotationDescriptor(jakarta.persistence.EntityListeners)
[39m[restartedMain][0;39m [2026-09-03  14-42-06-41] TRACE org.hibernate.models.annotations  Registering AnnotationDescriptor - AnnotationDescriptor(jakarta.persistence.EntityResult)
[39m[restartedMain][0;39m [2026-09-03  14-42-06-41] TRACE org.hibernate.models.annotations  Registering AnnotationDescriptor - AnnotationDescriptor(jakarta.persistence.Enumerated)
[39m[restartedMain][0;39m [2026-09-03  14-42-06-41] TRACE org.hibernate.models.annotations  Registering AnnotationDescriptor - AnnotationDescriptor(jakarta.persistence.EnumeratedValue)
[39m[restartedMain][0;39m [2026-09-03  14-42-06-41] TRACE org.hibernate.models.annotations  Registering AnnotationDescriptor - AnnotationDescriptor(jakarta.persistence.ExcludeDefaultListeners)
[39m[restartedMain][0;39m [2026-09-03  14-42-06-41] TRACE org.hibernate.models.annotations  Registering AnnotationDescriptor - AnnotationDescriptor(jakarta.persistence.ExcludeSuperclassListeners)
[39m[restartedMain][0;39m [2026-09-03  14-42-06-41] TRACE org.hibernate.models.annotations  Registering AnnotationDescriptor - AnnotationDescriptor(jakarta.persistence.FieldResult)
[39m[restartedMain][0;39m [2026-09-03  14-42-06-41] TRACE org.hibernate.models.annotations  Registering AnnotationDescriptor - AnnotationDescriptor(jakarta.persistence.ForeignKey)
[39m[restartedMain][0;39m [2026-09-03  14-42-06-41] TRACE org.hibernate.models.annotations  Registering AnnotationDescriptor - AnnotationDescriptor(jakarta.persistence.GeneratedValue)
[39m[restartedMain][0;39m [2026-09-03  14-42-06-41] TRACE org.hibernate.models.annotations  Registering AnnotationDescriptor - AnnotationDescriptor(jakarta.persistence.Id)
[39m[restartedMain][0;39m [2026-09-03  14-42-06-41] TRACE org.hibernate.models.annotations  Registering AnnotationDescriptor - AnnotationDescriptor(jakarta.persistence.IdClass)
[39m[restartedMain][0;39m [2026-09-03  14-42-06-41] TRACE org.hibernate.models.annotations  Registering AnnotationDescriptor - AnnotationDescriptor(jakarta.persistence.Index)
[39m[restartedMain][0;39m [2026-09-03  14-42-06-41] TRACE org.hibernate.models.annotations  Registering AnnotationDescriptor - AnnotationDescriptor(jakarta.persistence.Inheritance)
