[39m[restartedMain][0;39m [2026-09-03  15-14-28-85] DEBUG o.apache.catalina.util.LifecycleBase  Setting state for [WebappLoader[StandardEngine[Tomcat].StandardHost[localhost].TomcatEmbeddedContext[]]] to [INITIALIZING]
[39m[restartedMain][0;39m [2026-09-03  15-14-28-86] DEBUG o.apache.catalina.util.LifecycleBase  Setting state for [WebappLoader[StandardEngine[Tomcat].StandardHost[localhost].TomcatEmbeddedContext[]]] to [INITIALIZED]
[39m[restartedMain][0;39m [2026-09-03  15-14-28-86] DEBUG o.apache.catalina.util.LifecycleBase  Setting state for [WebappLoader[StandardEngine[Tomcat].StandardHost[localhost].TomcatEmbeddedContext[]]] to [STARTING_PREP]
[39m[restartedMain][0;39m [2026-09-03  15-14-28-86] DEBUG o.a.catalina.loader.WebappLoader  Starting this Loader
[39m[restartedMain][0;39m [2026-09-03  15-14-28-87] DEBUG o.apache.catalina.webresources.Cache  Increased cache size by [531] for item [org.apache.catalina.webresources.CachedResource@6edc5503] at [/WEB-INF/classes] making total cache size [531]
[39m[restartedMain][0;39m [2026-09-03  15-14-28-87] DEBUG o.apache.catalina.util.LifecycleBase  Setting state for [WebappLoader[StandardEngine[Tomcat].StandardHost[localhost].TomcatEmbeddedContext[]]] to [STARTING]
[39m[restartedMain][0;39m [2026-09-03  15-14-28-87] DEBUG o.apache.catalina.util.LifecycleBase  Setting state for [WebappLoader[StandardEngine[Tomcat].StandardHost[localhost].TomcatEmbeddedContext[]]] to [STARTED]
[39m[restartedMain][0;39m [2026-09-03  15-14-28-88] DEBUG o.apache.catalina.util.LifecycleBase  Setting state for [StandardPipeline[StandardEngine[Tomcat].StandardHost[localhost].TomcatEmbeddedContext[]]] to [INITIALIZING]
[39m[restartedMain][0;39m [2026-09-03  15-14-28-88] DEBUG o.apache.catalina.util.LifecycleBase  Setting state for [StandardPipeline[StandardEngine[Tomcat].StandardHost[localhost].TomcatEmbeddedContext[]]] to [INITIALIZED]
[39m[restartedMain][0;39m [2026-09-03  15-14-28-88] DEBUG o.apache.catalina.util.LifecycleBase  Setting state for [StandardPipeline[StandardEngine[Tomcat].StandardHost[localhost].TomcatEmbeddedContext[]]] to [STARTING_PREP]
[39m[restartedMain][0;39m [2026-09-03  15-14-28-88] DEBUG o.apache.catalina.util.LifecycleBase  Setting state for [NonLoginAuthenticator[StandardEngine[Tomcat].StandardHost[localhost].TomcatEmbeddedContext[]]] to [INITIALIZING]
[39m[restartedMain][0;39m [2026-09-03  15-14-28-88] DEBUG o.apache.catalina.util.LifecycleBase  Setting state for [NonLoginAuthenticator[StandardEngine[Tomcat].StandardHost[localhost].TomcatEmbeddedContext[]]] to [INITIALIZED]
[39m[restartedMain][0;39m [2026-09-03  15-14-28-88] DEBUG o.apache.catalina.util.LifecycleBase  Setting state for [NonLoginAuthenticator[StandardEngine[Tomcat].StandardHost[localhost].TomcatEmbeddedContext[]]] to [STARTING_PREP]
[39m[restartedMain][0;39m [2026-09-03  15-14-28-88] DEBUG o.a.c.a.AuthenticatorBase  No SingleSignOn Valve is present
[39m[restartedMain][0;39m [2026-09-03  15-14-28-88] DEBUG o.apache.catalina.util.LifecycleBase  Setting state for [NonLoginAuthenticator[StandardEngine[Tomcat].StandardHost[localhost].TomcatEmbeddedContext[]]] to [STARTING]
[39m[restartedMain][0;39m [2026-09-03  15-14-28-88] DEBUG o.apache.catalina.util.LifecycleBase  Setting state for [NonLoginAuthenticator[StandardEngine[Tomcat].StandardHost[localhost].TomcatEmbeddedContext[]]] to [STARTED]
[39m[restartedMain][0;39m [2026-09-03  15-14-28-88] DEBUG o.apache.catalina.util.LifecycleBase  Setting state for [StandardContextValve[StandardEngine[Tomcat].StandardHost[localhost].TomcatEmbeddedContext[]]] to [INITIALIZING]
[39m[restartedMain][0;39m [2026-09-03  15-14-28-89] DEBUG o.apache.catalina.util.LifecycleBase  Setting state for [StandardContextValve[StandardEngine[Tomcat].StandardHost[localhost].TomcatEmbeddedContext[]]] to [INITIALIZED]
[39m[restartedMain][0;39m [2026-09-03  15-14-28-89] DEBUG o.apache.catalina.util.LifecycleBase  Setting state for [StandardContextValve[StandardEngine[Tomcat].StandardHost[localhost].TomcatEmbeddedContext[]]] to [STARTING_PREP]
[39m[restartedMain][0;39m [2026-09-03  15-14-28-89] DEBUG o.apache.catalina.util.LifecycleBase  Setting state for [StandardContextValve[StandardEngine[Tomcat].StandardHost[localhost].TomcatEmbeddedContext[]]] to [STARTING]
[39m[restartedMain][0;39m [2026-09-03  15-14-28-89] DEBUG o.apache.catalina.util.LifecycleBase  Setting state for [StandardContextValve[StandardEngine[Tomcat].StandardHost[localhost].TomcatEmbeddedContext[]]] to [STARTED]
[39m[restartedMain][0;39m [2026-09-03  15-14-28-89] DEBUG o.apache.catalina.util.LifecycleBase  Setting state for [StandardPipeline[StandardEngine[Tomcat].StandardHost[localhost].TomcatEmbeddedContext[]]] to [STARTING]
[39m[restartedMain][0;39m [2026-09-03  15-14-28-89] DEBUG o.apache.catalina.util.LifecycleBase  Setting state for [StandardPipeline[StandardEngine[Tomcat].StandardHost[localhost].TomcatEmbeddedContext[]]] to [STARTED]
[39m[restartedMain][0;39m [2026-09-03  15-14-28-89] DEBUG o.apache.catalina.util.LifecycleBase  Setting state for [org.apache.catalina.deploy.NamingResourcesImpl@291105da] to [INITIALIZING]
