[39m[restartedMain][0;39m [2026-09-03  14-49-15-20] TRACE org.hibernate.models.annotations  Registering AnnotationDescriptor - AnnotationDescriptor(org.hibernate.annotations.OptimisticLock)
[39m[HikariPool-1:connection-adder][0;39m [2026-09-03  14-49-15-20] TRACE o.p.core.v3.QueryExecutorImpl   <=BE BackendKeyData(pid=12,364,ckey=[B@60256528)
[39m[HikariPool-1:connection-adder][0;39m [2026-09-03  14-49-15-21] TRACE o.p.core.v3.QueryExecutorImpl   <=BE ReadyForQuery(I)
[39m[restartedMain][0;39m [2026-09-03  14-49-15-21] TRACE org.hibernate.models.annotations  Registering AnnotationDescriptor - AnnotationDescriptor(org.hibernate.annotations.OptimisticLocking)
[39m[HikariPool-1:connection-adder][0;39m [2026-09-03  14-49-15-21] TRACE o.p.core.v3.QueryExecutorImpl    simple execute, handler=org.postgresql.core.SetupQueryRunner$SimpleResultHandler@4d59bb42, maxRows=0, fetchSize=0, flags=1,047
[39m[HikariPool-1:connection-adder][0;39m [2026-09-03  14-49-15-21] TRACE o.p.core.v3.QueryExecutorImpl   FE=> SimpleQuery(query="SET application_name = 'PostgreSQL JDBC Driver'")
[39m[restartedMain][0;39m [2026-09-03  14-49-15-21] TRACE org.hibernate.models.annotations  Registering AnnotationDescriptor - AnnotationDescriptor(org.hibernate.annotations.ParamDef)
[39m[HikariPool-1:connection-adder][0;39m [2026-09-03  14-49-15-21] TRACE o.p.core.v3.QueryExecutorImpl   <=BE CommandStatus(SET)
[39m[HikariPool-1:connection-adder][0;39m [2026-09-03  14-49-15-21] TRACE o.p.core.v3.QueryExecutorImpl   <=BE ParameterStatus(application_name = PostgreSQL JDBC Driver)
[39m[HikariPool-1:connection-adder][0;39m [2026-09-03  14-49-15-21] TRACE o.p.core.v3.QueryExecutorImpl   <=BE ReadyForQuery(I)
[39m[restartedMain][0;39m [2026-09-03  14-49-15-21] TRACE org.hibernate.models.annotations  Registering AnnotationDescriptor - AnnotationDescriptor(org.hibernate.annotations.Parameter)
[39m[HikariPool-1:connection-adder][0;39m [2026-09-03  14-49-15-21] TRACE org.postgresql.jdbc.PgConnection      types using binary send = TIMESTAMPTZ,NUMERIC,OID_ARRAY,UUID,BYTEA_ARRAY,INT2_ARRAY,INT4_ARRAY,BYTEA,TEXT_ARRAY,TIMETZ,INT8,INT2,INT4,VARCHAR_ARRAY,INT8_ARRAY,POINT,TIMESTAMP,TIME,BOX,FLOAT4,FLOAT8,FLOAT4_ARRAY,FLOAT8_ARRAY
[39m[HikariPool-1:connection-adder][0;39m [2026-09-03  14-49-15-21] TRACE org.postgresql.jdbc.PgConnection      types using binary receive = TIMESTAMPTZ,NUMERIC,OID_ARRAY,UUID,BYTEA_ARRAY,INT2_ARRAY,INT4_ARRAY,BYTEA,TEXT_ARRAY,TIMETZ,INT8,INT2,INT4,VARCHAR_ARRAY,INT8_ARRAY,POINT,DATE,TIMESTAMP,TIME,BOX,FLOAT4,FLOAT8,FLOAT4_ARRAY,FLOAT8_ARRAY
[39m[HikariPool-1:connection-adder][0;39m [2026-09-03  14-49-15-21] TRACE org.postgresql.jdbc.PgConnection      integer date/time = true
[39m[restartedMain][0;39m [2026-09-03  14-49-15-21] TRACE org.hibernate.models.annotations  Registering AnnotationDescriptor - AnnotationDescriptor(org.hibernate.annotations.Parent)
[39m[restartedMain][0;39m [2026-09-03  14-49-15-21] TRACE org.hibernate.models.annotations  Registering AnnotationDescriptor - AnnotationDescriptor(org.hibernate.annotations.PartitionKey)
[39m[HikariPool-1:connection-adder][0;39m [2026-09-03  14-49-15-21] DEBUG com.zaxxer.hikari.pool.PoolBase  HikariPool-1 - Established new connection (40ed1d7f-bf90-493a-a8be-d9cc6444b15b)
[39m[HikariPool-1:connection-adder][0;39m [2026-09-03  14-49-15-21] DEBUG com.zaxxer.hikari.pool.HikariPool  HikariPool-1 - Added connection org.postgresql.jdbc.PgConnection@23105012
[39m[restartedMain][0;39m [2026-09-03  14-49-15-21] TRACE org.hibernate.models.annotations  Registering AnnotationDescriptor - AnnotationDescriptor(org.hibernate.annotations.PropertyRef)
[39m[restartedMain][0;39m [2026-09-03  14-49-15-21] TRACE org.hibernate.models.annotations  Registering AnnotationDescriptor - AnnotationDescriptor(org.hibernate.annotations.QueryCacheLayout)
[39m[restartedMain][0;39m [2026-09-03  14-49-15-21] TRACE org.hibernate.models.annotations  Registering AnnotationDescriptor - AnnotationDescriptor(org.hibernate.annotations.RowId)
[39m[restartedMain][0;39m [2026-09-03  14-49-15-21] TRACE org.hibernate.models.annotations  Registering AnnotationDescriptor - AnnotationDescriptor(org.hibernate.annotations.SecondaryRows)
[39m[restartedMain][0;39m [2026-09-03  14-49-15-21] TRACE org.hibernate.models.annotations  Registering AnnotationDescriptor - AnnotationDescriptor(org.hibernate.annotations.SecondaryRow)
[39m[restartedMain][0;39m [2026-09-03  14-49-15-21] TRACE org.hibernate.models.annotations  Registering repeatable AnnotationDescriptor - AnnotationDescriptor(org.hibernate.annotations.SecondaryRows)
[39m[restartedMain][0;39m [2026-09-03  14-49-15-21] TRACE org.hibernate.models.annotations  Registering AnnotationDescriptor - AnnotationDescriptor(org.hibernate.annotations.SoftDelete)
[39m[restartedMain][0;39m [2026-09-03  14-49-15-21] TRACE org.hibernate.models.annotations  Registering AnnotationDescriptor - AnnotationDescriptor(org.hibernate.annotations.SortComparator)
[39m[restartedMain][0;39m [2026-09-03  14-49-15-21] TRACE org.hibernate.models.annotations  Registering AnnotationDescriptor - AnnotationDescriptor(org.hibernate.annotations.SortNatural)
