[39m[scheduling-1][0;39m [2026-09-03  14-53-22-09] TRACE o.p.core.v3.QueryExecutorImpl   FE=> Describe(statement=S_2)
[39m[scheduling-1][0;39m [2026-09-03  14-53-22-09] TRACE o.p.core.v3.QueryExecutorImpl   FE=> Bind(stmt=S_2,portal=null,$1=<('SCHEDULED')>,type=VARCHAR,$2=<('2026-09-03 14:53:22.093537+03')>,type=UNSPECIFIED)
[39m[scheduling-1][0;39m [2026-09-03  14-53-22-09] TRACE o.p.core.v3.QueryExecutorImpl   FE=> Execute(portal=null,limit=0)
[39m[scheduling-1][0;39m [2026-09-03  14-53-22-09] TRACE o.p.core.v3.QueryExecutorImpl   FE=> Sync
[39m[scheduling-1][0;39m [2026-09-03  14-53-22-09] TRACE o.p.core.v3.QueryExecutorImpl   <=BE CommandStatus(BEGIN)
[39m[scheduling-1][0;39m [2026-09-03  14-53-22-09] TRACE o.p.core.v3.QueryExecutorImpl   <=BE ReadyForQuery(T)
[39m[scheduling-1][0;39m [2026-09-03  14-53-22-09] TRACE o.p.core.v3.QueryExecutorImpl   <=BE ParseComplete [S_2]
[39m[scheduling-1][0;39m [2026-09-03  14-53-22-09] TRACE o.p.core.v3.QueryExecutorImpl   <=BE ParameterDescription
[39m[scheduling-1][0;39m [2026-09-03  14-53-22-09] TRACE o.p.core.v3.QueryExecutorImpl   <=BE RowDescription(13)
[39m[scheduling-1][0;39m [2026-09-03  14-53-22-09] TRACE o.p.core.v3.QueryExecutorImpl          Field(id,INT8,8,T)
[39m[scheduling-1][0;39m [2026-09-03  14-53-22-09] TRACE o.p.core.v3.QueryExecutorImpl          Field(created_at,TIMESTAMP,8,T)
[39m[scheduling-1][0;39m [2026-09-03  14-53-22-09] TRACE o.p.core.v3.QueryExecutorImpl          Field(earning_rate,NUMERIC,65535,T)
[39m[scheduling-1][0;39m [2026-09-03  14-53-22-09] TRACE o.p.core.v3.QueryExecutorImpl          Field(effective_from,TIMESTAMP,8,T)
[39m[scheduling-1][0;39m [2026-09-03  14-53-22-09] TRACE o.p.core.v3.QueryExecutorImpl          Field(effective_to,TIMESTAMP,8,T)
[39m[scheduling-1][0;39m [2026-09-03  14-53-22-09] TRACE o.p.core.v3.QueryExecutorImpl          Field(expiry_days,INT4,4,T)
[39m[scheduling-1][0;39m [2026-09-03  14-53-22-09] TRACE o.p.core.v3.QueryExecutorImpl          Field(lock_days,INT4,4,T)
[39m[scheduling-1][0;39m [2026-09-03  14-53-22-09] TRACE o.p.core.v3.QueryExecutorImpl          Field(minimum_redemption_points,INT4,4,T)
[39m[scheduling-1][0;39m [2026-09-03  14-53-22-09] TRACE o.p.core.v3.QueryExecutorImpl          Field(program_id,INT8,8,T)
[39m[scheduling-1][0;39m [2026-09-03  14-53-22-09] TRACE o.p.core.v3.QueryExecutorImpl          Field(redemption_rate,NUMERIC,65535,T)
[39m[scheduling-1][0;39m [2026-09-03  14-53-22-09] TRACE o.p.core.v3.QueryExecutorImpl          Field(rounding_mode,VARCHAR,65535,T)
[39m[scheduling-1][0;39m [2026-09-03  14-53-22-09] TRACE o.p.core.v3.QueryExecutorImpl          Field(status,VARCHAR,65535,T)
[39m[scheduling-1][0;39m [2026-09-03  14-53-22-09] TRACE o.p.core.v3.QueryExecutorImpl          Field(version,INT4,4,T)
[39m[scheduling-1][0;39m [2026-09-03  14-53-22-09] TRACE o.p.core.v3.QueryExecutorImpl   <=BE BindComplete [unnamed]
[39m[scheduling-1][0;39m [2026-09-03  14-53-22-09] TRACE o.p.core.v3.QueryExecutorImpl   <=BE CommandStatus(SELECT 0)
[39m[scheduling-1][0;39m [2026-09-03  14-53-22-09] TRACE o.p.core.v3.QueryExecutorImpl   <=BE ReadyForQuery(T)
[39m[scheduling-1][0;39m [2026-09-03  14-53-22-09] TRACE org.hibernate.orm.resource.registry  HHH10002507: Registering result set [HikariProxyResultSet@984085593 wrapping org.postgresql.jdbc.PgResultSet@389334a6]
[39m[scheduling-1][0;39m [2026-09-03  14-53-22-09] TRACE org.hibernate.orm.resource.registry  HHH10002504: Releasing result set [HikariProxyResultSet@984085593 wrapping org.postgresql.jdbc.PgResultSet@389334a6]
[39m[scheduling-1][0;39m [2026-09-03  14-53-22-09] TRACE org.hibernate.orm.resource.registry  HHH10002505: Closing result set [HikariProxyResultSet@984085593 wrapping org.postgresql.jdbc.PgResultSet@389334a6]
[39m[scheduling-1][0;39m [2026-09-03  14-53-22-09] TRACE org.hibernate.orm.resource.registry  HHH10002503: Releasing statement [HikariProxyPreparedStatement@277974106 wrapping select rv1_0.id,rv1_0.created_at,rv1_0.earning_rate,rv1_0.effective_from,rv1_0.effective_to,rv1_0.expiry_days,rv1_0.lock_days,rv1_0.minimum_redemption_points,rv1_0.program_id,rv1_0.redemption_rate,rv1_0.rounding_mode,rv1_0.status,rv1_0.version from rule_versions rv1_0 where rv1_0.status=('SCHEDULED') and rv1_0.effective_from<=('2026-09-03 14:53:22.093537+03'::timestamp)]
[39m[scheduling-1][0;39m [2026-09-03  14-53-22-09] TRACE org.hibernate.orm.resource.registry  HHH10002506: Closing prepared statement [HikariProxyPreparedStatement@277974106 wrapping select rv1_0.id,rv1_0.created_at,rv1_0.earning_rate,rv1_0.effective_from,rv1_0.effective_to,rv1_0.expiry_days,rv1_0.lock_days,rv1_0.minimum_redemption_points,rv1_0.program_id,rv1_0.redemption_rate,rv1_0.rounding_mode,rv1_0.status,rv1_0.version from rule_versions rv1_0 where rv1_0.status=('SCHEDULED') and rv1_0.effective_from<=('2026-09-03 14:53:22.093537+03'::timestamp)]
[39m[scheduling-1][0;39m [2026-09-03  14-53-22-09] TRACE org.hibernate.orm.jdbc  HHH100004: Statement execution complete (connection release mode ON_CLOSE) in JdbcCoordinator @980313915
