[39m[scheduling-1][0;39m [2026-09-03  15-04-22-67] TRACE o.p.core.v3.QueryExecutorImpl   <=BE ReadyForQuery(I)
[39m[scheduling-1][0;39m [2026-09-03  15-04-22-67] TRACE org.hibernate.orm.resource.registry  HHH10002507: Registering result set [HikariProxyResultSet@614174192 wrapping org.postgresql.jdbc.PgResultSet@3e666a76]
[39m[scheduling-1][0;39m [2026-09-03  15-04-22-67] TRACE org.hibernate.orm.resource.registry  HHH10002504: Releasing result set [HikariProxyResultSet@614174192 wrapping org.postgresql.jdbc.PgResultSet@3e666a76]
[39m[scheduling-1][0;39m [2026-09-03  15-04-22-67] TRACE org.hibernate.orm.resource.registry  HHH10002505: Closing result set [HikariProxyResultSet@614174192 wrapping org.postgresql.jdbc.PgResultSet@3e666a76]
[39m[scheduling-1][0;39m [2026-09-03  15-04-22-67] TRACE org.hibernate.orm.resource.registry  HHH10002503: Releasing statement [HikariProxyPreparedStatement@33754257 wrapping select r1_0.id,r1_0.account_id,r1_0.authorization_code,r1_0.cancel_reason,r1_0.cancelled_at,r1_0.created_at,r1_0.discount_amount,r1_0.otp_attempts_remaining,r1_0.otp_expires_at,r1_0.otp_hash,r1_0.purchase_transaction_id,r1_0.requested_points,r1_0.reservation_expires_at,r1_0.status from redemptions r1_0 where r1_0.status=('AUTHORIZED') and r1_0.reservation_expires_at<('2026-09-03 15:04:22.658667+03')]
[39m[scheduling-1][0;39m [2026-09-03  15-04-22-67] TRACE org.hibernate.orm.resource.registry  HHH10002506: Closing prepared statement [HikariProxyPreparedStatement@33754257 wrapping select r1_0.id,r1_0.account_id,r1_0.authorization_code,r1_0.cancel_reason,r1_0.cancelled_at,r1_0.created_at,r1_0.discount_amount,r1_0.otp_attempts_remaining,r1_0.otp_expires_at,r1_0.otp_hash,r1_0.purchase_transaction_id,r1_0.requested_points,r1_0.reservation_expires_at,r1_0.status from redemptions r1_0 where r1_0.status=('AUTHORIZED') and r1_0.reservation_expires_at<('2026-09-03 15:04:22.658667+03')]
[39m[scheduling-1][0;39m [2026-09-03  15-04-22-67] TRACE org.hibernate.orm.jdbc  HHH100004: Statement execution complete (connection release mode ON_CLOSE) in JdbcCoordinator @584044943
[39m[scheduling-1][0;39m [2026-09-03  15-04-22-67] TRACE org.hibernate.orm.resource.registry  HHH10002501: Releasing registered JDBC resources
[39m[scheduling-1][0;39m [2026-09-03  15-04-22-67] TRACE org.hibernate.orm.session  Closing session [29bbc1ee-f580-46cf-826a-b407711c0ab9]
[39m[scheduling-1][0;39m [2026-09-03  15-04-22-67] DEBUG org.hibernate.session.metrics  HHH000401: Logging session metrics:
	11100 ns acquiring 1 JDBC connections
	0 ns releasing 0 JDBC connections
	26500 ns preparing 1 JDBC statements
	1825900 ns executing 1 JDBC statements
	0 ns executing 0 JDBC batches
	0 ns performing 0 second-level cache puts
	0 ns performing 0 second-level cache hits
	0 ns performing 0 second-level cache misses
	0 ns executing 0 flushes (flushing a total of 0 entities and 0 collections)
	0 ns executing 0 pre-partial-flushes
	0 ns executing 0 partial-flushes (flushing a total of 0 entities and 0 collections)

[39m[scheduling-1][0;39m [2026-09-03  15-04-22-67] TRACE org.hibernate.orm.jdbc  HHH100003: Closing JdbcCoordinator @584044943
[39m[scheduling-1][0;39m [2026-09-03  15-04-22-67] TRACE org.hibernate.orm.resource.registry  HHH10002501: Releasing registered JDBC resources
[39m[scheduling-1][0;39m [2026-09-03  15-04-22-67] TRACE org.hibernate.orm.resource.jdbc  HHH10003017: Closing logical connection @2088134605
[39m[scheduling-1][0;39m [2026-09-03  15-04-22-67] TRACE org.hibernate.orm.resource.registry  HHH10002501: Releasing registered JDBC resources
[39m[scheduling-1][0;39m [2026-09-03  15-04-22-67] TRACE org.hibernate.orm.resource.jdbc  HHH10003018: Closed logical connection @2088134605
[39m[scheduling-1][0;39m [2026-09-03  15-04-22-67] TRACE i.m.o.SimpleObservation$SimpleScope  NoOp observation used with SimpleScope
[39m[http-nio-8088-Poller][0;39m [2026-09-03  15-04-23-14] DEBUG o.apache.tomcat.util.net.NioEndpoint  timeout completed: keys processed=0; now=1788437063140; nextExpiration=1788437063125; keyCount=0; hasEvents=false; eval=false
[39m[http-nio-8088-Poller][0;39m [2026-09-03  15-04-24-14] DEBUG o.apache.tomcat.util.net.NioEndpoint  timeout completed: keys processed=0; now=1788437064145; nextExpiration=1788437064140; keyCount=0; hasEvents=false; eval=false
[39m[http-nio-8088-Poller][0;39m [2026-09-03  15-04-25-16] DEBUG o.apache.tomcat.util.net.NioEndpoint  timeout completed: keys processed=0; now=1788437065160; nextExpiration=1788437065145; keyCount=0; hasEvents=false; eval=false
[39m[http-nio-8088-Poller][0;39m [2026-09-03  15-04-26-17] DEBUG o.apache.tomcat.util.net.NioEndpoint  timeout completed: keys processed=0; now=1788437066175; nextExpiration=1788437066160; keyCount=0; hasEvents=false; eval=false
[39m[http-nio-8088-Poller][0;39m [2026-09-03  15-04-27-18] DEBUG o.apache.tomcat.util.net.NioEndpoint  timeout completed: keys processed=0; now=1788437067187; nextExpiration=1788437067175; keyCount=0; hasEvents=false; eval=false
[39m[http-nio-8088-Poller][0;39m [2026-09-03  15-04-28-18] DEBUG o.apache.tomcat.util.net.NioEndpoint  timeout completed: keys processed=0; now=1788437068188; nextExpiration=1788437068187; keyCount=0; hasEvents=false; eval=false
