[39m[restartedMain][0;39m [2026-09-03  14-49-15-26] TRACE org.hibernate.models.annotations  Registering AnnotationDescriptor - AnnotationDescriptor(org.hibernate.annotations.DialectOverride$SQLDeleteAll)
[39m[restartedMain][0;39m [2026-09-03  14-49-15-26] TRACE org.hibernate.models.annotations  Registering repeatable AnnotationDescriptor - AnnotationDescriptor(org.hibernate.annotations.DialectOverride$SQLDeleteAlls)
[39m[restartedMain][0;39m [2026-09-03  14-49-15-26] TRACE org.hibernate.models.annotations  Registering AnnotationDescriptor - AnnotationDescriptor(org.hibernate.annotations.DialectOverride$SQLOrders)
[39m[restartedMain][0;39m [2026-09-03  14-49-15-26] TRACE org.hibernate.models.annotations  Registering AnnotationDescriptor - AnnotationDescriptor(org.hibernate.annotations.DialectOverride$SQLOrder)
[39m[restartedMain][0;39m [2026-09-03  14-49-15-26] TRACE org.hibernate.models.annotations  Registering repeatable AnnotationDescriptor - AnnotationDescriptor(org.hibernate.annotations.DialectOverride$SQLOrders)
[39m[restartedMain][0;39m [2026-09-03  14-49-15-26] TRACE org.hibernate.models.annotations  Registering AnnotationDescriptor - AnnotationDescriptor(org.hibernate.annotations.DialectOverride$SQLRestrictions)
[39m[restartedMain][0;39m [2026-09-03  14-49-15-26] TRACE org.hibernate.models.annotations  Registering AnnotationDescriptor - AnnotationDescriptor(org.hibernate.annotations.DialectOverride$SQLRestriction)
[39m[restartedMain][0;39m [2026-09-03  14-49-15-26] TRACE org.hibernate.models.annotations  Registering repeatable AnnotationDescriptor - AnnotationDescriptor(org.hibernate.annotations.DialectOverride$SQLRestrictions)
[39m[restartedMain][0;39m [2026-09-03  14-49-15-26] TRACE org.hibernate.models.annotations  Registering AnnotationDescriptor - AnnotationDescriptor(org.hibernate.annotations.DialectOverride$SQLSelects)
[39m[restartedMain][0;39m [2026-09-03  14-49-15-26] TRACE org.hibernate.models.annotations  Registering AnnotationDescriptor - AnnotationDescriptor(org.hibernate.annotations.DialectOverride$SQLSelect)
[39m[restartedMain][0;39m [2026-09-03  14-49-15-26] TRACE org.hibernate.models.annotations  Registering repeatable AnnotationDescriptor - AnnotationDescriptor(org.hibernate.annotations.DialectOverride$SQLSelects)
[39m[restartedMain][0;39m [2026-09-03  14-49-15-26] TRACE org.hibernate.models.annotations  Registering AnnotationDescriptor - AnnotationDescriptor(org.hibernate.annotations.DialectOverride$Version)
[39m[restartedMain][0;39m [2026-09-03  14-49-15-26] TRACE org.hibernate.models.annotations  Registering AnnotationDescriptor - AnnotationDescriptor(org.hibernate.boot.internal.Abstract)
[39m[restartedMain][0;39m [2026-09-03  14-49-15-26] TRACE org.hibernate.models.annotations  Registering AnnotationDescriptor - AnnotationDescriptor(org.hibernate.boot.internal.AnyKeyType)
[39m[restartedMain][0;39m [2026-09-03  14-49-15-26] TRACE org.hibernate.models.annotations  Registering AnnotationDescriptor - AnnotationDescriptor(org.hibernate.boot.internal.CollectionClassification)
[39m[restartedMain][0;39m [2026-09-03  14-49-15-26] TRACE org.hibernate.models.annotations  Registering AnnotationDescriptor - AnnotationDescriptor(org.hibernate.boot.internal.Extends)
[39m[restartedMain][0;39m [2026-09-03  14-49-15-26] TRACE org.hibernate.models.annotations  Registering AnnotationDescriptor - AnnotationDescriptor(org.hibernate.boot.internal.Target)
[39m[restartedMain][0;39m [2026-09-03  14-49-15-26] TRACE org.hibernate.orm.service  HHH010500: Initializing service: org.hibernate.boot.cfgxml.spi.CfgXmlAccessService
[39m[restartedMain][0;39m [2026-09-03  14-49-15-27] TRACE org.hibernate.orm.boot  HHH160222: Injecting JPA temp ClassLoader [org.springframework.instrument.classloading.SimpleThrowawayClassLoader@2cc042a9] into BootstrapContext; was [null]
[39m[restartedMain][0;39m [2026-09-03  14-49-15-27] TRACE org.hibernate.orm.boot  HHH160224: Injecting ScanEnvironment [org.hibernate.jpa.boot.internal.StandardJpaScanEnvironmentImpl@27116ab5] into BootstrapContext; was [null]
[39m[restartedMain][0;39m [2026-09-03  14-49-15-27] TRACE org.hibernate.orm.boot  HHH160223: Injecting ScanOptions [org.hibernate.boot.archive.scan.internal.StandardScanOptions@1cc0c311] into BootstrapContext; was [org.hibernate.boot.archive.scan.internal.StandardScanOptions@60c0fff1]
[39m[HikariPool-1:connection-adder][0;39m [2026-09-03  14-49-15-29] TRACE o.p.core.v3.ConnectionFactoryImpl   <=BE SSLRefused
[39m[HikariPool-1:connection-adder][0;39m [2026-09-03  14-49-15-29] TRACE o.p.core.v3.ConnectionFactoryImpl   FE=> StartupPacket(user=postgres, database=loyalty_db, client_encoding=UTF8, DateStyle=ISO, TimeZone=Africa/Cairo)
[39m[restartedMain][0;39m [2026-09-03  14-49-15-29] TRACE org.hibernate.orm.jpa  HHH008537: Pushing class transformers for PU named 'default' on loading classloader jdk.internal.loader.ClassLoaders$AppClassLoader@76ed5528
[39m[HikariPool-1:connection-adder][0;39m [2026-09-03  14-49-15-29] TRACE o.p.core.v3.ScramAuthenticator  channelBinding( PREFER )
