[39m[restartedMain][0;39m [2026-09-03  15-14-30-52] TRACE org.hibernate.models.annotations  Registering AnnotationDescriptor - AnnotationDescriptor(org.hibernate.annotations.MapKeyJavaType)
[39m[restartedMain][0;39m [2026-09-03  15-14-30-52] TRACE org.hibernate.models.annotations  Registering AnnotationDescriptor - AnnotationDescriptor(org.hibernate.annotations.MapKeyJdbcType)
[39m[restartedMain][0;39m [2026-09-03  15-14-30-52] TRACE org.hibernate.models.annotations  Registering AnnotationDescriptor - AnnotationDescriptor(org.hibernate.annotations.MapKeyJdbcTypeCode)
[39m[restartedMain][0;39m [2026-09-03  15-14-30-53] TRACE org.hibernate.models.annotations  Registering AnnotationDescriptor - AnnotationDescriptor(org.hibernate.annotations.MapKeyMutability)
[39m[restartedMain][0;39m [2026-09-03  15-14-30-53] TRACE org.hibernate.models.annotations  Registering AnnotationDescriptor - AnnotationDescriptor(org.hibernate.annotations.MapKeyType)
[39m[restartedMain][0;39m [2026-09-03  15-14-30-53] TRACE org.hibernate.models.annotations  Registering AnnotationDescriptor - AnnotationDescriptor(org.hibernate.annotations.Mutability)
[39m[restartedMain][0;39m [2026-09-03  15-14-30-53] TRACE org.hibernate.models.annotations  Registering AnnotationDescriptor - AnnotationDescriptor(org.hibernate.annotations.NamedEntityGraphs)
[39m[restartedMain][0;39m [2026-09-03  15-14-30-53] TRACE org.hibernate.models.annotations  Registering AnnotationDescriptor - AnnotationDescriptor(org.hibernate.annotations.NamedEntityGraph)
[39m[restartedMain][0;39m [2026-09-03  15-14-30-53] TRACE org.hibernate.models.annotations  Registering repeatable AnnotationDescriptor - AnnotationDescriptor(org.hibernate.annotations.NamedEntityGraphs)
[39m[restartedMain][0;39m [2026-09-03  15-14-30-53] TRACE org.hibernate.models.annotations  Registering AnnotationDescriptor - AnnotationDescriptor(org.hibernate.annotations.NamedNativeQueries)
[39m[restartedMain][0;39m [2026-09-03  15-14-30-53] TRACE org.hibernate.models.annotations  Registering AnnotationDescriptor - AnnotationDescriptor(org.hibernate.annotations.NamedNativeQuery)
[39m[restartedMain][0;39m [2026-09-03  15-14-30-53] TRACE org.hibernate.models.annotations  Registering repeatable AnnotationDescriptor - AnnotationDescriptor(org.hibernate.annotations.NamedNativeQueries)
[39m[restartedMain][0;39m [2026-09-03  15-14-30-53] TRACE org.hibernate.models.annotations  Registering AnnotationDescriptor - AnnotationDescriptor(org.hibernate.annotations.NamedQueries)
[39m[restartedMain][0;39m [2026-09-03  15-14-30-53] TRACE org.hibernate.models.annotations  Registering AnnotationDescriptor - AnnotationDescriptor(org.hibernate.annotations.NamedQuery)
[39m[restartedMain][0;39m [2026-09-03  15-14-30-53] TRACE org.hibernate.models.annotations  Registering repeatable AnnotationDescriptor - AnnotationDescriptor(org.hibernate.annotations.NamedQueries)
[39m[restartedMain][0;39m [2026-09-03  15-14-30-53] TRACE org.hibernate.models.annotations  Registering AnnotationDescriptor - AnnotationDescriptor(org.hibernate.annotations.Nationalized)
[39m[restartedMain][0;39m [2026-09-03  15-14-30-53] TRACE org.hibernate.models.annotations  Registering AnnotationDescriptor - AnnotationDescriptor(org.hibernate.annotations.NativeGenerator)
[39m[restartedMain][0;39m [2026-09-03  15-14-30-53] TRACE org.hibernate.models.annotations  Registering AnnotationDescriptor - AnnotationDescriptor(org.hibernate.annotations.NaturalId)
[39m[restartedMain][0;39m [2026-09-03  15-14-30-53] TRACE org.hibernate.models.annotations  Registering AnnotationDescriptor - AnnotationDescriptor(org.hibernate.annotations.NaturalIdCache)
[39m[restartedMain][0;39m [2026-09-03  15-14-30-53] TRACE org.hibernate.models.annotations  Registering AnnotationDescriptor - AnnotationDescriptor(org.hibernate.annotations.NotFound)
[39m[restartedMain][0;39m [2026-09-03  15-14-30-53] TRACE org.hibernate.models.annotations  Registering AnnotationDescriptor - AnnotationDescriptor(org.hibernate.annotations.OnDelete)
[39m[restartedMain][0;39m [2026-09-03  15-14-30-53] TRACE org.hibernate.models.annotations  Registering AnnotationDescriptor - AnnotationDescriptor(org.hibernate.annotations.OptimisticLock)
[39m[restartedMain][0;39m [2026-09-03  15-14-30-53] TRACE org.hibernate.models.annotations  Registering AnnotationDescriptor - AnnotationDescriptor(org.hibernate.annotations.OptimisticLocking)
[39m[restartedMain][0;39m [2026-09-03  15-14-30-53] TRACE org.hibernate.models.annotations  Registering AnnotationDescriptor - AnnotationDescriptor(org.hibernate.annotations.ParamDef)
[39m[restartedMain][0;39m [2026-09-03  15-14-30-53] TRACE org.hibernate.models.annotations  Registering AnnotationDescriptor - AnnotationDescriptor(org.hibernate.annotations.Parameter)
[39m[restartedMain][0;39m [2026-09-03  15-14-30-53] TRACE org.hibernate.models.annotations  Registering AnnotationDescriptor - AnnotationDescriptor(org.hibernate.annotations.Parent)
[39m[restartedMain][0;39m [2026-09-03  15-14-30-53] TRACE org.hibernate.models.annotations  Registering AnnotationDescriptor - AnnotationDescriptor(org.hibernate.annotations.PartitionKey)
