[39m[restartedMain][0;39m [2026-09-03  15-14-32-54] TRACE org.hibernate.orm.core  	Type: LocalDateTime [NamedBasicTypeImpl]
[39m[restartedMain][0;39m [2026-09-03  15-14-32-54] TRACE o.h.m.m.d.i.AbstractIdentifiableType  Interpreting domain-model identifier descriptor
[39m[restartedMain][0;39m [2026-09-03  15-14-32-54] TRACE org.hibernate.orm.core  Completed entity [com.aman.acceptance.loyalty.model.LoyaltyAccount]
[39m[restartedMain][0;39m [2026-09-03  15-14-32-54] TRACE org.hibernate.orm.core  Starting entity [com.aman.acceptance.loyalty.model.AuditEvent]
[39m[restartedMain][0;39m [2026-09-03  15-14-32-54] TRACE org.hibernate.orm.core  Building identifier attribute [com.aman.acceptance.loyalty.model.AuditEvent.id]
[39m[restartedMain][0;39m [2026-09-03  15-14-32-54] TRACE org.hibernate.orm.core  Starting attribute metadata determination [id]
[39m[restartedMain][0;39m [2026-09-03  15-14-32-54] TRACE org.hibernate.orm.core  	Member: private java.lang.Long com.aman.acceptance.loyalty.model.AuditEvent.id
[39m[restartedMain][0;39m [2026-09-03  15-14-32-54] TRACE org.hibernate.orm.core  	Type: long [NamedBasicTypeImpl]
[39m[restartedMain][0;39m [2026-09-03  15-14-32-54] TRACE org.hibernate.orm.core  Building attribute [com.aman.acceptance.loyalty.model.AuditEvent.action]
[39m[restartedMain][0;39m [2026-09-03  15-14-32-54] TRACE org.hibernate.orm.core  Starting attribute metadata determination [action]
[39m[restartedMain][0;39m [2026-09-03  15-14-32-54] TRACE org.hibernate.orm.core  	Member: private java.lang.String com.aman.acceptance.loyalty.model.AuditEvent.action
[39m[restartedMain][0;39m [2026-09-03  15-14-32-54] TRACE org.hibernate.orm.core  	Type: string [NamedBasicTypeImpl]
[39m[restartedMain][0;39m [2026-09-03  15-14-32-54] TRACE org.hibernate.orm.core  Building attribute [com.aman.acceptance.loyalty.model.AuditEvent.actorId]
[39m[restartedMain][0;39m [2026-09-03  15-14-32-54] TRACE org.hibernate.orm.core  Starting attribute metadata determination [actorId]
[39m[restartedMain][0;39m [2026-09-03  15-14-32-54] TRACE org.hibernate.orm.core  	Member: private java.lang.String com.aman.acceptance.loyalty.model.AuditEvent.actorId
[39m[restartedMain][0;39m [2026-09-03  15-14-32-54] TRACE org.hibernate.orm.core  	Type: string [NamedBasicTypeImpl]
[39m[restartedMain][0;39m [2026-09-03  15-14-32-54] TRACE org.hibernate.orm.core  Building attribute [com.aman.acceptance.loyalty.model.AuditEvent.afterJson]
[39m[restartedMain][0;39m [2026-09-03  15-14-32-54] TRACE org.hibernate.orm.core  Starting attribute metadata determination [afterJson]
[39m[restartedMain][0;39m [2026-09-03  15-14-32-54] TRACE org.hibernate.orm.core  	Member: private java.lang.String com.aman.acceptance.loyalty.model.AuditEvent.afterJson
[39m[restartedMain][0;39m [2026-09-03  15-14-32-54] TRACE org.hibernate.orm.core  	Type: string [NamedBasicTypeImpl]
[39m[restartedMain][0;39m [2026-09-03  15-14-32-54] TRACE org.hibernate.orm.core  Building attribute [com.aman.acceptance.loyalty.model.AuditEvent.beforeJson]
[39m[restartedMain][0;39m [2026-09-03  15-14-32-54] TRACE org.hibernate.orm.core  Starting attribute metadata determination [beforeJson]
[39m[restartedMain][0;39m [2026-09-03  15-14-32-54] TRACE org.hibernate.orm.core  	Member: private java.lang.String com.aman.acceptance.loyalty.model.AuditEvent.beforeJson
[39m[restartedMain][0;39m [2026-09-03  15-14-32-54] TRACE org.hibernate.orm.core  	Type: string [NamedBasicTypeImpl]
[39m[restartedMain][0;39m [2026-09-03  15-14-32-54] TRACE org.hibernate.orm.core  Building attribute [com.aman.acceptance.loyalty.model.AuditEvent.correlationId]
[39m[restartedMain][0;39m [2026-09-03  15-14-32-54] TRACE org.hibernate.orm.core  Starting attribute metadata determination [correlationId]
[39m[restartedMain][0;39m [2026-09-03  15-14-32-54] TRACE org.hibernate.orm.core  	Member: private java.lang.String com.aman.acceptance.loyalty.model.AuditEvent.correlationId
[39m[restartedMain][0;39m [2026-09-03  15-14-32-54] TRACE org.hibernate.orm.core  	Type: string [NamedBasicTypeImpl]
[39m[restartedMain][0;39m [2026-09-03  15-14-32-54] TRACE org.hibernate.orm.core  Building attribute [com.aman.acceptance.loyalty.model.AuditEvent.createdAt]
[39m[restartedMain][0;39m [2026-09-03  15-14-32-54] TRACE org.hibernate.orm.core  Starting attribute metadata determination [createdAt]
[39m[restartedMain][0;39m [2026-09-03  15-14-32-54] TRACE org.hibernate.orm.core  	Member: private java.time.LocalDateTime com.aman.acceptance.loyalty.model.AuditEvent.createdAt
[39m[restartedMain][0;39m [2026-09-03  15-14-32-54] TRACE org.hibernate.orm.core  	Type: LocalDateTime [NamedBasicTypeImpl]
[39m[restartedMain][0;39m [2026-09-03  15-14-32-54] TRACE org.hibernate.orm.core  Building attribute [com.aman.acceptance.loyalty.model.AuditEvent.entityId]
[39m[restartedMain][0;39m [2026-09-03  15-14-32-54] TRACE org.hibernate.orm.core  Starting attribute metadata determination [entityId]
[39m[restartedMain][0;39m [2026-09-03  15-14-32-54] TRACE org.hibernate.orm.core  	Member: private java.lang.Long com.aman.acceptance.loyalty.model.AuditEvent.entityId
