[39m[restartedMain][0;39m [2026-09-03  15-14-31-80] TRACE org.hibernate.orm.query.plan.cache  Starting query interpretation cache (size 2048)
[39m[restartedMain][0;39m [2026-09-03  15-14-31-80] TRACE org.hibernate.orm.service  HHH010500: Initializing service: org.hibernate.internal.util.cache.InternalCacheFactory
[39m[restartedMain][0;39m [2026-09-03  15-14-31-80] TRACE org.hibernate.orm.service  HHH010500: Initializing service: org.hibernate.engine.query.spi.NativeQueryInterpreter
[39m[restartedMain][0;39m [2026-09-03  15-14-31-93] TRACE org.hibernate.orm.service  HHH010500: Initializing service: org.hibernate.persister.spi.PersisterFactory
[39m[restartedMain][0;39m [2026-09-03  15-14-31-93] TRACE org.hibernate.orm.service  HHH010500: Initializing service: org.hibernate.persister.spi.PersisterClassResolver
[39m[restartedMain][0;39m [2026-09-03  15-14-31-97] TRACE org.hibernate.orm.boot  HHH160236: No temp ClassLoader provided; using live ClassLoader to load potentially unsafe class: com.aman.acceptance.loyalty.model.LoyaltyAccount
[39m[restartedMain][0;39m [2026-09-03  15-14-31-97] TRACE org.hibernate.orm.service  HHH010500: Initializing service: org.hibernate.property.access.spi.PropertyAccessStrategyResolver
[39m[restartedMain][0;39m [2026-09-03  15-14-32-14] DEBUG org.hibernate.orm.core  HHH000513: Unable to create the ReflectionOptimizer for [com.aman.acceptance.loyalty.model.LoyaltyAccount]: private accessor [availablePoints]
[39m[restartedMain][0;39m [2026-09-03  15-14-32-15] TRACE org.hibernate.orm.boot  HHH160236: No temp ClassLoader provided; using live ClassLoader to load potentially unsafe class: com.aman.acceptance.loyalty.model.AuditEvent
[39m[restartedMain][0;39m [2026-09-03  15-14-32-16] DEBUG org.hibernate.orm.core  HHH000513: Unable to create the ReflectionOptimizer for [com.aman.acceptance.loyalty.model.AuditEvent]: private accessor [action]
[39m[restartedMain][0;39m [2026-09-03  15-14-32-16] TRACE org.hibernate.orm.boot  HHH160236: No temp ClassLoader provided; using live ClassLoader to load potentially unsafe class: com.aman.acceptance.loyalty.model.LoyaltyProgram
[39m[restartedMain][0;39m [2026-09-03  15-14-32-17] DEBUG org.hibernate.orm.core  HHH000513: Unable to create the ReflectionOptimizer for [com.aman.acceptance.loyalty.model.LoyaltyProgram]: private accessor [createdAt]
[39m[restartedMain][0;39m [2026-09-03  15-14-32-17] TRACE org.hibernate.orm.boot  HHH160236: No temp ClassLoader provided; using live ClassLoader to load potentially unsafe class: com.aman.acceptance.loyalty.model.RuleVersion
[39m[restartedMain][0;39m [2026-09-03  15-14-32-20] DEBUG org.hibernate.orm.core  HHH000513: Unable to create the ReflectionOptimizer for [com.aman.acceptance.loyalty.model.RuleVersion]: private accessor [createdAt]
[39m[restartedMain][0;39m [2026-09-03  15-14-32-20] TRACE org.hibernate.orm.boot  HHH160236: No temp ClassLoader provided; using live ClassLoader to load potentially unsafe class: com.aman.acceptance.loyalty.model.IdempotencyRecord
[39m[restartedMain][0;39m [2026-09-03  15-14-32-21] DEBUG org.hibernate.orm.core  HHH000513: Unable to create the ReflectionOptimizer for [com.aman.acceptance.loyalty.model.IdempotencyRecord]: private accessor [clientId]
[39m[restartedMain][0;39m [2026-09-03  15-14-32-21] TRACE org.hibernate.orm.boot  HHH160236: No temp ClassLoader provided; using live ClassLoader to load potentially unsafe class: com.aman.acceptance.loyalty.model.Redemption
[39m[restartedMain][0;39m [2026-09-03  15-14-32-23] DEBUG org.hibernate.orm.core  HHH000513: Unable to create the ReflectionOptimizer for [com.aman.acceptance.loyalty.model.Redemption]: private accessor [account]
[39m[restartedMain][0;39m [2026-09-03  15-14-32-23] TRACE org.hibernate.orm.boot  HHH160236: No temp ClassLoader provided; using live ClassLoader to load potentially unsafe class: com.aman.acceptance.loyalty.model.LoyaltyTransaction
[39m[restartedMain][0;39m [2026-09-03  15-14-32-24] DEBUG org.hibernate.orm.core  HHH000513: Unable to create the ReflectionOptimizer for [com.aman.acceptance.loyalty.model.LoyaltyTransaction]: private accessor [account]
[39m[restartedMain][0;39m [2026-09-03  15-14-32-24] TRACE org.hibernate.orm.boot  HHH160236: No temp ClassLoader provided; using live ClassLoader to load potentially unsafe class: com.aman.acceptance.loyalty.model.RedemptionAllocation
[39m[restartedMain][0;39m [2026-09-03  15-14-32-25] DEBUG org.hibernate.orm.core  HHH000513: Unable to create the ReflectionOptimizer for [com.aman.acceptance.loyalty.model.RedemptionAllocation]: private accessor [lot]
[39m[restartedMain][0;39m [2026-09-03  15-14-32-25] TRACE org.hibernate.orm.boot  HHH160236: No temp ClassLoader provided; using live ClassLoader to load potentially unsafe class: com.aman.acceptance.loyalty.model.Customer
[39m[restartedMain][0;39m [2026-09-03  15-14-32-25] DEBUG org.hibernate.orm.core  HHH000513: Unable to create the ReflectionOptimizer for [com.aman.acceptance.loyalty.model.Customer]: private accessor [createdAt]
[39m[restartedMain][0;39m [2026-09-03  15-14-32-25] TRACE org.hibernate.orm.boot  HHH160236: No temp ClassLoader provided; using live ClassLoader to load potentially unsafe class: com.aman.acceptance.loyalty.model.PointsLot
