[39m[restartedMain][0;39m [2026-09-03  15-14-28-89] DEBUG o.apache.catalina.util.LifecycleBase  Setting state for [org.apache.catalina.deploy.NamingResourcesImpl@291105da] to [INITIALIZED]
[39m[restartedMain][0;39m [2026-09-03  15-14-28-89] DEBUG o.apache.catalina.util.LifecycleBase  Setting state for [org.apache.catalina.deploy.NamingResourcesImpl@291105da] to [STARTING_PREP]
[39m[restartedMain][0;39m [2026-09-03  15-14-28-89] DEBUG o.apache.catalina.util.LifecycleBase  Setting state for [org.apache.catalina.deploy.NamingResourcesImpl@291105da] to [STARTING]
[39m[restartedMain][0;39m [2026-09-03  15-14-28-89] DEBUG o.apache.catalina.util.LifecycleBase  Setting state for [org.apache.catalina.deploy.NamingResourcesImpl@291105da] to [STARTED]
[34m[restartedMain][0;39m [2026-09-03  15-14-28-91] INFO  o.s.b.w.c.s.WebApplicationContextInitializer  Root WebApplicationContext: initialization completed in 2648 ms
[39m[restartedMain][0;39m [2026-09-03  15-14-28-96] DEBUG o.apache.catalina.core.ContainerBase  Add container child [StandardWrapper[dispatcherServlet]] to container [StandardEngine[Tomcat].StandardHost[localhost].TomcatEmbeddedContext[]]
[39m[restartedMain][0;39m [2026-09-03  15-14-28-96] DEBUG o.apache.catalina.util.LifecycleBase  Setting state for [StandardEngine[Tomcat].StandardHost[localhost].TomcatEmbeddedContext[].StandardWrapper[dispatcherServlet]] to [INITIALIZING]
[39m[restartedMain][0;39m [2026-09-03  15-14-28-96] DEBUG o.apache.catalina.util.LifecycleBase  Setting state for [StandardEngine[Tomcat].StandardHost[localhost].TomcatEmbeddedContext[].StandardWrapper[dispatcherServlet]] to [INITIALIZED]
[39m[restartedMain][0;39m [2026-09-03  15-14-28-96] DEBUG o.apache.catalina.util.LifecycleBase  Setting state for [StandardEngine[Tomcat].StandardHost[localhost].TomcatEmbeddedContext[].StandardWrapper[dispatcherServlet]] to [STARTING_PREP]
[39m[restartedMain][0;39m [2026-09-03  15-14-28-96] DEBUG o.apache.catalina.util.LifecycleBase  Setting state for [StandardPipeline[StandardEngine[Tomcat].StandardHost[localhost].TomcatEmbeddedContext[].StandardWrapper[dispatcherServlet]]] to [INITIALIZING]
[39m[restartedMain][0;39m [2026-09-03  15-14-28-96] DEBUG o.apache.catalina.util.LifecycleBase  Setting state for [StandardPipeline[StandardEngine[Tomcat].StandardHost[localhost].TomcatEmbeddedContext[].StandardWrapper[dispatcherServlet]]] to [INITIALIZED]
[39m[restartedMain][0;39m [2026-09-03  15-14-28-96] DEBUG o.apache.catalina.util.LifecycleBase  Setting state for [StandardPipeline[StandardEngine[Tomcat].StandardHost[localhost].TomcatEmbeddedContext[].StandardWrapper[dispatcherServlet]]] to [STARTING_PREP]
[39m[restartedMain][0;39m [2026-09-03  15-14-28-96] DEBUG o.apache.catalina.util.LifecycleBase  Setting state for [StandardWrapperValve[StandardEngine[Tomcat].StandardHost[localhost].TomcatEmbeddedContext[].StandardWrapper[dispatcherServlet]]] to [INITIALIZING]
[39m[restartedMain][0;39m [2026-09-03  15-14-28-96] DEBUG o.apache.catalina.util.LifecycleBase  Setting state for [StandardWrapperValve[StandardEngine[Tomcat].StandardHost[localhost].TomcatEmbeddedContext[].StandardWrapper[dispatcherServlet]]] to [INITIALIZED]
[39m[restartedMain][0;39m [2026-09-03  15-14-28-96] DEBUG o.apache.catalina.util.LifecycleBase  Setting state for [StandardWrapperValve[StandardEngine[Tomcat].StandardHost[localhost].TomcatEmbeddedContext[].StandardWrapper[dispatcherServlet]]] to [STARTING_PREP]
[39m[restartedMain][0;39m [2026-09-03  15-14-28-96] DEBUG o.apache.catalina.util.LifecycleBase  Setting state for [StandardWrapperValve[StandardEngine[Tomcat].StandardHost[localhost].TomcatEmbeddedContext[].StandardWrapper[dispatcherServlet]]] to [STARTING]
[39m[restartedMain][0;39m [2026-09-03  15-14-28-96] DEBUG o.apache.catalina.util.LifecycleBase  Setting state for [StandardWrapperValve[StandardEngine[Tomcat].StandardHost[localhost].TomcatEmbeddedContext[].StandardWrapper[dispatcherServlet]]] to [STARTED]
[39m[restartedMain][0;39m [2026-09-03  15-14-28-96] DEBUG o.apache.catalina.util.LifecycleBase  Setting state for [StandardPipeline[StandardEngine[Tomcat].StandardHost[localhost].TomcatEmbeddedContext[].StandardWrapper[dispatcherServlet]]] to [STARTING]
[39m[restartedMain][0;39m [2026-09-03  15-14-28-96] DEBUG o.apache.catalina.util.LifecycleBase  Setting state for [StandardPipeline[StandardEngine[Tomcat].StandardHost[localhost].TomcatEmbeddedContext[].StandardWrapper[dispatcherServlet]]] to [STARTED]
[39m[restartedMain][0;39m [2026-09-03  15-14-28-96] DEBUG o.apache.catalina.util.LifecycleBase  Setting state for [StandardEngine[Tomcat].StandardHost[localhost].TomcatEmbeddedContext[].StandardWrapper[dispatcherServlet]] to [STARTING]
[39m[restartedMain][0;39m [2026-09-03  15-14-28-96] DEBUG o.apache.catalina.util.LifecycleBase  Setting state for [StandardEngine[Tomcat].StandardHost[localhost].TomcatEmbeddedContext[].StandardWrapper[dispatcherServlet]] to [STARTED]
[39m[restartedMain][0;39m [2026-09-03  15-14-28-99] DEBUG o.a.catalina.core.StandardContext  Configuring application event listeners
