[39m[scheduling-1][0;39m [2026-09-03  15-14-37-82] TRACE org.hibernate.orm.query.plan.cache  Resolving cached query plan for [SELECT r FROM Redemption r WHERE r.status = :status AND r.reservationExpiresAt < :time]
[39m[scheduling-1][0;39m [2026-09-03  15-14-37-83] TRACE org.hibernate.orm.results.graph.AST  DomainResult graph:
 \-EntityResultImpl [com.aman.acceptance.loyalty.model.Redemption(r)]
 |  +-EntityDelayedFetchImpl [com.aman.acceptance.loyalty.model.Redemption(r).account]
 |  +-DelayedCollectionFetch [com.aman.acceptance.loyalty.model.Redemption(r).allocations]
 |  +-BasicFetch [com.aman.acceptance.loyalty.model.Redemption(r).authorizationCode]
 |  +-BasicFetch [com.aman.acceptance.loyalty.model.Redemption(r).cancelReason]
 |  +-BasicFetch [com.aman.acceptance.loyalty.model.Redemption(r).cancelledAt]
 |  +-BasicFetch [com.aman.acceptance.loyalty.model.Redemption(r).createdAt]
 |  +-BasicFetch [com.aman.acceptance.loyalty.model.Redemption(r).discountAmount]
 |  +-BasicFetch [com.aman.acceptance.loyalty.model.Redemption(r).otpAttemptsRemaining]
 |  +-BasicFetch [com.aman.acceptance.loyalty.model.Redemption(r).otpExpiresAt]
 |  +-BasicFetch [com.aman.acceptance.loyalty.model.Redemption(r).otpHash]
 |  +-BasicFetch [com.aman.acceptance.loyalty.model.Redemption(r).purchaseTransactionId]
 |  +-BasicFetch [com.aman.acceptance.loyalty.model.Redemption(r).requestedPoints]
 |  +-BasicFetch [com.aman.acceptance.loyalty.model.Redemption(r).reservationExpiresAt]
 |  \-BasicFetch [com.aman.acceptance.loyalty.model.Redemption(r).status]

[39m[scheduling-1][0;39m [2026-09-03  15-14-37-83] TRACE org.hibernate.orm.sql.ast.tree  SQL AST Tree:
    SelectStatement {
      FromClause {
        StandardTableGroup (r1: com.aman.acceptance.loyalty.model.Redemption(r)) {
          primaryTableReference: redemptions as r1_0
          TableGroupJoins {
            left join LazyTableGroup (a1: com.aman.acceptance.loyalty.model.Redemption(r).account) {
            }
          }
        }
      }
    }

[39m[scheduling-1][0;39m [2026-09-03  15-14-37-83] TRACE org.hibernate.orm.sql.exec  HHH90004016: Skipping reading query result cache data (query cache disabled, cache mode NORMAL)
[39m[scheduling-1][0;39m [2026-09-03  15-14-37-83] TRACE org.hibernate.orm.core  Executing query to retrieve ResultSet: select r1_0.id,r1_0.account_id,r1_0.authorization_code,r1_0.cancel_reason,r1_0.cancelled_at,r1_0.created_at,r1_0.discount_amount,r1_0.otp_attempts_remaining,r1_0.otp_expires_at,r1_0.otp_hash,r1_0.purchase_transaction_id,r1_0.requested_points,r1_0.reservation_expires_at,r1_0.status from redemptions r1_0 where r1_0.status=? and r1_0.reservation_expires_at<?
[39m[scheduling-1][0;39m [2026-09-03  15-14-37-83] DEBUG org.hibernate.SQL  
    select
        r1_0.id,
        r1_0.account_id,
        r1_0.authorization_code,
        r1_0.cancel_reason,
        r1_0.cancelled_at,
        r1_0.created_at,
        r1_0.discount_amount,
        r1_0.otp_attempts_remaining,
        r1_0.otp_expires_at,
        r1_0.otp_hash,
        r1_0.purchase_transaction_id,
        r1_0.requested_points,
        r1_0.reservation_expires_at,
        r1_0.status 
    from
        redemptions r1_0 
    where
        r1_0.status=? 
        and r1_0.reservation_expires_at<?
[39m[scheduling-1][0;39m [2026-09-03  15-14-37-83] TRACE org.hibernate.orm.resource.registry  HHH10002502: Registering statement [HikariProxyPreparedStatement@1961221059 wrapping select r1_0.id,r1_0.account_id,r1_0.authorization_code,r1_0.cancel_reason,r1_0.cancelled_at,r1_0.created_at,r1_0.discount_amount,r1_0.otp_attempts_remaining,r1_0.otp_expires_at,r1_0.otp_hash,r1_0.purchase_transaction_id,r1_0.requested_points,r1_0.reservation_expires_at,r1_0.status from redemptions r1_0 where r1_0.status=? and r1_0.reservation_expires_at<?]
[39m[scheduling-1][0;39m [2026-09-03  15-14-37-83] TRACE org.hibernate.orm.jdbc.bind  binding parameter (1:VARCHAR) <- [AUTHORIZED]
[39m[scheduling-1][0;39m [2026-09-03  15-14-37-83] TRACE org.hibernate.orm.jdbc.bind  binding parameter (2:TIMESTAMP) <- [2026-09-03T12:14:37.749405300]
[39m[scheduling-1][0;39m [2026-09-03  15-14-37-83] TRACE o.p.core.v3.QueryExecutorImpl    simple execute, handler=org.postgresql.jdbc.PgStatement$StatementResultHandler@5cbe9131, maxRows=0, fetchSize=0, flags=17
[39m[scheduling-1][0;39m [2026-09-03  15-14-37-83] TRACE o.p.core.v3.QueryExecutorImpl   FE=> Parse(stmt=null,query="select r1_0.id,r1_0.account_id,r1_0.authorization_code,r1_0.cancel_reason,r1_0.cancelled_at,r1_0.created_at,r1_0.discount_amount,r1_0.otp_attempts_remaining,r1_0.otp_expires_at,r1_0.otp_hash,r1_0.purchase_transaction_id,r1_0.requested_points,r1_0.reservation_expires_at,r1_0.status from redemptions r1_0 where r1_0.status=$1 and r1_0.reservation_expires_at<$2",oids={1043,0})
[39m[scheduling-1][0;39m [2026-09-03  15-14-37-83] TRACE o.p.core.v3.QueryExecutorImpl   FE=> Bind(stmt=null,portal=null,$1=<('AUTHORIZED')>,type=VARCHAR,$2=<('2026-09-03 12:14:37.749405+03')>,type=UNSPECIFIED)
[39m[scheduling-1][0;39m [2026-09-03  15-14-37-83] TRACE o.p.core.v3.QueryExecutorImpl   FE=> Describe(portal=null)
