[39m[HikariPool-1:connection-adder][0;39m [2026-09-03  14-42-05-98] TRACE o.p.core.v3.QueryExecutorImpl   FE=> SimpleQuery(query="SET application_name = 'PostgreSQL JDBC Driver'")
[39m[HikariPool-1:connection-adder][0;39m [2026-09-03  14-42-05-98] TRACE o.p.core.v3.QueryExecutorImpl   <=BE CommandStatus(SET)
[39m[HikariPool-1:connection-adder][0;39m [2026-09-03  14-42-05-98] TRACE o.p.core.v3.QueryExecutorImpl   <=BE ParameterStatus(application_name = PostgreSQL JDBC Driver)
[39m[HikariPool-1:connection-adder][0;39m [2026-09-03  14-42-05-98] TRACE o.p.core.v3.QueryExecutorImpl   <=BE ReadyForQuery(I)
[39m[HikariPool-1:connection-adder][0;39m [2026-09-03  14-42-05-99] TRACE org.postgresql.jdbc.PgConnection      types using binary send = TIMESTAMPTZ,NUMERIC,OID_ARRAY,UUID,BYTEA_ARRAY,INT2_ARRAY,INT4_ARRAY,BYTEA,TEXT_ARRAY,TIMETZ,INT8,INT2,INT4,VARCHAR_ARRAY,INT8_ARRAY,POINT,TIMESTAMP,TIME,BOX,FLOAT4,FLOAT8,FLOAT4_ARRAY,FLOAT8_ARRAY
[39m[HikariPool-1:connection-adder][0;39m [2026-09-03  14-42-05-99] TRACE org.postgresql.jdbc.PgConnection      types using binary receive = TIMESTAMPTZ,NUMERIC,OID_ARRAY,UUID,BYTEA_ARRAY,INT2_ARRAY,INT4_ARRAY,BYTEA,TEXT_ARRAY,TIMETZ,INT8,INT2,INT4,VARCHAR_ARRAY,INT8_ARRAY,POINT,DATE,TIMESTAMP,TIME,BOX,FLOAT4,FLOAT8,FLOAT4_ARRAY,FLOAT8_ARRAY
[39m[HikariPool-1:connection-adder][0;39m [2026-09-03  14-42-05-99] TRACE org.postgresql.jdbc.PgConnection      integer date/time = true
[39m[HikariPool-1:connection-adder][0;39m [2026-09-03  14-42-05-99] DEBUG com.zaxxer.hikari.pool.PoolBase  HikariPool-1 - Established new connection (b3383aea-d641-462a-bf81-b70fdfd1d896)
[39m[restartedMain][0;39m [2026-09-03  14-42-05-99] DEBUG org.hibernate.orm.jpa  HHH008541: PersistenceUnitInfo [
	name: default
	persistence provider classname: null
	classloader: org.springframework.boot.devtools.restart.classloader.RestartClassLoader@5b0c8d57
	excludeUnlistedClasses: true
	JTA datasource: null
	Non JTA datasource: HikariDataSource (HikariPool-1)
	Transaction type: RESOURCE_LOCAL
	PU root URL: file:/C:/Users/Mostafa/Desktop/training/aman-loyalty-system/target/classes/
	Shared Cache Mode: UNSPECIFIED
	Validation Mode: AUTO
	Jar files URLs []
	Managed classes names [
		com.aman.acceptance.loyalty.model.AuditEvent
		com.aman.acceptance.loyalty.model.Customer
		com.aman.acceptance.loyalty.model.IdempotencyRecord
		com.aman.acceptance.loyalty.model.LoyaltyAccount
		com.aman.acceptance.loyalty.model.LoyaltyProgram
		com.aman.acceptance.loyalty.model.LoyaltyTransaction
		com.aman.acceptance.loyalty.model.PointsLot
		com.aman.acceptance.loyalty.model.Redemption
		com.aman.acceptance.loyalty.model.RedemptionAllocation
		com.aman.acceptance.loyalty.model.RuleVersion]
	Mapping files names []
	Properties []
[39m[HikariPool-1:connection-adder][0;39m [2026-09-03  14-42-05-99] DEBUG com.zaxxer.hikari.pool.HikariPool  HikariPool-1 - Added connection org.postgresql.jdbc.PgConnection@69b41079
[39m[restartedMain][0;39m [2026-09-03  14-42-06-01] TRACE org.hibernate.orm.boot  HHH160227: Strategy selector for TransactionCoordinatorBuilder: 'jdbc' -> org.hibernate.resource.transaction.backend.jdbc.internal.JdbcResourceLocalTransactionCoordinatorBuilderImpl
[39m[restartedMain][0;39m [2026-09-03  14-42-06-01] TRACE org.hibernate.orm.boot  HHH160227: Strategy selector for TransactionCoordinatorBuilder: 'jta' -> org.hibernate.resource.transaction.backend.jta.internal.JtaTransactionCoordinatorBuilderImpl
[39m[restartedMain][0;39m [2026-09-03  14-42-06-01] TRACE org.hibernate.orm.boot  HHH160227: Strategy selector for TransactionCoordinatorBuilder: 'org.hibernate.transaction.JDBCTransactionFactory' -> org.hibernate.resource.transaction.backend.jdbc.internal.JdbcResourceLocalTransactionCoordinatorBuilderImpl
[39m[restartedMain][0;39m [2026-09-03  14-42-06-01] TRACE org.hibernate.orm.boot  HHH160227: Strategy selector for TransactionCoordinatorBuilder: 'org.hibernate.transaction.JTATransactionFactory' -> org.hibernate.resource.transaction.backend.jta.internal.JtaTransactionCoordinatorBuilderImpl
[39m[restartedMain][0;39m [2026-09-03  14-42-06-01] TRACE org.hibernate.orm.boot  HHH160227: Strategy selector for TransactionCoordinatorBuilder: 'org.hibernate.transaction.CMTTransactionFactory' -> org.hibernate.resource.transaction.backend.jta.internal.JtaTransactionCoordinatorBuilderImpl
[39m[restartedMain][0;39m [2026-09-03  14-42-06-01] TRACE org.hibernate.orm.boot  HHH160227: Strategy selector for SqmMultiTableInsertStrategy: 'cte' -> org.hibernate.query.sqm.mutation.internal.cte.CteInsertStrategy
[39m[restartedMain][0;39m [2026-09-03  14-42-06-01] TRACE org.hibernate.orm.boot  HHH160227: Strategy selector for SqmMultiTableInsertStrategy: 'global_temporary' -> org.hibernate.query.sqm.mutation.internal.temptable.GlobalTemporaryTableInsertStrategy
[39m[restartedMain][0;39m [2026-09-03  14-42-06-01] TRACE org.hibernate.orm.boot  HHH160227: Strategy selector for SqmMultiTableInsertStrategy: 'local_temporary' -> org.hibernate.query.sqm.mutation.internal.temptable.LocalTemporaryTableInsertStrategy
[39m[restartedMain][0;39m [2026-09-03  14-42-06-02] TRACE org.hibernate.orm.boot  HHH160227: Strategy selector for SqmMultiTableInsertStrategy: 'persistent' -> org.hibernate.query.sqm.mutation.internal.temptable.PersistentTableInsertStrategy
