[39m[SpringApplicationShutdownHook][0;39m [2026-09-03  15-14-16-68] TRACE org.hibernate.orm.service  HHH010452: Automatically destroying bootstrap registry after deregistration of every child ServiceRegistry
[34m[SpringApplicationShutdownHook][0;39m [2026-09-03  15-14-16-69] INFO  com.zaxxer.hikari.HikariDataSource  HikariPool-1 - Shutdown initiated...
[39m[SpringApplicationShutdownHook][0;39m [2026-09-03  15-14-16-69] DEBUG com.zaxxer.hikari.pool.HikariPool  HikariPool-1 - Before shutdown stats (total=10/10, idle=10/10, active=0, waiting=0)
[39m[HikariPool-1:connection-closer][0;39m [2026-09-03  15-14-16-69] DEBUG com.zaxxer.hikari.pool.PoolBase  HikariPool-1 - Closing connection org.postgresql.jdbc.PgConnection@1e5fa53: (connection evicted)
[39m[HikariPool-1:connection-closer][0;39m [2026-09-03  15-14-16-69] DEBUG com.zaxxer.hikari.pool.PoolBase  HikariPool-1 - Closing connection org.postgresql.jdbc.PgConnection@7b91b602: (connection evicted)
[39m[HikariPool-1:connection-closer][0;39m [2026-09-03  15-14-16-69] DEBUG com.zaxxer.hikari.pool.PoolBase  HikariPool-1 - Closing connection org.postgresql.jdbc.PgConnection@3b564a7e: (connection evicted)
[39m[HikariPool-1:connection-closer][0;39m [2026-09-03  15-14-16-69] DEBUG com.zaxxer.hikari.pool.PoolBase  HikariPool-1 - Closing connection org.postgresql.jdbc.PgConnection@46035293: (connection evicted)
[39m[HikariPool-1:connection-closer][0;39m [2026-09-03  15-14-16-69] DEBUG com.zaxxer.hikari.pool.PoolBase  HikariPool-1 - Closing connection org.postgresql.jdbc.PgConnection@7739e9b1: (connection evicted)
[39m[HikariPool-1:connection-closer][0;39m [2026-09-03  15-14-16-69] DEBUG com.zaxxer.hikari.pool.PoolBase  HikariPool-1 - Closing connection org.postgresql.jdbc.PgConnection@58696bf5: (connection evicted)
[39m[HikariPool-1:connection-closer][0;39m [2026-09-03  15-14-16-69] DEBUG com.zaxxer.hikari.pool.PoolBase  HikariPool-1 - Closing connection org.postgresql.jdbc.PgConnection@23105012: (connection evicted)
[39m[HikariPool-1:connection-closer][0;39m [2026-09-03  15-14-16-69] DEBUG com.zaxxer.hikari.pool.PoolBase  HikariPool-1 - Closing connection org.postgresql.jdbc.PgConnection@5ec46e8c: (connection evicted)
[39m[HikariPool-1:connection-closer][0;39m [2026-09-03  15-14-16-69] DEBUG com.zaxxer.hikari.pool.PoolBase  HikariPool-1 - Closing connection org.postgresql.jdbc.PgConnection@5748e50: (connection evicted)
[39m[HikariPool-1:connection-closer][0;39m [2026-09-03  15-14-16-69] DEBUG com.zaxxer.hikari.pool.PoolBase  HikariPool-1 - Closing connection org.postgresql.jdbc.PgConnection@3f3ad4b6: (connection evicted)
[39m[SpringApplicationShutdownHook][0;39m [2026-09-03  15-14-16-69] DEBUG com.zaxxer.hikari.pool.HikariPool  HikariPool-1 - After  shutdown stats (total=0/10, idle=0/10, active=0, waiting=0)
[34m[SpringApplicationShutdownHook][0;39m [2026-09-03  15-14-16-69] INFO  com.zaxxer.hikari.HikariDataSource  HikariPool-1 - Shutdown completed.
[39m[background-preinit][0;39m [2026-09-03  15-14-26-04] DEBUG org.jboss.logging  Logging Provider: org.jboss.logging.Slf4jLoggerProvider found via system property
[34m[background-preinit][0;39m [2026-09-03  15-14-26-04] INFO  o.h.validator.internal.util.Version  HV000001: Hibernate Validator 9.0.1.Final
[39m[background-preinit][0;39m [2026-09-03  15-14-26-06] DEBUG o.h.v.i.x.config.ValidationXmlParser  Trying to load META-INF/validation.xml for XML based Validator configuration.
[39m[background-preinit][0;39m [2026-09-03  15-14-26-06] DEBUG o.h.v.i.x.c.ResourceLoaderHelper  Trying to load META-INF/validation.xml via TCCL
[39m[background-preinit][0;39m [2026-09-03  15-14-26-06] DEBUG o.h.v.i.x.c.ResourceLoaderHelper  Trying to load META-INF/validation.xml via Hibernate Validator's class loader
[39m[background-preinit][0;39m [2026-09-03  15-14-26-06] DEBUG o.h.v.i.x.config.ValidationXmlParser  No META-INF/validation.xml found. Using annotation based configuration only.
[39m[background-preinit][0;39m [2026-09-03  15-14-26-07] DEBUG o.h.v.i.e.r.TraversableResolvers  Found jakarta.persistence.Persistence on classpath containing 'getPersistenceUtil'. Assuming Jakarta Persistence environment. Trying to instantiate Jakarta Persistence aware TraversableResolver
[39m[background-preinit][0;39m [2026-09-03  15-14-26-07] DEBUG o.h.v.i.e.r.TraversableResolvers  Instantiated Jakarta Persistence aware TraversableResolver of type org.hibernate.validator.internal.engine.resolver.JPATraversableResolver.
[39m[background-preinit][0;39m [2026-09-03  15-14-26-10] DEBUG o.h.v.m.ResourceBundleMessageInterpolator  Loaded expression factory via original TCCL
[34m[restartedMain][0;39m [2026-09-03  15-14-26-13] INFO  c.a.acceptance.loyalty.Application  Starting Application using Java 21.0.12 with PID 41372 (C:\Users\Mostafa\Desktop\training\aman-loyalty-system\target\classes started by Mostafa in C:\Users\Mostafa\Desktop\training\aman-loyalty-system)
[39m[restartedMain][0;39m [2026-09-03  15-14-26-13] DEBUG c.a.acceptance.loyalty.Application  Running with Spring Boot v4.0.7, Spring v7.0.8
[34m[restartedMain][0;39m [2026-09-03  15-14-26-13] INFO  c.a.acceptance.loyalty.Application  The following 1 profile is active: "local"
