[39m[restartedMain][0;39m [2026-09-03  14-49-15-00] TRACE org.hibernate.models.annotations  Registering AnnotationDescriptor - AnnotationDescriptor(jakarta.persistence.SequenceGenerators)
[39m[restartedMain][0;39m [2026-09-03  14-49-15-00] TRACE org.hibernate.models.annotations  Registering AnnotationDescriptor - AnnotationDescriptor(jakarta.persistence.SequenceGenerator)
[39m[restartedMain][0;39m [2026-09-03  14-49-15-00] TRACE org.hibernate.models.annotations  Registering repeatable AnnotationDescriptor - AnnotationDescriptor(jakarta.persistence.SequenceGenerators)
[39m[restartedMain][0;39m [2026-09-03  14-49-15-00] TRACE org.hibernate.models.annotations  Registering AnnotationDescriptor - AnnotationDescriptor(jakarta.persistence.SqlResultSetMappings)
[39m[restartedMain][0;39m [2026-09-03  14-49-15-00] TRACE org.hibernate.models.annotations  Registering AnnotationDescriptor - AnnotationDescriptor(jakarta.persistence.SqlResultSetMapping)
[39m[restartedMain][0;39m [2026-09-03  14-49-15-00] TRACE org.hibernate.models.annotations  Registering repeatable AnnotationDescriptor - AnnotationDescriptor(jakarta.persistence.SqlResultSetMappings)
[39m[restartedMain][0;39m [2026-09-03  14-49-15-00] TRACE org.hibernate.models.annotations  Registering AnnotationDescriptor - AnnotationDescriptor(jakarta.persistence.StoredProcedureParameter)
[39m[restartedMain][0;39m [2026-09-03  14-49-15-00] TRACE org.hibernate.models.annotations  Registering AnnotationDescriptor - AnnotationDescriptor(jakarta.persistence.Table)
[39m[restartedMain][0;39m [2026-09-03  14-49-15-00] TRACE org.hibernate.models.annotations  Registering AnnotationDescriptor - AnnotationDescriptor(jakarta.persistence.TableGenerators)
[39m[restartedMain][0;39m [2026-09-03  14-49-15-00] TRACE org.hibernate.models.annotations  Registering AnnotationDescriptor - AnnotationDescriptor(jakarta.persistence.TableGenerator)
[39m[restartedMain][0;39m [2026-09-03  14-49-15-00] TRACE org.hibernate.models.annotations  Registering repeatable AnnotationDescriptor - AnnotationDescriptor(jakarta.persistence.TableGenerators)
[39m[restartedMain][0;39m [2026-09-03  14-49-15-00] TRACE org.hibernate.models.annotations  Registering AnnotationDescriptor - AnnotationDescriptor(jakarta.persistence.Temporal)
[39m[restartedMain][0;39m [2026-09-03  14-49-15-00] TRACE org.hibernate.models.annotations  Registering AnnotationDescriptor - AnnotationDescriptor(jakarta.persistence.Transient)
[39m[restartedMain][0;39m [2026-09-03  14-49-15-00] TRACE org.hibernate.models.annotations  Registering AnnotationDescriptor - AnnotationDescriptor(jakarta.persistence.UniqueConstraint)
[39m[restartedMain][0;39m [2026-09-03  14-49-15-00] TRACE org.hibernate.models.annotations  Registering AnnotationDescriptor - AnnotationDescriptor(jakarta.persistence.Version)
[39m[HikariPool-1:connection-adder][0;39m [2026-09-03  14-49-15-02] DEBUG com.zaxxer.hikari.pool.HikariPool  HikariPool-1 - After adding stats (total=5/10, idle=5/10, active=0, waiting=0)
[39m[HikariPool-1:connection-adder][0;39m [2026-09-03  14-49-15-02] DEBUG com.zaxxer.hikari.pool.PoolBase  HikariPool-1 - Attempting to create/setup new connection (e9c89f0b-2e69-4a42-b684-f39b58180adf)
[39m[HikariPool-1:connection-adder][0;39m [2026-09-03  14-49-15-02] DEBUG org.postgresql.Driver  Connecting with URL: jdbc:postgresql://localhost:5432/loyalty_db
[39m[HikariPool-1:connection-adder][0;39m [2026-09-03  14-49-15-02] DEBUG org.postgresql.jdbc.PgConnection  PostgreSQL JDBC Driver 42.7.11
[39m[HikariPool-1:connection-adder][0;39m [2026-09-03  14-49-15-02] DEBUG org.postgresql.jdbc.PgConnection    setDefaultFetchSize = 0
[39m[HikariPool-1:connection-adder][0;39m [2026-09-03  14-49-15-02] DEBUG org.postgresql.jdbc.PgConnection    setQueryTimeout = 0
[39m[HikariPool-1:connection-adder][0;39m [2026-09-03  14-49-15-02] DEBUG org.postgresql.jdbc.PgConnection    setPrepareThreshold = 5
[39m[HikariPool-1:connection-adder][0;39m [2026-09-03  14-49-15-02] DEBUG o.p.core.v3.ConnectionFactoryImpl  Trying to establish a protocol version 3 connection to localhost:5432
[39m[HikariPool-1:connection-adder][0;39m [2026-09-03  14-49-15-02] DEBUG o.p.core.v3.ConnectionFactoryImpl  Receive Buffer Size is 65,536
[39m[HikariPool-1:connection-adder][0;39m [2026-09-03  14-49-15-02] DEBUG o.p.core.v3.ConnectionFactoryImpl  Send Buffer Size is 65,536
[39m[HikariPool-1:connection-adder][0;39m [2026-09-03  14-49-15-03] TRACE o.p.core.v3.ConnectionFactoryImpl   FE=> SSLRequest postgres
[39m[HikariPool-1:connection-adder][0;39m [2026-09-03  14-49-15-07] TRACE o.p.core.v3.ConnectionFactoryImpl   <=BE SSLRefused
[39m[HikariPool-1:connection-adder][0;39m [2026-09-03  14-49-15-07] TRACE o.p.core.v3.ConnectionFactoryImpl   FE=> StartupPacket(user=postgres, database=loyalty_db, client_encoding=UTF8, DateStyle=ISO, TimeZone=Africa/Cairo)
[39m[HikariPool-1:connection-adder][0;39m [2026-09-03  14-49-15-07] TRACE o.p.core.v3.ScramAuthenticator  channelBinding( PREFER )
[39m[HikariPool-1:connection-adder][0;39m [2026-09-03  14-49-15-07] TRACE o.p.core.v3.ScramAuthenticator   <=BE AuthenticationSASL( [SCRAM-SHA-256] )
