[39m[scheduling-1][0;39m [2026-09-03  14-46-13-78] TRACE org.hibernate.orm.jdbc.bind  binding parameter (2:TIMESTAMP) <- [2026-09-03T14:46:13.783594200]
[39m[scheduling-1][0;39m [2026-09-03  14-46-13-78] TRACE o.p.core.v3.QueryExecutorImpl    simple execute, handler=org.postgresql.jdbc.PgStatement$StatementResultHandler@2675ec6e, maxRows=0, fetchSize=0, flags=0
[39m[scheduling-1][0;39m [2026-09-03  14-46-13-78] TRACE o.p.core.v3.QueryExecutorImpl   FE=> SimpleQuery(query="BEGIN")
[39m[scheduling-1][0;39m [2026-09-03  14-46-13-78] TRACE o.p.core.v3.QueryExecutorImpl   FE=> Parse(stmt=S_2,query="select rv1_0.id,rv1_0.created_at,rv1_0.earning_rate,rv1_0.effective_from,rv1_0.effective_to,rv1_0.expiry_days,rv1_0.lock_days,rv1_0.minimum_redemption_points,rv1_0.program_id,rv1_0.redemption_rate,rv1_0.rounding_mode,rv1_0.status,rv1_0.version from rule_versions rv1_0 where rv1_0.status=$1 and rv1_0.effective_from<=$2",oids={1043,0})
[39m[scheduling-1][0;39m [2026-09-03  14-46-13-79] TRACE o.p.core.v3.QueryExecutorImpl   FE=> Describe(statement=S_2)
[39m[scheduling-1][0;39m [2026-09-03  14-46-13-79] TRACE o.p.core.v3.QueryExecutorImpl   FE=> Bind(stmt=S_2,portal=null,$1=<('SCHEDULED')>,type=VARCHAR,$2=<('2026-09-03 14:46:13.783594+03')>,type=UNSPECIFIED)
[39m[scheduling-1][0;39m [2026-09-03  14-46-13-79] TRACE o.p.core.v3.QueryExecutorImpl   FE=> Execute(portal=null,limit=0)
[39m[scheduling-1][0;39m [2026-09-03  14-46-13-79] TRACE o.p.core.v3.QueryExecutorImpl   FE=> Sync
[39m[scheduling-1][0;39m [2026-09-03  14-46-13-79] TRACE o.p.core.v3.QueryExecutorImpl   <=BE CommandStatus(BEGIN)
[39m[scheduling-1][0;39m [2026-09-03  14-46-13-79] TRACE o.p.core.v3.QueryExecutorImpl   <=BE ReadyForQuery(T)
[39m[scheduling-1][0;39m [2026-09-03  14-46-13-79] TRACE o.p.core.v3.QueryExecutorImpl   <=BE ParseComplete [S_2]
[39m[scheduling-1][0;39m [2026-09-03  14-46-13-79] TRACE o.p.core.v3.QueryExecutorImpl   <=BE ParameterDescription
[39m[scheduling-1][0;39m [2026-09-03  14-46-13-79] TRACE o.p.core.v3.QueryExecutorImpl   <=BE RowDescription(13)
[39m[scheduling-1][0;39m [2026-09-03  14-46-13-79] TRACE o.p.core.v3.QueryExecutorImpl          Field(id,INT8,8,T)
[39m[scheduling-1][0;39m [2026-09-03  14-46-13-79] TRACE o.p.core.v3.QueryExecutorImpl          Field(created_at,TIMESTAMP,8,T)
[39m[scheduling-1][0;39m [2026-09-03  14-46-13-79] TRACE o.p.core.v3.QueryExecutorImpl          Field(earning_rate,NUMERIC,65535,T)
[39m[scheduling-1][0;39m [2026-09-03  14-46-13-79] TRACE o.p.core.v3.QueryExecutorImpl          Field(effective_from,TIMESTAMP,8,T)
[39m[scheduling-1][0;39m [2026-09-03  14-46-13-79] TRACE o.p.core.v3.QueryExecutorImpl          Field(effective_to,TIMESTAMP,8,T)
[39m[scheduling-1][0;39m [2026-09-03  14-46-13-79] TRACE o.p.core.v3.QueryExecutorImpl          Field(expiry_days,INT4,4,T)
[39m[scheduling-1][0;39m [2026-09-03  14-46-13-79] TRACE o.p.core.v3.QueryExecutorImpl          Field(lock_days,INT4,4,T)
[39m[scheduling-1][0;39m [2026-09-03  14-46-13-79] TRACE o.p.core.v3.QueryExecutorImpl          Field(minimum_redemption_points,INT4,4,T)
[39m[scheduling-1][0;39m [2026-09-03  14-46-13-79] TRACE o.p.core.v3.QueryExecutorImpl          Field(program_id,INT8,8,T)
[39m[scheduling-1][0;39m [2026-09-03  14-46-13-79] TRACE o.p.core.v3.QueryExecutorImpl          Field(redemption_rate,NUMERIC,65535,T)
[39m[scheduling-1][0;39m [2026-09-03  14-46-13-79] TRACE o.p.core.v3.QueryExecutorImpl          Field(rounding_mode,VARCHAR,65535,T)
[39m[scheduling-1][0;39m [2026-09-03  14-46-13-79] TRACE o.p.core.v3.QueryExecutorImpl          Field(status,VARCHAR,65535,T)
[39m[scheduling-1][0;39m [2026-09-03  14-46-13-79] TRACE o.p.core.v3.QueryExecutorImpl          Field(version,INT4,4,T)
[39m[scheduling-1][0;39m [2026-09-03  14-46-13-79] TRACE o.p.core.v3.QueryExecutorImpl   <=BE BindComplete [unnamed]
[39m[scheduling-1][0;39m [2026-09-03  14-46-13-79] TRACE o.p.core.v3.QueryExecutorImpl   <=BE CommandStatus(SELECT 0)
[39m[scheduling-1][0;39m [2026-09-03  14-46-13-79] TRACE o.p.core.v3.QueryExecutorImpl   <=BE ReadyForQuery(T)
[39m[scheduling-1][0;39m [2026-09-03  14-46-13-79] TRACE org.hibernate.orm.resource.registry  HHH10002507: Registering result set [HikariProxyResultSet@1523499400 wrapping org.postgresql.jdbc.PgResultSet@7528be6f]
[39m[scheduling-1][0;39m [2026-09-03  14-46-13-79] TRACE org.hibernate.orm.resource.registry  HHH10002504: Releasing result set [HikariProxyResultSet@1523499400 wrapping org.postgresql.jdbc.PgResultSet@7528be6f]
[39m[scheduling-1][0;39m [2026-09-03  14-46-13-79] TRACE org.hibernate.orm.resource.registry  HHH10002505: Closing result set [HikariProxyResultSet@1523499400 wrapping org.postgresql.jdbc.PgResultSet@7528be6f]
[39m[scheduling-1][0;39m [2026-09-03  14-46-13-79] TRACE org.hibernate.orm.resource.registry  HHH10002503: Releasing statement [HikariProxyPreparedStatement@1611920046 wrapping select rv1_0.id,rv1_0.created_at,rv1_0.earning_rate,rv1_0.effective_from,rv1_0.effective_to,rv1_0.expiry_days,rv1_0.lock_days,rv1_0.minimum_redemption_points,rv1_0.program_id,rv1_0.redemption_rate,rv1_0.rounding_mode,rv1_0.status,rv1_0.version from rule_versions rv1_0 where rv1_0.status=('SCHEDULED') and rv1_0.effective_from<=('2026-09-03 14:46:13.783594+03'::timestamp)]
