[39m[restartedMain][0;39m [2026-09-03  14-42-06-42] TRACE org.hibernate.models.annotations  Registering AnnotationDescriptor - AnnotationDescriptor(jakarta.persistence.NamedStoredProcedureQuery)
[39m[restartedMain][0;39m [2026-09-03  14-42-06-43] TRACE org.hibernate.models.annotations  Registering repeatable AnnotationDescriptor - AnnotationDescriptor(jakarta.persistence.NamedStoredProcedureQueries)
[39m[HikariPool-1:connection-adder][0;39m [2026-09-03  14-42-06-43] TRACE o.p.core.v3.ConnectionFactoryImpl   <=BE SSLRefused
[39m[HikariPool-1:connection-adder][0;39m [2026-09-03  14-42-06-43] TRACE o.p.core.v3.ConnectionFactoryImpl   FE=> StartupPacket(user=postgres, database=loyalty_db, client_encoding=UTF8, DateStyle=ISO, TimeZone=Africa/Cairo)
[39m[restartedMain][0;39m [2026-09-03  14-42-06-43] TRACE org.hibernate.models.annotations  Registering AnnotationDescriptor - AnnotationDescriptor(jakarta.persistence.NamedSubgraph)
[39m[restartedMain][0;39m [2026-09-03  14-42-06-43] TRACE org.hibernate.models.annotations  Registering AnnotationDescriptor - AnnotationDescriptor(jakarta.persistence.OneToMany)
[39m[restartedMain][0;39m [2026-09-03  14-42-06-43] TRACE org.hibernate.models.annotations  Registering AnnotationDescriptor - AnnotationDescriptor(jakarta.persistence.OneToOne)
[39m[restartedMain][0;39m [2026-09-03  14-42-06-43] TRACE org.hibernate.models.annotations  Registering AnnotationDescriptor - AnnotationDescriptor(jakarta.persistence.OrderBy)
[39m[restartedMain][0;39m [2026-09-03  14-42-06-43] TRACE org.hibernate.models.annotations  Registering AnnotationDescriptor - AnnotationDescriptor(jakarta.persistence.OrderColumn)
[39m[HikariPool-1:connection-adder][0;39m [2026-09-03  14-42-06-43] TRACE o.p.core.v3.ScramAuthenticator  channelBinding( PREFER )
[39m[HikariPool-1:connection-adder][0;39m [2026-09-03  14-42-06-43] TRACE o.p.core.v3.ScramAuthenticator   <=BE AuthenticationSASL( [SCRAM-SHA-256] )
[39m[restartedMain][0;39m [2026-09-03  14-42-06-43] TRACE org.hibernate.models.annotations  Registering AnnotationDescriptor - AnnotationDescriptor(jakarta.persistence.PostLoad)
[39m[HikariPool-1:connection-adder][0;39m [2026-09-03  14-42-06-43] TRACE o.p.core.v3.ScramAuthenticator   Using SCRAM mechanism: SCRAM-SHA-256
[39m[restartedMain][0;39m [2026-09-03  14-42-06-43] TRACE org.hibernate.models.annotations  Registering AnnotationDescriptor - AnnotationDescriptor(jakarta.persistence.PostPersist)
[39m[HikariPool-1:connection-adder][0;39m [2026-09-03  14-42-06-43] TRACE o.p.core.v3.ScramAuthenticator   FE=> SASLInitialResponse( n,,n=*,r=%E^]9=tF*Wzbp6JJ:I_jT58+ )
[39m[restartedMain][0;39m [2026-09-03  14-42-06-43] TRACE org.hibernate.models.annotations  Registering AnnotationDescriptor - AnnotationDescriptor(jakarta.persistence.PostRemove)
[39m[HikariPool-1:connection-adder][0;39m [2026-09-03  14-42-06-43] TRACE o.p.core.v3.ScramAuthenticator   <=BE AuthenticationSASLContinue( r=%E^]9=tF*Wzbp6JJ:I_jT58+RR848gneCSbL8ED5QWVAh5cL,s=CztWnO8HyLgidstIEtJvXw==,i=4096 )
[39m[restartedMain][0;39m [2026-09-03  14-42-06-44] TRACE org.hibernate.models.annotations  Registering AnnotationDescriptor - AnnotationDescriptor(jakarta.persistence.PostUpdate)
[39m[restartedMain][0;39m [2026-09-03  14-42-06-44] TRACE org.hibernate.models.annotations  Registering AnnotationDescriptor - AnnotationDescriptor(jakarta.persistence.PrePersist)
[39m[restartedMain][0;39m [2026-09-03  14-42-06-44] TRACE org.hibernate.models.annotations  Registering AnnotationDescriptor - AnnotationDescriptor(jakarta.persistence.PreRemove)
[39m[restartedMain][0;39m [2026-09-03  14-42-06-44] TRACE org.hibernate.models.annotations  Registering AnnotationDescriptor - AnnotationDescriptor(jakarta.persistence.PreUpdate)
[39m[restartedMain][0;39m [2026-09-03  14-42-06-44] TRACE org.hibernate.models.annotations  Registering AnnotationDescriptor - AnnotationDescriptor(jakarta.persistence.PrimaryKeyJoinColumns)
[39m[restartedMain][0;39m [2026-09-03  14-42-06-44] TRACE org.hibernate.models.annotations  Registering AnnotationDescriptor - AnnotationDescriptor(jakarta.persistence.PrimaryKeyJoinColumn)
[39m[restartedMain][0;39m [2026-09-03  14-42-06-44] TRACE org.hibernate.models.annotations  Registering repeatable AnnotationDescriptor - AnnotationDescriptor(jakarta.persistence.PrimaryKeyJoinColumns)
[39m[restartedMain][0;39m [2026-09-03  14-42-06-44] TRACE org.hibernate.models.annotations  Registering AnnotationDescriptor - AnnotationDescriptor(jakarta.persistence.QueryHint)
[39m[restartedMain][0;39m [2026-09-03  14-42-06-44] TRACE org.hibernate.models.annotations  Registering AnnotationDescriptor - AnnotationDescriptor(jakarta.persistence.SecondaryTables)
[39m[restartedMain][0;39m [2026-09-03  14-42-06-44] TRACE org.hibernate.models.annotations  Registering AnnotationDescriptor - AnnotationDescriptor(jakarta.persistence.SecondaryTable)
[39m[restartedMain][0;39m [2026-09-03  14-42-06-44] TRACE org.hibernate.models.annotations  Registering repeatable AnnotationDescriptor - AnnotationDescriptor(jakarta.persistence.SecondaryTables)
