[39m[scheduling-1][0;39m [2026-09-03  14-47-14-23] TRACE o.p.core.v3.QueryExecutorImpl   <=BE ReadyForQuery(I)
[39m[scheduling-1][0;39m [2026-09-03  14-47-14-23] TRACE o.p.core.v3.QueryExecutorImpl   FE=> Bind(stmt=S_5,portal=null,$1=<('AUTHORIZED')>,type=VARCHAR,$2=<('2026-09-03 14:47:14.223399+03')>,type=UNSPECIFIED)
[39m[scheduling-1][0;39m [2026-09-03  14-47-14-23] TRACE o.p.core.v3.QueryExecutorImpl   FE=> Execute(portal=null,limit=0)
[39m[scheduling-1][0;39m [2026-09-03  14-47-14-23] TRACE o.p.core.v3.QueryExecutorImpl   FE=> Sync
[39m[scheduling-1][0;39m [2026-09-03  14-47-14-23] TRACE o.p.core.v3.QueryExecutorImpl   <=BE BindComplete [unnamed]
[39m[scheduling-1][0;39m [2026-09-03  14-47-14-23] TRACE o.p.core.v3.QueryExecutorImpl   <=BE CommandStatus(SELECT 0)
[39m[scheduling-1][0;39m [2026-09-03  14-47-14-23] TRACE o.p.core.v3.QueryExecutorImpl   <=BE ReadyForQuery(I)
[39m[scheduling-1][0;39m [2026-09-03  14-47-14-23] TRACE org.hibernate.orm.resource.registry  HHH10002507: Registering result set [HikariProxyResultSet@303626032 wrapping org.postgresql.jdbc.PgResultSet@641cc22b]
[39m[scheduling-1][0;39m [2026-09-03  14-47-14-23] TRACE org.hibernate.orm.resource.registry  HHH10002504: Releasing result set [HikariProxyResultSet@303626032 wrapping org.postgresql.jdbc.PgResultSet@641cc22b]
[39m[scheduling-1][0;39m [2026-09-03  14-47-14-23] TRACE org.hibernate.orm.resource.registry  HHH10002505: Closing result set [HikariProxyResultSet@303626032 wrapping org.postgresql.jdbc.PgResultSet@641cc22b]
[39m[scheduling-1][0;39m [2026-09-03  14-47-14-23] TRACE org.hibernate.orm.resource.registry  HHH10002503: Releasing statement [HikariProxyPreparedStatement@664419597 wrapping select r1_0.id,r1_0.account_id,r1_0.authorization_code,r1_0.cancel_reason,r1_0.cancelled_at,r1_0.created_at,r1_0.discount_amount,r1_0.otp_attempts_remaining,r1_0.otp_expires_at,r1_0.otp_hash,r1_0.purchase_transaction_id,r1_0.requested_points,r1_0.reservation_expires_at,r1_0.status from redemptions r1_0 where r1_0.status=('AUTHORIZED') and r1_0.reservation_expires_at<('2026-09-03 14:47:14.223399+03')]
[39m[scheduling-1][0;39m [2026-09-03  14-47-14-23] TRACE org.hibernate.orm.resource.registry  HHH10002506: Closing prepared statement [HikariProxyPreparedStatement@664419597 wrapping select r1_0.id,r1_0.account_id,r1_0.authorization_code,r1_0.cancel_reason,r1_0.cancelled_at,r1_0.created_at,r1_0.discount_amount,r1_0.otp_attempts_remaining,r1_0.otp_expires_at,r1_0.otp_hash,r1_0.purchase_transaction_id,r1_0.requested_points,r1_0.reservation_expires_at,r1_0.status from redemptions r1_0 where r1_0.status=('AUTHORIZED') and r1_0.reservation_expires_at<('2026-09-03 14:47:14.223399+03')]
[39m[scheduling-1][0;39m [2026-09-03  14-47-14-23] TRACE org.hibernate.orm.jdbc  HHH100004: Statement execution complete (connection release mode ON_CLOSE) in JdbcCoordinator @322669998
[39m[scheduling-1][0;39m [2026-09-03  14-47-14-23] TRACE org.hibernate.orm.resource.registry  HHH10002501: Releasing registered JDBC resources
[39m[scheduling-1][0;39m [2026-09-03  14-47-14-23] TRACE org.hibernate.orm.session  Closing session [6081f688-f168-4585-af5a-553d6e29b53d]
[39m[scheduling-1][0;39m [2026-09-03  14-47-14-23] DEBUG org.hibernate.session.metrics  HHH000401: Logging session metrics:
	11400 ns acquiring 1 JDBC connections
	0 ns releasing 0 JDBC connections
	19800 ns preparing 1 JDBC statements
	1943300 ns executing 1 JDBC statements
	0 ns executing 0 JDBC batches
	0 ns performing 0 second-level cache puts
	0 ns performing 0 second-level cache hits
	0 ns performing 0 second-level cache misses
	0 ns executing 0 flushes (flushing a total of 0 entities and 0 collections)
	0 ns executing 0 pre-partial-flushes
	0 ns executing 0 partial-flushes (flushing a total of 0 entities and 0 collections)

[39m[scheduling-1][0;39m [2026-09-03  14-47-14-23] TRACE org.hibernate.orm.jdbc  HHH100003: Closing JdbcCoordinator @322669998
[39m[scheduling-1][0;39m [2026-09-03  14-47-14-23] TRACE org.hibernate.orm.resource.registry  HHH10002501: Releasing registered JDBC resources
[39m[scheduling-1][0;39m [2026-09-03  14-47-14-23] TRACE org.hibernate.orm.resource.jdbc  HHH10003017: Closing logical connection @1058269001
[39m[scheduling-1][0;39m [2026-09-03  14-47-14-23] TRACE org.hibernate.orm.resource.registry  HHH10002501: Releasing registered JDBC resources
[39m[scheduling-1][0;39m [2026-09-03  14-47-14-23] TRACE org.hibernate.orm.resource.jdbc  HHH10003018: Closed logical connection @1058269001
[39m[scheduling-1][0;39m [2026-09-03  14-47-14-23] TRACE i.m.o.SimpleObservation$SimpleScope  NoOp observation used with SimpleScope
[39m[http-nio-8088-Poller][0;39m [2026-09-03  14-47-14-97] DEBUG o.apache.tomcat.util.net.NioEndpoint  timeout completed: keys processed=0; now=1788436034972; nextExpiration=1788436034970; keyCount=0; hasEvents=false; eval=false
[39m[http-nio-8088-Poller][0;39m [2026-09-03  14-47-15-98] DEBUG o.apache.tomcat.util.net.NioEndpoint  timeout completed: keys processed=0; now=1788436035987; nextExpiration=1788436035972; keyCount=0; hasEvents=false; eval=false
