[39m[restartedMain][0;39m [2026-09-03  14-42-06-66] TRACE org.hibernate.models.annotations  Registering repeatable AnnotationDescriptor - AnnotationDescriptor(org.hibernate.annotations.JdbcTypeRegistrations)
[39m[restartedMain][0;39m [2026-09-03  14-42-06-66] TRACE org.hibernate.models.annotations  Registering AnnotationDescriptor - AnnotationDescriptor(org.hibernate.annotations.JoinColumnsOrFormulas)
[39m[restartedMain][0;39m [2026-09-03  14-42-06-66] TRACE org.hibernate.models.annotations  Registering AnnotationDescriptor - AnnotationDescriptor(org.hibernate.annotations.JoinColumnOrFormula)
[39m[restartedMain][0;39m [2026-09-03  14-42-06-66] TRACE org.hibernate.models.annotations  Registering repeatable AnnotationDescriptor - AnnotationDescriptor(org.hibernate.annotations.JoinColumnsOrFormulas)
[39m[restartedMain][0;39m [2026-09-03  14-42-06-66] TRACE org.hibernate.models.annotations  Registering AnnotationDescriptor - AnnotationDescriptor(org.hibernate.annotations.JoinFormula)
[39m[restartedMain][0;39m [2026-09-03  14-42-06-66] TRACE org.hibernate.models.annotations  Registering AnnotationDescriptor - AnnotationDescriptor(org.hibernate.annotations.LazyGroup)
[39m[restartedMain][0;39m [2026-09-03  14-42-06-66] TRACE org.hibernate.models.annotations  Registering AnnotationDescriptor - AnnotationDescriptor(org.hibernate.annotations.ListIndexBase)
[39m[restartedMain][0;39m [2026-09-03  14-42-06-66] TRACE org.hibernate.models.annotations  Registering AnnotationDescriptor - AnnotationDescriptor(org.hibernate.annotations.ListIndexJavaType)
[39m[restartedMain][0;39m [2026-09-03  14-42-06-66] TRACE org.hibernate.models.annotations  Registering AnnotationDescriptor - AnnotationDescriptor(org.hibernate.annotations.ListIndexJdbcType)
[39m[restartedMain][0;39m [2026-09-03  14-42-06-66] TRACE org.hibernate.models.annotations  Registering AnnotationDescriptor - AnnotationDescriptor(org.hibernate.annotations.ListIndexJdbcTypeCode)
[39m[restartedMain][0;39m [2026-09-03  14-42-06-66] TRACE org.hibernate.models.annotations  Registering AnnotationDescriptor - AnnotationDescriptor(org.hibernate.annotations.ManyToAny)
[39m[restartedMain][0;39m [2026-09-03  14-42-06-66] TRACE org.hibernate.models.annotations  Registering AnnotationDescriptor - AnnotationDescriptor(org.hibernate.annotations.MapKeyCompositeType)
[39m[restartedMain][0;39m [2026-09-03  14-42-06-67] TRACE org.hibernate.models.annotations  Registering AnnotationDescriptor - AnnotationDescriptor(org.hibernate.annotations.MapKeyJavaType)
[39m[restartedMain][0;39m [2026-09-03  14-42-06-67] TRACE org.hibernate.models.annotations  Registering AnnotationDescriptor - AnnotationDescriptor(org.hibernate.annotations.MapKeyJdbcType)
[39m[restartedMain][0;39m [2026-09-03  14-42-06-67] TRACE org.hibernate.models.annotations  Registering AnnotationDescriptor - AnnotationDescriptor(org.hibernate.annotations.MapKeyJdbcTypeCode)
[39m[restartedMain][0;39m [2026-09-03  14-42-06-67] TRACE org.hibernate.models.annotations  Registering AnnotationDescriptor - AnnotationDescriptor(org.hibernate.annotations.MapKeyMutability)
[39m[restartedMain][0;39m [2026-09-03  14-42-06-67] TRACE org.hibernate.models.annotations  Registering AnnotationDescriptor - AnnotationDescriptor(org.hibernate.annotations.MapKeyType)
[39m[restartedMain][0;39m [2026-09-03  14-42-06-67] TRACE org.hibernate.models.annotations  Registering AnnotationDescriptor - AnnotationDescriptor(org.hibernate.annotations.Mutability)
[39m[restartedMain][0;39m [2026-09-03  14-42-06-67] TRACE org.hibernate.models.annotations  Registering AnnotationDescriptor - AnnotationDescriptor(org.hibernate.annotations.NamedEntityGraphs)
[39m[restartedMain][0;39m [2026-09-03  14-42-06-67] TRACE org.hibernate.models.annotations  Registering AnnotationDescriptor - AnnotationDescriptor(org.hibernate.annotations.NamedEntityGraph)
[39m[restartedMain][0;39m [2026-09-03  14-42-06-67] TRACE org.hibernate.models.annotations  Registering repeatable AnnotationDescriptor - AnnotationDescriptor(org.hibernate.annotations.NamedEntityGraphs)
[39m[restartedMain][0;39m [2026-09-03  14-42-06-67] TRACE org.hibernate.models.annotations  Registering AnnotationDescriptor - AnnotationDescriptor(org.hibernate.annotations.NamedNativeQueries)
[39m[restartedMain][0;39m [2026-09-03  14-42-06-67] TRACE org.hibernate.models.annotations  Registering AnnotationDescriptor - AnnotationDescriptor(org.hibernate.annotations.NamedNativeQuery)
[39m[restartedMain][0;39m [2026-09-03  14-42-06-67] TRACE org.hibernate.models.annotations  Registering repeatable AnnotationDescriptor - AnnotationDescriptor(org.hibernate.annotations.NamedNativeQueries)
[39m[restartedMain][0;39m [2026-09-03  14-42-06-67] TRACE org.hibernate.models.annotations  Registering AnnotationDescriptor - AnnotationDescriptor(org.hibernate.annotations.NamedQueries)
[39m[restartedMain][0;39m [2026-09-03  14-42-06-67] TRACE org.hibernate.models.annotations  Registering AnnotationDescriptor - AnnotationDescriptor(org.hibernate.annotations.NamedQuery)
[39m[restartedMain][0;39m [2026-09-03  14-42-06-67] TRACE org.hibernate.models.annotations  Registering repeatable AnnotationDescriptor - AnnotationDescriptor(org.hibernate.annotations.NamedQueries)
